nohup: ignoring input
[INFO] Scanning for projects...
[INFO] ------------------------------------------------------------------------
[INFO] Reactor Build Order:
[INFO] 
[INFO] Alluxio Parent
[INFO] Alluxio Core
[INFO] Alluxio Core - Common Utilities
[INFO] Alluxio Under File System
[INFO] Alluxio Under File System - Local FS
[INFO] Alluxio Under File System - HDFS
[INFO] Alluxio Under File System - Gluster FS
[INFO] Alluxio Under File System - Aliyun OSS
[INFO] Alluxio Under File System - Swift
[INFO] Alluxio Under File System - S3
[INFO] Alluxio Under File System - S3A
[INFO] Alluxio Under File System - GCS
[INFO] Alluxio Core - Client
[INFO] Alluxio Core - Server
[INFO] Alluxio Key Value
[INFO] Alluxio Key Value - Common Utilities
[INFO] Alluxio Key Value - Client
[INFO] Alluxio Key Value - Server
[INFO] Alluxio Shell
[INFO] Alluxio Examples
[INFO] Alluxio MiniCluster
[INFO] Alluxio Tests
[INFO] Alluxio Integration
[INFO] Alluxio Assemblies
[INFO]                                                                         
[INFO] ------------------------------------------------------------------------
[INFO] Building Alluxio Parent 1.4.1-SNAPSHOT
[INFO] ------------------------------------------------------------------------
[INFO] 
[INFO] --- maven-clean-plugin:2.5:clean (default-clean) @ alluxio-parent ---
[INFO] Deleting /opt/compile/guoyj/alluxio/target
[INFO] 
[INFO] --- build-helper-maven-plugin:1.10:regex-property (parse-hadoop-major-version) @ alluxio-parent ---
[INFO] No match to regex '^1\..*$' found in '2.4.0'. The initial value '2.4.0' is left as-is...
[INFO] 
[INFO] --- maven-enforcer-plugin:1.4:enforce (enforce-maven) @ alluxio-parent ---
[INFO] 
[INFO] --- maven-enforcer-plugin:1.4:enforce (enforce-versions) @ alluxio-parent ---
[INFO] 
[INFO] --- maven-checkstyle-plugin:2.17:check (checkstyle) @ alluxio-parent ---
[INFO] 
[INFO] --- license-maven-plugin:2.9:check (default) @ alluxio-parent ---
[INFO] Checking licenses...
[INFO] 
[INFO] >>> findbugs-maven-plugin:3.0.2:check (default) > :findbugs @ alluxio-parent >>>
[INFO] 
[INFO] --- findbugs-maven-plugin:3.0.2:findbugs (findbugs) @ alluxio-parent ---
[INFO] 
[INFO] <<< findbugs-maven-plugin:3.0.2:check (default) < :findbugs @ alluxio-parent <<<
[INFO] 
[INFO] --- findbugs-maven-plugin:3.0.2:check (default) @ alluxio-parent ---
[INFO] 
[INFO] --- exec-maven-plugin:1.4.0:exec (Check that there are no Windows line endings) @ alluxio-parent ---
[INFO] 
[INFO] >>> maven-source-plugin:2.3:jar (attach-sources) > generate-sources @ alluxio-parent >>>
[INFO] 
[INFO] --- build-helper-maven-plugin:1.10:regex-property (parse-hadoop-major-version) @ alluxio-parent ---
[INFO] No match to regex '^1\..*$' found in '2.4.0'. The initial value '2.4.0' is left as-is...
[INFO] 
[INFO] --- maven-enforcer-plugin:1.4:enforce (enforce-maven) @ alluxio-parent ---
[INFO] 
[INFO] --- maven-enforcer-plugin:1.4:enforce (enforce-versions) @ alluxio-parent ---
[INFO] 
[INFO] --- maven-checkstyle-plugin:2.17:check (checkstyle) @ alluxio-parent ---
[INFO] 
[INFO] --- license-maven-plugin:2.9:check (default) @ alluxio-parent ---
[INFO] Checking licenses...
[INFO] 
[INFO] <<< maven-source-plugin:2.3:jar (attach-sources) < generate-sources @ alluxio-parent <<<
[INFO] 
[INFO] --- maven-source-plugin:2.3:jar (attach-sources) @ alluxio-parent ---
[INFO] 
[INFO] --- maven-javadoc-plugin:2.9:jar (attach-javadoc) @ alluxio-parent ---
[INFO] Not executing Javadoc as the project is not a Java classpath-capable package
[INFO]                                                                         
[INFO] ------------------------------------------------------------------------
[INFO] Building Alluxio Core 1.4.1-SNAPSHOT
[INFO] ------------------------------------------------------------------------
[INFO] 
[INFO] --- maven-clean-plugin:2.5:clean (default-clean) @ alluxio-core ---
[INFO] Deleting /opt/compile/guoyj/alluxio/core/target
[INFO] 
[INFO] --- build-helper-maven-plugin:1.10:regex-property (parse-hadoop-major-version) @ alluxio-core ---
[INFO] No match to regex '^1\..*$' found in '2.4.0'. The initial value '2.4.0' is left as-is...
[INFO] 
[INFO] --- maven-enforcer-plugin:1.4:enforce (enforce-maven) @ alluxio-core ---
[INFO] 
[INFO] --- maven-enforcer-plugin:1.4:enforce (enforce-versions) @ alluxio-core ---
[INFO] 
[INFO] --- maven-checkstyle-plugin:2.17:check (checkstyle) @ alluxio-core ---
[INFO] 
[INFO] --- license-maven-plugin:2.9:check (default) @ alluxio-core ---
[INFO] Checking licenses...
[INFO] 
[INFO] >>> findbugs-maven-plugin:3.0.2:check (default) > :findbugs @ alluxio-core >>>
[INFO] 
[INFO] --- findbugs-maven-plugin:3.0.2:findbugs (findbugs) @ alluxio-core ---
[INFO] 
[INFO] <<< findbugs-maven-plugin:3.0.2:check (default) < :findbugs @ alluxio-core <<<
[INFO] 
[INFO] --- findbugs-maven-plugin:3.0.2:check (default) @ alluxio-core ---
[INFO] 
[INFO] >>> maven-source-plugin:2.3:jar (attach-sources) > generate-sources @ alluxio-core >>>
[INFO] 
[INFO] --- build-helper-maven-plugin:1.10:regex-property (parse-hadoop-major-version) @ alluxio-core ---
[INFO] No match to regex '^1\..*$' found in '2.4.0'. The initial value '2.4.0' is left as-is...
[INFO] 
[INFO] --- maven-enforcer-plugin:1.4:enforce (enforce-maven) @ alluxio-core ---
[INFO] 
[INFO] --- maven-enforcer-plugin:1.4:enforce (enforce-versions) @ alluxio-core ---
[INFO] 
[INFO] --- maven-checkstyle-plugin:2.17:check (checkstyle) @ alluxio-core ---
[INFO] 
[INFO] --- license-maven-plugin:2.9:check (default) @ alluxio-core ---
[INFO] Checking licenses...
[INFO] 
[INFO] <<< maven-source-plugin:2.3:jar (attach-sources) < generate-sources @ alluxio-core <<<
[INFO] 
[INFO] --- maven-source-plugin:2.3:jar (attach-sources) @ alluxio-core ---
[INFO] 
[INFO] --- maven-javadoc-plugin:2.9:jar (attach-javadoc) @ alluxio-core ---
[INFO] Not executing Javadoc as the project is not a Java classpath-capable package
[INFO]                                                                         
[INFO] ------------------------------------------------------------------------
[INFO] Building Alluxio Core - Common Utilities 1.4.1-SNAPSHOT
[INFO] ------------------------------------------------------------------------
[INFO] 
[INFO] --- maven-clean-plugin:2.5:clean (default-clean) @ alluxio-core-common ---
[INFO] Deleting /opt/compile/guoyj/alluxio/core/common/target
[INFO] 
[INFO] --- build-helper-maven-plugin:1.10:regex-property (parse-hadoop-major-version) @ alluxio-core-common ---
[INFO] No match to regex '^1\..*$' found in '2.4.0'. The initial value '2.4.0' is left as-is...
[INFO] 
[INFO] --- maven-enforcer-plugin:1.4:enforce (enforce-maven) @ alluxio-core-common ---
[INFO] 
[INFO] --- maven-enforcer-plugin:1.4:enforce (enforce-versions) @ alluxio-core-common ---
[INFO] 
[INFO] --- maven-checkstyle-plugin:2.17:check (checkstyle) @ alluxio-core-common ---
[INFO] 
[INFO] --- license-maven-plugin:2.9:check (default) @ alluxio-core-common ---
[INFO] Checking licenses...
[INFO] 
[INFO] --- templating-maven-plugin:1.0.0:filter-sources (filter-src) @ alluxio-core-common ---
[INFO] Coping files with filtering to temporary directory.
[INFO] Using 'UTF-8' encoding to copy filtered resources.
[INFO] Copying 1 resource
[INFO] Copied 1 files to output directory: /opt/compile/guoyj/alluxio/core/common/target/generated-sources/java-templates
[INFO] Source directory: /opt/compile/guoyj/alluxio/core/common/target/generated-sources/java-templates added.
[INFO] 
[INFO] --- maven-resources-plugin:2.6:resources (default-resources) @ alluxio-core-common ---
[INFO] Using 'UTF-8' encoding to copy filtered resources.
[INFO] skip non existing resourceDirectory /opt/compile/guoyj/alluxio/core/common/src/main/resources
[INFO] 
[INFO] --- maven-compiler-plugin:3.2:compile (default-compile) @ alluxio-core-common ---
[INFO] Changes detected - recompiling the module!
[INFO] Compiling 244 source files to /opt/compile/guoyj/alluxio/core/common/target/classes
[INFO] /opt/compile/guoyj/alluxio/core/common/src/main/java/alluxio/exception/AlluxioException.java: Some input files use unchecked or unsafe operations.
[INFO] /opt/compile/guoyj/alluxio/core/common/src/main/java/alluxio/exception/AlluxioException.java: Recompile with -Xlint:unchecked for details.
[INFO] 
[INFO] >>> findbugs-maven-plugin:3.0.2:check (default) > :findbugs @ alluxio-core-common >>>
[INFO] 
[INFO] --- findbugs-maven-plugin:3.0.2:findbugs (findbugs) @ alluxio-core-common ---
[INFO] Fork Value is true
[INFO] Done FindBugs Analysis....
[INFO] 
[INFO] <<< findbugs-maven-plugin:3.0.2:check (default) < :findbugs @ alluxio-core-common <<<
[INFO] 
[INFO] --- findbugs-maven-plugin:3.0.2:check (default) @ alluxio-core-common ---
[INFO] BugInstance size is 0
[INFO] Error size is 0
[INFO] No errors/warnings found
[INFO] 
[INFO] --- maven-resources-plugin:2.6:testResources (default-testResources) @ alluxio-core-common ---
[INFO] Using 'UTF-8' encoding to copy filtered resources.
[INFO] Copying 1 resource
[INFO] 
[INFO] --- maven-compiler-plugin:3.2:testCompile (default-testCompile) @ alluxio-core-common ---
[INFO] Changes detected - recompiling the module!
[INFO] Compiling 88 source files to /opt/compile/guoyj/alluxio/core/common/target/test-classes
[INFO] /opt/compile/guoyj/alluxio/core/common/src/test/java/alluxio/collections/IndexedSetTest.java: /opt/compile/guoyj/alluxio/core/common/src/test/java/alluxio/collections/IndexedSetTest.java uses unchecked or unsafe operations.
[INFO] /opt/compile/guoyj/alluxio/core/common/src/test/java/alluxio/collections/IndexedSetTest.java: Recompile with -Xlint:unchecked for details.
[INFO] 
[INFO] --- maven-surefire-plugin:2.19.1:test (default-test) @ alluxio-core-common ---
[INFO] Tests are skipped.
[INFO] 
[INFO] --- maven-jar-plugin:2.4:jar (default-jar) @ alluxio-core-common ---
[INFO] Building jar: /opt/compile/guoyj/alluxio/core/common/target/alluxio-core-common-1.4.1-SNAPSHOT.jar
[INFO] 
[INFO] >>> maven-source-plugin:2.3:jar (attach-sources) > generate-sources @ alluxio-core-common >>>
[INFO] 
[INFO] --- build-helper-maven-plugin:1.10:regex-property (parse-hadoop-major-version) @ alluxio-core-common ---
[INFO] No match to regex '^1\..*$' found in '2.4.0'. The initial value '2.4.0' is left as-is...
[INFO] 
[INFO] --- maven-enforcer-plugin:1.4:enforce (enforce-maven) @ alluxio-core-common ---
[INFO] 
[INFO] --- maven-enforcer-plugin:1.4:enforce (enforce-versions) @ alluxio-core-common ---
[INFO] 
[INFO] --- maven-checkstyle-plugin:2.17:check (checkstyle) @ alluxio-core-common ---
[INFO] 
[INFO] --- license-maven-plugin:2.9:check (default) @ alluxio-core-common ---
[INFO] Checking licenses...
[INFO] 
[INFO] --- templating-maven-plugin:1.0.0:filter-sources (filter-src) @ alluxio-core-common ---
[INFO] Coping files with filtering to temporary directory.
[INFO] Using 'UTF-8' encoding to copy filtered resources.
[INFO] Copying 1 resource
[INFO] No files needs to be copied to output directory. Up to date: /opt/compile/guoyj/alluxio/core/common/target/generated-sources/java-templates
[INFO] Source directory: /opt/compile/guoyj/alluxio/core/common/target/generated-sources/java-templates added.
[INFO] 
[INFO] <<< maven-source-plugin:2.3:jar (attach-sources) < generate-sources @ alluxio-core-common <<<
[INFO] 
[INFO] --- maven-source-plugin:2.3:jar (attach-sources) @ alluxio-core-common ---
[INFO] Building jar: /opt/compile/guoyj/alluxio/core/common/target/alluxio-core-common-1.4.1-SNAPSHOT-sources.jar
[INFO] 
[INFO] --- maven-javadoc-plugin:2.9:jar (attach-javadoc) @ alluxio-core-common ---
[INFO] 
Loading source files for package alluxio...
Loading source files for package alluxio.retry...
Loading source files for package alluxio.util...
Loading source files for package alluxio.util.executor...
Loading source files for package alluxio.util.network...
Loading source files for package alluxio.util.io...
Loading source files for package alluxio.clock...
Loading source files for package alluxio.master.block...
Loading source files for package alluxio.time...
Loading source files for package alluxio.heartbeat...
Loading source files for package alluxio.thrift...
Loading source files for package alluxio.exception...
Loading source files for package alluxio.network.connection...
Loading source files for package alluxio.network...
Loading source files for package alluxio.network.protocol...
Loading source files for package alluxio.network.protocol.databuffer...
Loading source files for package alluxio.underfs...
Loading source files for package alluxio.underfs.options...
Loading source files for package alluxio.job...
Loading source files for package alluxio.security.login...
Loading source files for package alluxio.security...
Loading source files for package alluxio.security.group...
Loading source files for package alluxio.security.group.provider...
Loading source files for package alluxio.security.authentication...
Loading source files for package alluxio.security.authorization...
Loading source files for package alluxio.proto.dataserver...
Loading source files for package alluxio.metrics...
Loading source files for package alluxio.metrics.source...
Loading source files for package alluxio.metrics.sink...
Loading source files for package alluxio.worker.block.io...
Loading source files for package alluxio.worker...
Loading source files for package alluxio.wire...
Loading source files for package alluxio.replay...
Loading source files for package alluxio.collections...
Loading source files for package alluxio.resource...
Loading source files for package alluxio.annotation...
Constructing Javadoc information...
Standard Doclet version 1.7.0_60-ea
Building tree for all the packages and classes...
Generating /opt/compile/guoyj/alluxio/core/common/target/apidocs/alluxio/AbstractClient.html...
Generating /opt/compile/guoyj/alluxio/core/common/target/apidocs/alluxio/AbstractClient.RpcCallable.html...
Generating /opt/compile/guoyj/alluxio/core/common/target/apidocs/alluxio/AbstractClient.RpcCallableThrowsAlluxioTException.html...
Generating /opt/compile/guoyj/alluxio/core/common/target/apidocs/alluxio/AbstractMasterClient.html...
Generating /opt/compile/guoyj/alluxio/core/common/target/apidocs/alluxio/AbstractThriftClient.html...
Generating /opt/compile/guoyj/alluxio/core/common/target/apidocs/alluxio/AbstractThriftClient.RpcCallable.html...
Generating /opt/compile/guoyj/alluxio/core/common/target/apidocs/alluxio/AbstractThriftClient.RpcCallableThrowsAlluxioTException.html...
Generating /opt/compile/guoyj/alluxio/core/common/target/apidocs/alluxio/AlluxioURI.html...
Generating /opt/compile/guoyj/alluxio/core/common/target/apidocs/alluxio/Client.html...
Generating /opt/compile/guoyj/alluxio/core/common/target/apidocs/alluxio/Configuration.html...
Generating /opt/compile/guoyj/alluxio/core/common/target/apidocs/alluxio/Constants.html...
Generating /opt/compile/guoyj/alluxio/core/common/target/apidocs/alluxio/LeaderSelectorClient.html...
Generating /opt/compile/guoyj/alluxio/core/common/target/apidocs/alluxio/MasterInquireClient.html...
Generating /opt/compile/guoyj/alluxio/core/common/target/apidocs/alluxio/MultiPartSchemeURI.html...
Generating /opt/compile/guoyj/alluxio/core/common/target/apidocs/alluxio/ProjectConstants.html...
Generating /opt/compile/guoyj/alluxio/core/common/target/apidocs/alluxio/PropertyKey.html...
Generating /opt/compile/guoyj/alluxio/core/common/target/apidocs/alluxio/PropertyKey.Name.html...
Generating /opt/compile/guoyj/alluxio/core/common/target/apidocs/alluxio/PropertyKeyFormat.html...
Generating /opt/compile/guoyj/alluxio/core/common/target/apidocs/alluxio/RuntimeConstants.html...
Generating /opt/compile/guoyj/alluxio/core/common/target/apidocs/alluxio/Seekable.html...
Generating /opt/compile/guoyj/alluxio/core/common/target/apidocs/alluxio/StandardURI.html...
Generating /opt/compile/guoyj/alluxio/core/common/target/apidocs/alluxio/URI.html...
Generating /opt/compile/guoyj/alluxio/core/common/target/apidocs/alluxio/URI.Factory.html...
Generating /opt/compile/guoyj/alluxio/core/common/target/apidocs/alluxio/retry/CountingRetry.html...
Generating /opt/compile/guoyj/alluxio/core/common/target/apidocs/alluxio/retry/ExponentialBackoffRetry.html...
Generating /opt/compile/guoyj/alluxio/core/common/target/apidocs/alluxio/retry/RetryPolicy.html...
Generating /opt/compile/guoyj/alluxio/core/common/target/apidocs/alluxio/retry/SleepingRetry.html...
Generating /opt/compile/guoyj/alluxio/core/common/target/apidocs/alluxio/retry/TimeoutRetry.html...
Generating /opt/compile/guoyj/alluxio/core/common/target/apidocs/alluxio/util/CommonUtils.html...
Generating /opt/compile/guoyj/alluxio/core/common/target/apidocs/alluxio/util/ConfigurationUtils.html...
Generating /opt/compile/guoyj/alluxio/core/common/target/apidocs/alluxio/util/FormatUtils.html...
Generating /opt/compile/guoyj/alluxio/core/common/target/apidocs/alluxio/util/IdUtils.html...
Generating /opt/compile/guoyj/alluxio/core/common/target/apidocs/alluxio/util/LineageUtils.html...
Generating /opt/compile/guoyj/alluxio/core/common/target/apidocs/alluxio/util/OSUtils.html...
Generating /opt/compile/guoyj/alluxio/core/common/target/apidocs/alluxio/util/SecurityUtils.html...
Generating /opt/compile/guoyj/alluxio/core/common/target/apidocs/alluxio/util/ShellUtils.html...
Generating /opt/compile/guoyj/alluxio/core/common/target/apidocs/alluxio/util/ShellUtils.ExitCodeException.html...
Generating /opt/compile/guoyj/alluxio/core/common/target/apidocs/alluxio/util/ThreadFactoryUtils.html...
Generating /opt/compile/guoyj/alluxio/core/common/target/apidocs/alluxio/util/UnderFileSystemUtils.html...
Generating /opt/compile/guoyj/alluxio/core/common/target/apidocs/alluxio/util/URIUtils.html...
Generating /opt/compile/guoyj/alluxio/core/common/target/apidocs/alluxio/util/executor/ExecutorServiceFactories.html...
Generating /opt/compile/guoyj/alluxio/core/common/target/apidocs/alluxio/util/executor/ExecutorServiceFactory.html...
Generating /opt/compile/guoyj/alluxio/core/common/target/apidocs/alluxio/util/network/NettyUtils.html...
Generating /opt/compile/guoyj/alluxio/core/common/target/apidocs/alluxio/util/network/NetworkAddressUtils.html...
Generating /opt/compile/guoyj/alluxio/core/common/target/apidocs/alluxio/util/network/NetworkAddressUtils.ServiceType.html...
Generating /opt/compile/guoyj/alluxio/core/common/target/apidocs/alluxio/util/io/BufferUtils.html...
Generating /opt/compile/guoyj/alluxio/core/common/target/apidocs/alluxio/util/io/ByteIOUtils.html...
Generating /opt/compile/guoyj/alluxio/core/common/target/apidocs/alluxio/util/io/FileUtils.html...
Generating /opt/compile/guoyj/alluxio/core/common/target/apidocs/alluxio/util/io/PathUtils.html...
Generating /opt/compile/guoyj/alluxio/core/common/target/apidocs/alluxio/clock/Clock.html...
Generating /opt/compile/guoyj/alluxio/core/common/target/apidocs/alluxio/clock/SystemClock.html...
Generating /opt/compile/guoyj/alluxio/core/common/target/apidocs/alluxio/master/block/BlockId.html...
Generating /opt/compile/guoyj/alluxio/core/common/target/apidocs/alluxio/time/Sleeper.html...
Generating /opt/compile/guoyj/alluxio/core/common/target/apidocs/alluxio/time/ThreadSleeper.html...
Generating /opt/compile/guoyj/alluxio/core/common/target/apidocs/alluxio/heartbeat/HeartbeatContext.html...
Generating /opt/compile/guoyj/alluxio/core/common/target/apidocs/alluxio/heartbeat/HeartbeatExecutor.html...
Generating /opt/compile/guoyj/alluxio/core/common/target/apidocs/alluxio/heartbeat/HeartbeatScheduler.html...
Generating /opt/compile/guoyj/alluxio/core/common/target/apidocs/alluxio/heartbeat/HeartbeatThread.html...
Generating /opt/compile/guoyj/alluxio/core/common/target/apidocs/alluxio/heartbeat/HeartbeatTimer.html...
Generating /opt/compile/guoyj/alluxio/core/common/target/apidocs/alluxio/heartbeat/ScheduledTimer.html...
Generating /opt/compile/guoyj/alluxio/core/common/target/apidocs/alluxio/heartbeat/SleepingTimer.html...
Generating /opt/compile/guoyj/alluxio/core/common/target/apidocs/alluxio/thrift/AlluxioService.html...
Generating /opt/compile/guoyj/alluxio/core/common/target/apidocs/alluxio/thrift/AlluxioService.AsyncClient.html...
Generating /opt/compile/guoyj/alluxio/core/common/target/apidocs/alluxio/thrift/AlluxioService.AsyncClient.Factory.html...
Generating /opt/compile/guoyj/alluxio/core/common/target/apidocs/alluxio/thrift/AlluxioService.AsyncClient.getServiceVersion_call.html...
Generating /opt/compile/guoyj/alluxio/core/common/target/apidocs/alluxio/thrift/AlluxioService.AsyncIface.html...
Generating /opt/compile/guoyj/alluxio/core/common/target/apidocs/alluxio/thrift/AlluxioService.AsyncProcessor.html...
Generating /opt/compile/guoyj/alluxio/core/common/target/apidocs/alluxio/thrift/AlluxioService.AsyncProcessor.getServiceVersion.html...
Generating /opt/compile/guoyj/alluxio/core/common/target/apidocs/alluxio/thrift/AlluxioService.Client.html...
Generating /opt/compile/guoyj/alluxio/core/common/target/apidocs/alluxio/thrift/AlluxioService.Client.Factory.html...
Generating /opt/compile/guoyj/alluxio/core/common/target/apidocs/alluxio/thrift/AlluxioService.getServiceVersion_args.html...
Generating /opt/compile/guoyj/alluxio/core/common/target/apidocs/alluxio/thrift/AlluxioService.getServiceVersion_args._Fields.html...
Generating /opt/compile/guoyj/alluxio/core/common/target/apidocs/alluxio/thrift/AlluxioService.getServiceVersion_result.html...
Generating /opt/compile/guoyj/alluxio/core/common/target/apidocs/alluxio/thrift/AlluxioService.getServiceVersion_result._Fields.html...
Generating /opt/compile/guoyj/alluxio/core/common/target/apidocs/alluxio/thrift/AlluxioService.Iface.html...
Generating /opt/compile/guoyj/alluxio/core/common/target/apidocs/alluxio/thrift/AlluxioService.Processor.html...
Generating /opt/compile/guoyj/alluxio/core/common/target/apidocs/alluxio/thrift/AlluxioService.Processor.getServiceVersion.html...
Generating /opt/compile/guoyj/alluxio/core/common/target/apidocs/alluxio/thrift/AlluxioTException.html...
Generating /opt/compile/guoyj/alluxio/core/common/target/apidocs/alluxio/thrift/AlluxioTException._Fields.html...
Generating /opt/compile/guoyj/alluxio/core/common/target/apidocs/alluxio/thrift/BlockInfo.html...
Generating /opt/compile/guoyj/alluxio/core/common/target/apidocs/alluxio/thrift/BlockInfo._Fields.html...
Generating /opt/compile/guoyj/alluxio/core/common/target/apidocs/alluxio/thrift/BlockLocation.html...
Generating /opt/compile/guoyj/alluxio/core/common/target/apidocs/alluxio/thrift/BlockLocation._Fields.html...
Generating /opt/compile/guoyj/alluxio/core/common/target/apidocs/alluxio/thrift/BlockMasterClientService.html...
Generating /opt/compile/guoyj/alluxio/core/common/target/apidocs/alluxio/thrift/BlockMasterClientService.AsyncClient.html...
Generating /opt/compile/guoyj/alluxio/core/common/target/apidocs/alluxio/thrift/BlockMasterClientService.AsyncClient.Factory.html...
Generating /opt/compile/guoyj/alluxio/core/common/target/apidocs/alluxio/thrift/BlockMasterClientService.AsyncClient.getBlockInfo_call.html...
Generating /opt/compile/guoyj/alluxio/core/common/target/apidocs/alluxio/thrift/BlockMasterClientService.AsyncClient.getCapacityBytes_call.html...
Generating /opt/compile/guoyj/alluxio/core/common/target/apidocs/alluxio/thrift/BlockMasterClientService.AsyncClient.getUsedBytes_call.html...
Generating /opt/compile/guoyj/alluxio/core/common/target/apidocs/alluxio/thrift/BlockMasterClientService.AsyncClient.getWorkerInfoList_call.html...
Generating /opt/compile/guoyj/alluxio/core/common/target/apidocs/alluxio/thrift/BlockMasterClientService.AsyncIface.html...
Generating /opt/compile/guoyj/alluxio/core/common/target/apidocs/alluxio/thrift/BlockMasterClientService.AsyncProcessor.html...
Generating /opt/compile/guoyj/alluxio/core/common/target/apidocs/alluxio/thrift/BlockMasterClientService.AsyncProcessor.getBlockInfo.html...
Generating /opt/compile/guoyj/alluxio/core/common/target/apidocs/alluxio/thrift/BlockMasterClientService.AsyncProcessor.getCapacityBytes.html...
Generating /opt/compile/guoyj/alluxio/core/common/target/apidocs/alluxio/thrift/BlockMasterClientService.AsyncProcessor.getUsedBytes.html...
Generating /opt/compile/guoyj/alluxio/core/common/target/apidocs/alluxio/thrift/BlockMasterClientService.AsyncProcessor.getWorkerInfoList.html...
Generating /opt/compile/guoyj/alluxio/core/common/target/apidocs/alluxio/thrift/BlockMasterClientService.Client.html...
Generating /opt/compile/guoyj/alluxio/core/common/target/apidocs/alluxio/thrift/BlockMasterClientService.Client.Factory.html...
Generating /opt/compile/guoyj/alluxio/core/common/target/apidocs/alluxio/thrift/BlockMasterClientService.getBlockInfo_args.html...
Generating /opt/compile/guoyj/alluxio/core/common/target/apidocs/alluxio/thrift/BlockMasterClientService.getBlockInfo_args._Fields.html...
Generating /opt/compile/guoyj/alluxio/core/common/target/apidocs/alluxio/thrift/BlockMasterClientService.getBlockInfo_result.html...
Generating /opt/compile/guoyj/alluxio/core/common/target/apidocs/alluxio/thrift/BlockMasterClientService.getBlockInfo_result._Fields.html...
Generating /opt/compile/guoyj/alluxio/core/common/target/apidocs/alluxio/thrift/BlockMasterClientService.getCapacityBytes_args.html...
Generating /opt/compile/guoyj/alluxio/core/common/target/apidocs/alluxio/thrift/BlockMasterClientService.getCapacityBytes_args._Fields.html...
Generating /opt/compile/guoyj/alluxio/core/common/target/apidocs/alluxio/thrift/BlockMasterClientService.getCapacityBytes_result.html...
Generating /opt/compile/guoyj/alluxio/core/common/target/apidocs/alluxio/thrift/BlockMasterClientService.getCapacityBytes_result._Fields.html...
Generating /opt/compile/guoyj/alluxio/core/common/target/apidocs/alluxio/thrift/BlockMasterClientService.getUsedBytes_args.html...
Generating /opt/compile/guoyj/alluxio/core/common/target/apidocs/alluxio/thrift/BlockMasterClientService.getUsedBytes_args._Fields.html...
Generating /opt/compile/guoyj/alluxio/core/common/target/apidocs/alluxio/thrift/BlockMasterClientService.getUsedBytes_result.html...
Generating /opt/compile/guoyj/alluxio/core/common/target/apidocs/alluxio/thrift/BlockMasterClientService.getUsedBytes_result._Fields.html...
Generating /opt/compile/guoyj/alluxio/core/common/target/apidocs/alluxio/thrift/BlockMasterClientService.getWorkerInfoList_args.html...
Generating /opt/compile/guoyj/alluxio/core/common/target/apidocs/alluxio/thrift/BlockMasterClientService.getWorkerInfoList_args._Fields.html...
Generating /opt/compile/guoyj/alluxio/core/common/target/apidocs/alluxio/thrift/BlockMasterClientService.getWorkerInfoList_result.html...
Generating /opt/compile/guoyj/alluxio/core/common/target/apidocs/alluxio/thrift/BlockMasterClientService.getWorkerInfoList_result._Fields.html...
Generating /opt/compile/guoyj/alluxio/core/common/target/apidocs/alluxio/thrift/BlockMasterClientService.Iface.html...
Generating /opt/compile/guoyj/alluxio/core/common/target/apidocs/alluxio/thrift/BlockMasterClientService.Processor.html...
Generating /opt/compile/guoyj/alluxio/core/common/target/apidocs/alluxio/thrift/BlockMasterClientService.Processor.getBlockInfo.html...
Generating /opt/compile/guoyj/alluxio/core/common/target/apidocs/alluxio/thrift/BlockMasterClientService.Processor.getCapacityBytes.html...
Generating /opt/compile/guoyj/alluxio/core/common/target/apidocs/alluxio/thrift/BlockMasterClientService.Processor.getUsedBytes.html...
Generating /opt/compile/guoyj/alluxio/core/common/target/apidocs/alluxio/thrift/BlockMasterClientService.Processor.getWorkerInfoList.html...
Generating /opt/compile/guoyj/alluxio/core/common/target/apidocs/alluxio/thrift/BlockMasterWorkerService.html...
Generating /opt/compile/guoyj/alluxio/core/common/target/apidocs/alluxio/thrift/BlockMasterWorkerService.AsyncClient.html...
Generating /opt/compile/guoyj/alluxio/core/common/target/apidocs/alluxio/thrift/BlockMasterWorkerService.AsyncClient.commitBlock_call.html...
Generating /opt/compile/guoyj/alluxio/core/common/target/apidocs/alluxio/thrift/BlockMasterWorkerService.AsyncClient.Factory.html...
Generating /opt/compile/guoyj/alluxio/core/common/target/apidocs/alluxio/thrift/BlockMasterWorkerService.AsyncClient.getWorkerId_call.html...
Generating /opt/compile/guoyj/alluxio/core/common/target/apidocs/alluxio/thrift/BlockMasterWorkerService.AsyncClient.heartbeat_call.html...
Generating /opt/compile/guoyj/alluxio/core/common/target/apidocs/alluxio/thrift/BlockMasterWorkerService.AsyncClient.registerWorker_call.html...
Generating /opt/compile/guoyj/alluxio/core/common/target/apidocs/alluxio/thrift/BlockMasterWorkerService.AsyncIface.html...
Generating /opt/compile/guoyj/alluxio/core/common/target/apidocs/alluxio/thrift/BlockMasterWorkerService.AsyncProcessor.html...
Generating /opt/compile/guoyj/alluxio/core/common/target/apidocs/alluxio/thrift/BlockMasterWorkerService.AsyncProcessor.commitBlock.html...
Generating /opt/compile/guoyj/alluxio/core/common/target/apidocs/alluxio/thrift/BlockMasterWorkerService.AsyncProcessor.getWorkerId.html...
Generating /opt/compile/guoyj/alluxio/core/common/target/apidocs/alluxio/thrift/BlockMasterWorkerService.AsyncProcessor.heartbeat.html...
Generating /opt/compile/guoyj/alluxio/core/common/target/apidocs/alluxio/thrift/BlockMasterWorkerService.AsyncProcessor.registerWorker.html...
Generating /opt/compile/guoyj/alluxio/core/common/target/apidocs/alluxio/thrift/BlockMasterWorkerService.Client.html...
Generating /opt/compile/guoyj/alluxio/core/common/target/apidocs/alluxio/thrift/BlockMasterWorkerService.Client.Factory.html...
Generating /opt/compile/guoyj/alluxio/core/common/target/apidocs/alluxio/thrift/BlockMasterWorkerService.commitBlock_args.html...
Generating /opt/compile/guoyj/alluxio/core/common/target/apidocs/alluxio/thrift/BlockMasterWorkerService.commitBlock_args._Fields.html...
Generating /opt/compile/guoyj/alluxio/core/common/target/apidocs/alluxio/thrift/BlockMasterWorkerService.commitBlock_result.html...
Generating /opt/compile/guoyj/alluxio/core/common/target/apidocs/alluxio/thrift/BlockMasterWorkerService.commitBlock_result._Fields.html...
Generating /opt/compile/guoyj/alluxio/core/common/target/apidocs/alluxio/thrift/BlockMasterWorkerService.getWorkerId_args.html...
Generating /opt/compile/guoyj/alluxio/core/common/target/apidocs/alluxio/thrift/BlockMasterWorkerService.getWorkerId_args._Fields.html...
Generating /opt/compile/guoyj/alluxio/core/common/target/apidocs/alluxio/thrift/BlockMasterWorkerService.getWorkerId_result.html...
Generating /opt/compile/guoyj/alluxio/core/common/target/apidocs/alluxio/thrift/BlockMasterWorkerService.getWorkerId_result._Fields.html...
Generating /opt/compile/guoyj/alluxio/core/common/target/apidocs/alluxio/thrift/BlockMasterWorkerService.heartbeat_args.html...
Generating /opt/compile/guoyj/alluxio/core/common/target/apidocs/alluxio/thrift/BlockMasterWorkerService.heartbeat_args._Fields.html...
Generating /opt/compile/guoyj/alluxio/core/common/target/apidocs/alluxio/thrift/BlockMasterWorkerService.heartbeat_result.html...
Generating /opt/compile/guoyj/alluxio/core/common/target/apidocs/alluxio/thrift/BlockMasterWorkerService.heartbeat_result._Fields.html...
Generating /opt/compile/guoyj/alluxio/core/common/target/apidocs/alluxio/thrift/BlockMasterWorkerService.Iface.html...
Generating /opt/compile/guoyj/alluxio/core/common/target/apidocs/alluxio/thrift/BlockMasterWorkerService.Processor.html...
Generating /opt/compile/guoyj/alluxio/core/common/target/apidocs/alluxio/thrift/BlockMasterWorkerService.Processor.commitBlock.html...
Generating /opt/compile/guoyj/alluxio/core/common/target/apidocs/alluxio/thrift/BlockMasterWorkerService.Processor.getWorkerId.html...
Generating /opt/compile/guoyj/alluxio/core/common/target/apidocs/alluxio/thrift/BlockMasterWorkerService.Processor.heartbeat.html...
Generating /opt/compile/guoyj/alluxio/core/common/target/apidocs/alluxio/thrift/BlockMasterWorkerService.Processor.registerWorker.html...
Generating /opt/compile/guoyj/alluxio/core/common/target/apidocs/alluxio/thrift/BlockMasterWorkerService.registerWorker_args.html...
Generating /opt/compile/guoyj/alluxio/core/common/target/apidocs/alluxio/thrift/BlockMasterWorkerService.registerWorker_args._Fields.html...
Generating /opt/compile/guoyj/alluxio/core/common/target/apidocs/alluxio/thrift/BlockMasterWorkerService.registerWorker_result.html...
Generating /opt/compile/guoyj/alluxio/core/common/target/apidocs/alluxio/thrift/BlockMasterWorkerService.registerWorker_result._Fields.html...
Generating /opt/compile/guoyj/alluxio/core/common/target/apidocs/alluxio/thrift/BlockWorkerClientService.html...
Generating /opt/compile/guoyj/alluxio/core/common/target/apidocs/alluxio/thrift/BlockWorkerClientService.accessBlock_args.html...
Generating /opt/compile/guoyj/alluxio/core/common/target/apidocs/alluxio/thrift/BlockWorkerClientService.accessBlock_args._Fields.html...
Generating /opt/compile/guoyj/alluxio/core/common/target/apidocs/alluxio/thrift/BlockWorkerClientService.accessBlock_result.html...
Generating /opt/compile/guoyj/alluxio/core/common/target/apidocs/alluxio/thrift/BlockWorkerClientService.accessBlock_result._Fields.html...
Generating /opt/compile/guoyj/alluxio/core/common/target/apidocs/alluxio/thrift/BlockWorkerClientService.AsyncClient.html...
Generating /opt/compile/guoyj/alluxio/core/common/target/apidocs/alluxio/thrift/BlockWorkerClientService.AsyncClient.accessBlock_call.html...
Generating /opt/compile/guoyj/alluxio/core/common/target/apidocs/alluxio/thrift/BlockWorkerClientService.AsyncClient.cacheBlock_call.html...
Generating /opt/compile/guoyj/alluxio/core/common/target/apidocs/alluxio/thrift/BlockWorkerClientService.AsyncClient.cancelBlock_call.html...
Generating /opt/compile/guoyj/alluxio/core/common/target/apidocs/alluxio/thrift/BlockWorkerClientService.AsyncClient.Factory.html...
Generating /opt/compile/guoyj/alluxio/core/common/target/apidocs/alluxio/thrift/BlockWorkerClientService.AsyncClient.lockBlock_call.html...
Generating /opt/compile/guoyj/alluxio/core/common/target/apidocs/alluxio/thrift/BlockWorkerClientService.AsyncClient.promoteBlock_call.html...
Generating /opt/compile/guoyj/alluxio/core/common/target/apidocs/alluxio/thrift/BlockWorkerClientService.AsyncClient.removeBlock_call.html...
Generating /opt/compile/guoyj/alluxio/core/common/target/apidocs/alluxio/thrift/BlockWorkerClientService.AsyncClient.requestBlockLocation_call.html...
Generating /opt/compile/guoyj/alluxio/core/common/target/apidocs/alluxio/thrift/BlockWorkerClientService.AsyncClient.requestSpace_call.html...
Generating /opt/compile/guoyj/alluxio/core/common/target/apidocs/alluxio/thrift/BlockWorkerClientService.AsyncClient.sessionHeartbeat_call.html...
Generating /opt/compile/guoyj/alluxio/core/common/target/apidocs/alluxio/thrift/BlockWorkerClientService.AsyncClient.unlockBlock_call.html...
Generating /opt/compile/guoyj/alluxio/core/common/target/apidocs/alluxio/thrift/BlockWorkerClientService.AsyncIface.html...
Generating /opt/compile/guoyj/alluxio/core/common/target/apidocs/alluxio/thrift/BlockWorkerClientService.AsyncProcessor.html...
Generating /opt/compile/guoyj/alluxio/core/common/target/apidocs/alluxio/thrift/BlockWorkerClientService.AsyncProcessor.accessBlock.html...
Generating /opt/compile/guoyj/alluxio/core/common/target/apidocs/alluxio/thrift/BlockWorkerClientService.AsyncProcessor.cacheBlock.html...
Generating /opt/compile/guoyj/alluxio/core/common/target/apidocs/alluxio/thrift/BlockWorkerClientService.AsyncProcessor.cancelBlock.html...
Generating /opt/compile/guoyj/alluxio/core/common/target/apidocs/alluxio/thrift/BlockWorkerClientService.AsyncProcessor.lockBlock.html...
Generating /opt/compile/guoyj/alluxio/core/common/target/apidocs/alluxio/thrift/BlockWorkerClientService.AsyncProcessor.promoteBlock.html...
Generating /opt/compile/guoyj/alluxio/core/common/target/apidocs/alluxio/thrift/BlockWorkerClientService.AsyncProcessor.removeBlock.html...
Generating /opt/compile/guoyj/alluxio/core/common/target/apidocs/alluxio/thrift/BlockWorkerClientService.AsyncProcessor.requestBlockLocation.html...
Generating /opt/compile/guoyj/alluxio/core/common/target/apidocs/alluxio/thrift/BlockWorkerClientService.AsyncProcessor.requestSpace.html...
Generating /opt/compile/guoyj/alluxio/core/common/target/apidocs/alluxio/thrift/BlockWorkerClientService.AsyncProcessor.sessionHeartbeat.html...
Generating /opt/compile/guoyj/alluxio/core/common/target/apidocs/alluxio/thrift/BlockWorkerClientService.AsyncProcessor.unlockBlock.html...
Generating /opt/compile/guoyj/alluxio/core/common/target/apidocs/alluxio/thrift/BlockWorkerClientService.cacheBlock_args.html...
Generating /opt/compile/guoyj/alluxio/core/common/target/apidocs/alluxio/thrift/BlockWorkerClientService.cacheBlock_args._Fields.html...
Generating /opt/compile/guoyj/alluxio/core/common/target/apidocs/alluxio/thrift/BlockWorkerClientService.cacheBlock_result.html...
Generating /opt/compile/guoyj/alluxio/core/common/target/apidocs/alluxio/thrift/BlockWorkerClientService.cacheBlock_result._Fields.html...
Generating /opt/compile/guoyj/alluxio/core/common/target/apidocs/alluxio/thrift/BlockWorkerClientService.cancelBlock_args.html...
Generating /opt/compile/guoyj/alluxio/core/common/target/apidocs/alluxio/thrift/BlockWorkerClientService.cancelBlock_args._Fields.html...
Generating /opt/compile/guoyj/alluxio/core/common/target/apidocs/alluxio/thrift/BlockWorkerClientService.cancelBlock_result.html...
Generating /opt/compile/guoyj/alluxio/core/common/target/apidocs/alluxio/thrift/BlockWorkerClientService.cancelBlock_result._Fields.html...
Generating /opt/compile/guoyj/alluxio/core/common/target/apidocs/alluxio/thrift/BlockWorkerClientService.Client.html...
Generating /opt/compile/guoyj/alluxio/core/common/target/apidocs/alluxio/thrift/BlockWorkerClientService.Client.Factory.html...
Generating /opt/compile/guoyj/alluxio/core/common/target/apidocs/alluxio/thrift/BlockWorkerClientService.Iface.html...
Generating /opt/compile/guoyj/alluxio/core/common/target/apidocs/alluxio/thrift/BlockWorkerClientService.lockBlock_args.html...
Generating /opt/compile/guoyj/alluxio/core/common/target/apidocs/alluxio/thrift/BlockWorkerClientService.lockBlock_args._Fields.html...
Generating /opt/compile/guoyj/alluxio/core/common/target/apidocs/alluxio/thrift/BlockWorkerClientService.lockBlock_result.html...
Generating /opt/compile/guoyj/alluxio/core/common/target/apidocs/alluxio/thrift/BlockWorkerClientService.lockBlock_result._Fields.html...
Generating /opt/compile/guoyj/alluxio/core/common/target/apidocs/alluxio/thrift/BlockWorkerClientService.Processor.html...
Generating /opt/compile/guoyj/alluxio/core/common/target/apidocs/alluxio/thrift/BlockWorkerClientService.Processor.accessBlock.html...
Generating /opt/compile/guoyj/alluxio/core/common/target/apidocs/alluxio/thrift/BlockWorkerClientService.Processor.cacheBlock.html...
Generating /opt/compile/guoyj/alluxio/core/common/target/apidocs/alluxio/thrift/BlockWorkerClientService.Processor.cancelBlock.html...
Generating /opt/compile/guoyj/alluxio/core/common/target/apidocs/alluxio/thrift/BlockWorkerClientService.Processor.lockBlock.html...
Generating /opt/compile/guoyj/alluxio/core/common/target/apidocs/alluxio/thrift/BlockWorkerClientService.Processor.promoteBlock.html...
Generating /opt/compile/guoyj/alluxio/core/common/target/apidocs/alluxio/thrift/BlockWorkerClientService.Processor.removeBlock.html...
Generating /opt/compile/guoyj/alluxio/core/common/target/apidocs/alluxio/thrift/BlockWorkerClientService.Processor.requestBlockLocation.html...
Generating /opt/compile/guoyj/alluxio/core/common/target/apidocs/alluxio/thrift/BlockWorkerClientService.Processor.requestSpace.html...
Generating /opt/compile/guoyj/alluxio/core/common/target/apidocs/alluxio/thrift/BlockWorkerClientService.Processor.sessionHeartbeat.html...
Generating /opt/compile/guoyj/alluxio/core/common/target/apidocs/alluxio/thrift/BlockWorkerClientService.Processor.unlockBlock.html...
Generating /opt/compile/guoyj/alluxio/core/common/target/apidocs/alluxio/thrift/BlockWorkerClientService.promoteBlock_args.html...
Generating /opt/compile/guoyj/alluxio/core/common/target/apidocs/alluxio/thrift/BlockWorkerClientService.promoteBlock_args._Fields.html...
Generating /opt/compile/guoyj/alluxio/core/common/target/apidocs/alluxio/thrift/BlockWorkerClientService.promoteBlock_result.html...
Generating /opt/compile/guoyj/alluxio/core/common/target/apidocs/alluxio/thrift/BlockWorkerClientService.promoteBlock_result._Fields.html...
Generating /opt/compile/guoyj/alluxio/core/common/target/apidocs/alluxio/thrift/BlockWorkerClientService.removeBlock_args.html...
Generating /opt/compile/guoyj/alluxio/core/common/target/apidocs/alluxio/thrift/BlockWorkerClientService.removeBlock_args._Fields.html...
Generating /opt/compile/guoyj/alluxio/core/common/target/apidocs/alluxio/thrift/BlockWorkerClientService.removeBlock_result.html...
Generating /opt/compile/guoyj/alluxio/core/common/target/apidocs/alluxio/thrift/BlockWorkerClientService.removeBlock_result._Fields.html...
Generating /opt/compile/guoyj/alluxio/core/common/target/apidocs/alluxio/thrift/BlockWorkerClientService.requestBlockLocation_args.html...
Generating /opt/compile/guoyj/alluxio/core/common/target/apidocs/alluxio/thrift/BlockWorkerClientService.requestBlockLocation_args._Fields.html...
Generating /opt/compile/guoyj/alluxio/core/common/target/apidocs/alluxio/thrift/BlockWorkerClientService.requestBlockLocation_result.html...
Generating /opt/compile/guoyj/alluxio/core/common/target/apidocs/alluxio/thrift/BlockWorkerClientService.requestBlockLocation_result._Fields.html...
Generating /opt/compile/guoyj/alluxio/core/common/target/apidocs/alluxio/thrift/BlockWorkerClientService.requestSpace_args.html...
Generating /opt/compile/guoyj/alluxio/core/common/target/apidocs/alluxio/thrift/BlockWorkerClientService.requestSpace_args._Fields.html...
Generating /opt/compile/guoyj/alluxio/core/common/target/apidocs/alluxio/thrift/BlockWorkerClientService.requestSpace_result.html...
Generating /opt/compile/guoyj/alluxio/core/common/target/apidocs/alluxio/thrift/BlockWorkerClientService.requestSpace_result._Fields.html...
Generating /opt/compile/guoyj/alluxio/core/common/target/apidocs/alluxio/thrift/BlockWorkerClientService.sessionHeartbeat_args.html...
Generating /opt/compile/guoyj/alluxio/core/common/target/apidocs/alluxio/thrift/BlockWorkerClientService.sessionHeartbeat_args._Fields.html...
Generating /opt/compile/guoyj/alluxio/core/common/target/apidocs/alluxio/thrift/BlockWorkerClientService.sessionHeartbeat_result.html...
Generating /opt/compile/guoyj/alluxio/core/common/target/apidocs/alluxio/thrift/BlockWorkerClientService.sessionHeartbeat_result._Fields.html...
Generating /opt/compile/guoyj/alluxio/core/common/target/apidocs/alluxio/thrift/BlockWorkerClientService.unlockBlock_args.html...
Generating /opt/compile/guoyj/alluxio/core/common/target/apidocs/alluxio/thrift/BlockWorkerClientService.unlockBlock_args._Fields.html...
Generating /opt/compile/guoyj/alluxio/core/common/target/apidocs/alluxio/thrift/BlockWorkerClientService.unlockBlock_result.html...
Generating /opt/compile/guoyj/alluxio/core/common/target/apidocs/alluxio/thrift/BlockWorkerClientService.unlockBlock_result._Fields.html...
Generating /opt/compile/guoyj/alluxio/core/common/target/apidocs/alluxio/thrift/CancelUfsFileTOptions.html...
Generating /opt/compile/guoyj/alluxio/core/common/target/apidocs/alluxio/thrift/CancelUfsFileTOptions._Fields.html...
Generating /opt/compile/guoyj/alluxio/core/common/target/apidocs/alluxio/thrift/CheckConsistencyTOptions.html...
Generating /opt/compile/guoyj/alluxio/core/common/target/apidocs/alluxio/thrift/CheckConsistencyTOptions._Fields.html...
Generating /opt/compile/guoyj/alluxio/core/common/target/apidocs/alluxio/thrift/CloseUfsFileTOptions.html...
Generating /opt/compile/guoyj/alluxio/core/common/target/apidocs/alluxio/thrift/CloseUfsFileTOptions._Fields.html...
Generating /opt/compile/guoyj/alluxio/core/common/target/apidocs/alluxio/thrift/Command.html...
Generating /opt/compile/guoyj/alluxio/core/common/target/apidocs/alluxio/thrift/Command._Fields.html...
Generating /opt/compile/guoyj/alluxio/core/common/target/apidocs/alluxio/thrift/CommandLineJobInfo.html...
Generating /opt/compile/guoyj/alluxio/core/common/target/apidocs/alluxio/thrift/CommandLineJobInfo._Fields.html...
Generating /opt/compile/guoyj/alluxio/core/common/target/apidocs/alluxio/thrift/CommandType.html...
Generating /opt/compile/guoyj/alluxio/core/common/target/apidocs/alluxio/thrift/CompleteFileTOptions.html...
Generating /opt/compile/guoyj/alluxio/core/common/target/apidocs/alluxio/thrift/CompleteFileTOptions._Fields.html...
Generating /opt/compile/guoyj/alluxio/core/common/target/apidocs/alluxio/thrift/CompleteUfsFileTOptions.html...
Generating /opt/compile/guoyj/alluxio/core/common/target/apidocs/alluxio/thrift/CompleteUfsFileTOptions._Fields.html...
Generating /opt/compile/guoyj/alluxio/core/common/target/apidocs/alluxio/thrift/CreateDirectoryTOptions.html...
Generating /opt/compile/guoyj/alluxio/core/common/target/apidocs/alluxio/thrift/CreateDirectoryTOptions._Fields.html...
Generating /opt/compile/guoyj/alluxio/core/common/target/apidocs/alluxio/thrift/CreateFileTOptions.html...
Generating /opt/compile/guoyj/alluxio/core/common/target/apidocs/alluxio/thrift/CreateFileTOptions._Fields.html...
Generating /opt/compile/guoyj/alluxio/core/common/target/apidocs/alluxio/thrift/CreateUfsFileTOptions.html...
Generating /opt/compile/guoyj/alluxio/core/common/target/apidocs/alluxio/thrift/CreateUfsFileTOptions._Fields.html...
Generating /opt/compile/guoyj/alluxio/core/common/target/apidocs/alluxio/thrift/DependencyInfo.html...
Generating /opt/compile/guoyj/alluxio/core/common/target/apidocs/alluxio/thrift/DependencyInfo._Fields.html...
Generating /opt/compile/guoyj/alluxio/core/common/target/apidocs/alluxio/thrift/FileBlockInfo.html...
Generating /opt/compile/guoyj/alluxio/core/common/target/apidocs/alluxio/thrift/FileBlockInfo._Fields.html...
Generating /opt/compile/guoyj/alluxio/core/common/target/apidocs/alluxio/thrift/FileInfo.html...
Generating /opt/compile/guoyj/alluxio/core/common/target/apidocs/alluxio/thrift/FileInfo._Fields.html...
Generating /opt/compile/guoyj/alluxio/core/common/target/apidocs/alluxio/thrift/FileSystemCommand.html...
Generating /opt/compile/guoyj/alluxio/core/common/target/apidocs/alluxio/thrift/FileSystemCommand._Fields.html...
Generating /opt/compile/guoyj/alluxio/core/common/target/apidocs/alluxio/thrift/FileSystemCommandOptions.html...
Generating /opt/compile/guoyj/alluxio/core/common/target/apidocs/alluxio/thrift/FileSystemCommandOptions._Fields.html...
Generating /opt/compile/guoyj/alluxio/core/common/target/apidocs/alluxio/thrift/FileSystemMasterClientService.html...
Generating /opt/compile/guoyj/alluxio/core/common/target/apidocs/alluxio/thrift/FileSystemMasterClientService.AsyncClient.html...
Generating /opt/compile/guoyj/alluxio/core/common/target/apidocs/alluxio/thrift/FileSystemMasterClientService.AsyncClient.checkConsistency_call.html...
Generating /opt/compile/guoyj/alluxio/core/common/target/apidocs/alluxio/thrift/FileSystemMasterClientService.AsyncClient.completeFile_call.html...
Generating /opt/compile/guoyj/alluxio/core/common/target/apidocs/alluxio/thrift/FileSystemMasterClientService.AsyncClient.createDirectory_call.html...
Generating /opt/compile/guoyj/alluxio/core/common/target/apidocs/alluxio/thrift/FileSystemMasterClientService.AsyncClient.createFile_call.html...
Generating /opt/compile/guoyj/alluxio/core/common/target/apidocs/alluxio/thrift/FileSystemMasterClientService.AsyncClient.Factory.html...
Generating /opt/compile/guoyj/alluxio/core/common/target/apidocs/alluxio/thrift/FileSystemMasterClientService.AsyncClient.free_call.html...
Generating /opt/compile/guoyj/alluxio/core/common/target/apidocs/alluxio/thrift/FileSystemMasterClientService.AsyncClient.getFileBlockInfoList_call.html...
Generating /opt/compile/guoyj/alluxio/core/common/target/apidocs/alluxio/thrift/FileSystemMasterClientService.AsyncClient.getMountPoint_call.html...
Generating /opt/compile/guoyj/alluxio/core/common/target/apidocs/alluxio/thrift/FileSystemMasterClientService.AsyncClient.getMountPointWithPath_call.html...
Generating /opt/compile/guoyj/alluxio/core/common/target/apidocs/alluxio/thrift/FileSystemMasterClientService.AsyncClient.getNewBlockIdForFile_call.html...
Generating /opt/compile/guoyj/alluxio/core/common/target/apidocs/alluxio/thrift/FileSystemMasterClientService.AsyncClient.getStatus_call.html...
Generating /opt/compile/guoyj/alluxio/core/common/target/apidocs/alluxio/thrift/FileSystemMasterClientService.AsyncClient.getStatusForUfsLoad_call.html...
Generating /opt/compile/guoyj/alluxio/core/common/target/apidocs/alluxio/thrift/FileSystemMasterClientService.AsyncClient.getStatusInternal_call.html...
Generating /opt/compile/guoyj/alluxio/core/common/target/apidocs/alluxio/thrift/FileSystemMasterClientService.AsyncClient.getUfsAddress_call.html...
Generating /opt/compile/guoyj/alluxio/core/common/target/apidocs/alluxio/thrift/FileSystemMasterClientService.AsyncClient.getUserMustCacheList_call.html...
Generating /opt/compile/guoyj/alluxio/core/common/target/apidocs/alluxio/thrift/FileSystemMasterClientService.AsyncClient.listStatus_call.html...
Generating /opt/compile/guoyj/alluxio/core/common/target/apidocs/alluxio/thrift/FileSystemMasterClientService.AsyncClient.loadMetadata_call.html...
Generating /opt/compile/guoyj/alluxio/core/common/target/apidocs/alluxio/thrift/FileSystemMasterClientService.AsyncClient.mount_call.html...
Generating /opt/compile/guoyj/alluxio/core/common/target/apidocs/alluxio/thrift/FileSystemMasterClientService.AsyncClient.refreshUserMustCacheList_call.html...
Generating /opt/compile/guoyj/alluxio/core/common/target/apidocs/alluxio/thrift/FileSystemMasterClientService.AsyncClient.remove_call.html...
Generating /opt/compile/guoyj/alluxio/core/common/target/apidocs/alluxio/thrift/FileSystemMasterClientService.AsyncClient.rename_call.html...
Generating /opt/compile/guoyj/alluxio/core/common/target/apidocs/alluxio/thrift/FileSystemMasterClientService.AsyncClient.scheduleAsyncPersist_call.html...
Generating /opt/compile/guoyj/alluxio/core/common/target/apidocs/alluxio/thrift/FileSystemMasterClientService.AsyncClient.setAttribute_call.html...
Generating /opt/compile/guoyj/alluxio/core/common/target/apidocs/alluxio/thrift/FileSystemMasterClientService.AsyncClient.unmount_call.html...
Generating /opt/compile/guoyj/alluxio/core/common/target/apidocs/alluxio/thrift/FileSystemMasterClientService.AsyncIface.html...
Generating /opt/compile/guoyj/alluxio/core/common/target/apidocs/alluxio/thrift/FileSystemMasterClientService.AsyncProcessor.html...
Generating /opt/compile/guoyj/alluxio/core/common/target/apidocs/alluxio/thrift/FileSystemMasterClientService.AsyncProcessor.checkConsistency.html...
Generating /opt/compile/guoyj/alluxio/core/common/target/apidocs/alluxio/thrift/FileSystemMasterClientService.AsyncProcessor.completeFile.html...
Generating /opt/compile/guoyj/alluxio/core/common/target/apidocs/alluxio/thrift/FileSystemMasterClientService.AsyncProcessor.createDirectory.html...
Generating /opt/compile/guoyj/alluxio/core/common/target/apidocs/alluxio/thrift/FileSystemMasterClientService.AsyncProcessor.createFile.html...
Generating /opt/compile/guoyj/alluxio/core/common/target/apidocs/alluxio/thrift/FileSystemMasterClientService.AsyncProcessor.free.html...
Generating /opt/compile/guoyj/alluxio/core/common/target/apidocs/alluxio/thrift/FileSystemMasterClientService.AsyncProcessor.getFileBlockInfoList.html...
Generating /opt/compile/guoyj/alluxio/core/common/target/apidocs/alluxio/thrift/FileSystemMasterClientService.AsyncProcessor.getMountPoint.html...
Generating /opt/compile/guoyj/alluxio/core/common/target/apidocs/alluxio/thrift/FileSystemMasterClientService.AsyncProcessor.getMountPointWithPath.html...
Generating /opt/compile/guoyj/alluxio/core/common/target/apidocs/alluxio/thrift/FileSystemMasterClientService.AsyncProcessor.getNewBlockIdForFile.html...
Generating /opt/compile/guoyj/alluxio/core/common/target/apidocs/alluxio/thrift/FileSystemMasterClientService.AsyncProcessor.getStatus.html...
Generating /opt/compile/guoyj/alluxio/core/common/target/apidocs/alluxio/thrift/FileSystemMasterClientService.AsyncProcessor.getStatusForUfsLoad.html...
Generating /opt/compile/guoyj/alluxio/core/common/target/apidocs/alluxio/thrift/FileSystemMasterClientService.AsyncProcessor.getStatusInternal.html...
Generating /opt/compile/guoyj/alluxio/core/common/target/apidocs/alluxio/thrift/FileSystemMasterClientService.AsyncProcessor.getUfsAddress.html...
Generating /opt/compile/guoyj/alluxio/core/common/target/apidocs/alluxio/thrift/FileSystemMasterClientService.AsyncProcessor.getUserMustCacheList.html...
Generating /opt/compile/guoyj/alluxio/core/common/target/apidocs/alluxio/thrift/FileSystemMasterClientService.AsyncProcessor.listStatus.html...
Generating /opt/compile/guoyj/alluxio/core/common/target/apidocs/alluxio/thrift/FileSystemMasterClientService.AsyncProcessor.loadMetadata.html...
Generating /opt/compile/guoyj/alluxio/core/common/target/apidocs/alluxio/thrift/FileSystemMasterClientService.AsyncProcessor.mount.html...
Generating /opt/compile/guoyj/alluxio/core/common/target/apidocs/alluxio/thrift/FileSystemMasterClientService.AsyncProcessor.refreshUserMustCacheList.html...
Generating /opt/compile/guoyj/alluxio/core/common/target/apidocs/alluxio/thrift/FileSystemMasterClientService.AsyncProcessor.remove.html...
Generating /opt/compile/guoyj/alluxio/core/common/target/apidocs/alluxio/thrift/FileSystemMasterClientService.AsyncProcessor.rename.html...
Generating /opt/compile/guoyj/alluxio/core/common/target/apidocs/alluxio/thrift/FileSystemMasterClientService.AsyncProcessor.scheduleAsyncPersist.html...
Generating /opt/compile/guoyj/alluxio/core/common/target/apidocs/alluxio/thrift/FileSystemMasterClientService.AsyncProcessor.setAttribute.html...
Generating /opt/compile/guoyj/alluxio/core/common/target/apidocs/alluxio/thrift/FileSystemMasterClientService.AsyncProcessor.unmount.html...
Generating /opt/compile/guoyj/alluxio/core/common/target/apidocs/alluxio/thrift/FileSystemMasterClientService.checkConsistency_args.html...
Generating /opt/compile/guoyj/alluxio/core/common/target/apidocs/alluxio/thrift/FileSystemMasterClientService.checkConsistency_args._Fields.html...
Generating /opt/compile/guoyj/alluxio/core/common/target/apidocs/alluxio/thrift/FileSystemMasterClientService.checkConsistency_result.html...
Generating /opt/compile/guoyj/alluxio/core/common/target/apidocs/alluxio/thrift/FileSystemMasterClientService.checkConsistency_result._Fields.html...
Generating /opt/compile/guoyj/alluxio/core/common/target/apidocs/alluxio/thrift/FileSystemMasterClientService.Client.html...
Generating /opt/compile/guoyj/alluxio/core/common/target/apidocs/alluxio/thrift/FileSystemMasterClientService.Client.Factory.html...
Generating /opt/compile/guoyj/alluxio/core/common/target/apidocs/alluxio/thrift/FileSystemMasterClientService.completeFile_args.html...
Generating /opt/compile/guoyj/alluxio/core/common/target/apidocs/alluxio/thrift/FileSystemMasterClientService.completeFile_args._Fields.html...
Generating /opt/compile/guoyj/alluxio/core/common/target/apidocs/alluxio/thrift/FileSystemMasterClientService.completeFile_result.html...
Generating /opt/compile/guoyj/alluxio/core/common/target/apidocs/alluxio/thrift/FileSystemMasterClientService.completeFile_result._Fields.html...
Generating /opt/compile/guoyj/alluxio/core/common/target/apidocs/alluxio/thrift/FileSystemMasterClientService.createDirectory_args.html...
Generating /opt/compile/guoyj/alluxio/core/common/target/apidocs/alluxio/thrift/FileSystemMasterClientService.createDirectory_args._Fields.html...
Generating /opt/compile/guoyj/alluxio/core/common/target/apidocs/alluxio/thrift/FileSystemMasterClientService.createDirectory_result.html...
Generating /opt/compile/guoyj/alluxio/core/common/target/apidocs/alluxio/thrift/FileSystemMasterClientService.createDirectory_result._Fields.html...
Generating /opt/compile/guoyj/alluxio/core/common/target/apidocs/alluxio/thrift/FileSystemMasterClientService.createFile_args.html...
Generating /opt/compile/guoyj/alluxio/core/common/target/apidocs/alluxio/thrift/FileSystemMasterClientService.createFile_args._Fields.html...
Generating /opt/compile/guoyj/alluxio/core/common/target/apidocs/alluxio/thrift/FileSystemMasterClientService.createFile_result.html...
Generating /opt/compile/guoyj/alluxio/core/common/target/apidocs/alluxio/thrift/FileSystemMasterClientService.createFile_result._Fields.html...
Generating /opt/compile/guoyj/alluxio/core/common/target/apidocs/alluxio/thrift/FileSystemMasterClientService.free_args.html...
Generating /opt/compile/guoyj/alluxio/core/common/target/apidocs/alluxio/thrift/FileSystemMasterClientService.free_args._Fields.html...
Generating /opt/compile/guoyj/alluxio/core/common/target/apidocs/alluxio/thrift/FileSystemMasterClientService.free_result.html...
Generating /opt/compile/guoyj/alluxio/core/common/target/apidocs/alluxio/thrift/FileSystemMasterClientService.free_result._Fields.html...
Generating /opt/compile/guoyj/alluxio/core/common/target/apidocs/alluxio/thrift/FileSystemMasterClientService.getFileBlockInfoList_args.html...
Generating /opt/compile/guoyj/alluxio/core/common/target/apidocs/alluxio/thrift/FileSystemMasterClientService.getFileBlockInfoList_args._Fields.html...
Generating /opt/compile/guoyj/alluxio/core/common/target/apidocs/alluxio/thrift/FileSystemMasterClientService.getFileBlockInfoList_result.html...
Generating /opt/compile/guoyj/alluxio/core/common/target/apidocs/alluxio/thrift/FileSystemMasterClientService.getFileBlockInfoList_result._Fields.html...
Generating /opt/compile/guoyj/alluxio/core/common/target/apidocs/alluxio/thrift/FileSystemMasterClientService.getMountPoint_args.html...
Generating /opt/compile/guoyj/alluxio/core/common/target/apidocs/alluxio/thrift/FileSystemMasterClientService.getMountPoint_args._Fields.html...
Generating /opt/compile/guoyj/alluxio/core/common/target/apidocs/alluxio/thrift/FileSystemMasterClientService.getMountPoint_result.html...
Generating /opt/compile/guoyj/alluxio/core/common/target/apidocs/alluxio/thrift/FileSystemMasterClientService.getMountPoint_result._Fields.html...
Generating /opt/compile/guoyj/alluxio/core/common/target/apidocs/alluxio/thrift/FileSystemMasterClientService.getMountPointWithPath_args.html...
Generating /opt/compile/guoyj/alluxio/core/common/target/apidocs/alluxio/thrift/FileSystemMasterClientService.getMountPointWithPath_args._Fields.html...
Generating /opt/compile/guoyj/alluxio/core/common/target/apidocs/alluxio/thrift/FileSystemMasterClientService.getMountPointWithPath_result.html...
Generating /opt/compile/guoyj/alluxio/core/common/target/apidocs/alluxio/thrift/FileSystemMasterClientService.getMountPointWithPath_result._Fields.html...
Generating /opt/compile/guoyj/alluxio/core/common/target/apidocs/alluxio/thrift/FileSystemMasterClientService.getNewBlockIdForFile_args.html...
Generating /opt/compile/guoyj/alluxio/core/common/target/apidocs/alluxio/thrift/FileSystemMasterClientService.getNewBlockIdForFile_args._Fields.html...
Generating /opt/compile/guoyj/alluxio/core/common/target/apidocs/alluxio/thrift/FileSystemMasterClientService.getNewBlockIdForFile_result.html...
Generating /opt/compile/guoyj/alluxio/core/common/target/apidocs/alluxio/thrift/FileSystemMasterClientService.getNewBlockIdForFile_result._Fields.html...
Generating /opt/compile/guoyj/alluxio/core/common/target/apidocs/alluxio/thrift/FileSystemMasterClientService.getStatus_args.html...
Generating /opt/compile/guoyj/alluxio/core/common/target/apidocs/alluxio/thrift/FileSystemMasterClientService.getStatus_args._Fields.html...
Generating /opt/compile/guoyj/alluxio/core/common/target/apidocs/alluxio/thrift/FileSystemMasterClientService.getStatus_result.html...
Generating /opt/compile/guoyj/alluxio/core/common/target/apidocs/alluxio/thrift/FileSystemMasterClientService.getStatus_result._Fields.html...
Generating /opt/compile/guoyj/alluxio/core/common/target/apidocs/alluxio/thrift/FileSystemMasterClientService.getStatusForUfsLoad_args.html...
Generating /opt/compile/guoyj/alluxio/core/common/target/apidocs/alluxio/thrift/FileSystemMasterClientService.getStatusForUfsLoad_args._Fields.html...
Generating /opt/compile/guoyj/alluxio/core/common/target/apidocs/alluxio/thrift/FileSystemMasterClientService.getStatusForUfsLoad_result.html...
Generating /opt/compile/guoyj/alluxio/core/common/target/apidocs/alluxio/thrift/FileSystemMasterClientService.getStatusForUfsLoad_result._Fields.html...
Generating /opt/compile/guoyj/alluxio/core/common/target/apidocs/alluxio/thrift/FileSystemMasterClientService.getStatusInternal_args.html...
Generating /opt/compile/guoyj/alluxio/core/common/target/apidocs/alluxio/thrift/FileSystemMasterClientService.getStatusInternal_args._Fields.html...
Generating /opt/compile/guoyj/alluxio/core/common/target/apidocs/alluxio/thrift/FileSystemMasterClientService.getStatusInternal_result.html...
Generating /opt/compile/guoyj/alluxio/core/common/target/apidocs/alluxio/thrift/FileSystemMasterClientService.getStatusInternal_result._Fields.html...
Generating /opt/compile/guoyj/alluxio/core/common/target/apidocs/alluxio/thrift/FileSystemMasterClientService.getUfsAddress_args.html...
Generating /opt/compile/guoyj/alluxio/core/common/target/apidocs/alluxio/thrift/FileSystemMasterClientService.getUfsAddress_args._Fields.html...
Generating /opt/compile/guoyj/alluxio/core/common/target/apidocs/alluxio/thrift/FileSystemMasterClientService.getUfsAddress_result.html...
Generating /opt/compile/guoyj/alluxio/core/common/target/apidocs/alluxio/thrift/FileSystemMasterClientService.getUfsAddress_result._Fields.html...
Generating /opt/compile/guoyj/alluxio/core/common/target/apidocs/alluxio/thrift/FileSystemMasterClientService.getUserMustCacheList_args.html...
Generating /opt/compile/guoyj/alluxio/core/common/target/apidocs/alluxio/thrift/FileSystemMasterClientService.getUserMustCacheList_args._Fields.html...
Generating /opt/compile/guoyj/alluxio/core/common/target/apidocs/alluxio/thrift/FileSystemMasterClientService.getUserMustCacheList_result.html...
Generating /opt/compile/guoyj/alluxio/core/common/target/apidocs/alluxio/thrift/FileSystemMasterClientService.getUserMustCacheList_result._Fields.html...
Generating /opt/compile/guoyj/alluxio/core/common/target/apidocs/alluxio/thrift/FileSystemMasterClientService.Iface.html...
Generating /opt/compile/guoyj/alluxio/core/common/target/apidocs/alluxio/thrift/FileSystemMasterClientService.listStatus_args.html...
Generating /opt/compile/guoyj/alluxio/core/common/target/apidocs/alluxio/thrift/FileSystemMasterClientService.listStatus_args._Fields.html...
Generating /opt/compile/guoyj/alluxio/core/common/target/apidocs/alluxio/thrift/FileSystemMasterClientService.listStatus_result.html...
Generating /opt/compile/guoyj/alluxio/core/common/target/apidocs/alluxio/thrift/FileSystemMasterClientService.listStatus_result._Fields.html...
Generating /opt/compile/guoyj/alluxio/core/common/target/apidocs/alluxio/thrift/FileSystemMasterClientService.loadMetadata_args.html...
Generating /opt/compile/guoyj/alluxio/core/common/target/apidocs/alluxio/thrift/FileSystemMasterClientService.loadMetadata_args._Fields.html...
Generating /opt/compile/guoyj/alluxio/core/common/target/apidocs/alluxio/thrift/FileSystemMasterClientService.loadMetadata_result.html...
Generating /opt/compile/guoyj/alluxio/core/common/target/apidocs/alluxio/thrift/FileSystemMasterClientService.loadMetadata_result._Fields.html...
Generating /opt/compile/guoyj/alluxio/core/common/target/apidocs/alluxio/thrift/FileSystemMasterClientService.mount_args.html...
Generating /opt/compile/guoyj/alluxio/core/common/target/apidocs/alluxio/thrift/FileSystemMasterClientService.mount_args._Fields.html...
Generating /opt/compile/guoyj/alluxio/core/common/target/apidocs/alluxio/thrift/FileSystemMasterClientService.mount_result.html...
Generating /opt/compile/guoyj/alluxio/core/common/target/apidocs/alluxio/thrift/FileSystemMasterClientService.mount_result._Fields.html...
Generating /opt/compile/guoyj/alluxio/core/common/target/apidocs/alluxio/thrift/FileSystemMasterClientService.Processor.html...
Generating /opt/compile/guoyj/alluxio/core/common/target/apidocs/alluxio/thrift/FileSystemMasterClientService.Processor.checkConsistency.html...
Generating /opt/compile/guoyj/alluxio/core/common/target/apidocs/alluxio/thrift/FileSystemMasterClientService.Processor.completeFile.html...
Generating /opt/compile/guoyj/alluxio/core/common/target/apidocs/alluxio/thrift/FileSystemMasterClientService.Processor.createDirectory.html...
Generating /opt/compile/guoyj/alluxio/core/common/target/apidocs/alluxio/thrift/FileSystemMasterClientService.Processor.createFile.html...
Generating /opt/compile/guoyj/alluxio/core/common/target/apidocs/alluxio/thrift/FileSystemMasterClientService.Processor.free.html...
Generating /opt/compile/guoyj/alluxio/core/common/target/apidocs/alluxio/thrift/FileSystemMasterClientService.Processor.getFileBlockInfoList.html...
Generating /opt/compile/guoyj/alluxio/core/common/target/apidocs/alluxio/thrift/FileSystemMasterClientService.Processor.getMountPoint.html...
Generating /opt/compile/guoyj/alluxio/core/common/target/apidocs/alluxio/thrift/FileSystemMasterClientService.Processor.getMountPointWithPath.html...
Generating /opt/compile/guoyj/alluxio/core/common/target/apidocs/alluxio/thrift/FileSystemMasterClientService.Processor.getNewBlockIdForFile.html...
Generating /opt/compile/guoyj/alluxio/core/common/target/apidocs/alluxio/thrift/FileSystemMasterClientService.Processor.getStatus.html...
Generating /opt/compile/guoyj/alluxio/core/common/target/apidocs/alluxio/thrift/FileSystemMasterClientService.Processor.getStatusForUfsLoad.html...
Generating /opt/compile/guoyj/alluxio/core/common/target/apidocs/alluxio/thrift/FileSystemMasterClientService.Processor.getStatusInternal.html...
Generating /opt/compile/guoyj/alluxio/core/common/target/apidocs/alluxio/thrift/FileSystemMasterClientService.Processor.getUfsAddress.html...
Generating /opt/compile/guoyj/alluxio/core/common/target/apidocs/alluxio/thrift/FileSystemMasterClientService.Processor.getUserMustCacheList.html...
Generating /opt/compile/guoyj/alluxio/core/common/target/apidocs/alluxio/thrift/FileSystemMasterClientService.Processor.listStatus.html...
Generating /opt/compile/guoyj/alluxio/core/common/target/apidocs/alluxio/thrift/FileSystemMasterClientService.Processor.loadMetadata.html...
Generating /opt/compile/guoyj/alluxio/core/common/target/apidocs/alluxio/thrift/FileSystemMasterClientService.Processor.mount.html...
Generating /opt/compile/guoyj/alluxio/core/common/target/apidocs/alluxio/thrift/FileSystemMasterClientService.Processor.refreshUserMustCacheList.html...
Generating /opt/compile/guoyj/alluxio/core/common/target/apidocs/alluxio/thrift/FileSystemMasterClientService.Processor.remove.html...
Generating /opt/compile/guoyj/alluxio/core/common/target/apidocs/alluxio/thrift/FileSystemMasterClientService.Processor.rename.html...
Generating /opt/compile/guoyj/alluxio/core/common/target/apidocs/alluxio/thrift/FileSystemMasterClientService.Processor.scheduleAsyncPersist.html...
Generating /opt/compile/guoyj/alluxio/core/common/target/apidocs/alluxio/thrift/FileSystemMasterClientService.Processor.setAttribute.html...
Generating /opt/compile/guoyj/alluxio/core/common/target/apidocs/alluxio/thrift/FileSystemMasterClientService.Processor.unmount.html...
Generating /opt/compile/guoyj/alluxio/core/common/target/apidocs/alluxio/thrift/FileSystemMasterClientService.refreshUserMustCacheList_args.html...
Generating /opt/compile/guoyj/alluxio/core/common/target/apidocs/alluxio/thrift/FileSystemMasterClientService.refreshUserMustCacheList_args._Fields.html...
Generating /opt/compile/guoyj/alluxio/core/common/target/apidocs/alluxio/thrift/FileSystemMasterClientService.refreshUserMustCacheList_result.html...
Generating /opt/compile/guoyj/alluxio/core/common/target/apidocs/alluxio/thrift/FileSystemMasterClientService.refreshUserMustCacheList_result._Fields.html...
Generating /opt/compile/guoyj/alluxio/core/common/target/apidocs/alluxio/thrift/FileSystemMasterClientService.remove_args.html...
Generating /opt/compile/guoyj/alluxio/core/common/target/apidocs/alluxio/thrift/FileSystemMasterClientService.remove_args._Fields.html...
Generating /opt/compile/guoyj/alluxio/core/common/target/apidocs/alluxio/thrift/FileSystemMasterClientService.remove_result.html...
Generating /opt/compile/guoyj/alluxio/core/common/target/apidocs/alluxio/thrift/FileSystemMasterClientService.remove_result._Fields.html...
Generating /opt/compile/guoyj/alluxio/core/common/target/apidocs/alluxio/thrift/FileSystemMasterClientService.rename_args.html...
Generating /opt/compile/guoyj/alluxio/core/common/target/apidocs/alluxio/thrift/FileSystemMasterClientService.rename_args._Fields.html...
Generating /opt/compile/guoyj/alluxio/core/common/target/apidocs/alluxio/thrift/FileSystemMasterClientService.rename_result.html...
Generating /opt/compile/guoyj/alluxio/core/common/target/apidocs/alluxio/thrift/FileSystemMasterClientService.rename_result._Fields.html...
Generating /opt/compile/guoyj/alluxio/core/common/target/apidocs/alluxio/thrift/FileSystemMasterClientService.scheduleAsyncPersist_args.html...
Generating /opt/compile/guoyj/alluxio/core/common/target/apidocs/alluxio/thrift/FileSystemMasterClientService.scheduleAsyncPersist_args._Fields.html...
Generating /opt/compile/guoyj/alluxio/core/common/target/apidocs/alluxio/thrift/FileSystemMasterClientService.scheduleAsyncPersist_result.html...
Generating /opt/compile/guoyj/alluxio/core/common/target/apidocs/alluxio/thrift/FileSystemMasterClientService.scheduleAsyncPersist_result._Fields.html...
Generating /opt/compile/guoyj/alluxio/core/common/target/apidocs/alluxio/thrift/FileSystemMasterClientService.setAttribute_args.html...
Generating /opt/compile/guoyj/alluxio/core/common/target/apidocs/alluxio/thrift/FileSystemMasterClientService.setAttribute_args._Fields.html...
Generating /opt/compile/guoyj/alluxio/core/common/target/apidocs/alluxio/thrift/FileSystemMasterClientService.setAttribute_result.html...
Generating /opt/compile/guoyj/alluxio/core/common/target/apidocs/alluxio/thrift/FileSystemMasterClientService.setAttribute_result._Fields.html...
Generating /opt/compile/guoyj/alluxio/core/common/target/apidocs/alluxio/thrift/FileSystemMasterClientService.unmount_args.html...
Generating /opt/compile/guoyj/alluxio/core/common/target/apidocs/alluxio/thrift/FileSystemMasterClientService.unmount_args._Fields.html...
Generating /opt/compile/guoyj/alluxio/core/common/target/apidocs/alluxio/thrift/FileSystemMasterClientService.unmount_result.html...
Generating /opt/compile/guoyj/alluxio/core/common/target/apidocs/alluxio/thrift/FileSystemMasterClientService.unmount_result._Fields.html...
Generating /opt/compile/guoyj/alluxio/core/common/target/apidocs/alluxio/thrift/FileSystemMasterWorkerService.html...
Generating /opt/compile/guoyj/alluxio/core/common/target/apidocs/alluxio/thrift/FileSystemMasterWorkerService.AsyncClient.html...
Generating /opt/compile/guoyj/alluxio/core/common/target/apidocs/alluxio/thrift/FileSystemMasterWorkerService.AsyncClient.Factory.html...
Generating /opt/compile/guoyj/alluxio/core/common/target/apidocs/alluxio/thrift/FileSystemMasterWorkerService.AsyncClient.getFileInfo_call.html...
Generating /opt/compile/guoyj/alluxio/core/common/target/apidocs/alluxio/thrift/FileSystemMasterWorkerService.AsyncClient.getPinIdList_call.html...
Generating /opt/compile/guoyj/alluxio/core/common/target/apidocs/alluxio/thrift/FileSystemMasterWorkerService.AsyncClient.heartbeat_call.html...
Generating /opt/compile/guoyj/alluxio/core/common/target/apidocs/alluxio/thrift/FileSystemMasterWorkerService.AsyncIface.html...
Generating /opt/compile/guoyj/alluxio/core/common/target/apidocs/alluxio/thrift/FileSystemMasterWorkerService.AsyncProcessor.html...
Generating /opt/compile/guoyj/alluxio/core/common/target/apidocs/alluxio/thrift/FileSystemMasterWorkerService.AsyncProcessor.getFileInfo.html...
Generating /opt/compile/guoyj/alluxio/core/common/target/apidocs/alluxio/thrift/FileSystemMasterWorkerService.AsyncProcessor.getPinIdList.html...
Generating /opt/compile/guoyj/alluxio/core/common/target/apidocs/alluxio/thrift/FileSystemMasterWorkerService.AsyncProcessor.heartbeat.html...
Generating /opt/compile/guoyj/alluxio/core/common/target/apidocs/alluxio/thrift/FileSystemMasterWorkerService.Client.html...
Generating /opt/compile/guoyj/alluxio/core/common/target/apidocs/alluxio/thrift/FileSystemMasterWorkerService.Client.Factory.html...
Generating /opt/compile/guoyj/alluxio/core/common/target/apidocs/alluxio/thrift/FileSystemMasterWorkerService.getFileInfo_args.html...
Generating /opt/compile/guoyj/alluxio/core/common/target/apidocs/alluxio/thrift/FileSystemMasterWorkerService.getFileInfo_args._Fields.html...
Generating /opt/compile/guoyj/alluxio/core/common/target/apidocs/alluxio/thrift/FileSystemMasterWorkerService.getFileInfo_result.html...
Generating /opt/compile/guoyj/alluxio/core/common/target/apidocs/alluxio/thrift/FileSystemMasterWorkerService.getFileInfo_result._Fields.html...
Generating /opt/compile/guoyj/alluxio/core/common/target/apidocs/alluxio/thrift/FileSystemMasterWorkerService.getPinIdList_args.html...
Generating /opt/compile/guoyj/alluxio/core/common/target/apidocs/alluxio/thrift/FileSystemMasterWorkerService.getPinIdList_args._Fields.html...
Generating /opt/compile/guoyj/alluxio/core/common/target/apidocs/alluxio/thrift/FileSystemMasterWorkerService.getPinIdList_result.html...
Generating /opt/compile/guoyj/alluxio/core/common/target/apidocs/alluxio/thrift/FileSystemMasterWorkerService.getPinIdList_result._Fields.html...
Generating /opt/compile/guoyj/alluxio/core/common/target/apidocs/alluxio/thrift/FileSystemMasterWorkerService.heartbeat_args.html...
Generating /opt/compile/guoyj/alluxio/core/common/target/apidocs/alluxio/thrift/FileSystemMasterWorkerService.heartbeat_args._Fields.html...
Generating /opt/compile/guoyj/alluxio/core/common/target/apidocs/alluxio/thrift/FileSystemMasterWorkerService.heartbeat_result.html...
Generating /opt/compile/guoyj/alluxio/core/common/target/apidocs/alluxio/thrift/FileSystemMasterWorkerService.heartbeat_result._Fields.html...
Generating /opt/compile/guoyj/alluxio/core/common/target/apidocs/alluxio/thrift/FileSystemMasterWorkerService.Iface.html...
Generating /opt/compile/guoyj/alluxio/core/common/target/apidocs/alluxio/thrift/FileSystemMasterWorkerService.Processor.html...
Generating /opt/compile/guoyj/alluxio/core/common/target/apidocs/alluxio/thrift/FileSystemMasterWorkerService.Processor.getFileInfo.html...
Generating /opt/compile/guoyj/alluxio/core/common/target/apidocs/alluxio/thrift/FileSystemMasterWorkerService.Processor.getPinIdList.html...
Generating /opt/compile/guoyj/alluxio/core/common/target/apidocs/alluxio/thrift/FileSystemMasterWorkerService.Processor.heartbeat.html...
Generating /opt/compile/guoyj/alluxio/core/common/target/apidocs/alluxio/thrift/FileSystemWorkerClientService.html...
Generating /opt/compile/guoyj/alluxio/core/common/target/apidocs/alluxio/thrift/FileSystemWorkerClientService.AsyncClient.html...
Generating /opt/compile/guoyj/alluxio/core/common/target/apidocs/alluxio/thrift/FileSystemWorkerClientService.AsyncClient.cancelUfsFile_call.html...
Generating /opt/compile/guoyj/alluxio/core/common/target/apidocs/alluxio/thrift/FileSystemWorkerClientService.AsyncClient.closeUfsFile_call.html...
Generating /opt/compile/guoyj/alluxio/core/common/target/apidocs/alluxio/thrift/FileSystemWorkerClientService.AsyncClient.completeUfsFile_call.html...
Generating /opt/compile/guoyj/alluxio/core/common/target/apidocs/alluxio/thrift/FileSystemWorkerClientService.AsyncClient.createUfsFile_call.html...
Generating /opt/compile/guoyj/alluxio/core/common/target/apidocs/alluxio/thrift/FileSystemWorkerClientService.AsyncClient.Factory.html...
Generating /opt/compile/guoyj/alluxio/core/common/target/apidocs/alluxio/thrift/FileSystemWorkerClientService.AsyncClient.openUfsFile_call.html...
Generating /opt/compile/guoyj/alluxio/core/common/target/apidocs/alluxio/thrift/FileSystemWorkerClientService.AsyncClient.sessionHeartbeat_call.html...
Generating /opt/compile/guoyj/alluxio/core/common/target/apidocs/alluxio/thrift/FileSystemWorkerClientService.AsyncIface.html...
Generating /opt/compile/guoyj/alluxio/core/common/target/apidocs/alluxio/thrift/FileSystemWorkerClientService.AsyncProcessor.html...
Generating /opt/compile/guoyj/alluxio/core/common/target/apidocs/alluxio/thrift/FileSystemWorkerClientService.AsyncProcessor.cancelUfsFile.html...
Generating /opt/compile/guoyj/alluxio/core/common/target/apidocs/alluxio/thrift/FileSystemWorkerClientService.AsyncProcessor.closeUfsFile.html...
Generating /opt/compile/guoyj/alluxio/core/common/target/apidocs/alluxio/thrift/FileSystemWorkerClientService.AsyncProcessor.completeUfsFile.html...
Generating /opt/compile/guoyj/alluxio/core/common/target/apidocs/alluxio/thrift/FileSystemWorkerClientService.AsyncProcessor.createUfsFile.html...
Generating /opt/compile/guoyj/alluxio/core/common/target/apidocs/alluxio/thrift/FileSystemWorkerClientService.AsyncProcessor.openUfsFile.html...
Generating /opt/compile/guoyj/alluxio/core/common/target/apidocs/alluxio/thrift/FileSystemWorkerClientService.AsyncProcessor.sessionHeartbeat.html...
Generating /opt/compile/guoyj/alluxio/core/common/target/apidocs/alluxio/thrift/FileSystemWorkerClientService.cancelUfsFile_args.html...
Generating /opt/compile/guoyj/alluxio/core/common/target/apidocs/alluxio/thrift/FileSystemWorkerClientService.cancelUfsFile_args._Fields.html...
Generating /opt/compile/guoyj/alluxio/core/common/target/apidocs/alluxio/thrift/FileSystemWorkerClientService.cancelUfsFile_result.html...
Generating /opt/compile/guoyj/alluxio/core/common/target/apidocs/alluxio/thrift/FileSystemWorkerClientService.cancelUfsFile_result._Fields.html...
Generating /opt/compile/guoyj/alluxio/core/common/target/apidocs/alluxio/thrift/FileSystemWorkerClientService.Client.html...
Generating /opt/compile/guoyj/alluxio/core/common/target/apidocs/alluxio/thrift/FileSystemWorkerClientService.Client.Factory.html...
Generating /opt/compile/guoyj/alluxio/core/common/target/apidocs/alluxio/thrift/FileSystemWorkerClientService.closeUfsFile_args.html...
Generating /opt/compile/guoyj/alluxio/core/common/target/apidocs/alluxio/thrift/FileSystemWorkerClientService.closeUfsFile_args._Fields.html...
Generating /opt/compile/guoyj/alluxio/core/common/target/apidocs/alluxio/thrift/FileSystemWorkerClientService.closeUfsFile_result.html...
Generating /opt/compile/guoyj/alluxio/core/common/target/apidocs/alluxio/thrift/FileSystemWorkerClientService.closeUfsFile_result._Fields.html...
Generating /opt/compile/guoyj/alluxio/core/common/target/apidocs/alluxio/thrift/FileSystemWorkerClientService.completeUfsFile_args.html...
Generating /opt/compile/guoyj/alluxio/core/common/target/apidocs/alluxio/thrift/FileSystemWorkerClientService.completeUfsFile_args._Fields.html...
Generating /opt/compile/guoyj/alluxio/core/common/target/apidocs/alluxio/thrift/FileSystemWorkerClientService.completeUfsFile_result.html...
Generating /opt/compile/guoyj/alluxio/core/common/target/apidocs/alluxio/thrift/FileSystemWorkerClientService.completeUfsFile_result._Fields.html...
Generating /opt/compile/guoyj/alluxio/core/common/target/apidocs/alluxio/thrift/FileSystemWorkerClientService.createUfsFile_args.html...
Generating /opt/compile/guoyj/alluxio/core/common/target/apidocs/alluxio/thrift/FileSystemWorkerClientService.createUfsFile_args._Fields.html...
Generating /opt/compile/guoyj/alluxio/core/common/target/apidocs/alluxio/thrift/FileSystemWorkerClientService.createUfsFile_result.html...
Generating /opt/compile/guoyj/alluxio/core/common/target/apidocs/alluxio/thrift/FileSystemWorkerClientService.createUfsFile_result._Fields.html...
Generating /opt/compile/guoyj/alluxio/core/common/target/apidocs/alluxio/thrift/FileSystemWorkerClientService.Iface.html...
Generating /opt/compile/guoyj/alluxio/core/common/target/apidocs/alluxio/thrift/FileSystemWorkerClientService.openUfsFile_args.html...
Generating /opt/compile/guoyj/alluxio/core/common/target/apidocs/alluxio/thrift/FileSystemWorkerClientService.openUfsFile_args._Fields.html...
Generating /opt/compile/guoyj/alluxio/core/common/target/apidocs/alluxio/thrift/FileSystemWorkerClientService.openUfsFile_result.html...
Generating /opt/compile/guoyj/alluxio/core/common/target/apidocs/alluxio/thrift/FileSystemWorkerClientService.openUfsFile_result._Fields.html...
Generating /opt/compile/guoyj/alluxio/core/common/target/apidocs/alluxio/thrift/FileSystemWorkerClientService.Processor.html...
Generating /opt/compile/guoyj/alluxio/core/common/target/apidocs/alluxio/thrift/FileSystemWorkerClientService.Processor.cancelUfsFile.html...
Generating /opt/compile/guoyj/alluxio/core/common/target/apidocs/alluxio/thrift/FileSystemWorkerClientService.Processor.closeUfsFile.html...
Generating /opt/compile/guoyj/alluxio/core/common/target/apidocs/alluxio/thrift/FileSystemWorkerClientService.Processor.completeUfsFile.html...
Generating /opt/compile/guoyj/alluxio/core/common/target/apidocs/alluxio/thrift/FileSystemWorkerClientService.Processor.createUfsFile.html...
Generating /opt/compile/guoyj/alluxio/core/common/target/apidocs/alluxio/thrift/FileSystemWorkerClientService.Processor.openUfsFile.html...
Generating /opt/compile/guoyj/alluxio/core/common/target/apidocs/alluxio/thrift/FileSystemWorkerClientService.Processor.sessionHeartbeat.html...
Generating /opt/compile/guoyj/alluxio/core/common/target/apidocs/alluxio/thrift/FileSystemWorkerClientService.sessionHeartbeat_args.html...
Generating /opt/compile/guoyj/alluxio/core/common/target/apidocs/alluxio/thrift/FileSystemWorkerClientService.sessionHeartbeat_args._Fields.html...
Generating /opt/compile/guoyj/alluxio/core/common/target/apidocs/alluxio/thrift/FileSystemWorkerClientService.sessionHeartbeat_result.html...
Generating /opt/compile/guoyj/alluxio/core/common/target/apidocs/alluxio/thrift/FileSystemWorkerClientService.sessionHeartbeat_result._Fields.html...
Generating /opt/compile/guoyj/alluxio/core/common/target/apidocs/alluxio/thrift/JobConfInfo.html...
Generating /opt/compile/guoyj/alluxio/core/common/target/apidocs/alluxio/thrift/JobConfInfo._Fields.html...
Generating /opt/compile/guoyj/alluxio/core/common/target/apidocs/alluxio/thrift/LineageInfo.html...
Generating /opt/compile/guoyj/alluxio/core/common/target/apidocs/alluxio/thrift/LineageInfo._Fields.html...
Generating /opt/compile/guoyj/alluxio/core/common/target/apidocs/alluxio/thrift/LineageMasterClientService.html...
Generating /opt/compile/guoyj/alluxio/core/common/target/apidocs/alluxio/thrift/LineageMasterClientService.AsyncClient.html...
Generating /opt/compile/guoyj/alluxio/core/common/target/apidocs/alluxio/thrift/LineageMasterClientService.AsyncClient.createLineage_call.html...
Generating /opt/compile/guoyj/alluxio/core/common/target/apidocs/alluxio/thrift/LineageMasterClientService.AsyncClient.deleteLineage_call.html...
Generating /opt/compile/guoyj/alluxio/core/common/target/apidocs/alluxio/thrift/LineageMasterClientService.AsyncClient.Factory.html...
Generating /opt/compile/guoyj/alluxio/core/common/target/apidocs/alluxio/thrift/LineageMasterClientService.AsyncClient.getLineageInfoList_call.html...
Generating /opt/compile/guoyj/alluxio/core/common/target/apidocs/alluxio/thrift/LineageMasterClientService.AsyncClient.reinitializeFile_call.html...
Generating /opt/compile/guoyj/alluxio/core/common/target/apidocs/alluxio/thrift/LineageMasterClientService.AsyncClient.reportLostFile_call.html...
Generating /opt/compile/guoyj/alluxio/core/common/target/apidocs/alluxio/thrift/LineageMasterClientService.AsyncIface.html...
Generating /opt/compile/guoyj/alluxio/core/common/target/apidocs/alluxio/thrift/LineageMasterClientService.AsyncProcessor.html...
Generating /opt/compile/guoyj/alluxio/core/common/target/apidocs/alluxio/thrift/LineageMasterClientService.AsyncProcessor.createLineage.html...
Generating /opt/compile/guoyj/alluxio/core/common/target/apidocs/alluxio/thrift/LineageMasterClientService.AsyncProcessor.deleteLineage.html...
Generating /opt/compile/guoyj/alluxio/core/common/target/apidocs/alluxio/thrift/LineageMasterClientService.AsyncProcessor.getLineageInfoList.html...
Generating /opt/compile/guoyj/alluxio/core/common/target/apidocs/alluxio/thrift/LineageMasterClientService.AsyncProcessor.reinitializeFile.html...
Generating /opt/compile/guoyj/alluxio/core/common/target/apidocs/alluxio/thrift/LineageMasterClientService.AsyncProcessor.reportLostFile.html...
Generating /opt/compile/guoyj/alluxio/core/common/target/apidocs/alluxio/thrift/LineageMasterClientService.Client.html...
Generating /opt/compile/guoyj/alluxio/core/common/target/apidocs/alluxio/thrift/LineageMasterClientService.Client.Factory.html...
Generating /opt/compile/guoyj/alluxio/core/common/target/apidocs/alluxio/thrift/LineageMasterClientService.createLineage_args.html...
Generating /opt/compile/guoyj/alluxio/core/common/target/apidocs/alluxio/thrift/LineageMasterClientService.createLineage_args._Fields.html...
Generating /opt/compile/guoyj/alluxio/core/common/target/apidocs/alluxio/thrift/LineageMasterClientService.createLineage_result.html...
Generating /opt/compile/guoyj/alluxio/core/common/target/apidocs/alluxio/thrift/LineageMasterClientService.createLineage_result._Fields.html...
Generating /opt/compile/guoyj/alluxio/core/common/target/apidocs/alluxio/thrift/LineageMasterClientService.deleteLineage_args.html...
Generating /opt/compile/guoyj/alluxio/core/common/target/apidocs/alluxio/thrift/LineageMasterClientService.deleteLineage_args._Fields.html...
Generating /opt/compile/guoyj/alluxio/core/common/target/apidocs/alluxio/thrift/LineageMasterClientService.deleteLineage_result.html...
Generating /opt/compile/guoyj/alluxio/core/common/target/apidocs/alluxio/thrift/LineageMasterClientService.deleteLineage_result._Fields.html...
Generating /opt/compile/guoyj/alluxio/core/common/target/apidocs/alluxio/thrift/LineageMasterClientService.getLineageInfoList_args.html...
Generating /opt/compile/guoyj/alluxio/core/common/target/apidocs/alluxio/thrift/LineageMasterClientService.getLineageInfoList_args._Fields.html...
Generating /opt/compile/guoyj/alluxio/core/common/target/apidocs/alluxio/thrift/LineageMasterClientService.getLineageInfoList_result.html...
Generating /opt/compile/guoyj/alluxio/core/common/target/apidocs/alluxio/thrift/LineageMasterClientService.getLineageInfoList_result._Fields.html...
Generating /opt/compile/guoyj/alluxio/core/common/target/apidocs/alluxio/thrift/LineageMasterClientService.Iface.html...
Generating /opt/compile/guoyj/alluxio/core/common/target/apidocs/alluxio/thrift/LineageMasterClientService.Processor.html...
Generating /opt/compile/guoyj/alluxio/core/common/target/apidocs/alluxio/thrift/LineageMasterClientService.Processor.createLineage.html...
Generating /opt/compile/guoyj/alluxio/core/common/target/apidocs/alluxio/thrift/LineageMasterClientService.Processor.deleteLineage.html...
Generating /opt/compile/guoyj/alluxio/core/common/target/apidocs/alluxio/thrift/LineageMasterClientService.Processor.getLineageInfoList.html...
Generating /opt/compile/guoyj/alluxio/core/common/target/apidocs/alluxio/thrift/LineageMasterClientService.Processor.reinitializeFile.html...
Generating /opt/compile/guoyj/alluxio/core/common/target/apidocs/alluxio/thrift/LineageMasterClientService.Processor.reportLostFile.html...
Generating /opt/compile/guoyj/alluxio/core/common/target/apidocs/alluxio/thrift/LineageMasterClientService.reinitializeFile_args.html...
Generating /opt/compile/guoyj/alluxio/core/common/target/apidocs/alluxio/thrift/LineageMasterClientService.reinitializeFile_args._Fields.html...
Generating /opt/compile/guoyj/alluxio/core/common/target/apidocs/alluxio/thrift/LineageMasterClientService.reinitializeFile_result.html...
Generating /opt/compile/guoyj/alluxio/core/common/target/apidocs/alluxio/thrift/LineageMasterClientService.reinitializeFile_result._Fields.html...
Generating /opt/compile/guoyj/alluxio/core/common/target/apidocs/alluxio/thrift/LineageMasterClientService.reportLostFile_args.html...
Generating /opt/compile/guoyj/alluxio/core/common/target/apidocs/alluxio/thrift/LineageMasterClientService.reportLostFile_args._Fields.html...
Generating /opt/compile/guoyj/alluxio/core/common/target/apidocs/alluxio/thrift/LineageMasterClientService.reportLostFile_result.html...
Generating /opt/compile/guoyj/alluxio/core/common/target/apidocs/alluxio/thrift/LineageMasterClientService.reportLostFile_result._Fields.html...
Generating /opt/compile/guoyj/alluxio/core/common/target/apidocs/alluxio/thrift/ListStatusTOptions.html...
Generating /opt/compile/guoyj/alluxio/core/common/target/apidocs/alluxio/thrift/ListStatusTOptions._Fields.html...
Generating /opt/compile/guoyj/alluxio/core/common/target/apidocs/alluxio/thrift/LoadMetadataTType.html...
Generating /opt/compile/guoyj/alluxio/core/common/target/apidocs/alluxio/thrift/LockBlockResult.html...
Generating /opt/compile/guoyj/alluxio/core/common/target/apidocs/alluxio/thrift/LockBlockResult._Fields.html...
Generating /opt/compile/guoyj/alluxio/core/common/target/apidocs/alluxio/thrift/MasterInfo.html...
Generating /opt/compile/guoyj/alluxio/core/common/target/apidocs/alluxio/thrift/MasterInfo._Fields.html...
Generating /opt/compile/guoyj/alluxio/core/common/target/apidocs/alluxio/thrift/MasterInfoField.html...
Generating /opt/compile/guoyj/alluxio/core/common/target/apidocs/alluxio/thrift/MetaMasterClientService.html...
Generating /opt/compile/guoyj/alluxio/core/common/target/apidocs/alluxio/thrift/MetaMasterClientService.AsyncClient.html...
Generating /opt/compile/guoyj/alluxio/core/common/target/apidocs/alluxio/thrift/MetaMasterClientService.AsyncClient.Factory.html...
Generating /opt/compile/guoyj/alluxio/core/common/target/apidocs/alluxio/thrift/MetaMasterClientService.AsyncClient.getInfo_call.html...
Generating /opt/compile/guoyj/alluxio/core/common/target/apidocs/alluxio/thrift/MetaMasterClientService.AsyncIface.html...
Generating /opt/compile/guoyj/alluxio/core/common/target/apidocs/alluxio/thrift/MetaMasterClientService.AsyncProcessor.html...
Generating /opt/compile/guoyj/alluxio/core/common/target/apidocs/alluxio/thrift/MetaMasterClientService.AsyncProcessor.getInfo.html...
Generating /opt/compile/guoyj/alluxio/core/common/target/apidocs/alluxio/thrift/MetaMasterClientService.Client.html...
Generating /opt/compile/guoyj/alluxio/core/common/target/apidocs/alluxio/thrift/MetaMasterClientService.Client.Factory.html...
Generating /opt/compile/guoyj/alluxio/core/common/target/apidocs/alluxio/thrift/MetaMasterClientService.getInfo_args.html...
Generating /opt/compile/guoyj/alluxio/core/common/target/apidocs/alluxio/thrift/MetaMasterClientService.getInfo_args._Fields.html...
Generating /opt/compile/guoyj/alluxio/core/common/target/apidocs/alluxio/thrift/MetaMasterClientService.getInfo_result.html...
Generating /opt/compile/guoyj/alluxio/core/common/target/apidocs/alluxio/thrift/MetaMasterClientService.getInfo_result._Fields.html...
Generating /opt/compile/guoyj/alluxio/core/common/target/apidocs/alluxio/thrift/MetaMasterClientService.Iface.html...
Generating /opt/compile/guoyj/alluxio/core/common/target/apidocs/alluxio/thrift/MetaMasterClientService.Processor.html...
Generating /opt/compile/guoyj/alluxio/core/common/target/apidocs/alluxio/thrift/MetaMasterClientService.Processor.getInfo.html...
Generating /opt/compile/guoyj/alluxio/core/common/target/apidocs/alluxio/thrift/MountPairInfo.html...
Generating /opt/compile/guoyj/alluxio/core/common/target/apidocs/alluxio/thrift/MountPairInfo._Fields.html...
Generating /opt/compile/guoyj/alluxio/core/common/target/apidocs/alluxio/thrift/MountTOptions.html...
Generating /opt/compile/guoyj/alluxio/core/common/target/apidocs/alluxio/thrift/MountTOptions._Fields.html...
Generating /opt/compile/guoyj/alluxio/core/common/target/apidocs/alluxio/thrift/OpenUfsFileTOptions.html...
Generating /opt/compile/guoyj/alluxio/core/common/target/apidocs/alluxio/thrift/OpenUfsFileTOptions._Fields.html...
Generating /opt/compile/guoyj/alluxio/core/common/target/apidocs/alluxio/thrift/PersistCommandOptions.html...
Generating /opt/compile/guoyj/alluxio/core/common/target/apidocs/alluxio/thrift/PersistCommandOptions._Fields.html...
Generating /opt/compile/guoyj/alluxio/core/common/target/apidocs/alluxio/thrift/PersistFile.html...
Generating /opt/compile/guoyj/alluxio/core/common/target/apidocs/alluxio/thrift/PersistFile._Fields.html...
Generating /opt/compile/guoyj/alluxio/core/common/target/apidocs/alluxio/thrift/RpcOptions.html...
Generating /opt/compile/guoyj/alluxio/core/common/target/apidocs/alluxio/thrift/RpcOptions._Fields.html...
Generating /opt/compile/guoyj/alluxio/core/common/target/apidocs/alluxio/thrift/SetAttributeTOptions.html...
Generating /opt/compile/guoyj/alluxio/core/common/target/apidocs/alluxio/thrift/SetAttributeTOptions._Fields.html...
Generating /opt/compile/guoyj/alluxio/core/common/target/apidocs/alluxio/thrift/ThriftIOException.html...
Generating /opt/compile/guoyj/alluxio/core/common/target/apidocs/alluxio/thrift/ThriftIOException._Fields.html...
Generating /opt/compile/guoyj/alluxio/core/common/target/apidocs/alluxio/thrift/TTtlAction.html...
Generating /opt/compile/guoyj/alluxio/core/common/target/apidocs/alluxio/thrift/WorkerInfo.html...
Generating /opt/compile/guoyj/alluxio/core/common/target/apidocs/alluxio/thrift/WorkerInfo._Fields.html...
Generating /opt/compile/guoyj/alluxio/core/common/target/apidocs/alluxio/thrift/WorkerNetAddress.html...
Generating /opt/compile/guoyj/alluxio/core/common/target/apidocs/alluxio/thrift/WorkerNetAddress._Fields.html...
Generating /opt/compile/guoyj/alluxio/core/common/target/apidocs/alluxio/exception/AccessControlException.html...
Generating /opt/compile/guoyj/alluxio/core/common/target/apidocs/alluxio/exception/AlluxioException.html...
Generating /opt/compile/guoyj/alluxio/core/common/target/apidocs/alluxio/exception/BlockAlreadyExistsException.html...
Generating /opt/compile/guoyj/alluxio/core/common/target/apidocs/alluxio/exception/BlockDoesNotExistException.html...
Generating /opt/compile/guoyj/alluxio/core/common/target/apidocs/alluxio/exception/BlockInfoException.html...
Generating /opt/compile/guoyj/alluxio/core/common/target/apidocs/alluxio/exception/ConnectionFailedException.html...
Generating /opt/compile/guoyj/alluxio/core/common/target/apidocs/alluxio/exception/DependencyDoesNotExistException.html...
Generating /opt/compile/guoyj/alluxio/core/common/target/apidocs/alluxio/exception/DirectoryNotEmptyException.html...
Generating /opt/compile/guoyj/alluxio/core/common/target/apidocs/alluxio/exception/ExceptionMessage.html...
Generating /opt/compile/guoyj/alluxio/core/common/target/apidocs/alluxio/exception/FailedToCheckpointException.html...
Generating /opt/compile/guoyj/alluxio/core/common/target/apidocs/alluxio/exception/FileAlreadyCompletedException.html...
Generating /opt/compile/guoyj/alluxio/core/common/target/apidocs/alluxio/exception/FileAlreadyExistsException.html...
Generating /opt/compile/guoyj/alluxio/core/common/target/apidocs/alluxio/exception/FileDoesNotExistException.html...
Generating /opt/compile/guoyj/alluxio/core/common/target/apidocs/alluxio/exception/InvalidFileSizeException.html...
Generating /opt/compile/guoyj/alluxio/core/common/target/apidocs/alluxio/exception/InvalidPathException.html...
Generating /opt/compile/guoyj/alluxio/core/common/target/apidocs/alluxio/exception/InvalidWorkerStateException.html...
Generating /opt/compile/guoyj/alluxio/core/common/target/apidocs/alluxio/exception/LineageDeletionException.html...
Generating /opt/compile/guoyj/alluxio/core/common/target/apidocs/alluxio/exception/LineageDoesNotExistException.html...
Generating /opt/compile/guoyj/alluxio/core/common/target/apidocs/alluxio/exception/NoWorkerException.html...
Generating /opt/compile/guoyj/alluxio/core/common/target/apidocs/alluxio/exception/PreconditionMessage.html...
Generating /opt/compile/guoyj/alluxio/core/common/target/apidocs/alluxio/exception/UnexpectedAlluxioException.html...
Generating /opt/compile/guoyj/alluxio/core/common/target/apidocs/alluxio/exception/WorkerOutOfSpaceException.html...
Generating /opt/compile/guoyj/alluxio/core/common/target/apidocs/alluxio/network/connection/NettyChannelPool.html...
Generating /opt/compile/guoyj/alluxio/core/common/target/apidocs/alluxio/network/connection/ThriftClientPool.html...
Generating /opt/compile/guoyj/alluxio/core/common/target/apidocs/alluxio/network/ChannelType.html...
Generating /opt/compile/guoyj/alluxio/core/common/target/apidocs/alluxio/network/protocol/EncodedMessage.html...
Generating /opt/compile/guoyj/alluxio/core/common/target/apidocs/alluxio/network/protocol/RPCBlockReadRequest.html...
Generating /opt/compile/guoyj/alluxio/core/common/target/apidocs/alluxio/network/protocol/RPCBlockReadResponse.html...
Generating /opt/compile/guoyj/alluxio/core/common/target/apidocs/alluxio/network/protocol/RPCBlockWriteRequest.html...
Generating /opt/compile/guoyj/alluxio/core/common/target/apidocs/alluxio/network/protocol/RPCBlockWriteResponse.html...
Generating /opt/compile/guoyj/alluxio/core/common/target/apidocs/alluxio/network/protocol/RPCErrorResponse.html...
Generating /opt/compile/guoyj/alluxio/core/common/target/apidocs/alluxio/network/protocol/RPCFileReadRequest.html...
Generating /opt/compile/guoyj/alluxio/core/common/target/apidocs/alluxio/network/protocol/RPCFileReadResponse.html...
Generating /opt/compile/guoyj/alluxio/core/common/target/apidocs/alluxio/network/protocol/RPCFileWriteRequest.html...
Generating /opt/compile/guoyj/alluxio/core/common/target/apidocs/alluxio/network/protocol/RPCFileWriteResponse.html...
Generating /opt/compile/guoyj/alluxio/core/common/target/apidocs/alluxio/network/protocol/RPCMessage.html...
Generating /opt/compile/guoyj/alluxio/core/common/target/apidocs/alluxio/network/protocol/RPCMessage.Type.html...
Generating /opt/compile/guoyj/alluxio/core/common/target/apidocs/alluxio/network/protocol/RPCMessageDecoder.html...
Generating /opt/compile/guoyj/alluxio/core/common/target/apidocs/alluxio/network/protocol/RPCMessageEncoder.html...
Generating /opt/compile/guoyj/alluxio/core/common/target/apidocs/alluxio/network/protocol/RPCProtoMessage.html...
Generating /opt/compile/guoyj/alluxio/core/common/target/apidocs/alluxio/network/protocol/RPCRequest.html...
Generating /opt/compile/guoyj/alluxio/core/common/target/apidocs/alluxio/network/protocol/RPCResponse.html...
Generating /opt/compile/guoyj/alluxio/core/common/target/apidocs/alluxio/network/protocol/RPCResponse.Status.html...
Generating /opt/compile/guoyj/alluxio/core/common/target/apidocs/alluxio/network/protocol/Status.html...
Generating /opt/compile/guoyj/alluxio/core/common/target/apidocs/alluxio/network/protocol/databuffer/DataBuffer.html...
Generating /opt/compile/guoyj/alluxio/core/common/target/apidocs/alluxio/network/protocol/databuffer/DataByteArrayChannel.html...
Generating /opt/compile/guoyj/alluxio/core/common/target/apidocs/alluxio/network/protocol/databuffer/DataByteBuffer.html...
Generating /opt/compile/guoyj/alluxio/core/common/target/apidocs/alluxio/network/protocol/databuffer/DataFileChannel.html...
Generating /opt/compile/guoyj/alluxio/core/common/target/apidocs/alluxio/network/protocol/databuffer/DataNettyBuffer.html...
Generating /opt/compile/guoyj/alluxio/core/common/target/apidocs/alluxio/network/protocol/databuffer/DataNettyBufferV2.html...
Generating /opt/compile/guoyj/alluxio/core/common/target/apidocs/alluxio/underfs/AtomicFileOutputStream.html...
Generating /opt/compile/guoyj/alluxio/core/common/target/apidocs/alluxio/underfs/AtomicFileOutputStreamCallback.html...
Generating /opt/compile/guoyj/alluxio/core/common/target/apidocs/alluxio/underfs/BaseUnderFileSystem.html...
Generating /opt/compile/guoyj/alluxio/core/common/target/apidocs/alluxio/underfs/MultiRangeObjectInputStream.html...
Generating /opt/compile/guoyj/alluxio/core/common/target/apidocs/alluxio/underfs/ObjectUnderFileInputStream.html...
Generating /opt/compile/guoyj/alluxio/core/common/target/apidocs/alluxio/underfs/ObjectUnderFileSystem.html...
Generating /opt/compile/guoyj/alluxio/core/common/target/apidocs/alluxio/underfs/ObjectUnderFileSystem.ObjectListingChunk.html...
Generating /opt/compile/guoyj/alluxio/core/common/target/apidocs/alluxio/underfs/ObjectUnderFileSystem.ObjectStatus.html...
Generating /opt/compile/guoyj/alluxio/core/common/target/apidocs/alluxio/underfs/UnderFileStatus.html...
Generating /opt/compile/guoyj/alluxio/core/common/target/apidocs/alluxio/underfs/UnderFileSystem.html...
Generating /opt/compile/guoyj/alluxio/core/common/target/apidocs/alluxio/underfs/UnderFileSystem.Factory.html...
Generating /opt/compile/guoyj/alluxio/core/common/target/apidocs/alluxio/underfs/UnderFileSystem.SpaceType.html...
Generating /opt/compile/guoyj/alluxio/core/common/target/apidocs/alluxio/underfs/UnderFileSystemFactory.html...
Generating /opt/compile/guoyj/alluxio/core/common/target/apidocs/alluxio/underfs/UnderFileSystemRegistry.html...
Generating /opt/compile/guoyj/alluxio/core/common/target/apidocs/alluxio/underfs/options/CreateOptions.html...
Generating /opt/compile/guoyj/alluxio/core/common/target/apidocs/alluxio/underfs/options/DeleteOptions.html...
Generating /opt/compile/guoyj/alluxio/core/common/target/apidocs/alluxio/underfs/options/FileLocationOptions.html...
Generating /opt/compile/guoyj/alluxio/core/common/target/apidocs/alluxio/underfs/options/ListOptions.html...
Generating /opt/compile/guoyj/alluxio/core/common/target/apidocs/alluxio/underfs/options/MkdirsOptions.html...
Generating /opt/compile/guoyj/alluxio/core/common/target/apidocs/alluxio/underfs/options/OpenOptions.html...
Generating /opt/compile/guoyj/alluxio/core/common/target/apidocs/alluxio/job/CommandLineJob.html...
Generating /opt/compile/guoyj/alluxio/core/common/target/apidocs/alluxio/job/Job.html...
Generating /opt/compile/guoyj/alluxio/core/common/target/apidocs/alluxio/job/JobConf.html...
Generating /opt/compile/guoyj/alluxio/core/common/target/apidocs/alluxio/security/login/AlluxioLoginModule.html...
Generating /opt/compile/guoyj/alluxio/core/common/target/apidocs/alluxio/security/login/AppLoginModule.html...
Generating /opt/compile/guoyj/alluxio/core/common/target/apidocs/alluxio/security/login/AppLoginModule.AppCallbackHandler.html...
Generating /opt/compile/guoyj/alluxio/core/common/target/apidocs/alluxio/security/login/LoginModuleConfiguration.html...
Generating /opt/compile/guoyj/alluxio/core/common/target/apidocs/alluxio/security/login/LoginModuleConfigurationUtils.html...
Generating /opt/compile/guoyj/alluxio/core/common/target/apidocs/alluxio/security/LoginUser.html...
Generating /opt/compile/guoyj/alluxio/core/common/target/apidocs/alluxio/security/User.html...
Generating /opt/compile/guoyj/alluxio/core/common/target/apidocs/alluxio/security/group/CachedGroupMapping.html...
Generating /opt/compile/guoyj/alluxio/core/common/target/apidocs/alluxio/security/group/GroupMappingService.html...
Generating /opt/compile/guoyj/alluxio/core/common/target/apidocs/alluxio/security/group/GroupMappingService.Factory.html...
Generating /opt/compile/guoyj/alluxio/core/common/target/apidocs/alluxio/security/group/provider/IdentityUserGroupsMapping.html...
Generating /opt/compile/guoyj/alluxio/core/common/target/apidocs/alluxio/security/group/provider/ShellBasedUnixGroupsMapping.html...
Generating /opt/compile/guoyj/alluxio/core/common/target/apidocs/alluxio/security/authentication/AuthenticatedClientUser.html...
Generating /opt/compile/guoyj/alluxio/core/common/target/apidocs/alluxio/security/authentication/AuthenticationProvider.html...
Generating /opt/compile/guoyj/alluxio/core/common/target/apidocs/alluxio/security/authentication/AuthenticationProvider.Factory.html...
Generating /opt/compile/guoyj/alluxio/core/common/target/apidocs/alluxio/security/authentication/AuthType.html...
Generating /opt/compile/guoyj/alluxio/core/common/target/apidocs/alluxio/security/authentication/CustomAuthenticationProvider.html...
Generating /opt/compile/guoyj/alluxio/core/common/target/apidocs/alluxio/security/authentication/NoSaslTransportProvider.html...
Generating /opt/compile/guoyj/alluxio/core/common/target/apidocs/alluxio/security/authentication/PlainSaslClientCallbackHandler.html...
Generating /opt/compile/guoyj/alluxio/core/common/target/apidocs/alluxio/security/authentication/PlainSaslServer.html...
Generating /opt/compile/guoyj/alluxio/core/common/target/apidocs/alluxio/security/authentication/PlainSaslServer.Factory.html...
Generating /opt/compile/guoyj/alluxio/core/common/target/apidocs/alluxio/security/authentication/PlainSaslServerCallbackHandler.html...
Generating /opt/compile/guoyj/alluxio/core/common/target/apidocs/alluxio/security/authentication/PlainSaslServerProvider.html...
Generating /opt/compile/guoyj/alluxio/core/common/target/apidocs/alluxio/security/authentication/PlainSaslTransportProvider.html...
Generating /opt/compile/guoyj/alluxio/core/common/target/apidocs/alluxio/security/authentication/SimpleAuthenticationProvider.html...
Generating /opt/compile/guoyj/alluxio/core/common/target/apidocs/alluxio/security/authentication/TransportProvider.html...
Generating /opt/compile/guoyj/alluxio/core/common/target/apidocs/alluxio/security/authentication/TransportProvider.Factory.html...
Generating /opt/compile/guoyj/alluxio/core/common/target/apidocs/alluxio/security/authentication/TransportProviderUtils.html...
Generating /opt/compile/guoyj/alluxio/core/common/target/apidocs/alluxio/security/authorization/Mode.html...
Generating /opt/compile/guoyj/alluxio/core/common/target/apidocs/alluxio/security/authorization/Mode.Bits.html...
Generating /opt/compile/guoyj/alluxio/core/common/target/apidocs/alluxio/security/authorization/Permission.html...
Generating /opt/compile/guoyj/alluxio/core/common/target/apidocs/alluxio/proto/dataserver/Protocol.html...
Generating /opt/compile/guoyj/alluxio/core/common/target/apidocs/alluxio/proto/dataserver/Protocol.DataServerVersion.html...
Generating /opt/compile/guoyj/alluxio/core/common/target/apidocs/alluxio/proto/dataserver/Protocol.Exception.html...
Generating /opt/compile/guoyj/alluxio/core/common/target/apidocs/alluxio/proto/dataserver/Protocol.Exception.Builder.html...
Generating /opt/compile/guoyj/alluxio/core/common/target/apidocs/alluxio/proto/dataserver/Protocol.ExceptionOrBuilder.html...
Generating /opt/compile/guoyj/alluxio/core/common/target/apidocs/alluxio/proto/dataserver/Protocol.ReadRequest.html...
Generating /opt/compile/guoyj/alluxio/core/common/target/apidocs/alluxio/proto/dataserver/Protocol.ReadRequest.Builder.html...
Generating /opt/compile/guoyj/alluxio/core/common/target/apidocs/alluxio/proto/dataserver/Protocol.ReadRequestOrBuilder.html...
Generating /opt/compile/guoyj/alluxio/core/common/target/apidocs/alluxio/proto/dataserver/Protocol.RequestType.html...
Generating /opt/compile/guoyj/alluxio/core/common/target/apidocs/alluxio/proto/dataserver/Protocol.Response.html...
Generating /opt/compile/guoyj/alluxio/core/common/target/apidocs/alluxio/proto/dataserver/Protocol.Response.Builder.html...
Generating /opt/compile/guoyj/alluxio/core/common/target/apidocs/alluxio/proto/dataserver/Protocol.ResponseOrBuilder.html...
Generating /opt/compile/guoyj/alluxio/core/common/target/apidocs/alluxio/proto/dataserver/Protocol.Status.html...
Generating /opt/compile/guoyj/alluxio/core/common/target/apidocs/alluxio/proto/dataserver/Protocol.Status.Builder.html...
Generating /opt/compile/guoyj/alluxio/core/common/target/apidocs/alluxio/proto/dataserver/Protocol.Status.Code.html...
Generating /opt/compile/guoyj/alluxio/core/common/target/apidocs/alluxio/proto/dataserver/Protocol.StatusOrBuilder.html...
Generating /opt/compile/guoyj/alluxio/core/common/target/apidocs/alluxio/proto/dataserver/Protocol.VersionRequest.html...
Generating /opt/compile/guoyj/alluxio/core/common/target/apidocs/alluxio/proto/dataserver/Protocol.VersionRequest.Builder.html...
Generating /opt/compile/guoyj/alluxio/core/common/target/apidocs/alluxio/proto/dataserver/Protocol.VersionRequestOrBuilder.html...
Generating /opt/compile/guoyj/alluxio/core/common/target/apidocs/alluxio/proto/dataserver/Protocol.VersionResponse.html...
Generating /opt/compile/guoyj/alluxio/core/common/target/apidocs/alluxio/proto/dataserver/Protocol.VersionResponse.Builder.html...
Generating /opt/compile/guoyj/alluxio/core/common/target/apidocs/alluxio/proto/dataserver/Protocol.VersionResponseOrBuilder.html...
Generating /opt/compile/guoyj/alluxio/core/common/target/apidocs/alluxio/proto/dataserver/Protocol.WriteRequest.html...
Generating /opt/compile/guoyj/alluxio/core/common/target/apidocs/alluxio/proto/dataserver/Protocol.WriteRequest.Builder.html...
Generating /opt/compile/guoyj/alluxio/core/common/target/apidocs/alluxio/proto/dataserver/Protocol.WriteRequestOrBuilder.html...
Generating /opt/compile/guoyj/alluxio/core/common/target/apidocs/alluxio/metrics/MetricsConfig.html...
Generating /opt/compile/guoyj/alluxio/core/common/target/apidocs/alluxio/metrics/MetricsSystem.html...
Generating /opt/compile/guoyj/alluxio/core/common/target/apidocs/alluxio/metrics/source/JvmSource.html...
Generating /opt/compile/guoyj/alluxio/core/common/target/apidocs/alluxio/metrics/source/Source.html...
Generating /opt/compile/guoyj/alluxio/core/common/target/apidocs/alluxio/metrics/sink/ConsoleSink.html...
Generating /opt/compile/guoyj/alluxio/core/common/target/apidocs/alluxio/metrics/sink/CsvSink.html...
Generating /opt/compile/guoyj/alluxio/core/common/target/apidocs/alluxio/metrics/sink/GraphiteSink.html...
Generating /opt/compile/guoyj/alluxio/core/common/target/apidocs/alluxio/metrics/sink/JmxSink.html...
Generating /opt/compile/guoyj/alluxio/core/common/target/apidocs/alluxio/metrics/sink/Sink.html...
Generating /opt/compile/guoyj/alluxio/core/common/target/apidocs/alluxio/worker/block/io/BlockReader.html...
Generating /opt/compile/guoyj/alluxio/core/common/target/apidocs/alluxio/worker/block/io/BlockWriter.html...
Generating /opt/compile/guoyj/alluxio/core/common/target/apidocs/alluxio/worker/block/io/LocalFileBlockReader.html...
Generating /opt/compile/guoyj/alluxio/core/common/target/apidocs/alluxio/worker/block/io/LocalFileBlockWriter.html...
Generating /opt/compile/guoyj/alluxio/core/common/target/apidocs/alluxio/worker/DataServerMessage.html...
Generating /opt/compile/guoyj/alluxio/core/common/target/apidocs/alluxio/wire/AlluxioMasterInfo.html...
Generating /opt/compile/guoyj/alluxio/core/common/target/apidocs/alluxio/wire/AlluxioWorkerInfo.html...
Generating /opt/compile/guoyj/alluxio/core/common/target/apidocs/alluxio/wire/BlockInfo.html...
Generating /opt/compile/guoyj/alluxio/core/common/target/apidocs/alluxio/wire/BlockLocation.html...
Generating /opt/compile/guoyj/alluxio/core/common/target/apidocs/alluxio/wire/Capacity.html...
Generating /opt/compile/guoyj/alluxio/core/common/target/apidocs/alluxio/wire/CommandLineJobInfo.html...
Generating /opt/compile/guoyj/alluxio/core/common/target/apidocs/alluxio/wire/FileBlockInfo.html...
Generating /opt/compile/guoyj/alluxio/core/common/target/apidocs/alluxio/wire/FileInfo.html...
Generating /opt/compile/guoyj/alluxio/core/common/target/apidocs/alluxio/wire/JobConfInfo.html...
Generating /opt/compile/guoyj/alluxio/core/common/target/apidocs/alluxio/wire/LineageInfo.html...
Generating /opt/compile/guoyj/alluxio/core/common/target/apidocs/alluxio/wire/LoadMetadataType.html...
Generating /opt/compile/guoyj/alluxio/core/common/target/apidocs/alluxio/wire/LockBlockResult.html...
Generating /opt/compile/guoyj/alluxio/core/common/target/apidocs/alluxio/wire/MasterInfo.html...
Generating /opt/compile/guoyj/alluxio/core/common/target/apidocs/alluxio/wire/MasterInfo.MasterInfoField.html...
Generating /opt/compile/guoyj/alluxio/core/common/target/apidocs/alluxio/wire/MountPairInfo.html...
Generating /opt/compile/guoyj/alluxio/core/common/target/apidocs/alluxio/wire/MountPointInfo.html...
Generating /opt/compile/guoyj/alluxio/core/common/target/apidocs/alluxio/wire/StartupConsistencyCheck.html...
Generating /opt/compile/guoyj/alluxio/core/common/target/apidocs/alluxio/wire/ThriftUtils.html...
Generating /opt/compile/guoyj/alluxio/core/common/target/apidocs/alluxio/wire/TtlAction.html...
Generating /opt/compile/guoyj/alluxio/core/common/target/apidocs/alluxio/wire/WorkerInfo.html...
Generating /opt/compile/guoyj/alluxio/core/common/target/apidocs/alluxio/wire/WorkerNetAddress.html...
Generating /opt/compile/guoyj/alluxio/core/common/target/apidocs/alluxio/replay/ReplayCache.html...
Generating /opt/compile/guoyj/alluxio/core/common/target/apidocs/alluxio/replay/ReplayCache.ReplayCallable.html...
Generating /opt/compile/guoyj/alluxio/core/common/target/apidocs/alluxio/replay/ReplayCache.ReplayCallableThrowsIOException.html...
Generating /opt/compile/guoyj/alluxio/core/common/target/apidocs/alluxio/collections/ConcurrentHashSet.html...
Generating /opt/compile/guoyj/alluxio/core/common/target/apidocs/alluxio/collections/DirectedAcyclicGraph.html...
Generating /opt/compile/guoyj/alluxio/core/common/target/apidocs/alluxio/collections/DirectedAcyclicGraphNode.html...
Generating /opt/compile/guoyj/alluxio/core/common/target/apidocs/alluxio/collections/FieldIndex.html...
Generating /opt/compile/guoyj/alluxio/core/common/target/apidocs/alluxio/collections/IndexDefinition.html...
Generating /opt/compile/guoyj/alluxio/core/common/target/apidocs/alluxio/collections/IndexedSet.html...
Generating /opt/compile/guoyj/alluxio/core/common/target/apidocs/alluxio/collections/NonUniqueFieldIndex.html...
Generating /opt/compile/guoyj/alluxio/core/common/target/apidocs/alluxio/collections/Pair.html...
Generating /opt/compile/guoyj/alluxio/core/common/target/apidocs/alluxio/collections/PrefixList.html...
Generating /opt/compile/guoyj/alluxio/core/common/target/apidocs/alluxio/collections/UniqueFieldIndex.html...
Generating /opt/compile/guoyj/alluxio/core/common/target/apidocs/alluxio/resource/CloseableResource.html...
Generating /opt/compile/guoyj/alluxio/core/common/target/apidocs/alluxio/resource/DynamicResourcePool.html...
Generating /opt/compile/guoyj/alluxio/core/common/target/apidocs/alluxio/resource/DynamicResourcePool.Options.html...
Generating /opt/compile/guoyj/alluxio/core/common/target/apidocs/alluxio/resource/DynamicResourcePool.ResourceInternal.html...
Generating /opt/compile/guoyj/alluxio/core/common/target/apidocs/alluxio/resource/LockResource.html...
Generating /opt/compile/guoyj/alluxio/core/common/target/apidocs/alluxio/resource/Pool.html...
Generating /opt/compile/guoyj/alluxio/core/common/target/apidocs/alluxio/resource/ResourcePool.html...
Generating /opt/compile/guoyj/alluxio/core/common/target/apidocs/alluxio/annotation/PublicApi.html...
Generating /opt/compile/guoyj/alluxio/core/common/target/apidocs/overview-frame.html...
Generating /opt/compile/guoyj/alluxio/core/common/target/apidocs/alluxio/package-frame.html...
Generating /opt/compile/guoyj/alluxio/core/common/target/apidocs/alluxio/package-summary.html...
Generating /opt/compile/guoyj/alluxio/core/common/target/apidocs/alluxio/package-tree.html...
Generating /opt/compile/guoyj/alluxio/core/common/target/apidocs/alluxio/annotation/package-frame.html...
Generating /opt/compile/guoyj/alluxio/core/common/target/apidocs/alluxio/annotation/package-summary.html...
Generating /opt/compile/guoyj/alluxio/core/common/target/apidocs/alluxio/annotation/package-tree.html...
Generating /opt/compile/guoyj/alluxio/core/common/target/apidocs/alluxio/clock/package-frame.html...
Generating /opt/compile/guoyj/alluxio/core/common/target/apidocs/alluxio/clock/package-summary.html...
Generating /opt/compile/guoyj/alluxio/core/common/target/apidocs/alluxio/clock/package-tree.html...
Generating /opt/compile/guoyj/alluxio/core/common/target/apidocs/alluxio/collections/package-frame.html...
Generating /opt/compile/guoyj/alluxio/core/common/target/apidocs/alluxio/collections/package-summary.html...
Generating /opt/compile/guoyj/alluxio/core/common/target/apidocs/alluxio/collections/package-tree.html...
Generating /opt/compile/guoyj/alluxio/core/common/target/apidocs/alluxio/exception/package-frame.html...
Generating /opt/compile/guoyj/alluxio/core/common/target/apidocs/alluxio/exception/package-summary.html...
Generating /opt/compile/guoyj/alluxio/core/common/target/apidocs/alluxio/exception/package-tree.html...
Generating /opt/compile/guoyj/alluxio/core/common/target/apidocs/alluxio/heartbeat/package-frame.html...
Generating /opt/compile/guoyj/alluxio/core/common/target/apidocs/alluxio/heartbeat/package-summary.html...
Generating /opt/compile/guoyj/alluxio/core/common/target/apidocs/alluxio/heartbeat/package-tree.html...
Generating /opt/compile/guoyj/alluxio/core/common/target/apidocs/alluxio/job/package-frame.html...
Generating /opt/compile/guoyj/alluxio/core/common/target/apidocs/alluxio/job/package-summary.html...
Generating /opt/compile/guoyj/alluxio/core/common/target/apidocs/alluxio/job/package-tree.html...
Generating /opt/compile/guoyj/alluxio/core/common/target/apidocs/alluxio/master/block/package-frame.html...
Generating /opt/compile/guoyj/alluxio/core/common/target/apidocs/alluxio/master/block/package-summary.html...
Generating /opt/compile/guoyj/alluxio/core/common/target/apidocs/alluxio/master/block/package-tree.html...
Generating /opt/compile/guoyj/alluxio/core/common/target/apidocs/alluxio/metrics/package-frame.html...
Generating /opt/compile/guoyj/alluxio/core/common/target/apidocs/alluxio/metrics/package-summary.html...
Generating /opt/compile/guoyj/alluxio/core/common/target/apidocs/alluxio/metrics/package-tree.html...
Generating /opt/compile/guoyj/alluxio/core/common/target/apidocs/alluxio/metrics/sink/package-frame.html...
Generating /opt/compile/guoyj/alluxio/core/common/target/apidocs/alluxio/metrics/sink/package-summary.html...
Generating /opt/compile/guoyj/alluxio/core/common/target/apidocs/alluxio/metrics/sink/package-tree.html...
Generating /opt/compile/guoyj/alluxio/core/common/target/apidocs/alluxio/metrics/source/package-frame.html...
Generating /opt/compile/guoyj/alluxio/core/common/target/apidocs/alluxio/metrics/source/package-summary.html...
Generating /opt/compile/guoyj/alluxio/core/common/target/apidocs/alluxio/metrics/source/package-tree.html...
Generating /opt/compile/guoyj/alluxio/core/common/target/apidocs/alluxio/network/package-frame.html...
Generating /opt/compile/guoyj/alluxio/core/common/target/apidocs/alluxio/network/package-summary.html...
Generating /opt/compile/guoyj/alluxio/core/common/target/apidocs/alluxio/network/package-tree.html...
Generating /opt/compile/guoyj/alluxio/core/common/target/apidocs/alluxio/network/connection/package-frame.html...
Generating /opt/compile/guoyj/alluxio/core/common/target/apidocs/alluxio/network/connection/package-summary.html...
Generating /opt/compile/guoyj/alluxio/core/common/target/apidocs/alluxio/network/connection/package-tree.html...
Generating /opt/compile/guoyj/alluxio/core/common/target/apidocs/alluxio/network/protocol/package-frame.html...
Generating /opt/compile/guoyj/alluxio/core/common/target/apidocs/alluxio/network/protocol/package-summary.html...
Generating /opt/compile/guoyj/alluxio/core/common/target/apidocs/alluxio/network/protocol/package-tree.html...
Generating /opt/compile/guoyj/alluxio/core/common/target/apidocs/alluxio/network/protocol/databuffer/package-frame.html...
Generating /opt/compile/guoyj/alluxio/core/common/target/apidocs/alluxio/network/protocol/databuffer/package-summary.html...
Generating /opt/compile/guoyj/alluxio/core/common/target/apidocs/alluxio/network/protocol/databuffer/package-tree.html...
Generating /opt/compile/guoyj/alluxio/core/common/target/apidocs/alluxio/proto/dataserver/package-frame.html...
Generating /opt/compile/guoyj/alluxio/core/common/target/apidocs/alluxio/proto/dataserver/package-summary.html...
Generating /opt/compile/guoyj/alluxio/core/common/target/apidocs/alluxio/proto/dataserver/package-tree.html...
Generating /opt/compile/guoyj/alluxio/core/common/target/apidocs/alluxio/replay/package-frame.html...
Generating /opt/compile/guoyj/alluxio/core/common/target/apidocs/alluxio/replay/package-summary.html...
Generating /opt/compile/guoyj/alluxio/core/common/target/apidocs/alluxio/replay/package-tree.html...
Generating /opt/compile/guoyj/alluxio/core/common/target/apidocs/alluxio/resource/package-frame.html...
Generating /opt/compile/guoyj/alluxio/core/common/target/apidocs/alluxio/resource/package-summary.html...
Generating /opt/compile/guoyj/alluxio/core/common/target/apidocs/alluxio/resource/package-tree.html...
Generating /opt/compile/guoyj/alluxio/core/common/target/apidocs/alluxio/retry/package-frame.html...
Generating /opt/compile/guoyj/alluxio/core/common/target/apidocs/alluxio/retry/package-summary.html...
Generating /opt/compile/guoyj/alluxio/core/common/target/apidocs/alluxio/retry/package-tree.html...
Generating /opt/compile/guoyj/alluxio/core/common/target/apidocs/alluxio/security/package-frame.html...
Generating /opt/compile/guoyj/alluxio/core/common/target/apidocs/alluxio/security/package-summary.html...
Generating /opt/compile/guoyj/alluxio/core/common/target/apidocs/alluxio/security/package-tree.html...
Generating /opt/compile/guoyj/alluxio/core/common/target/apidocs/alluxio/security/authentication/package-frame.html...
Generating /opt/compile/guoyj/alluxio/core/common/target/apidocs/alluxio/security/authentication/package-summary.html...
Generating /opt/compile/guoyj/alluxio/core/common/target/apidocs/alluxio/security/authentication/package-tree.html...
Generating /opt/compile/guoyj/alluxio/core/common/target/apidocs/alluxio/security/authorization/package-frame.html...
Generating /opt/compile/guoyj/alluxio/core/common/target/apidocs/alluxio/security/authorization/package-summary.html...
Generating /opt/compile/guoyj/alluxio/core/common/target/apidocs/alluxio/security/authorization/package-tree.html...
Generating /opt/compile/guoyj/alluxio/core/common/target/apidocs/alluxio/security/group/package-frame.html...
Generating /opt/compile/guoyj/alluxio/core/common/target/apidocs/alluxio/security/group/package-summary.html...
Generating /opt/compile/guoyj/alluxio/core/common/target/apidocs/alluxio/security/group/package-tree.html...
Generating /opt/compile/guoyj/alluxio/core/common/target/apidocs/alluxio/security/group/provider/package-frame.html...
Generating /opt/compile/guoyj/alluxio/core/common/target/apidocs/alluxio/security/group/provider/package-summary.html...
Generating /opt/compile/guoyj/alluxio/core/common/target/apidocs/alluxio/security/group/provider/package-tree.html...
Generating /opt/compile/guoyj/alluxio/core/common/target/apidocs/alluxio/security/login/package-frame.html...
Generating /opt/compile/guoyj/alluxio/core/common/target/apidocs/alluxio/security/login/package-summary.html...
Generating /opt/compile/guoyj/alluxio/core/common/target/apidocs/alluxio/security/login/package-tree.html...
Generating /opt/compile/guoyj/alluxio/core/common/target/apidocs/alluxio/thrift/package-frame.html...
Generating /opt/compile/guoyj/alluxio/core/common/target/apidocs/alluxio/thrift/package-summary.html...
Generating /opt/compile/guoyj/alluxio/core/common/target/apidocs/alluxio/thrift/package-tree.html...
Generating /opt/compile/guoyj/alluxio/core/common/target/apidocs/alluxio/time/package-frame.html...
Generating /opt/compile/guoyj/alluxio/core/common/target/apidocs/alluxio/time/package-summary.html...
Generating /opt/compile/guoyj/alluxio/core/common/target/apidocs/alluxio/time/package-tree.html...
Generating /opt/compile/guoyj/alluxio/core/common/target/apidocs/alluxio/underfs/package-frame.html...
Generating /opt/compile/guoyj/alluxio/core/common/target/apidocs/alluxio/underfs/package-summary.html...
Generating /opt/compile/guoyj/alluxio/core/common/target/apidocs/alluxio/underfs/package-tree.html...
Generating /opt/compile/guoyj/alluxio/core/common/target/apidocs/alluxio/underfs/options/package-frame.html...
Generating /opt/compile/guoyj/alluxio/core/common/target/apidocs/alluxio/underfs/options/package-summary.html...
Generating /opt/compile/guoyj/alluxio/core/common/target/apidocs/alluxio/underfs/options/package-tree.html...
Generating /opt/compile/guoyj/alluxio/core/common/target/apidocs/alluxio/util/package-frame.html...
Generating /opt/compile/guoyj/alluxio/core/common/target/apidocs/alluxio/util/package-summary.html...
Generating /opt/compile/guoyj/alluxio/core/common/target/apidocs/alluxio/util/package-tree.html...
Generating /opt/compile/guoyj/alluxio/core/common/target/apidocs/alluxio/util/executor/package-frame.html...
Generating /opt/compile/guoyj/alluxio/core/common/target/apidocs/alluxio/util/executor/package-summary.html...
Generating /opt/compile/guoyj/alluxio/core/common/target/apidocs/alluxio/util/executor/package-tree.html...
Generating /opt/compile/guoyj/alluxio/core/common/target/apidocs/alluxio/util/io/package-frame.html...
Generating /opt/compile/guoyj/alluxio/core/common/target/apidocs/alluxio/util/io/package-summary.html...
Generating /opt/compile/guoyj/alluxio/core/common/target/apidocs/alluxio/util/io/package-tree.html...
Generating /opt/compile/guoyj/alluxio/core/common/target/apidocs/alluxio/util/network/package-frame.html...
Generating /opt/compile/guoyj/alluxio/core/common/target/apidocs/alluxio/util/network/package-summary.html...
Generating /opt/compile/guoyj/alluxio/core/common/target/apidocs/alluxio/util/network/package-tree.html...
Generating /opt/compile/guoyj/alluxio/core/common/target/apidocs/alluxio/wire/package-frame.html...
Generating /opt/compile/guoyj/alluxio/core/common/target/apidocs/alluxio/wire/package-summary.html...
Generating /opt/compile/guoyj/alluxio/core/common/target/apidocs/alluxio/wire/package-tree.html...
Generating /opt/compile/guoyj/alluxio/core/common/target/apidocs/alluxio/worker/package-frame.html...
Generating /opt/compile/guoyj/alluxio/core/common/target/apidocs/alluxio/worker/package-summary.html...
Generating /opt/compile/guoyj/alluxio/core/common/target/apidocs/alluxio/worker/package-tree.html...
Generating /opt/compile/guoyj/alluxio/core/common/target/apidocs/alluxio/worker/block/io/package-frame.html...
Generating /opt/compile/guoyj/alluxio/core/common/target/apidocs/alluxio/worker/block/io/package-summary.html...
Generating /opt/compile/guoyj/alluxio/core/common/target/apidocs/alluxio/worker/block/io/package-tree.html...
Generating /opt/compile/guoyj/alluxio/core/common/target/apidocs/constant-values.html...
Generating /opt/compile/guoyj/alluxio/core/common/target/apidocs/serialized-form.html...
Generating /opt/compile/guoyj/alluxio/core/common/target/apidocs/alluxio/class-use/PropertyKeyFormat.html...
Generating /opt/compile/guoyj/alluxio/core/common/target/apidocs/alluxio/class-use/AbstractClient.html...
Generating /opt/compile/guoyj/alluxio/core/common/target/apidocs/alluxio/class-use/AbstractClient.RpcCallable.html...
Generating /opt/compile/guoyj/alluxio/core/common/target/apidocs/alluxio/class-use/AbstractClient.RpcCallableThrowsAlluxioTException.html...
Generating /opt/compile/guoyj/alluxio/core/common/target/apidocs/alluxio/class-use/LeaderSelectorClient.html...
Generating /opt/compile/guoyj/alluxio/core/common/target/apidocs/alluxio/class-use/Configuration.html...
Generating /opt/compile/guoyj/alluxio/core/common/target/apidocs/alluxio/class-use/Seekable.html...
Generating /opt/compile/guoyj/alluxio/core/common/target/apidocs/alluxio/class-use/AbstractMasterClient.html...
Generating /opt/compile/guoyj/alluxio/core/common/target/apidocs/alluxio/class-use/PropertyKey.html...
Generating /opt/compile/guoyj/alluxio/core/common/target/apidocs/alluxio/class-use/PropertyKey.Name.html...
Generating /opt/compile/guoyj/alluxio/core/common/target/apidocs/alluxio/class-use/MultiPartSchemeURI.html...
Generating /opt/compile/guoyj/alluxio/core/common/target/apidocs/alluxio/class-use/StandardURI.html...
Generating /opt/compile/guoyj/alluxio/core/common/target/apidocs/alluxio/class-use/URI.html...
Generating /opt/compile/guoyj/alluxio/core/common/target/apidocs/alluxio/class-use/URI.Factory.html...
Generating /opt/compile/guoyj/alluxio/core/common/target/apidocs/alluxio/class-use/ProjectConstants.html...
Generating /opt/compile/guoyj/alluxio/core/common/target/apidocs/alluxio/class-use/Constants.html...
Generating /opt/compile/guoyj/alluxio/core/common/target/apidocs/alluxio/class-use/MasterInquireClient.html...
Generating /opt/compile/guoyj/alluxio/core/common/target/apidocs/alluxio/class-use/AlluxioURI.html...
Generating /opt/compile/guoyj/alluxio/core/common/target/apidocs/alluxio/class-use/AbstractThriftClient.html...
Generating /opt/compile/guoyj/alluxio/core/common/target/apidocs/alluxio/class-use/AbstractThriftClient.RpcCallable.html...
Generating /opt/compile/guoyj/alluxio/core/common/target/apidocs/alluxio/class-use/AbstractThriftClient.RpcCallableThrowsAlluxioTException.html...
Generating /opt/compile/guoyj/alluxio/core/common/target/apidocs/alluxio/class-use/Client.html...
Generating /opt/compile/guoyj/alluxio/core/common/target/apidocs/alluxio/class-use/RuntimeConstants.html...
Generating /opt/compile/guoyj/alluxio/core/common/target/apidocs/alluxio/retry/class-use/TimeoutRetry.html...
Generating /opt/compile/guoyj/alluxio/core/common/target/apidocs/alluxio/retry/class-use/RetryPolicy.html...
Generating /opt/compile/guoyj/alluxio/core/common/target/apidocs/alluxio/retry/class-use/ExponentialBackoffRetry.html...
Generating /opt/compile/guoyj/alluxio/core/common/target/apidocs/alluxio/retry/class-use/CountingRetry.html...
Generating /opt/compile/guoyj/alluxio/core/common/target/apidocs/alluxio/retry/class-use/SleepingRetry.html...
Generating /opt/compile/guoyj/alluxio/core/common/target/apidocs/alluxio/util/class-use/SecurityUtils.html...
Generating /opt/compile/guoyj/alluxio/core/common/target/apidocs/alluxio/util/class-use/UnderFileSystemUtils.html...
Generating /opt/compile/guoyj/alluxio/core/common/target/apidocs/alluxio/util/class-use/OSUtils.html...
Generating /opt/compile/guoyj/alluxio/core/common/target/apidocs/alluxio/util/class-use/ShellUtils.html...
Generating /opt/compile/guoyj/alluxio/core/common/target/apidocs/alluxio/util/class-use/ShellUtils.ExitCodeException.html...
Generating /opt/compile/guoyj/alluxio/core/common/target/apidocs/alluxio/util/class-use/CommonUtils.html...
Generating /opt/compile/guoyj/alluxio/core/common/target/apidocs/alluxio/util/class-use/LineageUtils.html...
Generating /opt/compile/guoyj/alluxio/core/common/target/apidocs/alluxio/util/class-use/FormatUtils.html...
Generating /opt/compile/guoyj/alluxio/core/common/target/apidocs/alluxio/util/class-use/ThreadFactoryUtils.html...
Generating /opt/compile/guoyj/alluxio/core/common/target/apidocs/alluxio/util/class-use/ConfigurationUtils.html...
Generating /opt/compile/guoyj/alluxio/core/common/target/apidocs/alluxio/util/class-use/IdUtils.html...
Generating /opt/compile/guoyj/alluxio/core/common/target/apidocs/alluxio/util/class-use/URIUtils.html...
Generating /opt/compile/guoyj/alluxio/core/common/target/apidocs/alluxio/util/executor/class-use/ExecutorServiceFactory.html...
Generating /opt/compile/guoyj/alluxio/core/common/target/apidocs/alluxio/util/executor/class-use/ExecutorServiceFactories.html...
Generating /opt/compile/guoyj/alluxio/core/common/target/apidocs/alluxio/util/network/class-use/NettyUtils.html...
Generating /opt/compile/guoyj/alluxio/core/common/target/apidocs/alluxio/util/network/class-use/NetworkAddressUtils.html...
Generating /opt/compile/guoyj/alluxio/core/common/target/apidocs/alluxio/util/network/class-use/NetworkAddressUtils.ServiceType.html...
Generating /opt/compile/guoyj/alluxio/core/common/target/apidocs/alluxio/util/io/class-use/BufferUtils.html...
Generating /opt/compile/guoyj/alluxio/core/common/target/apidocs/alluxio/util/io/class-use/PathUtils.html...
Generating /opt/compile/guoyj/alluxio/core/common/target/apidocs/alluxio/util/io/class-use/FileUtils.html...
Generating /opt/compile/guoyj/alluxio/core/common/target/apidocs/alluxio/util/io/class-use/ByteIOUtils.html...
Generating /opt/compile/guoyj/alluxio/core/common/target/apidocs/alluxio/clock/class-use/SystemClock.html...
Generating /opt/compile/guoyj/alluxio/core/common/target/apidocs/alluxio/clock/class-use/Clock.html...
Generating /opt/compile/guoyj/alluxio/core/common/target/apidocs/alluxio/master/block/class-use/BlockId.html...
Generating /opt/compile/guoyj/alluxio/core/common/target/apidocs/alluxio/time/class-use/Sleeper.html...
Generating /opt/compile/guoyj/alluxio/core/common/target/apidocs/alluxio/time/class-use/ThreadSleeper.html...
Generating /opt/compile/guoyj/alluxio/core/common/target/apidocs/alluxio/heartbeat/class-use/HeartbeatTimer.html...
Generating /opt/compile/guoyj/alluxio/core/common/target/apidocs/alluxio/heartbeat/class-use/ScheduledTimer.html...
Generating /opt/compile/guoyj/alluxio/core/common/target/apidocs/alluxio/heartbeat/class-use/SleepingTimer.html...
Generating /opt/compile/guoyj/alluxio/core/common/target/apidocs/alluxio/heartbeat/class-use/HeartbeatContext.html...
Generating /opt/compile/guoyj/alluxio/core/common/target/apidocs/alluxio/heartbeat/class-use/HeartbeatExecutor.html...
Generating /opt/compile/guoyj/alluxio/core/common/target/apidocs/alluxio/heartbeat/class-use/HeartbeatThread.html...
Generating /opt/compile/guoyj/alluxio/core/common/target/apidocs/alluxio/heartbeat/class-use/HeartbeatScheduler.html...
Generating /opt/compile/guoyj/alluxio/core/common/target/apidocs/alluxio/thrift/class-use/CreateDirectoryTOptions.html...
Generating /opt/compile/guoyj/alluxio/core/common/target/apidocs/alluxio/thrift/class-use/CreateDirectoryTOptions._Fields.html...
Generating /opt/compile/guoyj/alluxio/core/common/target/apidocs/alluxio/thrift/class-use/CreateUfsFileTOptions.html...
Generating /opt/compile/guoyj/alluxio/core/common/target/apidocs/alluxio/thrift/class-use/CreateUfsFileTOptions._Fields.html...
Generating /opt/compile/guoyj/alluxio/core/common/target/apidocs/alluxio/thrift/class-use/FileBlockInfo.html...
Generating /opt/compile/guoyj/alluxio/core/common/target/apidocs/alluxio/thrift/class-use/FileBlockInfo._Fields.html...
Generating /opt/compile/guoyj/alluxio/core/common/target/apidocs/alluxio/thrift/class-use/LineageMasterClientService.html...
Generating /opt/compile/guoyj/alluxio/core/common/target/apidocs/alluxio/thrift/class-use/LineageMasterClientService.Iface.html...
Generating /opt/compile/guoyj/alluxio/core/common/target/apidocs/alluxio/thrift/class-use/LineageMasterClientService.AsyncIface.html...
Generating /opt/compile/guoyj/alluxio/core/common/target/apidocs/alluxio/thrift/class-use/LineageMasterClientService.Client.html...
Generating /opt/compile/guoyj/alluxio/core/common/target/apidocs/alluxio/thrift/class-use/LineageMasterClientService.Client.Factory.html...
Generating /opt/compile/guoyj/alluxio/core/common/target/apidocs/alluxio/thrift/class-use/LineageMasterClientService.AsyncClient.html...
Generating /opt/compile/guoyj/alluxio/core/common/target/apidocs/alluxio/thrift/class-use/LineageMasterClientService.AsyncClient.Factory.html...
Generating /opt/compile/guoyj/alluxio/core/common/target/apidocs/alluxio/thrift/class-use/LineageMasterClientService.AsyncClient.createLineage_call.html...
Generating /opt/compile/guoyj/alluxio/core/common/target/apidocs/alluxio/thrift/class-use/LineageMasterClientService.AsyncClient.deleteLineage_call.html...
Generating /opt/compile/guoyj/alluxio/core/common/target/apidocs/alluxio/thrift/class-use/LineageMasterClientService.AsyncClient.getLineageInfoList_call.html...
Generating /opt/compile/guoyj/alluxio/core/common/target/apidocs/alluxio/thrift/class-use/LineageMasterClientService.AsyncClient.reinitializeFile_call.html...
Generating /opt/compile/guoyj/alluxio/core/common/target/apidocs/alluxio/thrift/class-use/LineageMasterClientService.AsyncClient.reportLostFile_call.html...
Generating /opt/compile/guoyj/alluxio/core/common/target/apidocs/alluxio/thrift/class-use/LineageMasterClientService.Processor.html...
Generating /opt/compile/guoyj/alluxio/core/common/target/apidocs/alluxio/thrift/class-use/LineageMasterClientService.Processor.createLineage.html...
Generating /opt/compile/guoyj/alluxio/core/common/target/apidocs/alluxio/thrift/class-use/LineageMasterClientService.Processor.deleteLineage.html...
Generating /opt/compile/guoyj/alluxio/core/common/target/apidocs/alluxio/thrift/class-use/LineageMasterClientService.Processor.getLineageInfoList.html...
Generating /opt/compile/guoyj/alluxio/core/common/target/apidocs/alluxio/thrift/class-use/LineageMasterClientService.Processor.reinitializeFile.html...
Generating /opt/compile/guoyj/alluxio/core/common/target/apidocs/alluxio/thrift/class-use/LineageMasterClientService.Processor.reportLostFile.html...
Generating /opt/compile/guoyj/alluxio/core/common/target/apidocs/alluxio/thrift/class-use/LineageMasterClientService.AsyncProcessor.html...
Generating /opt/compile/guoyj/alluxio/core/common/target/apidocs/alluxio/thrift/class-use/LineageMasterClientService.AsyncProcessor.createLineage.html...
Generating /opt/compile/guoyj/alluxio/core/common/target/apidocs/alluxio/thrift/class-use/LineageMasterClientService.AsyncProcessor.deleteLineage.html...
Generating /opt/compile/guoyj/alluxio/core/common/target/apidocs/alluxio/thrift/class-use/LineageMasterClientService.AsyncProcessor.getLineageInfoList.html...
Generating /opt/compile/guoyj/alluxio/core/common/target/apidocs/alluxio/thrift/class-use/LineageMasterClientService.AsyncProcessor.reinitializeFile.html...
Generating /opt/compile/guoyj/alluxio/core/common/target/apidocs/alluxio/thrift/class-use/LineageMasterClientService.AsyncProcessor.reportLostFile.html...
Generating /opt/compile/guoyj/alluxio/core/common/target/apidocs/alluxio/thrift/class-use/LineageMasterClientService.createLineage_args.html...
Generating /opt/compile/guoyj/alluxio/core/common/target/apidocs/alluxio/thrift/class-use/LineageMasterClientService.createLineage_args._Fields.html...
Generating /opt/compile/guoyj/alluxio/core/common/target/apidocs/alluxio/thrift/class-use/LineageMasterClientService.createLineage_result.html...
Generating /opt/compile/guoyj/alluxio/core/common/target/apidocs/alluxio/thrift/class-use/LineageMasterClientService.createLineage_result._Fields.html...
Generating /opt/compile/guoyj/alluxio/core/common/target/apidocs/alluxio/thrift/class-use/LineageMasterClientService.deleteLineage_args.html...
Generating /opt/compile/guoyj/alluxio/core/common/target/apidocs/alluxio/thrift/class-use/LineageMasterClientService.deleteLineage_args._Fields.html...
Generating /opt/compile/guoyj/alluxio/core/common/target/apidocs/alluxio/thrift/class-use/LineageMasterClientService.deleteLineage_result.html...
Generating /opt/compile/guoyj/alluxio/core/common/target/apidocs/alluxio/thrift/class-use/LineageMasterClientService.deleteLineage_result._Fields.html...
Generating /opt/compile/guoyj/alluxio/core/common/target/apidocs/alluxio/thrift/class-use/LineageMasterClientService.getLineageInfoList_args.html...
Generating /opt/compile/guoyj/alluxio/core/common/target/apidocs/alluxio/thrift/class-use/LineageMasterClientService.getLineageInfoList_args._Fields.html...
Generating /opt/compile/guoyj/alluxio/core/common/target/apidocs/alluxio/thrift/class-use/LineageMasterClientService.getLineageInfoList_result.html...
Generating /opt/compile/guoyj/alluxio/core/common/target/apidocs/alluxio/thrift/class-use/LineageMasterClientService.getLineageInfoList_result._Fields.html...
Generating /opt/compile/guoyj/alluxio/core/common/target/apidocs/alluxio/thrift/class-use/LineageMasterClientService.reinitializeFile_args.html...
Generating /opt/compile/guoyj/alluxio/core/common/target/apidocs/alluxio/thrift/class-use/LineageMasterClientService.reinitializeFile_args._Fields.html...
Generating /opt/compile/guoyj/alluxio/core/common/target/apidocs/alluxio/thrift/class-use/LineageMasterClientService.reinitializeFile_result.html...
Generating /opt/compile/guoyj/alluxio/core/common/target/apidocs/alluxio/thrift/class-use/LineageMasterClientService.reinitializeFile_result._Fields.html...
Generating /opt/compile/guoyj/alluxio/core/common/target/apidocs/alluxio/thrift/class-use/LineageMasterClientService.reportLostFile_args.html...
Generating /opt/compile/guoyj/alluxio/core/common/target/apidocs/alluxio/thrift/class-use/LineageMasterClientService.reportLostFile_args._Fields.html...
Generating /opt/compile/guoyj/alluxio/core/common/target/apidocs/alluxio/thrift/class-use/LineageMasterClientService.reportLostFile_result.html...
Generating /opt/compile/guoyj/alluxio/core/common/target/apidocs/alluxio/thrift/class-use/LineageMasterClientService.reportLostFile_result._Fields.html...
Generating /opt/compile/guoyj/alluxio/core/common/target/apidocs/alluxio/thrift/class-use/AlluxioService.html...
Generating /opt/compile/guoyj/alluxio/core/common/target/apidocs/alluxio/thrift/class-use/AlluxioService.Iface.html...
Generating /opt/compile/guoyj/alluxio/core/common/target/apidocs/alluxio/thrift/class-use/AlluxioService.AsyncIface.html...
Generating /opt/compile/guoyj/alluxio/core/common/target/apidocs/alluxio/thrift/class-use/AlluxioService.Client.html...
Generating /opt/compile/guoyj/alluxio/core/common/target/apidocs/alluxio/thrift/class-use/AlluxioService.Client.Factory.html...
Generating /opt/compile/guoyj/alluxio/core/common/target/apidocs/alluxio/thrift/class-use/AlluxioService.AsyncClient.html...
Generating /opt/compile/guoyj/alluxio/core/common/target/apidocs/alluxio/thrift/class-use/AlluxioService.AsyncClient.Factory.html...
Generating /opt/compile/guoyj/alluxio/core/common/target/apidocs/alluxio/thrift/class-use/AlluxioService.AsyncClient.getServiceVersion_call.html...
Generating /opt/compile/guoyj/alluxio/core/common/target/apidocs/alluxio/thrift/class-use/AlluxioService.Processor.html...
Generating /opt/compile/guoyj/alluxio/core/common/target/apidocs/alluxio/thrift/class-use/AlluxioService.Processor.getServiceVersion.html...
Generating /opt/compile/guoyj/alluxio/core/common/target/apidocs/alluxio/thrift/class-use/AlluxioService.AsyncProcessor.html...
Generating /opt/compile/guoyj/alluxio/core/common/target/apidocs/alluxio/thrift/class-use/AlluxioService.AsyncProcessor.getServiceVersion.html...
Generating /opt/compile/guoyj/alluxio/core/common/target/apidocs/alluxio/thrift/class-use/AlluxioService.getServiceVersion_args.html...
Generating /opt/compile/guoyj/alluxio/core/common/target/apidocs/alluxio/thrift/class-use/AlluxioService.getServiceVersion_args._Fields.html...
Generating /opt/compile/guoyj/alluxio/core/common/target/apidocs/alluxio/thrift/class-use/AlluxioService.getServiceVersion_result.html...
Generating /opt/compile/guoyj/alluxio/core/common/target/apidocs/alluxio/thrift/class-use/AlluxioService.getServiceVersion_result._Fields.html...
Generating /opt/compile/guoyj/alluxio/core/common/target/apidocs/alluxio/thrift/class-use/OpenUfsFileTOptions.html...
Generating /opt/compile/guoyj/alluxio/core/common/target/apidocs/alluxio/thrift/class-use/OpenUfsFileTOptions._Fields.html...
Generating /opt/compile/guoyj/alluxio/core/common/target/apidocs/alluxio/thrift/class-use/TTtlAction.html...
Generating /opt/compile/guoyj/alluxio/core/common/target/apidocs/alluxio/thrift/class-use/ListStatusTOptions.html...
Generating /opt/compile/guoyj/alluxio/core/common/target/apidocs/alluxio/thrift/class-use/ListStatusTOptions._Fields.html...
Generating /opt/compile/guoyj/alluxio/core/common/target/apidocs/alluxio/thrift/class-use/BlockInfo.html...
Generating /opt/compile/guoyj/alluxio/core/common/target/apidocs/alluxio/thrift/class-use/BlockInfo._Fields.html...
Generating /opt/compile/guoyj/alluxio/core/common/target/apidocs/alluxio/thrift/class-use/FileSystemWorkerClientService.html...
Generating /opt/compile/guoyj/alluxio/core/common/target/apidocs/alluxio/thrift/class-use/FileSystemWorkerClientService.Iface.html...
Generating /opt/compile/guoyj/alluxio/core/common/target/apidocs/alluxio/thrift/class-use/FileSystemWorkerClientService.AsyncIface.html...
Generating /opt/compile/guoyj/alluxio/core/common/target/apidocs/alluxio/thrift/class-use/FileSystemWorkerClientService.Client.html...
Generating /opt/compile/guoyj/alluxio/core/common/target/apidocs/alluxio/thrift/class-use/FileSystemWorkerClientService.Client.Factory.html...
Generating /opt/compile/guoyj/alluxio/core/common/target/apidocs/alluxio/thrift/class-use/FileSystemWorkerClientService.AsyncClient.html...
Generating /opt/compile/guoyj/alluxio/core/common/target/apidocs/alluxio/thrift/class-use/FileSystemWorkerClientService.AsyncClient.Factory.html...
Generating /opt/compile/guoyj/alluxio/core/common/target/apidocs/alluxio/thrift/class-use/FileSystemWorkerClientService.AsyncClient.cancelUfsFile_call.html...
Generating /opt/compile/guoyj/alluxio/core/common/target/apidocs/alluxio/thrift/class-use/FileSystemWorkerClientService.AsyncClient.closeUfsFile_call.html...
Generating /opt/compile/guoyj/alluxio/core/common/target/apidocs/alluxio/thrift/class-use/FileSystemWorkerClientService.AsyncClient.completeUfsFile_call.html...
Generating /opt/compile/guoyj/alluxio/core/common/target/apidocs/alluxio/thrift/class-use/FileSystemWorkerClientService.AsyncClient.createUfsFile_call.html...
Generating /opt/compile/guoyj/alluxio/core/common/target/apidocs/alluxio/thrift/class-use/FileSystemWorkerClientService.AsyncClient.openUfsFile_call.html...
Generating /opt/compile/guoyj/alluxio/core/common/target/apidocs/alluxio/thrift/class-use/FileSystemWorkerClientService.AsyncClient.sessionHeartbeat_call.html...
Generating /opt/compile/guoyj/alluxio/core/common/target/apidocs/alluxio/thrift/class-use/FileSystemWorkerClientService.Processor.html...
Generating /opt/compile/guoyj/alluxio/core/common/target/apidocs/alluxio/thrift/class-use/FileSystemWorkerClientService.Processor.cancelUfsFile.html...
Generating /opt/compile/guoyj/alluxio/core/common/target/apidocs/alluxio/thrift/class-use/FileSystemWorkerClientService.Processor.closeUfsFile.html...
Generating /opt/compile/guoyj/alluxio/core/common/target/apidocs/alluxio/thrift/class-use/FileSystemWorkerClientService.Processor.completeUfsFile.html...
Generating /opt/compile/guoyj/alluxio/core/common/target/apidocs/alluxio/thrift/class-use/FileSystemWorkerClientService.Processor.createUfsFile.html...
Generating /opt/compile/guoyj/alluxio/core/common/target/apidocs/alluxio/thrift/class-use/FileSystemWorkerClientService.Processor.openUfsFile.html...
Generating /opt/compile/guoyj/alluxio/core/common/target/apidocs/alluxio/thrift/class-use/FileSystemWorkerClientService.Processor.sessionHeartbeat.html...
Generating /opt/compile/guoyj/alluxio/core/common/target/apidocs/alluxio/thrift/class-use/FileSystemWorkerClientService.AsyncProcessor.html...
Generating /opt/compile/guoyj/alluxio/core/common/target/apidocs/alluxio/thrift/class-use/FileSystemWorkerClientService.AsyncProcessor.cancelUfsFile.html...
Generating /opt/compile/guoyj/alluxio/core/common/target/apidocs/alluxio/thrift/class-use/FileSystemWorkerClientService.AsyncProcessor.closeUfsFile.html...
Generating /opt/compile/guoyj/alluxio/core/common/target/apidocs/alluxio/thrift/class-use/FileSystemWorkerClientService.AsyncProcessor.completeUfsFile.html...
Generating /opt/compile/guoyj/alluxio/core/common/target/apidocs/alluxio/thrift/class-use/FileSystemWorkerClientService.AsyncProcessor.createUfsFile.html...
Generating /opt/compile/guoyj/alluxio/core/common/target/apidocs/alluxio/thrift/class-use/FileSystemWorkerClientService.AsyncProcessor.openUfsFile.html...
Generating /opt/compile/guoyj/alluxio/core/common/target/apidocs/alluxio/thrift/class-use/FileSystemWorkerClientService.AsyncProcessor.sessionHeartbeat.html...
Generating /opt/compile/guoyj/alluxio/core/common/target/apidocs/alluxio/thrift/class-use/FileSystemWorkerClientService.cancelUfsFile_args.html...
Generating /opt/compile/guoyj/alluxio/core/common/target/apidocs/alluxio/thrift/class-use/FileSystemWorkerClientService.cancelUfsFile_args._Fields.html...
Generating /opt/compile/guoyj/alluxio/core/common/target/apidocs/alluxio/thrift/class-use/FileSystemWorkerClientService.cancelUfsFile_result.html...
Generating /opt/compile/guoyj/alluxio/core/common/target/apidocs/alluxio/thrift/class-use/FileSystemWorkerClientService.cancelUfsFile_result._Fields.html...
Generating /opt/compile/guoyj/alluxio/core/common/target/apidocs/alluxio/thrift/class-use/FileSystemWorkerClientService.closeUfsFile_args.html...
Generating /opt/compile/guoyj/alluxio/core/common/target/apidocs/alluxio/thrift/class-use/FileSystemWorkerClientService.closeUfsFile_args._Fields.html...
Generating /opt/compile/guoyj/alluxio/core/common/target/apidocs/alluxio/thrift/class-use/FileSystemWorkerClientService.closeUfsFile_result.html...
Generating /opt/compile/guoyj/alluxio/core/common/target/apidocs/alluxio/thrift/class-use/FileSystemWorkerClientService.closeUfsFile_result._Fields.html...
Generating /opt/compile/guoyj/alluxio/core/common/target/apidocs/alluxio/thrift/class-use/FileSystemWorkerClientService.completeUfsFile_args.html...
Generating /opt/compile/guoyj/alluxio/core/common/target/apidocs/alluxio/thrift/class-use/FileSystemWorkerClientService.completeUfsFile_args._Fields.html...
Generating /opt/compile/guoyj/alluxio/core/common/target/apidocs/alluxio/thrift/class-use/FileSystemWorkerClientService.completeUfsFile_result.html...
Generating /opt/compile/guoyj/alluxio/core/common/target/apidocs/alluxio/thrift/class-use/FileSystemWorkerClientService.completeUfsFile_result._Fields.html...
Generating /opt/compile/guoyj/alluxio/core/common/target/apidocs/alluxio/thrift/class-use/FileSystemWorkerClientService.createUfsFile_args.html...
Generating /opt/compile/guoyj/alluxio/core/common/target/apidocs/alluxio/thrift/class-use/FileSystemWorkerClientService.createUfsFile_args._Fields.html...
Generating /opt/compile/guoyj/alluxio/core/common/target/apidocs/alluxio/thrift/class-use/FileSystemWorkerClientService.createUfsFile_result.html...
Generating /opt/compile/guoyj/alluxio/core/common/target/apidocs/alluxio/thrift/class-use/FileSystemWorkerClientService.createUfsFile_result._Fields.html...
Generating /opt/compile/guoyj/alluxio/core/common/target/apidocs/alluxio/thrift/class-use/FileSystemWorkerClientService.openUfsFile_args.html...
Generating /opt/compile/guoyj/alluxio/core/common/target/apidocs/alluxio/thrift/class-use/FileSystemWorkerClientService.openUfsFile_args._Fields.html...
Generating /opt/compile/guoyj/alluxio/core/common/target/apidocs/alluxio/thrift/class-use/FileSystemWorkerClientService.openUfsFile_result.html...
Generating /opt/compile/guoyj/alluxio/core/common/target/apidocs/alluxio/thrift/class-use/FileSystemWorkerClientService.openUfsFile_result._Fields.html...
Generating /opt/compile/guoyj/alluxio/core/common/target/apidocs/alluxio/thrift/class-use/FileSystemWorkerClientService.sessionHeartbeat_args.html...
Generating /opt/compile/guoyj/alluxio/core/common/target/apidocs/alluxio/thrift/class-use/FileSystemWorkerClientService.sessionHeartbeat_args._Fields.html...
Generating /opt/compile/guoyj/alluxio/core/common/target/apidocs/alluxio/thrift/class-use/FileSystemWorkerClientService.sessionHeartbeat_result.html...
Generating /opt/compile/guoyj/alluxio/core/common/target/apidocs/alluxio/thrift/class-use/FileSystemWorkerClientService.sessionHeartbeat_result._Fields.html...
Generating /opt/compile/guoyj/alluxio/core/common/target/apidocs/alluxio/thrift/class-use/WorkerNetAddress.html...
Generating /opt/compile/guoyj/alluxio/core/common/target/apidocs/alluxio/thrift/class-use/WorkerNetAddress._Fields.html...
Generating /opt/compile/guoyj/alluxio/core/common/target/apidocs/alluxio/thrift/class-use/JobConfInfo.html...
Generating /opt/compile/guoyj/alluxio/core/common/target/apidocs/alluxio/thrift/class-use/JobConfInfo._Fields.html...
Generating /opt/compile/guoyj/alluxio/core/common/target/apidocs/alluxio/thrift/class-use/MasterInfo.html...
Generating /opt/compile/guoyj/alluxio/core/common/target/apidocs/alluxio/thrift/class-use/MasterInfo._Fields.html...
Generating /opt/compile/guoyj/alluxio/core/common/target/apidocs/alluxio/thrift/class-use/MasterInfoField.html...
Generating /opt/compile/guoyj/alluxio/core/common/target/apidocs/alluxio/thrift/class-use/ThriftIOException.html...
Generating /opt/compile/guoyj/alluxio/core/common/target/apidocs/alluxio/thrift/class-use/ThriftIOException._Fields.html...
Generating /opt/compile/guoyj/alluxio/core/common/target/apidocs/alluxio/thrift/class-use/PersistFile.html...
Generating /opt/compile/guoyj/alluxio/core/common/target/apidocs/alluxio/thrift/class-use/PersistFile._Fields.html...
Generating /opt/compile/guoyj/alluxio/core/common/target/apidocs/alluxio/thrift/class-use/FileSystemMasterClientService.html...
Generating /opt/compile/guoyj/alluxio/core/common/target/apidocs/alluxio/thrift/class-use/FileSystemMasterClientService.Iface.html...
Generating /opt/compile/guoyj/alluxio/core/common/target/apidocs/alluxio/thrift/class-use/FileSystemMasterClientService.AsyncIface.html...
Generating /opt/compile/guoyj/alluxio/core/common/target/apidocs/alluxio/thrift/class-use/FileSystemMasterClientService.Client.html...
Generating /opt/compile/guoyj/alluxio/core/common/target/apidocs/alluxio/thrift/class-use/FileSystemMasterClientService.Client.Factory.html...
Generating /opt/compile/guoyj/alluxio/core/common/target/apidocs/alluxio/thrift/class-use/FileSystemMasterClientService.AsyncClient.html...
Generating /opt/compile/guoyj/alluxio/core/common/target/apidocs/alluxio/thrift/class-use/FileSystemMasterClientService.AsyncClient.Factory.html...
Generating /opt/compile/guoyj/alluxio/core/common/target/apidocs/alluxio/thrift/class-use/FileSystemMasterClientService.AsyncClient.checkConsistency_call.html...
Generating /opt/compile/guoyj/alluxio/core/common/target/apidocs/alluxio/thrift/class-use/FileSystemMasterClientService.AsyncClient.completeFile_call.html...
Generating /opt/compile/guoyj/alluxio/core/common/target/apidocs/alluxio/thrift/class-use/FileSystemMasterClientService.AsyncClient.createDirectory_call.html...
Generating /opt/compile/guoyj/alluxio/core/common/target/apidocs/alluxio/thrift/class-use/FileSystemMasterClientService.AsyncClient.createFile_call.html...
Generating /opt/compile/guoyj/alluxio/core/common/target/apidocs/alluxio/thrift/class-use/FileSystemMasterClientService.AsyncClient.free_call.html...
Generating /opt/compile/guoyj/alluxio/core/common/target/apidocs/alluxio/thrift/class-use/FileSystemMasterClientService.AsyncClient.getFileBlockInfoList_call.html...
Generating /opt/compile/guoyj/alluxio/core/common/target/apidocs/alluxio/thrift/class-use/FileSystemMasterClientService.AsyncClient.getStatus_call.html...
Generating /opt/compile/guoyj/alluxio/core/common/target/apidocs/alluxio/thrift/class-use/FileSystemMasterClientService.AsyncClient.getStatusForUfsLoad_call.html...
Generating /opt/compile/guoyj/alluxio/core/common/target/apidocs/alluxio/thrift/class-use/FileSystemMasterClientService.AsyncClient.getStatusInternal_call.html...
Generating /opt/compile/guoyj/alluxio/core/common/target/apidocs/alluxio/thrift/class-use/FileSystemMasterClientService.AsyncClient.getNewBlockIdForFile_call.html...
Generating /opt/compile/guoyj/alluxio/core/common/target/apidocs/alluxio/thrift/class-use/FileSystemMasterClientService.AsyncClient.getUfsAddress_call.html...
Generating /opt/compile/guoyj/alluxio/core/common/target/apidocs/alluxio/thrift/class-use/FileSystemMasterClientService.AsyncClient.listStatus_call.html...
Generating /opt/compile/guoyj/alluxio/core/common/target/apidocs/alluxio/thrift/class-use/FileSystemMasterClientService.AsyncClient.loadMetadata_call.html...
Generating /opt/compile/guoyj/alluxio/core/common/target/apidocs/alluxio/thrift/class-use/FileSystemMasterClientService.AsyncClient.mount_call.html...
Generating /opt/compile/guoyj/alluxio/core/common/target/apidocs/alluxio/thrift/class-use/FileSystemMasterClientService.AsyncClient.remove_call.html...
Generating /opt/compile/guoyj/alluxio/core/common/target/apidocs/alluxio/thrift/class-use/FileSystemMasterClientService.AsyncClient.rename_call.html...
Generating /opt/compile/guoyj/alluxio/core/common/target/apidocs/alluxio/thrift/class-use/FileSystemMasterClientService.AsyncClient.setAttribute_call.html...
Generating /opt/compile/guoyj/alluxio/core/common/target/apidocs/alluxio/thrift/class-use/FileSystemMasterClientService.AsyncClient.scheduleAsyncPersist_call.html...
Generating /opt/compile/guoyj/alluxio/core/common/target/apidocs/alluxio/thrift/class-use/FileSystemMasterClientService.AsyncClient.unmount_call.html...
Generating /opt/compile/guoyj/alluxio/core/common/target/apidocs/alluxio/thrift/class-use/FileSystemMasterClientService.AsyncClient.getMountPointWithPath_call.html...
Generating /opt/compile/guoyj/alluxio/core/common/target/apidocs/alluxio/thrift/class-use/FileSystemMasterClientService.AsyncClient.getMountPoint_call.html...
Generating /opt/compile/guoyj/alluxio/core/common/target/apidocs/alluxio/thrift/class-use/FileSystemMasterClientService.AsyncClient.refreshUserMustCacheList_call.html...
Generating /opt/compile/guoyj/alluxio/core/common/target/apidocs/alluxio/thrift/class-use/FileSystemMasterClientService.AsyncClient.getUserMustCacheList_call.html...
Generating /opt/compile/guoyj/alluxio/core/common/target/apidocs/alluxio/thrift/class-use/FileSystemMasterClientService.Processor.html...
Generating /opt/compile/guoyj/alluxio/core/common/target/apidocs/alluxio/thrift/class-use/FileSystemMasterClientService.Processor.checkConsistency.html...
Generating /opt/compile/guoyj/alluxio/core/common/target/apidocs/alluxio/thrift/class-use/FileSystemMasterClientService.Processor.completeFile.html...
Generating /opt/compile/guoyj/alluxio/core/common/target/apidocs/alluxio/thrift/class-use/FileSystemMasterClientService.Processor.createDirectory.html...
Generating /opt/compile/guoyj/alluxio/core/common/target/apidocs/alluxio/thrift/class-use/FileSystemMasterClientService.Processor.createFile.html...
Generating /opt/compile/guoyj/alluxio/core/common/target/apidocs/alluxio/thrift/class-use/FileSystemMasterClientService.Processor.free.html...
Generating /opt/compile/guoyj/alluxio/core/common/target/apidocs/alluxio/thrift/class-use/FileSystemMasterClientService.Processor.getFileBlockInfoList.html...
Generating /opt/compile/guoyj/alluxio/core/common/target/apidocs/alluxio/thrift/class-use/FileSystemMasterClientService.Processor.getStatus.html...
Generating /opt/compile/guoyj/alluxio/core/common/target/apidocs/alluxio/thrift/class-use/FileSystemMasterClientService.Processor.getStatusForUfsLoad.html...
Generating /opt/compile/guoyj/alluxio/core/common/target/apidocs/alluxio/thrift/class-use/FileSystemMasterClientService.Processor.getStatusInternal.html...
Generating /opt/compile/guoyj/alluxio/core/common/target/apidocs/alluxio/thrift/class-use/FileSystemMasterClientService.Processor.getNewBlockIdForFile.html...
Generating /opt/compile/guoyj/alluxio/core/common/target/apidocs/alluxio/thrift/class-use/FileSystemMasterClientService.Processor.getUfsAddress.html...
Generating /opt/compile/guoyj/alluxio/core/common/target/apidocs/alluxio/thrift/class-use/FileSystemMasterClientService.Processor.listStatus.html...
Generating /opt/compile/guoyj/alluxio/core/common/target/apidocs/alluxio/thrift/class-use/FileSystemMasterClientService.Processor.loadMetadata.html...
Generating /opt/compile/guoyj/alluxio/core/common/target/apidocs/alluxio/thrift/class-use/FileSystemMasterClientService.Processor.mount.html...
Generating /opt/compile/guoyj/alluxio/core/common/target/apidocs/alluxio/thrift/class-use/FileSystemMasterClientService.Processor.remove.html...
Generating /opt/compile/guoyj/alluxio/core/common/target/apidocs/alluxio/thrift/class-use/FileSystemMasterClientService.Processor.rename.html...
Generating /opt/compile/guoyj/alluxio/core/common/target/apidocs/alluxio/thrift/class-use/FileSystemMasterClientService.Processor.setAttribute.html...
Generating /opt/compile/guoyj/alluxio/core/common/target/apidocs/alluxio/thrift/class-use/FileSystemMasterClientService.Processor.scheduleAsyncPersist.html...
Generating /opt/compile/guoyj/alluxio/core/common/target/apidocs/alluxio/thrift/class-use/FileSystemMasterClientService.Processor.unmount.html...
Generating /opt/compile/guoyj/alluxio/core/common/target/apidocs/alluxio/thrift/class-use/FileSystemMasterClientService.Processor.getMountPointWithPath.html...
Generating /opt/compile/guoyj/alluxio/core/common/target/apidocs/alluxio/thrift/class-use/FileSystemMasterClientService.Processor.getMountPoint.html...
Generating /opt/compile/guoyj/alluxio/core/common/target/apidocs/alluxio/thrift/class-use/FileSystemMasterClientService.Processor.refreshUserMustCacheList.html...
Generating /opt/compile/guoyj/alluxio/core/common/target/apidocs/alluxio/thrift/class-use/FileSystemMasterClientService.Processor.getUserMustCacheList.html...
Generating /opt/compile/guoyj/alluxio/core/common/target/apidocs/alluxio/thrift/class-use/FileSystemMasterClientService.AsyncProcessor.html...
Generating /opt/compile/guoyj/alluxio/core/common/target/apidocs/alluxio/thrift/class-use/FileSystemMasterClientService.AsyncProcessor.checkConsistency.html...
Generating /opt/compile/guoyj/alluxio/core/common/target/apidocs/alluxio/thrift/class-use/FileSystemMasterClientService.AsyncProcessor.completeFile.html...
Generating /opt/compile/guoyj/alluxio/core/common/target/apidocs/alluxio/thrift/class-use/FileSystemMasterClientService.AsyncProcessor.createDirectory.html...
Generating /opt/compile/guoyj/alluxio/core/common/target/apidocs/alluxio/thrift/class-use/FileSystemMasterClientService.AsyncProcessor.createFile.html...
Generating /opt/compile/guoyj/alluxio/core/common/target/apidocs/alluxio/thrift/class-use/FileSystemMasterClientService.AsyncProcessor.free.html...
Generating /opt/compile/guoyj/alluxio/core/common/target/apidocs/alluxio/thrift/class-use/FileSystemMasterClientService.AsyncProcessor.getFileBlockInfoList.html...
Generating /opt/compile/guoyj/alluxio/core/common/target/apidocs/alluxio/thrift/class-use/FileSystemMasterClientService.AsyncProcessor.getStatus.html...
Generating /opt/compile/guoyj/alluxio/core/common/target/apidocs/alluxio/thrift/class-use/FileSystemMasterClientService.AsyncProcessor.getStatusForUfsLoad.html...
Generating /opt/compile/guoyj/alluxio/core/common/target/apidocs/alluxio/thrift/class-use/FileSystemMasterClientService.AsyncProcessor.getStatusInternal.html...
Generating /opt/compile/guoyj/alluxio/core/common/target/apidocs/alluxio/thrift/class-use/FileSystemMasterClientService.AsyncProcessor.getNewBlockIdForFile.html...
Generating /opt/compile/guoyj/alluxio/core/common/target/apidocs/alluxio/thrift/class-use/FileSystemMasterClientService.AsyncProcessor.getUfsAddress.html...
Generating /opt/compile/guoyj/alluxio/core/common/target/apidocs/alluxio/thrift/class-use/FileSystemMasterClientService.AsyncProcessor.listStatus.html...
Generating /opt/compile/guoyj/alluxio/core/common/target/apidocs/alluxio/thrift/class-use/FileSystemMasterClientService.AsyncProcessor.loadMetadata.html...
Generating /opt/compile/guoyj/alluxio/core/common/target/apidocs/alluxio/thrift/class-use/FileSystemMasterClientService.AsyncProcessor.mount.html...
Generating /opt/compile/guoyj/alluxio/core/common/target/apidocs/alluxio/thrift/class-use/FileSystemMasterClientService.AsyncProcessor.remove.html...
Generating /opt/compile/guoyj/alluxio/core/common/target/apidocs/alluxio/thrift/class-use/FileSystemMasterClientService.AsyncProcessor.rename.html...
Generating /opt/compile/guoyj/alluxio/core/common/target/apidocs/alluxio/thrift/class-use/FileSystemMasterClientService.AsyncProcessor.setAttribute.html...
Generating /opt/compile/guoyj/alluxio/core/common/target/apidocs/alluxio/thrift/class-use/FileSystemMasterClientService.AsyncProcessor.scheduleAsyncPersist.html...
Generating /opt/compile/guoyj/alluxio/core/common/target/apidocs/alluxio/thrift/class-use/FileSystemMasterClientService.AsyncProcessor.unmount.html...
Generating /opt/compile/guoyj/alluxio/core/common/target/apidocs/alluxio/thrift/class-use/FileSystemMasterClientService.AsyncProcessor.getMountPointWithPath.html...
Generating /opt/compile/guoyj/alluxio/core/common/target/apidocs/alluxio/thrift/class-use/FileSystemMasterClientService.AsyncProcessor.getMountPoint.html...
Generating /opt/compile/guoyj/alluxio/core/common/target/apidocs/alluxio/thrift/class-use/FileSystemMasterClientService.AsyncProcessor.refreshUserMustCacheList.html...
Generating /opt/compile/guoyj/alluxio/core/common/target/apidocs/alluxio/thrift/class-use/FileSystemMasterClientService.AsyncProcessor.getUserMustCacheList.html...
Generating /opt/compile/guoyj/alluxio/core/common/target/apidocs/alluxio/thrift/class-use/FileSystemMasterClientService.checkConsistency_args.html...
Generating /opt/compile/guoyj/alluxio/core/common/target/apidocs/alluxio/thrift/class-use/FileSystemMasterClientService.checkConsistency_args._Fields.html...
Generating /opt/compile/guoyj/alluxio/core/common/target/apidocs/alluxio/thrift/class-use/FileSystemMasterClientService.checkConsistency_result.html...
Generating /opt/compile/guoyj/alluxio/core/common/target/apidocs/alluxio/thrift/class-use/FileSystemMasterClientService.checkConsistency_result._Fields.html...
Generating /opt/compile/guoyj/alluxio/core/common/target/apidocs/alluxio/thrift/class-use/FileSystemMasterClientService.completeFile_args.html...
Generating /opt/compile/guoyj/alluxio/core/common/target/apidocs/alluxio/thrift/class-use/FileSystemMasterClientService.completeFile_args._Fields.html...
Generating /opt/compile/guoyj/alluxio/core/common/target/apidocs/alluxio/thrift/class-use/FileSystemMasterClientService.completeFile_result.html...
Generating /opt/compile/guoyj/alluxio/core/common/target/apidocs/alluxio/thrift/class-use/FileSystemMasterClientService.completeFile_result._Fields.html...
Generating /opt/compile/guoyj/alluxio/core/common/target/apidocs/alluxio/thrift/class-use/FileSystemMasterClientService.createDirectory_args.html...
Generating /opt/compile/guoyj/alluxio/core/common/target/apidocs/alluxio/thrift/class-use/FileSystemMasterClientService.createDirectory_args._Fields.html...
Generating /opt/compile/guoyj/alluxio/core/common/target/apidocs/alluxio/thrift/class-use/FileSystemMasterClientService.createDirectory_result.html...
Generating /opt/compile/guoyj/alluxio/core/common/target/apidocs/alluxio/thrift/class-use/FileSystemMasterClientService.createDirectory_result._Fields.html...
Generating /opt/compile/guoyj/alluxio/core/common/target/apidocs/alluxio/thrift/class-use/FileSystemMasterClientService.createFile_args.html...
Generating /opt/compile/guoyj/alluxio/core/common/target/apidocs/alluxio/thrift/class-use/FileSystemMasterClientService.createFile_args._Fields.html...
Generating /opt/compile/guoyj/alluxio/core/common/target/apidocs/alluxio/thrift/class-use/FileSystemMasterClientService.createFile_result.html...
Generating /opt/compile/guoyj/alluxio/core/common/target/apidocs/alluxio/thrift/class-use/FileSystemMasterClientService.createFile_result._Fields.html...
Generating /opt/compile/guoyj/alluxio/core/common/target/apidocs/alluxio/thrift/class-use/FileSystemMasterClientService.free_args.html...
Generating /opt/compile/guoyj/alluxio/core/common/target/apidocs/alluxio/thrift/class-use/FileSystemMasterClientService.free_args._Fields.html...
Generating /opt/compile/guoyj/alluxio/core/common/target/apidocs/alluxio/thrift/class-use/FileSystemMasterClientService.free_result.html...
Generating /opt/compile/guoyj/alluxio/core/common/target/apidocs/alluxio/thrift/class-use/FileSystemMasterClientService.free_result._Fields.html...
Generating /opt/compile/guoyj/alluxio/core/common/target/apidocs/alluxio/thrift/class-use/FileSystemMasterClientService.getFileBlockInfoList_args.html...
Generating /opt/compile/guoyj/alluxio/core/common/target/apidocs/alluxio/thrift/class-use/FileSystemMasterClientService.getFileBlockInfoList_args._Fields.html...
Generating /opt/compile/guoyj/alluxio/core/common/target/apidocs/alluxio/thrift/class-use/FileSystemMasterClientService.getFileBlockInfoList_result.html...
Generating /opt/compile/guoyj/alluxio/core/common/target/apidocs/alluxio/thrift/class-use/FileSystemMasterClientService.getFileBlockInfoList_result._Fields.html...
Generating /opt/compile/guoyj/alluxio/core/common/target/apidocs/alluxio/thrift/class-use/FileSystemMasterClientService.getStatus_args.html...
Generating /opt/compile/guoyj/alluxio/core/common/target/apidocs/alluxio/thrift/class-use/FileSystemMasterClientService.getStatus_args._Fields.html...
Generating /opt/compile/guoyj/alluxio/core/common/target/apidocs/alluxio/thrift/class-use/FileSystemMasterClientService.getStatus_result.html...
Generating /opt/compile/guoyj/alluxio/core/common/target/apidocs/alluxio/thrift/class-use/FileSystemMasterClientService.getStatus_result._Fields.html...
Generating /opt/compile/guoyj/alluxio/core/common/target/apidocs/alluxio/thrift/class-use/FileSystemMasterClientService.getStatusForUfsLoad_args.html...
Generating /opt/compile/guoyj/alluxio/core/common/target/apidocs/alluxio/thrift/class-use/FileSystemMasterClientService.getStatusForUfsLoad_args._Fields.html...
Generating /opt/compile/guoyj/alluxio/core/common/target/apidocs/alluxio/thrift/class-use/FileSystemMasterClientService.getStatusForUfsLoad_result.html...
Generating /opt/compile/guoyj/alluxio/core/common/target/apidocs/alluxio/thrift/class-use/FileSystemMasterClientService.getStatusForUfsLoad_result._Fields.html...
Generating /opt/compile/guoyj/alluxio/core/common/target/apidocs/alluxio/thrift/class-use/FileSystemMasterClientService.getStatusInternal_args.html...
Generating /opt/compile/guoyj/alluxio/core/common/target/apidocs/alluxio/thrift/class-use/FileSystemMasterClientService.getStatusInternal_args._Fields.html...
Generating /opt/compile/guoyj/alluxio/core/common/target/apidocs/alluxio/thrift/class-use/FileSystemMasterClientService.getStatusInternal_result.html...
Generating /opt/compile/guoyj/alluxio/core/common/target/apidocs/alluxio/thrift/class-use/FileSystemMasterClientService.getStatusInternal_result._Fields.html...
Generating /opt/compile/guoyj/alluxio/core/common/target/apidocs/alluxio/thrift/class-use/FileSystemMasterClientService.getNewBlockIdForFile_args.html...
Generating /opt/compile/guoyj/alluxio/core/common/target/apidocs/alluxio/thrift/class-use/FileSystemMasterClientService.getNewBlockIdForFile_args._Fields.html...
Generating /opt/compile/guoyj/alluxio/core/common/target/apidocs/alluxio/thrift/class-use/FileSystemMasterClientService.getNewBlockIdForFile_result.html...
Generating /opt/compile/guoyj/alluxio/core/common/target/apidocs/alluxio/thrift/class-use/FileSystemMasterClientService.getNewBlockIdForFile_result._Fields.html...
Generating /opt/compile/guoyj/alluxio/core/common/target/apidocs/alluxio/thrift/class-use/FileSystemMasterClientService.getUfsAddress_args.html...
Generating /opt/compile/guoyj/alluxio/core/common/target/apidocs/alluxio/thrift/class-use/FileSystemMasterClientService.getUfsAddress_args._Fields.html...
Generating /opt/compile/guoyj/alluxio/core/common/target/apidocs/alluxio/thrift/class-use/FileSystemMasterClientService.getUfsAddress_result.html...
Generating /opt/compile/guoyj/alluxio/core/common/target/apidocs/alluxio/thrift/class-use/FileSystemMasterClientService.getUfsAddress_result._Fields.html...
Generating /opt/compile/guoyj/alluxio/core/common/target/apidocs/alluxio/thrift/class-use/FileSystemMasterClientService.listStatus_args.html...
Generating /opt/compile/guoyj/alluxio/core/common/target/apidocs/alluxio/thrift/class-use/FileSystemMasterClientService.listStatus_args._Fields.html...
Generating /opt/compile/guoyj/alluxio/core/common/target/apidocs/alluxio/thrift/class-use/FileSystemMasterClientService.listStatus_result.html...
Generating /opt/compile/guoyj/alluxio/core/common/target/apidocs/alluxio/thrift/class-use/FileSystemMasterClientService.listStatus_result._Fields.html...
Generating /opt/compile/guoyj/alluxio/core/common/target/apidocs/alluxio/thrift/class-use/FileSystemMasterClientService.loadMetadata_args.html...
Generating /opt/compile/guoyj/alluxio/core/common/target/apidocs/alluxio/thrift/class-use/FileSystemMasterClientService.loadMetadata_args._Fields.html...
Generating /opt/compile/guoyj/alluxio/core/common/target/apidocs/alluxio/thrift/class-use/FileSystemMasterClientService.loadMetadata_result.html...
Generating /opt/compile/guoyj/alluxio/core/common/target/apidocs/alluxio/thrift/class-use/FileSystemMasterClientService.loadMetadata_result._Fields.html...
Generating /opt/compile/guoyj/alluxio/core/common/target/apidocs/alluxio/thrift/class-use/FileSystemMasterClientService.mount_args.html...
Generating /opt/compile/guoyj/alluxio/core/common/target/apidocs/alluxio/thrift/class-use/FileSystemMasterClientService.mount_args._Fields.html...
Generating /opt/compile/guoyj/alluxio/core/common/target/apidocs/alluxio/thrift/class-use/FileSystemMasterClientService.mount_result.html...
Generating /opt/compile/guoyj/alluxio/core/common/target/apidocs/alluxio/thrift/class-use/FileSystemMasterClientService.mount_result._Fields.html...
Generating /opt/compile/guoyj/alluxio/core/common/target/apidocs/alluxio/thrift/class-use/FileSystemMasterClientService.remove_args.html...
Generating /opt/compile/guoyj/alluxio/core/common/target/apidocs/alluxio/thrift/class-use/FileSystemMasterClientService.remove_args._Fields.html...
Generating /opt/compile/guoyj/alluxio/core/common/target/apidocs/alluxio/thrift/class-use/FileSystemMasterClientService.remove_result.html...
Generating /opt/compile/guoyj/alluxio/core/common/target/apidocs/alluxio/thrift/class-use/FileSystemMasterClientService.remove_result._Fields.html...
Generating /opt/compile/guoyj/alluxio/core/common/target/apidocs/alluxio/thrift/class-use/FileSystemMasterClientService.rename_args.html...
Generating /opt/compile/guoyj/alluxio/core/common/target/apidocs/alluxio/thrift/class-use/FileSystemMasterClientService.rename_args._Fields.html...
Generating /opt/compile/guoyj/alluxio/core/common/target/apidocs/alluxio/thrift/class-use/FileSystemMasterClientService.rename_result.html...
Generating /opt/compile/guoyj/alluxio/core/common/target/apidocs/alluxio/thrift/class-use/FileSystemMasterClientService.rename_result._Fields.html...
Generating /opt/compile/guoyj/alluxio/core/common/target/apidocs/alluxio/thrift/class-use/FileSystemMasterClientService.setAttribute_args.html...
Generating /opt/compile/guoyj/alluxio/core/common/target/apidocs/alluxio/thrift/class-use/FileSystemMasterClientService.setAttribute_args._Fields.html...
Generating /opt/compile/guoyj/alluxio/core/common/target/apidocs/alluxio/thrift/class-use/FileSystemMasterClientService.setAttribute_result.html...
Generating /opt/compile/guoyj/alluxio/core/common/target/apidocs/alluxio/thrift/class-use/FileSystemMasterClientService.setAttribute_result._Fields.html...
Generating /opt/compile/guoyj/alluxio/core/common/target/apidocs/alluxio/thrift/class-use/FileSystemMasterClientService.scheduleAsyncPersist_args.html...
Generating /opt/compile/guoyj/alluxio/core/common/target/apidocs/alluxio/thrift/class-use/FileSystemMasterClientService.scheduleAsyncPersist_args._Fields.html...
Generating /opt/compile/guoyj/alluxio/core/common/target/apidocs/alluxio/thrift/class-use/FileSystemMasterClientService.scheduleAsyncPersist_result.html...
Generating /opt/compile/guoyj/alluxio/core/common/target/apidocs/alluxio/thrift/class-use/FileSystemMasterClientService.scheduleAsyncPersist_result._Fields.html...
Generating /opt/compile/guoyj/alluxio/core/common/target/apidocs/alluxio/thrift/class-use/FileSystemMasterClientService.unmount_args.html...
Generating /opt/compile/guoyj/alluxio/core/common/target/apidocs/alluxio/thrift/class-use/FileSystemMasterClientService.unmount_args._Fields.html...
Generating /opt/compile/guoyj/alluxio/core/common/target/apidocs/alluxio/thrift/class-use/FileSystemMasterClientService.unmount_result.html...
Generating /opt/compile/guoyj/alluxio/core/common/target/apidocs/alluxio/thrift/class-use/FileSystemMasterClientService.unmount_result._Fields.html...
Generating /opt/compile/guoyj/alluxio/core/common/target/apidocs/alluxio/thrift/class-use/FileSystemMasterClientService.getMountPointWithPath_args.html...
Generating /opt/compile/guoyj/alluxio/core/common/target/apidocs/alluxio/thrift/class-use/FileSystemMasterClientService.getMountPointWithPath_args._Fields.html...
Generating /opt/compile/guoyj/alluxio/core/common/target/apidocs/alluxio/thrift/class-use/FileSystemMasterClientService.getMountPointWithPath_result.html...
Generating /opt/compile/guoyj/alluxio/core/common/target/apidocs/alluxio/thrift/class-use/FileSystemMasterClientService.getMountPointWithPath_result._Fields.html...
Generating /opt/compile/guoyj/alluxio/core/common/target/apidocs/alluxio/thrift/class-use/FileSystemMasterClientService.getMountPoint_args.html...
Generating /opt/compile/guoyj/alluxio/core/common/target/apidocs/alluxio/thrift/class-use/FileSystemMasterClientService.getMountPoint_args._Fields.html...
Generating /opt/compile/guoyj/alluxio/core/common/target/apidocs/alluxio/thrift/class-use/FileSystemMasterClientService.getMountPoint_result.html...
Generating /opt/compile/guoyj/alluxio/core/common/target/apidocs/alluxio/thrift/class-use/FileSystemMasterClientService.getMountPoint_result._Fields.html...
Generating /opt/compile/guoyj/alluxio/core/common/target/apidocs/alluxio/thrift/class-use/FileSystemMasterClientService.refreshUserMustCacheList_args.html...
Generating /opt/compile/guoyj/alluxio/core/common/target/apidocs/alluxio/thrift/class-use/FileSystemMasterClientService.refreshUserMustCacheList_args._Fields.html...
Generating /opt/compile/guoyj/alluxio/core/common/target/apidocs/alluxio/thrift/class-use/FileSystemMasterClientService.refreshUserMustCacheList_result.html...
Generating /opt/compile/guoyj/alluxio/core/common/target/apidocs/alluxio/thrift/class-use/FileSystemMasterClientService.refreshUserMustCacheList_result._Fields.html...
Generating /opt/compile/guoyj/alluxio/core/common/target/apidocs/alluxio/thrift/class-use/FileSystemMasterClientService.getUserMustCacheList_args.html...
Generating /opt/compile/guoyj/alluxio/core/common/target/apidocs/alluxio/thrift/class-use/FileSystemMasterClientService.getUserMustCacheList_args._Fields.html...
Generating /opt/compile/guoyj/alluxio/core/common/target/apidocs/alluxio/thrift/class-use/FileSystemMasterClientService.getUserMustCacheList_result.html...
Generating /opt/compile/guoyj/alluxio/core/common/target/apidocs/alluxio/thrift/class-use/FileSystemMasterClientService.getUserMustCacheList_result._Fields.html...
Generating /opt/compile/guoyj/alluxio/core/common/target/apidocs/alluxio/thrift/class-use/BlockMasterClientService.html...
Generating /opt/compile/guoyj/alluxio/core/common/target/apidocs/alluxio/thrift/class-use/BlockMasterClientService.Iface.html...
Generating /opt/compile/guoyj/alluxio/core/common/target/apidocs/alluxio/thrift/class-use/BlockMasterClientService.AsyncIface.html...
Generating /opt/compile/guoyj/alluxio/core/common/target/apidocs/alluxio/thrift/class-use/BlockMasterClientService.Client.html...
Generating /opt/compile/guoyj/alluxio/core/common/target/apidocs/alluxio/thrift/class-use/BlockMasterClientService.Client.Factory.html...
Generating /opt/compile/guoyj/alluxio/core/common/target/apidocs/alluxio/thrift/class-use/BlockMasterClientService.AsyncClient.html...
Generating /opt/compile/guoyj/alluxio/core/common/target/apidocs/alluxio/thrift/class-use/BlockMasterClientService.AsyncClient.Factory.html...
Generating /opt/compile/guoyj/alluxio/core/common/target/apidocs/alluxio/thrift/class-use/BlockMasterClientService.AsyncClient.getBlockInfo_call.html...
Generating /opt/compile/guoyj/alluxio/core/common/target/apidocs/alluxio/thrift/class-use/BlockMasterClientService.AsyncClient.getCapacityBytes_call.html...
Generating /opt/compile/guoyj/alluxio/core/common/target/apidocs/alluxio/thrift/class-use/BlockMasterClientService.AsyncClient.getUsedBytes_call.html...
Generating /opt/compile/guoyj/alluxio/core/common/target/apidocs/alluxio/thrift/class-use/BlockMasterClientService.AsyncClient.getWorkerInfoList_call.html...
Generating /opt/compile/guoyj/alluxio/core/common/target/apidocs/alluxio/thrift/class-use/BlockMasterClientService.Processor.html...
Generating /opt/compile/guoyj/alluxio/core/common/target/apidocs/alluxio/thrift/class-use/BlockMasterClientService.Processor.getBlockInfo.html...
Generating /opt/compile/guoyj/alluxio/core/common/target/apidocs/alluxio/thrift/class-use/BlockMasterClientService.Processor.getCapacityBytes.html...
Generating /opt/compile/guoyj/alluxio/core/common/target/apidocs/alluxio/thrift/class-use/BlockMasterClientService.Processor.getUsedBytes.html...
Generating /opt/compile/guoyj/alluxio/core/common/target/apidocs/alluxio/thrift/class-use/BlockMasterClientService.Processor.getWorkerInfoList.html...
Generating /opt/compile/guoyj/alluxio/core/common/target/apidocs/alluxio/thrift/class-use/BlockMasterClientService.AsyncProcessor.html...
Generating /opt/compile/guoyj/alluxio/core/common/target/apidocs/alluxio/thrift/class-use/BlockMasterClientService.AsyncProcessor.getBlockInfo.html...
Generating /opt/compile/guoyj/alluxio/core/common/target/apidocs/alluxio/thrift/class-use/BlockMasterClientService.AsyncProcessor.getCapacityBytes.html...
Generating /opt/compile/guoyj/alluxio/core/common/target/apidocs/alluxio/thrift/class-use/BlockMasterClientService.AsyncProcessor.getUsedBytes.html...
Generating /opt/compile/guoyj/alluxio/core/common/target/apidocs/alluxio/thrift/class-use/BlockMasterClientService.AsyncProcessor.getWorkerInfoList.html...
Generating /opt/compile/guoyj/alluxio/core/common/target/apidocs/alluxio/thrift/class-use/BlockMasterClientService.getBlockInfo_args.html...
Generating /opt/compile/guoyj/alluxio/core/common/target/apidocs/alluxio/thrift/class-use/BlockMasterClientService.getBlockInfo_args._Fields.html...
Generating /opt/compile/guoyj/alluxio/core/common/target/apidocs/alluxio/thrift/class-use/BlockMasterClientService.getBlockInfo_result.html...
Generating /opt/compile/guoyj/alluxio/core/common/target/apidocs/alluxio/thrift/class-use/BlockMasterClientService.getBlockInfo_result._Fields.html...
Generating /opt/compile/guoyj/alluxio/core/common/target/apidocs/alluxio/thrift/class-use/BlockMasterClientService.getCapacityBytes_args.html...
Generating /opt/compile/guoyj/alluxio/core/common/target/apidocs/alluxio/thrift/class-use/BlockMasterClientService.getCapacityBytes_args._Fields.html...
Generating /opt/compile/guoyj/alluxio/core/common/target/apidocs/alluxio/thrift/class-use/BlockMasterClientService.getCapacityBytes_result.html...
Generating /opt/compile/guoyj/alluxio/core/common/target/apidocs/alluxio/thrift/class-use/BlockMasterClientService.getCapacityBytes_result._Fields.html...
Generating /opt/compile/guoyj/alluxio/core/common/target/apidocs/alluxio/thrift/class-use/BlockMasterClientService.getUsedBytes_args.html...
Generating /opt/compile/guoyj/alluxio/core/common/target/apidocs/alluxio/thrift/class-use/BlockMasterClientService.getUsedBytes_args._Fields.html...
Generating /opt/compile/guoyj/alluxio/core/common/target/apidocs/alluxio/thrift/class-use/BlockMasterClientService.getUsedBytes_result.html...
Generating /opt/compile/guoyj/alluxio/core/common/target/apidocs/alluxio/thrift/class-use/BlockMasterClientService.getUsedBytes_result._Fields.html...
Generating /opt/compile/guoyj/alluxio/core/common/target/apidocs/alluxio/thrift/class-use/BlockMasterClientService.getWorkerInfoList_args.html...
Generating /opt/compile/guoyj/alluxio/core/common/target/apidocs/alluxio/thrift/class-use/BlockMasterClientService.getWorkerInfoList_args._Fields.html...
Generating /opt/compile/guoyj/alluxio/core/common/target/apidocs/alluxio/thrift/class-use/BlockMasterClientService.getWorkerInfoList_result.html...
Generating /opt/compile/guoyj/alluxio/core/common/target/apidocs/alluxio/thrift/class-use/BlockMasterClientService.getWorkerInfoList_result._Fields.html...
Generating /opt/compile/guoyj/alluxio/core/common/target/apidocs/alluxio/thrift/class-use/CompleteUfsFileTOptions.html...
Generating /opt/compile/guoyj/alluxio/core/common/target/apidocs/alluxio/thrift/class-use/CompleteUfsFileTOptions._Fields.html...
Generating /opt/compile/guoyj/alluxio/core/common/target/apidocs/alluxio/thrift/class-use/RpcOptions.html...
Generating /opt/compile/guoyj/alluxio/core/common/target/apidocs/alluxio/thrift/class-use/RpcOptions._Fields.html...
Generating /opt/compile/guoyj/alluxio/core/common/target/apidocs/alluxio/thrift/class-use/MetaMasterClientService.html...
Generating /opt/compile/guoyj/alluxio/core/common/target/apidocs/alluxio/thrift/class-use/MetaMasterClientService.Iface.html...
Generating /opt/compile/guoyj/alluxio/core/common/target/apidocs/alluxio/thrift/class-use/MetaMasterClientService.AsyncIface.html...
Generating /opt/compile/guoyj/alluxio/core/common/target/apidocs/alluxio/thrift/class-use/MetaMasterClientService.Client.html...
Generating /opt/compile/guoyj/alluxio/core/common/target/apidocs/alluxio/thrift/class-use/MetaMasterClientService.Client.Factory.html...
Generating /opt/compile/guoyj/alluxio/core/common/target/apidocs/alluxio/thrift/class-use/MetaMasterClientService.AsyncClient.html...
Generating /opt/compile/guoyj/alluxio/core/common/target/apidocs/alluxio/thrift/class-use/MetaMasterClientService.AsyncClient.Factory.html...
Generating /opt/compile/guoyj/alluxio/core/common/target/apidocs/alluxio/thrift/class-use/MetaMasterClientService.AsyncClient.getInfo_call.html...
Generating /opt/compile/guoyj/alluxio/core/common/target/apidocs/alluxio/thrift/class-use/MetaMasterClientService.Processor.html...
Generating /opt/compile/guoyj/alluxio/core/common/target/apidocs/alluxio/thrift/class-use/MetaMasterClientService.Processor.getInfo.html...
Generating /opt/compile/guoyj/alluxio/core/common/target/apidocs/alluxio/thrift/class-use/MetaMasterClientService.AsyncProcessor.html...
Generating /opt/compile/guoyj/alluxio/core/common/target/apidocs/alluxio/thrift/class-use/MetaMasterClientService.AsyncProcessor.getInfo.html...
Generating /opt/compile/guoyj/alluxio/core/common/target/apidocs/alluxio/thrift/class-use/MetaMasterClientService.getInfo_args.html...
Generating /opt/compile/guoyj/alluxio/core/common/target/apidocs/alluxio/thrift/class-use/MetaMasterClientService.getInfo_args._Fields.html...
Generating /opt/compile/guoyj/alluxio/core/common/target/apidocs/alluxio/thrift/class-use/MetaMasterClientService.getInfo_result.html...
Generating /opt/compile/guoyj/alluxio/core/common/target/apidocs/alluxio/thrift/class-use/MetaMasterClientService.getInfo_result._Fields.html...
Generating /opt/compile/guoyj/alluxio/core/common/target/apidocs/alluxio/thrift/class-use/BlockWorkerClientService.html...
Generating /opt/compile/guoyj/alluxio/core/common/target/apidocs/alluxio/thrift/class-use/BlockWorkerClientService.Iface.html...
Generating /opt/compile/guoyj/alluxio/core/common/target/apidocs/alluxio/thrift/class-use/BlockWorkerClientService.AsyncIface.html...
Generating /opt/compile/guoyj/alluxio/core/common/target/apidocs/alluxio/thrift/class-use/BlockWorkerClientService.Client.html...
Generating /opt/compile/guoyj/alluxio/core/common/target/apidocs/alluxio/thrift/class-use/BlockWorkerClientService.Client.Factory.html...
Generating /opt/compile/guoyj/alluxio/core/common/target/apidocs/alluxio/thrift/class-use/BlockWorkerClientService.AsyncClient.html...
Generating /opt/compile/guoyj/alluxio/core/common/target/apidocs/alluxio/thrift/class-use/BlockWorkerClientService.AsyncClient.Factory.html...
Generating /opt/compile/guoyj/alluxio/core/common/target/apidocs/alluxio/thrift/class-use/BlockWorkerClientService.AsyncClient.accessBlock_call.html...
Generating /opt/compile/guoyj/alluxio/core/common/target/apidocs/alluxio/thrift/class-use/BlockWorkerClientService.AsyncClient.cacheBlock_call.html...
Generating /opt/compile/guoyj/alluxio/core/common/target/apidocs/alluxio/thrift/class-use/BlockWorkerClientService.AsyncClient.cancelBlock_call.html...
Generating /opt/compile/guoyj/alluxio/core/common/target/apidocs/alluxio/thrift/class-use/BlockWorkerClientService.AsyncClient.lockBlock_call.html...
Generating /opt/compile/guoyj/alluxio/core/common/target/apidocs/alluxio/thrift/class-use/BlockWorkerClientService.AsyncClient.promoteBlock_call.html...
Generating /opt/compile/guoyj/alluxio/core/common/target/apidocs/alluxio/thrift/class-use/BlockWorkerClientService.AsyncClient.removeBlock_call.html...
Generating /opt/compile/guoyj/alluxio/core/common/target/apidocs/alluxio/thrift/class-use/BlockWorkerClientService.AsyncClient.requestBlockLocation_call.html...
Generating /opt/compile/guoyj/alluxio/core/common/target/apidocs/alluxio/thrift/class-use/BlockWorkerClientService.AsyncClient.requestSpace_call.html...
Generating /opt/compile/guoyj/alluxio/core/common/target/apidocs/alluxio/thrift/class-use/BlockWorkerClientService.AsyncClient.sessionHeartbeat_call.html...
Generating /opt/compile/guoyj/alluxio/core/common/target/apidocs/alluxio/thrift/class-use/BlockWorkerClientService.AsyncClient.unlockBlock_call.html...
Generating /opt/compile/guoyj/alluxio/core/common/target/apidocs/alluxio/thrift/class-use/BlockWorkerClientService.Processor.html...
Generating /opt/compile/guoyj/alluxio/core/common/target/apidocs/alluxio/thrift/class-use/BlockWorkerClientService.Processor.accessBlock.html...
Generating /opt/compile/guoyj/alluxio/core/common/target/apidocs/alluxio/thrift/class-use/BlockWorkerClientService.Processor.cacheBlock.html...
Generating /opt/compile/guoyj/alluxio/core/common/target/apidocs/alluxio/thrift/class-use/BlockWorkerClientService.Processor.cancelBlock.html...
Generating /opt/compile/guoyj/alluxio/core/common/target/apidocs/alluxio/thrift/class-use/BlockWorkerClientService.Processor.lockBlock.html...
Generating /opt/compile/guoyj/alluxio/core/common/target/apidocs/alluxio/thrift/class-use/BlockWorkerClientService.Processor.promoteBlock.html...
Generating /opt/compile/guoyj/alluxio/core/common/target/apidocs/alluxio/thrift/class-use/BlockWorkerClientService.Processor.removeBlock.html...
Generating /opt/compile/guoyj/alluxio/core/common/target/apidocs/alluxio/thrift/class-use/BlockWorkerClientService.Processor.requestBlockLocation.html...
Generating /opt/compile/guoyj/alluxio/core/common/target/apidocs/alluxio/thrift/class-use/BlockWorkerClientService.Processor.requestSpace.html...
Generating /opt/compile/guoyj/alluxio/core/common/target/apidocs/alluxio/thrift/class-use/BlockWorkerClientService.Processor.sessionHeartbeat.html...
Generating /opt/compile/guoyj/alluxio/core/common/target/apidocs/alluxio/thrift/class-use/BlockWorkerClientService.Processor.unlockBlock.html...
Generating /opt/compile/guoyj/alluxio/core/common/target/apidocs/alluxio/thrift/class-use/BlockWorkerClientService.AsyncProcessor.html...
Generating /opt/compile/guoyj/alluxio/core/common/target/apidocs/alluxio/thrift/class-use/BlockWorkerClientService.AsyncProcessor.accessBlock.html...
Generating /opt/compile/guoyj/alluxio/core/common/target/apidocs/alluxio/thrift/class-use/BlockWorkerClientService.AsyncProcessor.cacheBlock.html...
Generating /opt/compile/guoyj/alluxio/core/common/target/apidocs/alluxio/thrift/class-use/BlockWorkerClientService.AsyncProcessor.cancelBlock.html...
Generating /opt/compile/guoyj/alluxio/core/common/target/apidocs/alluxio/thrift/class-use/BlockWorkerClientService.AsyncProcessor.lockBlock.html...
Generating /opt/compile/guoyj/alluxio/core/common/target/apidocs/alluxio/thrift/class-use/BlockWorkerClientService.AsyncProcessor.promoteBlock.html...
Generating /opt/compile/guoyj/alluxio/core/common/target/apidocs/alluxio/thrift/class-use/BlockWorkerClientService.AsyncProcessor.removeBlock.html...
Generating /opt/compile/guoyj/alluxio/core/common/target/apidocs/alluxio/thrift/class-use/BlockWorkerClientService.AsyncProcessor.requestBlockLocation.html...
Generating /opt/compile/guoyj/alluxio/core/common/target/apidocs/alluxio/thrift/class-use/BlockWorkerClientService.AsyncProcessor.requestSpace.html...
Generating /opt/compile/guoyj/alluxio/core/common/target/apidocs/alluxio/thrift/class-use/BlockWorkerClientService.AsyncProcessor.sessionHeartbeat.html...
Generating /opt/compile/guoyj/alluxio/core/common/target/apidocs/alluxio/thrift/class-use/BlockWorkerClientService.AsyncProcessor.unlockBlock.html...
Generating /opt/compile/guoyj/alluxio/core/common/target/apidocs/alluxio/thrift/class-use/BlockWorkerClientService.accessBlock_args.html...
Generating /opt/compile/guoyj/alluxio/core/common/target/apidocs/alluxio/thrift/class-use/BlockWorkerClientService.accessBlock_args._Fields.html...
Generating /opt/compile/guoyj/alluxio/core/common/target/apidocs/alluxio/thrift/class-use/BlockWorkerClientService.accessBlock_result.html...
Generating /opt/compile/guoyj/alluxio/core/common/target/apidocs/alluxio/thrift/class-use/BlockWorkerClientService.accessBlock_result._Fields.html...
Generating /opt/compile/guoyj/alluxio/core/common/target/apidocs/alluxio/thrift/class-use/BlockWorkerClientService.cacheBlock_args.html...
Generating /opt/compile/guoyj/alluxio/core/common/target/apidocs/alluxio/thrift/class-use/BlockWorkerClientService.cacheBlock_args._Fields.html...
Generating /opt/compile/guoyj/alluxio/core/common/target/apidocs/alluxio/thrift/class-use/BlockWorkerClientService.cacheBlock_result.html...
Generating /opt/compile/guoyj/alluxio/core/common/target/apidocs/alluxio/thrift/class-use/BlockWorkerClientService.cacheBlock_result._Fields.html...
Generating /opt/compile/guoyj/alluxio/core/common/target/apidocs/alluxio/thrift/class-use/BlockWorkerClientService.cancelBlock_args.html...
Generating /opt/compile/guoyj/alluxio/core/common/target/apidocs/alluxio/thrift/class-use/BlockWorkerClientService.cancelBlock_args._Fields.html...
Generating /opt/compile/guoyj/alluxio/core/common/target/apidocs/alluxio/thrift/class-use/BlockWorkerClientService.cancelBlock_result.html...
Generating /opt/compile/guoyj/alluxio/core/common/target/apidocs/alluxio/thrift/class-use/BlockWorkerClientService.cancelBlock_result._Fields.html...
Generating /opt/compile/guoyj/alluxio/core/common/target/apidocs/alluxio/thrift/class-use/BlockWorkerClientService.lockBlock_args.html...
Generating /opt/compile/guoyj/alluxio/core/common/target/apidocs/alluxio/thrift/class-use/BlockWorkerClientService.lockBlock_args._Fields.html...
Generating /opt/compile/guoyj/alluxio/core/common/target/apidocs/alluxio/thrift/class-use/BlockWorkerClientService.lockBlock_result.html...
Generating /opt/compile/guoyj/alluxio/core/common/target/apidocs/alluxio/thrift/class-use/BlockWorkerClientService.lockBlock_result._Fields.html...
Generating /opt/compile/guoyj/alluxio/core/common/target/apidocs/alluxio/thrift/class-use/BlockWorkerClientService.promoteBlock_args.html...
Generating /opt/compile/guoyj/alluxio/core/common/target/apidocs/alluxio/thrift/class-use/BlockWorkerClientService.promoteBlock_args._Fields.html...
Generating /opt/compile/guoyj/alluxio/core/common/target/apidocs/alluxio/thrift/class-use/BlockWorkerClientService.promoteBlock_result.html...
Generating /opt/compile/guoyj/alluxio/core/common/target/apidocs/alluxio/thrift/class-use/BlockWorkerClientService.promoteBlock_result._Fields.html...
Generating /opt/compile/guoyj/alluxio/core/common/target/apidocs/alluxio/thrift/class-use/BlockWorkerClientService.removeBlock_args.html...
Generating /opt/compile/guoyj/alluxio/core/common/target/apidocs/alluxio/thrift/class-use/BlockWorkerClientService.removeBlock_args._Fields.html...
Generating /opt/compile/guoyj/alluxio/core/common/target/apidocs/alluxio/thrift/class-use/BlockWorkerClientService.removeBlock_result.html...
Generating /opt/compile/guoyj/alluxio/core/common/target/apidocs/alluxio/thrift/class-use/BlockWorkerClientService.removeBlock_result._Fields.html...
Generating /opt/compile/guoyj/alluxio/core/common/target/apidocs/alluxio/thrift/class-use/BlockWorkerClientService.requestBlockLocation_args.html...
Generating /opt/compile/guoyj/alluxio/core/common/target/apidocs/alluxio/thrift/class-use/BlockWorkerClientService.requestBlockLocation_args._Fields.html...
Generating /opt/compile/guoyj/alluxio/core/common/target/apidocs/alluxio/thrift/class-use/BlockWorkerClientService.requestBlockLocation_result.html...
Generating /opt/compile/guoyj/alluxio/core/common/target/apidocs/alluxio/thrift/class-use/BlockWorkerClientService.requestBlockLocation_result._Fields.html...
Generating /opt/compile/guoyj/alluxio/core/common/target/apidocs/alluxio/thrift/class-use/BlockWorkerClientService.requestSpace_args.html...
Generating /opt/compile/guoyj/alluxio/core/common/target/apidocs/alluxio/thrift/class-use/BlockWorkerClientService.requestSpace_args._Fields.html...
Generating /opt/compile/guoyj/alluxio/core/common/target/apidocs/alluxio/thrift/class-use/BlockWorkerClientService.requestSpace_result.html...
Generating /opt/compile/guoyj/alluxio/core/common/target/apidocs/alluxio/thrift/class-use/BlockWorkerClientService.requestSpace_result._Fields.html...
Generating /opt/compile/guoyj/alluxio/core/common/target/apidocs/alluxio/thrift/class-use/BlockWorkerClientService.sessionHeartbeat_args.html...
Generating /opt/compile/guoyj/alluxio/core/common/target/apidocs/alluxio/thrift/class-use/BlockWorkerClientService.sessionHeartbeat_args._Fields.html...
Generating /opt/compile/guoyj/alluxio/core/common/target/apidocs/alluxio/thrift/class-use/BlockWorkerClientService.sessionHeartbeat_result.html...
Generating /opt/compile/guoyj/alluxio/core/common/target/apidocs/alluxio/thrift/class-use/BlockWorkerClientService.sessionHeartbeat_result._Fields.html...
Generating /opt/compile/guoyj/alluxio/core/common/target/apidocs/alluxio/thrift/class-use/BlockWorkerClientService.unlockBlock_args.html...
Generating /opt/compile/guoyj/alluxio/core/common/target/apidocs/alluxio/thrift/class-use/BlockWorkerClientService.unlockBlock_args._Fields.html...
Generating /opt/compile/guoyj/alluxio/core/common/target/apidocs/alluxio/thrift/class-use/BlockWorkerClientService.unlockBlock_result.html...
Generating /opt/compile/guoyj/alluxio/core/common/target/apidocs/alluxio/thrift/class-use/BlockWorkerClientService.unlockBlock_result._Fields.html...
Generating /opt/compile/guoyj/alluxio/core/common/target/apidocs/alluxio/thrift/class-use/FileSystemCommand.html...
Generating /opt/compile/guoyj/alluxio/core/common/target/apidocs/alluxio/thrift/class-use/FileSystemCommand._Fields.html...
Generating /opt/compile/guoyj/alluxio/core/common/target/apidocs/alluxio/thrift/class-use/CreateFileTOptions.html...
Generating /opt/compile/guoyj/alluxio/core/common/target/apidocs/alluxio/thrift/class-use/CreateFileTOptions._Fields.html...
Generating /opt/compile/guoyj/alluxio/core/common/target/apidocs/alluxio/thrift/class-use/LoadMetadataTType.html...
Generating /opt/compile/guoyj/alluxio/core/common/target/apidocs/alluxio/thrift/class-use/Command.html...
Generating /opt/compile/guoyj/alluxio/core/common/target/apidocs/alluxio/thrift/class-use/Command._Fields.html...
Generating /opt/compile/guoyj/alluxio/core/common/target/apidocs/alluxio/thrift/class-use/BlockLocation.html...
Generating /opt/compile/guoyj/alluxio/core/common/target/apidocs/alluxio/thrift/class-use/BlockLocation._Fields.html...
Generating /opt/compile/guoyj/alluxio/core/common/target/apidocs/alluxio/thrift/class-use/CancelUfsFileTOptions.html...
Generating /opt/compile/guoyj/alluxio/core/common/target/apidocs/alluxio/thrift/class-use/CancelUfsFileTOptions._Fields.html...
Generating /opt/compile/guoyj/alluxio/core/common/target/apidocs/alluxio/thrift/class-use/BlockMasterWorkerService.html...
Generating /opt/compile/guoyj/alluxio/core/common/target/apidocs/alluxio/thrift/class-use/BlockMasterWorkerService.Iface.html...
Generating /opt/compile/guoyj/alluxio/core/common/target/apidocs/alluxio/thrift/class-use/BlockMasterWorkerService.AsyncIface.html...
Generating /opt/compile/guoyj/alluxio/core/common/target/apidocs/alluxio/thrift/class-use/BlockMasterWorkerService.Client.html...
Generating /opt/compile/guoyj/alluxio/core/common/target/apidocs/alluxio/thrift/class-use/BlockMasterWorkerService.Client.Factory.html...
Generating /opt/compile/guoyj/alluxio/core/common/target/apidocs/alluxio/thrift/class-use/BlockMasterWorkerService.AsyncClient.html...
Generating /opt/compile/guoyj/alluxio/core/common/target/apidocs/alluxio/thrift/class-use/BlockMasterWorkerService.AsyncClient.Factory.html...
Generating /opt/compile/guoyj/alluxio/core/common/target/apidocs/alluxio/thrift/class-use/BlockMasterWorkerService.AsyncClient.commitBlock_call.html...
Generating /opt/compile/guoyj/alluxio/core/common/target/apidocs/alluxio/thrift/class-use/BlockMasterWorkerService.AsyncClient.getWorkerId_call.html...
Generating /opt/compile/guoyj/alluxio/core/common/target/apidocs/alluxio/thrift/class-use/BlockMasterWorkerService.AsyncClient.heartbeat_call.html...
Generating /opt/compile/guoyj/alluxio/core/common/target/apidocs/alluxio/thrift/class-use/BlockMasterWorkerService.AsyncClient.registerWorker_call.html...
Generating /opt/compile/guoyj/alluxio/core/common/target/apidocs/alluxio/thrift/class-use/BlockMasterWorkerService.Processor.html...
Generating /opt/compile/guoyj/alluxio/core/common/target/apidocs/alluxio/thrift/class-use/BlockMasterWorkerService.Processor.commitBlock.html...
Generating /opt/compile/guoyj/alluxio/core/common/target/apidocs/alluxio/thrift/class-use/BlockMasterWorkerService.Processor.getWorkerId.html...
Generating /opt/compile/guoyj/alluxio/core/common/target/apidocs/alluxio/thrift/class-use/BlockMasterWorkerService.Processor.heartbeat.html...
Generating /opt/compile/guoyj/alluxio/core/common/target/apidocs/alluxio/thrift/class-use/BlockMasterWorkerService.Processor.registerWorker.html...
Generating /opt/compile/guoyj/alluxio/core/common/target/apidocs/alluxio/thrift/class-use/BlockMasterWorkerService.AsyncProcessor.html...
Generating /opt/compile/guoyj/alluxio/core/common/target/apidocs/alluxio/thrift/class-use/BlockMasterWorkerService.AsyncProcessor.commitBlock.html...
Generating /opt/compile/guoyj/alluxio/core/common/target/apidocs/alluxio/thrift/class-use/BlockMasterWorkerService.AsyncProcessor.getWorkerId.html...
Generating /opt/compile/guoyj/alluxio/core/common/target/apidocs/alluxio/thrift/class-use/BlockMasterWorkerService.AsyncProcessor.heartbeat.html...
Generating /opt/compile/guoyj/alluxio/core/common/target/apidocs/alluxio/thrift/class-use/BlockMasterWorkerService.AsyncProcessor.registerWorker.html...
Generating /opt/compile/guoyj/alluxio/core/common/target/apidocs/alluxio/thrift/class-use/BlockMasterWorkerService.commitBlock_args.html...
Generating /opt/compile/guoyj/alluxio/core/common/target/apidocs/alluxio/thrift/class-use/BlockMasterWorkerService.commitBlock_args._Fields.html...
Generating /opt/compile/guoyj/alluxio/core/common/target/apidocs/alluxio/thrift/class-use/BlockMasterWorkerService.commitBlock_result.html...
Generating /opt/compile/guoyj/alluxio/core/common/target/apidocs/alluxio/thrift/class-use/BlockMasterWorkerService.commitBlock_result._Fields.html...
Generating /opt/compile/guoyj/alluxio/core/common/target/apidocs/alluxio/thrift/class-use/BlockMasterWorkerService.getWorkerId_args.html...
Generating /opt/compile/guoyj/alluxio/core/common/target/apidocs/alluxio/thrift/class-use/BlockMasterWorkerService.getWorkerId_args._Fields.html...
Generating /opt/compile/guoyj/alluxio/core/common/target/apidocs/alluxio/thrift/class-use/BlockMasterWorkerService.getWorkerId_result.html...
Generating /opt/compile/guoyj/alluxio/core/common/target/apidocs/alluxio/thrift/class-use/BlockMasterWorkerService.getWorkerId_result._Fields.html...
Generating /opt/compile/guoyj/alluxio/core/common/target/apidocs/alluxio/thrift/class-use/BlockMasterWorkerService.heartbeat_args.html...
Generating /opt/compile/guoyj/alluxio/core/common/target/apidocs/alluxio/thrift/class-use/BlockMasterWorkerService.heartbeat_args._Fields.html...
Generating /opt/compile/guoyj/alluxio/core/common/target/apidocs/alluxio/thrift/class-use/BlockMasterWorkerService.heartbeat_result.html...
Generating /opt/compile/guoyj/alluxio/core/common/target/apidocs/alluxio/thrift/class-use/BlockMasterWorkerService.heartbeat_result._Fields.html...
Generating /opt/compile/guoyj/alluxio/core/common/target/apidocs/alluxio/thrift/class-use/BlockMasterWorkerService.registerWorker_args.html...
Generating /opt/compile/guoyj/alluxio/core/common/target/apidocs/alluxio/thrift/class-use/BlockMasterWorkerService.registerWorker_args._Fields.html...
Generating /opt/compile/guoyj/alluxio/core/common/target/apidocs/alluxio/thrift/class-use/BlockMasterWorkerService.registerWorker_result.html...
Generating /opt/compile/guoyj/alluxio/core/common/target/apidocs/alluxio/thrift/class-use/BlockMasterWorkerService.registerWorker_result._Fields.html...
Generating /opt/compile/guoyj/alluxio/core/common/target/apidocs/alluxio/thrift/class-use/CloseUfsFileTOptions.html...
Generating /opt/compile/guoyj/alluxio/core/common/target/apidocs/alluxio/thrift/class-use/CloseUfsFileTOptions._Fields.html...
Generating /opt/compile/guoyj/alluxio/core/common/target/apidocs/alluxio/thrift/class-use/WorkerInfo.html...
Generating /opt/compile/guoyj/alluxio/core/common/target/apidocs/alluxio/thrift/class-use/WorkerInfo._Fields.html...
Generating /opt/compile/guoyj/alluxio/core/common/target/apidocs/alluxio/thrift/class-use/MountPairInfo.html...
Generating /opt/compile/guoyj/alluxio/core/common/target/apidocs/alluxio/thrift/class-use/MountPairInfo._Fields.html...
Generating /opt/compile/guoyj/alluxio/core/common/target/apidocs/alluxio/thrift/class-use/LockBlockResult.html...
Generating /opt/compile/guoyj/alluxio/core/common/target/apidocs/alluxio/thrift/class-use/LockBlockResult._Fields.html...
Generating /opt/compile/guoyj/alluxio/core/common/target/apidocs/alluxio/thrift/class-use/CommandLineJobInfo.html...
Generating /opt/compile/guoyj/alluxio/core/common/target/apidocs/alluxio/thrift/class-use/CommandLineJobInfo._Fields.html...
Generating /opt/compile/guoyj/alluxio/core/common/target/apidocs/alluxio/thrift/class-use/FileSystemCommandOptions.html...
Generating /opt/compile/guoyj/alluxio/core/common/target/apidocs/alluxio/thrift/class-use/FileSystemCommandOptions._Fields.html...
Generating /opt/compile/guoyj/alluxio/core/common/target/apidocs/alluxio/thrift/class-use/LineageInfo.html...
Generating /opt/compile/guoyj/alluxio/core/common/target/apidocs/alluxio/thrift/class-use/LineageInfo._Fields.html...
Generating /opt/compile/guoyj/alluxio/core/common/target/apidocs/alluxio/thrift/class-use/MountTOptions.html...
Generating /opt/compile/guoyj/alluxio/core/common/target/apidocs/alluxio/thrift/class-use/MountTOptions._Fields.html...
Generating /opt/compile/guoyj/alluxio/core/common/target/apidocs/alluxio/thrift/class-use/PersistCommandOptions.html...
Generating /opt/compile/guoyj/alluxio/core/common/target/apidocs/alluxio/thrift/class-use/PersistCommandOptions._Fields.html...
Generating /opt/compile/guoyj/alluxio/core/common/target/apidocs/alluxio/thrift/class-use/CommandType.html...
Generating /opt/compile/guoyj/alluxio/core/common/target/apidocs/alluxio/thrift/class-use/CompleteFileTOptions.html...
Generating /opt/compile/guoyj/alluxio/core/common/target/apidocs/alluxio/thrift/class-use/CompleteFileTOptions._Fields.html...
Generating /opt/compile/guoyj/alluxio/core/common/target/apidocs/alluxio/thrift/class-use/AlluxioTException.html...
Generating /opt/compile/guoyj/alluxio/core/common/target/apidocs/alluxio/thrift/class-use/AlluxioTException._Fields.html...
Generating /opt/compile/guoyj/alluxio/core/common/target/apidocs/alluxio/thrift/class-use/FileSystemMasterWorkerService.html...
Generating /opt/compile/guoyj/alluxio/core/common/target/apidocs/alluxio/thrift/class-use/FileSystemMasterWorkerService.Iface.html...
Generating /opt/compile/guoyj/alluxio/core/common/target/apidocs/alluxio/thrift/class-use/FileSystemMasterWorkerService.AsyncIface.html...
Generating /opt/compile/guoyj/alluxio/core/common/target/apidocs/alluxio/thrift/class-use/FileSystemMasterWorkerService.Client.html...
Generating /opt/compile/guoyj/alluxio/core/common/target/apidocs/alluxio/thrift/class-use/FileSystemMasterWorkerService.Client.Factory.html...
Generating /opt/compile/guoyj/alluxio/core/common/target/apidocs/alluxio/thrift/class-use/FileSystemMasterWorkerService.AsyncClient.html...
Generating /opt/compile/guoyj/alluxio/core/common/target/apidocs/alluxio/thrift/class-use/FileSystemMasterWorkerService.AsyncClient.Factory.html...
Generating /opt/compile/guoyj/alluxio/core/common/target/apidocs/alluxio/thrift/class-use/FileSystemMasterWorkerService.AsyncClient.getFileInfo_call.html...
Generating /opt/compile/guoyj/alluxio/core/common/target/apidocs/alluxio/thrift/class-use/FileSystemMasterWorkerService.AsyncClient.getPinIdList_call.html...
Generating /opt/compile/guoyj/alluxio/core/common/target/apidocs/alluxio/thrift/class-use/FileSystemMasterWorkerService.AsyncClient.heartbeat_call.html...
Generating /opt/compile/guoyj/alluxio/core/common/target/apidocs/alluxio/thrift/class-use/FileSystemMasterWorkerService.Processor.html...
Generating /opt/compile/guoyj/alluxio/core/common/target/apidocs/alluxio/thrift/class-use/FileSystemMasterWorkerService.Processor.getFileInfo.html...
Generating /opt/compile/guoyj/alluxio/core/common/target/apidocs/alluxio/thrift/class-use/FileSystemMasterWorkerService.Processor.getPinIdList.html...
Generating /opt/compile/guoyj/alluxio/core/common/target/apidocs/alluxio/thrift/class-use/FileSystemMasterWorkerService.Processor.heartbeat.html...
Generating /opt/compile/guoyj/alluxio/core/common/target/apidocs/alluxio/thrift/class-use/FileSystemMasterWorkerService.AsyncProcessor.html...
Generating /opt/compile/guoyj/alluxio/core/common/target/apidocs/alluxio/thrift/class-use/FileSystemMasterWorkerService.AsyncProcessor.getFileInfo.html...
Generating /opt/compile/guoyj/alluxio/core/common/target/apidocs/alluxio/thrift/class-use/FileSystemMasterWorkerService.AsyncProcessor.getPinIdList.html...
Generating /opt/compile/guoyj/alluxio/core/common/target/apidocs/alluxio/thrift/class-use/FileSystemMasterWorkerService.AsyncProcessor.heartbeat.html...
Generating /opt/compile/guoyj/alluxio/core/common/target/apidocs/alluxio/thrift/class-use/FileSystemMasterWorkerService.getFileInfo_args.html...
Generating /opt/compile/guoyj/alluxio/core/common/target/apidocs/alluxio/thrift/class-use/FileSystemMasterWorkerService.getFileInfo_args._Fields.html...
Generating /opt/compile/guoyj/alluxio/core/common/target/apidocs/alluxio/thrift/class-use/FileSystemMasterWorkerService.getFileInfo_result.html...
Generating /opt/compile/guoyj/alluxio/core/common/target/apidocs/alluxio/thrift/class-use/FileSystemMasterWorkerService.getFileInfo_result._Fields.html...
Generating /opt/compile/guoyj/alluxio/core/common/target/apidocs/alluxio/thrift/class-use/FileSystemMasterWorkerService.getPinIdList_args.html...
Generating /opt/compile/guoyj/alluxio/core/common/target/apidocs/alluxio/thrift/class-use/FileSystemMasterWorkerService.getPinIdList_args._Fields.html...
Generating /opt/compile/guoyj/alluxio/core/common/target/apidocs/alluxio/thrift/class-use/FileSystemMasterWorkerService.getPinIdList_result.html...
Generating /opt/compile/guoyj/alluxio/core/common/target/apidocs/alluxio/thrift/class-use/FileSystemMasterWorkerService.getPinIdList_result._Fields.html...
Generating /opt/compile/guoyj/alluxio/core/common/target/apidocs/alluxio/thrift/class-use/FileSystemMasterWorkerService.heartbeat_args.html...
Generating /opt/compile/guoyj/alluxio/core/common/target/apidocs/alluxio/thrift/class-use/FileSystemMasterWorkerService.heartbeat_args._Fields.html...
Generating /opt/compile/guoyj/alluxio/core/common/target/apidocs/alluxio/thrift/class-use/FileSystemMasterWorkerService.heartbeat_result.html...
Generating /opt/compile/guoyj/alluxio/core/common/target/apidocs/alluxio/thrift/class-use/FileSystemMasterWorkerService.heartbeat_result._Fields.html...
Generating /opt/compile/guoyj/alluxio/core/common/target/apidocs/alluxio/thrift/class-use/DependencyInfo.html...
Generating /opt/compile/guoyj/alluxio/core/common/target/apidocs/alluxio/thrift/class-use/DependencyInfo._Fields.html...
Generating /opt/compile/guoyj/alluxio/core/common/target/apidocs/alluxio/thrift/class-use/FileInfo.html...
Generating /opt/compile/guoyj/alluxio/core/common/target/apidocs/alluxio/thrift/class-use/FileInfo._Fields.html...
Generating /opt/compile/guoyj/alluxio/core/common/target/apidocs/alluxio/thrift/class-use/CheckConsistencyTOptions.html...
Generating /opt/compile/guoyj/alluxio/core/common/target/apidocs/alluxio/thrift/class-use/CheckConsistencyTOptions._Fields.html...
Generating /opt/compile/guoyj/alluxio/core/common/target/apidocs/alluxio/thrift/class-use/SetAttributeTOptions.html...
Generating /opt/compile/guoyj/alluxio/core/common/target/apidocs/alluxio/thrift/class-use/SetAttributeTOptions._Fields.html...
Generating /opt/compile/guoyj/alluxio/core/common/target/apidocs/alluxio/exception/class-use/AlluxioException.html...
Generating /opt/compile/guoyj/alluxio/core/common/target/apidocs/alluxio/exception/class-use/FileAlreadyExistsException.html...
Generating /opt/compile/guoyj/alluxio/core/common/target/apidocs/alluxio/exception/class-use/BlockDoesNotExistException.html...
Generating /opt/compile/guoyj/alluxio/core/common/target/apidocs/alluxio/exception/class-use/InvalidFileSizeException.html...
Generating /opt/compile/guoyj/alluxio/core/common/target/apidocs/alluxio/exception/class-use/InvalidWorkerStateException.html...
Generating /opt/compile/guoyj/alluxio/core/common/target/apidocs/alluxio/exception/class-use/DependencyDoesNotExistException.html...
Generating /opt/compile/guoyj/alluxio/core/common/target/apidocs/alluxio/exception/class-use/WorkerOutOfSpaceException.html...
Generating /opt/compile/guoyj/alluxio/core/common/target/apidocs/alluxio/exception/class-use/BlockAlreadyExistsException.html...
Generating /opt/compile/guoyj/alluxio/core/common/target/apidocs/alluxio/exception/class-use/AccessControlException.html...
Generating /opt/compile/guoyj/alluxio/core/common/target/apidocs/alluxio/exception/class-use/LineageDoesNotExistException.html...
Generating /opt/compile/guoyj/alluxio/core/common/target/apidocs/alluxio/exception/class-use/BlockInfoException.html...
Generating /opt/compile/guoyj/alluxio/core/common/target/apidocs/alluxio/exception/class-use/DirectoryNotEmptyException.html...
Generating /opt/compile/guoyj/alluxio/core/common/target/apidocs/alluxio/exception/class-use/NoWorkerException.html...
Generating /opt/compile/guoyj/alluxio/core/common/target/apidocs/alluxio/exception/class-use/ExceptionMessage.html...
Generating /opt/compile/guoyj/alluxio/core/common/target/apidocs/alluxio/exception/class-use/PreconditionMessage.html...
Generating /opt/compile/guoyj/alluxio/core/common/target/apidocs/alluxio/exception/class-use/FileDoesNotExistException.html...
Generating /opt/compile/guoyj/alluxio/core/common/target/apidocs/alluxio/exception/class-use/InvalidPathException.html...
Generating /opt/compile/guoyj/alluxio/core/common/target/apidocs/alluxio/exception/class-use/FailedToCheckpointException.html...
Generating /opt/compile/guoyj/alluxio/core/common/target/apidocs/alluxio/exception/class-use/LineageDeletionException.html...
Generating /opt/compile/guoyj/alluxio/core/common/target/apidocs/alluxio/exception/class-use/ConnectionFailedException.html...
Generating /opt/compile/guoyj/alluxio/core/common/target/apidocs/alluxio/exception/class-use/UnexpectedAlluxioException.html...
Generating /opt/compile/guoyj/alluxio/core/common/target/apidocs/alluxio/exception/class-use/FileAlreadyCompletedException.html...
Generating /opt/compile/guoyj/alluxio/core/common/target/apidocs/alluxio/network/connection/class-use/NettyChannelPool.html...
Generating /opt/compile/guoyj/alluxio/core/common/target/apidocs/alluxio/network/connection/class-use/ThriftClientPool.html...
Generating /opt/compile/guoyj/alluxio/core/common/target/apidocs/alluxio/network/class-use/ChannelType.html...
Generating /opt/compile/guoyj/alluxio/core/common/target/apidocs/alluxio/network/protocol/class-use/RPCFileReadResponse.html...
Generating /opt/compile/guoyj/alluxio/core/common/target/apidocs/alluxio/network/protocol/class-use/EncodedMessage.html...
Generating /opt/compile/guoyj/alluxio/core/common/target/apidocs/alluxio/network/protocol/class-use/RPCMessage.html...
Generating /opt/compile/guoyj/alluxio/core/common/target/apidocs/alluxio/network/protocol/class-use/RPCMessage.Type.html...
Generating /opt/compile/guoyj/alluxio/core/common/target/apidocs/alluxio/network/protocol/class-use/RPCFileReadRequest.html...
Generating /opt/compile/guoyj/alluxio/core/common/target/apidocs/alluxio/network/protocol/class-use/RPCFileWriteResponse.html...
Generating /opt/compile/guoyj/alluxio/core/common/target/apidocs/alluxio/network/protocol/class-use/RPCErrorResponse.html...
Generating /opt/compile/guoyj/alluxio/core/common/target/apidocs/alluxio/network/protocol/class-use/RPCMessageEncoder.html...
Generating /opt/compile/guoyj/alluxio/core/common/target/apidocs/alluxio/network/protocol/class-use/RPCBlockReadResponse.html...
Generating /opt/compile/guoyj/alluxio/core/common/target/apidocs/alluxio/network/protocol/class-use/RPCProtoMessage.html...
Generating /opt/compile/guoyj/alluxio/core/common/target/apidocs/alluxio/network/protocol/class-use/RPCBlockReadRequest.html...
Generating /opt/compile/guoyj/alluxio/core/common/target/apidocs/alluxio/network/protocol/class-use/RPCResponse.html...
Generating /opt/compile/guoyj/alluxio/core/common/target/apidocs/alluxio/network/protocol/class-use/RPCResponse.Status.html...
Generating /opt/compile/guoyj/alluxio/core/common/target/apidocs/alluxio/network/protocol/class-use/Status.html...
Generating /opt/compile/guoyj/alluxio/core/common/target/apidocs/alluxio/network/protocol/class-use/RPCBlockWriteResponse.html...
Generating /opt/compile/guoyj/alluxio/core/common/target/apidocs/alluxio/network/protocol/class-use/RPCMessageDecoder.html...
Generating /opt/compile/guoyj/alluxio/core/common/target/apidocs/alluxio/network/protocol/class-use/RPCBlockWriteRequest.html...
Generating /opt/compile/guoyj/alluxio/core/common/target/apidocs/alluxio/network/protocol/class-use/RPCFileWriteRequest.html...
Generating /opt/compile/guoyj/alluxio/core/common/target/apidocs/alluxio/network/protocol/class-use/RPCRequest.html...
Generating /opt/compile/guoyj/alluxio/core/common/target/apidocs/alluxio/network/protocol/databuffer/class-use/DataByteBuffer.html...
Generating /opt/compile/guoyj/alluxio/core/common/target/apidocs/alluxio/network/protocol/databuffer/class-use/DataByteArrayChannel.html...
Generating /opt/compile/guoyj/alluxio/core/common/target/apidocs/alluxio/network/protocol/databuffer/class-use/DataFileChannel.html...
Generating /opt/compile/guoyj/alluxio/core/common/target/apidocs/alluxio/network/protocol/databuffer/class-use/DataNettyBufferV2.html...
Generating /opt/compile/guoyj/alluxio/core/common/target/apidocs/alluxio/network/protocol/databuffer/class-use/DataBuffer.html...
Generating /opt/compile/guoyj/alluxio/core/common/target/apidocs/alluxio/network/protocol/databuffer/class-use/DataNettyBuffer.html...
Generating /opt/compile/guoyj/alluxio/core/common/target/apidocs/alluxio/underfs/class-use/ObjectUnderFileInputStream.html...
Generating /opt/compile/guoyj/alluxio/core/common/target/apidocs/alluxio/underfs/class-use/AtomicFileOutputStream.html...
Generating /opt/compile/guoyj/alluxio/core/common/target/apidocs/alluxio/underfs/class-use/AtomicFileOutputStreamCallback.html...
Generating /opt/compile/guoyj/alluxio/core/common/target/apidocs/alluxio/underfs/class-use/BaseUnderFileSystem.html...
Generating /opt/compile/guoyj/alluxio/core/common/target/apidocs/alluxio/underfs/class-use/ObjectUnderFileSystem.html...
Generating /opt/compile/guoyj/alluxio/core/common/target/apidocs/alluxio/underfs/class-use/ObjectUnderFileSystem.ObjectStatus.html...
Generating /opt/compile/guoyj/alluxio/core/common/target/apidocs/alluxio/underfs/class-use/ObjectUnderFileSystem.ObjectListingChunk.html...
Generating /opt/compile/guoyj/alluxio/core/common/target/apidocs/alluxio/underfs/class-use/UnderFileSystem.html...
Generating /opt/compile/guoyj/alluxio/core/common/target/apidocs/alluxio/underfs/class-use/UnderFileSystem.Factory.html...
Generating /opt/compile/guoyj/alluxio/core/common/target/apidocs/alluxio/underfs/class-use/UnderFileSystem.SpaceType.html...
Generating /opt/compile/guoyj/alluxio/core/common/target/apidocs/alluxio/underfs/class-use/UnderFileSystemRegistry.html...
Generating /opt/compile/guoyj/alluxio/core/common/target/apidocs/alluxio/underfs/class-use/UnderFileSystemFactory.html...
Generating /opt/compile/guoyj/alluxio/core/common/target/apidocs/alluxio/underfs/class-use/MultiRangeObjectInputStream.html...
Generating /opt/compile/guoyj/alluxio/core/common/target/apidocs/alluxio/underfs/class-use/UnderFileStatus.html...
Generating /opt/compile/guoyj/alluxio/core/common/target/apidocs/alluxio/underfs/options/class-use/FileLocationOptions.html...
Generating /opt/compile/guoyj/alluxio/core/common/target/apidocs/alluxio/underfs/options/class-use/DeleteOptions.html...
Generating /opt/compile/guoyj/alluxio/core/common/target/apidocs/alluxio/underfs/options/class-use/ListOptions.html...
Generating /opt/compile/guoyj/alluxio/core/common/target/apidocs/alluxio/underfs/options/class-use/CreateOptions.html...
Generating /opt/compile/guoyj/alluxio/core/common/target/apidocs/alluxio/underfs/options/class-use/MkdirsOptions.html...
Generating /opt/compile/guoyj/alluxio/core/common/target/apidocs/alluxio/underfs/options/class-use/OpenOptions.html...
Generating /opt/compile/guoyj/alluxio/core/common/target/apidocs/alluxio/job/class-use/CommandLineJob.html...
Generating /opt/compile/guoyj/alluxio/core/common/target/apidocs/alluxio/job/class-use/JobConf.html...
Generating /opt/compile/guoyj/alluxio/core/common/target/apidocs/alluxio/job/class-use/Job.html...
Generating /opt/compile/guoyj/alluxio/core/common/target/apidocs/alluxio/security/login/class-use/AlluxioLoginModule.html...
Generating /opt/compile/guoyj/alluxio/core/common/target/apidocs/alluxio/security/login/class-use/LoginModuleConfigurationUtils.html...
Generating /opt/compile/guoyj/alluxio/core/common/target/apidocs/alluxio/security/login/class-use/AppLoginModule.html...
Generating /opt/compile/guoyj/alluxio/core/common/target/apidocs/alluxio/security/login/class-use/AppLoginModule.AppCallbackHandler.html...
Generating /opt/compile/guoyj/alluxio/core/common/target/apidocs/alluxio/security/login/class-use/LoginModuleConfiguration.html...
Generating /opt/compile/guoyj/alluxio/core/common/target/apidocs/alluxio/security/class-use/LoginUser.html...
Generating /opt/compile/guoyj/alluxio/core/common/target/apidocs/alluxio/security/class-use/User.html...
Generating /opt/compile/guoyj/alluxio/core/common/target/apidocs/alluxio/security/group/class-use/CachedGroupMapping.html...
Generating /opt/compile/guoyj/alluxio/core/common/target/apidocs/alluxio/security/group/class-use/GroupMappingService.html...
Generating /opt/compile/guoyj/alluxio/core/common/target/apidocs/alluxio/security/group/class-use/GroupMappingService.Factory.html...
Generating /opt/compile/guoyj/alluxio/core/common/target/apidocs/alluxio/security/group/provider/class-use/IdentityUserGroupsMapping.html...
Generating /opt/compile/guoyj/alluxio/core/common/target/apidocs/alluxio/security/group/provider/class-use/ShellBasedUnixGroupsMapping.html...
Generating /opt/compile/guoyj/alluxio/core/common/target/apidocs/alluxio/security/authentication/class-use/TransportProviderUtils.html...
Generating /opt/compile/guoyj/alluxio/core/common/target/apidocs/alluxio/security/authentication/class-use/CustomAuthenticationProvider.html...
Generating /opt/compile/guoyj/alluxio/core/common/target/apidocs/alluxio/security/authentication/class-use/NoSaslTransportProvider.html...
Generating /opt/compile/guoyj/alluxio/core/common/target/apidocs/alluxio/security/authentication/class-use/AuthenticatedClientUser.html...
Generating /opt/compile/guoyj/alluxio/core/common/target/apidocs/alluxio/security/authentication/class-use/PlainSaslServerCallbackHandler.html...
Generating /opt/compile/guoyj/alluxio/core/common/target/apidocs/alluxio/security/authentication/class-use/PlainSaslServerProvider.html...
Generating /opt/compile/guoyj/alluxio/core/common/target/apidocs/alluxio/security/authentication/class-use/AuthType.html...
Generating /opt/compile/guoyj/alluxio/core/common/target/apidocs/alluxio/security/authentication/class-use/PlainSaslServer.html...
Generating /opt/compile/guoyj/alluxio/core/common/target/apidocs/alluxio/security/authentication/class-use/PlainSaslServer.Factory.html...
Generating /opt/compile/guoyj/alluxio/core/common/target/apidocs/alluxio/security/authentication/class-use/PlainSaslClientCallbackHandler.html...
Generating /opt/compile/guoyj/alluxio/core/common/target/apidocs/alluxio/security/authentication/class-use/SimpleAuthenticationProvider.html...
Generating /opt/compile/guoyj/alluxio/core/common/target/apidocs/alluxio/security/authentication/class-use/TransportProvider.html...
Generating /opt/compile/guoyj/alluxio/core/common/target/apidocs/alluxio/security/authentication/class-use/TransportProvider.Factory.html...
Generating /opt/compile/guoyj/alluxio/core/common/target/apidocs/alluxio/security/authentication/class-use/PlainSaslTransportProvider.html...
Generating /opt/compile/guoyj/alluxio/core/common/target/apidocs/alluxio/security/authentication/class-use/AuthenticationProvider.html...
Generating /opt/compile/guoyj/alluxio/core/common/target/apidocs/alluxio/security/authentication/class-use/AuthenticationProvider.Factory.html...
Generating /opt/compile/guoyj/alluxio/core/common/target/apidocs/alluxio/security/authorization/class-use/Mode.html...
Generating /opt/compile/guoyj/alluxio/core/common/target/apidocs/alluxio/security/authorization/class-use/Mode.Bits.html...
Generating /opt/compile/guoyj/alluxio/core/common/target/apidocs/alluxio/security/authorization/class-use/Permission.html...
Generating /opt/compile/guoyj/alluxio/core/common/target/apidocs/alluxio/proto/dataserver/class-use/Protocol.html...
Generating /opt/compile/guoyj/alluxio/core/common/target/apidocs/alluxio/proto/dataserver/class-use/Protocol.RequestType.html...
Generating /opt/compile/guoyj/alluxio/core/common/target/apidocs/alluxio/proto/dataserver/class-use/Protocol.DataServerVersion.html...
Generating /opt/compile/guoyj/alluxio/core/common/target/apidocs/alluxio/proto/dataserver/class-use/Protocol.ExceptionOrBuilder.html...
Generating /opt/compile/guoyj/alluxio/core/common/target/apidocs/alluxio/proto/dataserver/class-use/Protocol.Exception.html...
Generating /opt/compile/guoyj/alluxio/core/common/target/apidocs/alluxio/proto/dataserver/class-use/Protocol.Exception.Builder.html...
Generating /opt/compile/guoyj/alluxio/core/common/target/apidocs/alluxio/proto/dataserver/class-use/Protocol.StatusOrBuilder.html...
Generating /opt/compile/guoyj/alluxio/core/common/target/apidocs/alluxio/proto/dataserver/class-use/Protocol.Status.html...
Generating /opt/compile/guoyj/alluxio/core/common/target/apidocs/alluxio/proto/dataserver/class-use/Protocol.Status.Code.html...
Generating /opt/compile/guoyj/alluxio/core/common/target/apidocs/alluxio/proto/dataserver/class-use/Protocol.Status.Builder.html...
Generating /opt/compile/guoyj/alluxio/core/common/target/apidocs/alluxio/proto/dataserver/class-use/Protocol.ReadRequestOrBuilder.html...
Generating /opt/compile/guoyj/alluxio/core/common/target/apidocs/alluxio/proto/dataserver/class-use/Protocol.ReadRequest.html...
Generating /opt/compile/guoyj/alluxio/core/common/target/apidocs/alluxio/proto/dataserver/class-use/Protocol.ReadRequest.Builder.html...
Generating /opt/compile/guoyj/alluxio/core/common/target/apidocs/alluxio/proto/dataserver/class-use/Protocol.WriteRequestOrBuilder.html...
Generating /opt/compile/guoyj/alluxio/core/common/target/apidocs/alluxio/proto/dataserver/class-use/Protocol.WriteRequest.html...
Generating /opt/compile/guoyj/alluxio/core/common/target/apidocs/alluxio/proto/dataserver/class-use/Protocol.WriteRequest.Builder.html...
Generating /opt/compile/guoyj/alluxio/core/common/target/apidocs/alluxio/proto/dataserver/class-use/Protocol.ResponseOrBuilder.html...
Generating /opt/compile/guoyj/alluxio/core/common/target/apidocs/alluxio/proto/dataserver/class-use/Protocol.Response.html...
Generating /opt/compile/guoyj/alluxio/core/common/target/apidocs/alluxio/proto/dataserver/class-use/Protocol.Response.Builder.html...
Generating /opt/compile/guoyj/alluxio/core/common/target/apidocs/alluxio/proto/dataserver/class-use/Protocol.VersionRequestOrBuilder.html...
Generating /opt/compile/guoyj/alluxio/core/common/target/apidocs/alluxio/proto/dataserver/class-use/Protocol.VersionRequest.html...
Generating /opt/compile/guoyj/alluxio/core/common/target/apidocs/alluxio/proto/dataserver/class-use/Protocol.VersionRequest.Builder.html...
Generating /opt/compile/guoyj/alluxio/core/common/target/apidocs/alluxio/proto/dataserver/class-use/Protocol.VersionResponseOrBuilder.html...
Generating /opt/compile/guoyj/alluxio/core/common/target/apidocs/alluxio/proto/dataserver/class-use/Protocol.VersionResponse.html...
Generating /opt/compile/guoyj/alluxio/core/common/target/apidocs/alluxio/proto/dataserver/class-use/Protocol.VersionResponse.Builder.html...
Generating /opt/compile/guoyj/alluxio/core/common/target/apidocs/alluxio/metrics/class-use/MetricsConfig.html...
Generating /opt/compile/guoyj/alluxio/core/common/target/apidocs/alluxio/metrics/class-use/MetricsSystem.html...
Generating /opt/compile/guoyj/alluxio/core/common/target/apidocs/alluxio/metrics/source/class-use/Source.html...
Generating /opt/compile/guoyj/alluxio/core/common/target/apidocs/alluxio/metrics/source/class-use/JvmSource.html...
Generating /opt/compile/guoyj/alluxio/core/common/target/apidocs/alluxio/metrics/sink/class-use/GraphiteSink.html...
Generating /opt/compile/guoyj/alluxio/core/common/target/apidocs/alluxio/metrics/sink/class-use/CsvSink.html...
Generating /opt/compile/guoyj/alluxio/core/common/target/apidocs/alluxio/metrics/sink/class-use/JmxSink.html...
Generating /opt/compile/guoyj/alluxio/core/common/target/apidocs/alluxio/metrics/sink/class-use/Sink.html...
Generating /opt/compile/guoyj/alluxio/core/common/target/apidocs/alluxio/metrics/sink/class-use/ConsoleSink.html...
Generating /opt/compile/guoyj/alluxio/core/common/target/apidocs/alluxio/worker/block/io/class-use/LocalFileBlockReader.html...
Generating /opt/compile/guoyj/alluxio/core/common/target/apidocs/alluxio/worker/block/io/class-use/BlockReader.html...
Generating /opt/compile/guoyj/alluxio/core/common/target/apidocs/alluxio/worker/block/io/class-use/LocalFileBlockWriter.html...
Generating /opt/compile/guoyj/alluxio/core/common/target/apidocs/alluxio/worker/block/io/class-use/BlockWriter.html...
Generating /opt/compile/guoyj/alluxio/core/common/target/apidocs/alluxio/worker/class-use/DataServerMessage.html...
Generating /opt/compile/guoyj/alluxio/core/common/target/apidocs/alluxio/wire/class-use/FileBlockInfo.html...
Generating /opt/compile/guoyj/alluxio/core/common/target/apidocs/alluxio/wire/class-use/BlockInfo.html...
Generating /opt/compile/guoyj/alluxio/core/common/target/apidocs/alluxio/wire/class-use/WorkerNetAddress.html...
Generating /opt/compile/guoyj/alluxio/core/common/target/apidocs/alluxio/wire/class-use/JobConfInfo.html...
Generating /opt/compile/guoyj/alluxio/core/common/target/apidocs/alluxio/wire/class-use/MasterInfo.html...
Generating /opt/compile/guoyj/alluxio/core/common/target/apidocs/alluxio/wire/class-use/MasterInfo.MasterInfoField.html...
Generating /opt/compile/guoyj/alluxio/core/common/target/apidocs/alluxio/wire/class-use/AlluxioWorkerInfo.html...
Generating /opt/compile/guoyj/alluxio/core/common/target/apidocs/alluxio/wire/class-use/LoadMetadataType.html...
Generating /opt/compile/guoyj/alluxio/core/common/target/apidocs/alluxio/wire/class-use/StartupConsistencyCheck.html...
Generating /opt/compile/guoyj/alluxio/core/common/target/apidocs/alluxio/wire/class-use/AlluxioMasterInfo.html...
Generating /opt/compile/guoyj/alluxio/core/common/target/apidocs/alluxio/wire/class-use/BlockLocation.html...
Generating /opt/compile/guoyj/alluxio/core/common/target/apidocs/alluxio/wire/class-use/WorkerInfo.html...
Generating /opt/compile/guoyj/alluxio/core/common/target/apidocs/alluxio/wire/class-use/MountPairInfo.html...
Generating /opt/compile/guoyj/alluxio/core/common/target/apidocs/alluxio/wire/class-use/LockBlockResult.html...
Generating /opt/compile/guoyj/alluxio/core/common/target/apidocs/alluxio/wire/class-use/CommandLineJobInfo.html...
Generating /opt/compile/guoyj/alluxio/core/common/target/apidocs/alluxio/wire/class-use/TtlAction.html...
Generating /opt/compile/guoyj/alluxio/core/common/target/apidocs/alluxio/wire/class-use/LineageInfo.html...
Generating /opt/compile/guoyj/alluxio/core/common/target/apidocs/alluxio/wire/class-use/MountPointInfo.html...
Generating /opt/compile/guoyj/alluxio/core/common/target/apidocs/alluxio/wire/class-use/Capacity.html...
Generating /opt/compile/guoyj/alluxio/core/common/target/apidocs/alluxio/wire/class-use/ThriftUtils.html...
Generating /opt/compile/guoyj/alluxio/core/common/target/apidocs/alluxio/wire/class-use/FileInfo.html...
Generating /opt/compile/guoyj/alluxio/core/common/target/apidocs/alluxio/replay/class-use/ReplayCache.html...
Generating /opt/compile/guoyj/alluxio/core/common/target/apidocs/alluxio/replay/class-use/ReplayCache.ReplayCallable.html...
Generating /opt/compile/guoyj/alluxio/core/common/target/apidocs/alluxio/replay/class-use/ReplayCache.ReplayCallableThrowsIOException.html...
Generating /opt/compile/guoyj/alluxio/core/common/target/apidocs/alluxio/collections/class-use/DirectedAcyclicGraphNode.html...
Generating /opt/compile/guoyj/alluxio/core/common/target/apidocs/alluxio/collections/class-use/ConcurrentHashSet.html...
Generating /opt/compile/guoyj/alluxio/core/common/target/apidocs/alluxio/collections/class-use/FieldIndex.html...
Generating /opt/compile/guoyj/alluxio/core/common/target/apidocs/alluxio/collections/class-use/PrefixList.html...
Generating /opt/compile/guoyj/alluxio/core/common/target/apidocs/alluxio/collections/class-use/Pair.html...
Generating /opt/compile/guoyj/alluxio/core/common/target/apidocs/alluxio/collections/class-use/DirectedAcyclicGraph.html...
Generating /opt/compile/guoyj/alluxio/core/common/target/apidocs/alluxio/collections/class-use/IndexedSet.html...
Generating /opt/compile/guoyj/alluxio/core/common/target/apidocs/alluxio/collections/class-use/NonUniqueFieldIndex.html...
Generating /opt/compile/guoyj/alluxio/core/common/target/apidocs/alluxio/collections/class-use/IndexDefinition.html...
Generating /opt/compile/guoyj/alluxio/core/common/target/apidocs/alluxio/collections/class-use/UniqueFieldIndex.html...
Generating /opt/compile/guoyj/alluxio/core/common/target/apidocs/alluxio/resource/class-use/Pool.html...
Generating /opt/compile/guoyj/alluxio/core/common/target/apidocs/alluxio/resource/class-use/ResourcePool.html...
Generating /opt/compile/guoyj/alluxio/core/common/target/apidocs/alluxio/resource/class-use/DynamicResourcePool.html...
Generating /opt/compile/guoyj/alluxio/core/common/target/apidocs/alluxio/resource/class-use/DynamicResourcePool.ResourceInternal.html...
Generating /opt/compile/guoyj/alluxio/core/common/target/apidocs/alluxio/resource/class-use/DynamicResourcePool.Options.html...
Generating /opt/compile/guoyj/alluxio/core/common/target/apidocs/alluxio/resource/class-use/CloseableResource.html...
Generating /opt/compile/guoyj/alluxio/core/common/target/apidocs/alluxio/resource/class-use/LockResource.html...
Generating /opt/compile/guoyj/alluxio/core/common/target/apidocs/alluxio/annotation/class-use/PublicApi.html...
Generating /opt/compile/guoyj/alluxio/core/common/target/apidocs/alluxio/package-use.html...
Generating /opt/compile/guoyj/alluxio/core/common/target/apidocs/alluxio/annotation/package-use.html...
Generating /opt/compile/guoyj/alluxio/core/common/target/apidocs/alluxio/clock/package-use.html...
Generating /opt/compile/guoyj/alluxio/core/common/target/apidocs/alluxio/collections/package-use.html...
Generating /opt/compile/guoyj/alluxio/core/common/target/apidocs/alluxio/exception/package-use.html...
Generating /opt/compile/guoyj/alluxio/core/common/target/apidocs/alluxio/heartbeat/package-use.html...
Generating /opt/compile/guoyj/alluxio/core/common/target/apidocs/alluxio/job/package-use.html...
Generating /opt/compile/guoyj/alluxio/core/common/target/apidocs/alluxio/master/block/package-use.html...
Generating /opt/compile/guoyj/alluxio/core/common/target/apidocs/alluxio/metrics/package-use.html...
Generating /opt/compile/guoyj/alluxio/core/common/target/apidocs/alluxio/metrics/sink/package-use.html...
Generating /opt/compile/guoyj/alluxio/core/common/target/apidocs/alluxio/metrics/source/package-use.html...
Generating /opt/compile/guoyj/alluxio/core/common/target/apidocs/alluxio/network/package-use.html...
Generating /opt/compile/guoyj/alluxio/core/common/target/apidocs/alluxio/network/connection/package-use.html...
Generating /opt/compile/guoyj/alluxio/core/common/target/apidocs/alluxio/network/protocol/package-use.html...
Generating /opt/compile/guoyj/alluxio/core/common/target/apidocs/alluxio/network/protocol/databuffer/package-use.html...
Generating /opt/compile/guoyj/alluxio/core/common/target/apidocs/alluxio/proto/dataserver/package-use.html...
Generating /opt/compile/guoyj/alluxio/core/common/target/apidocs/alluxio/replay/package-use.html...
Generating /opt/compile/guoyj/alluxio/core/common/target/apidocs/alluxio/resource/package-use.html...
Generating /opt/compile/guoyj/alluxio/core/common/target/apidocs/alluxio/retry/package-use.html...
Generating /opt/compile/guoyj/alluxio/core/common/target/apidocs/alluxio/security/package-use.html...
Generating /opt/compile/guoyj/alluxio/core/common/target/apidocs/alluxio/security/authentication/package-use.html...
Generating /opt/compile/guoyj/alluxio/core/common/target/apidocs/alluxio/security/authorization/package-use.html...
Generating /opt/compile/guoyj/alluxio/core/common/target/apidocs/alluxio/security/group/package-use.html...
Generating /opt/compile/guoyj/alluxio/core/common/target/apidocs/alluxio/security/group/provider/package-use.html...
Generating /opt/compile/guoyj/alluxio/core/common/target/apidocs/alluxio/security/login/package-use.html...
Generating /opt/compile/guoyj/alluxio/core/common/target/apidocs/alluxio/thrift/package-use.html...
Generating /opt/compile/guoyj/alluxio/core/common/target/apidocs/alluxio/time/package-use.html...
Generating /opt/compile/guoyj/alluxio/core/common/target/apidocs/alluxio/underfs/package-use.html...
Generating /opt/compile/guoyj/alluxio/core/common/target/apidocs/alluxio/underfs/options/package-use.html...
Generating /opt/compile/guoyj/alluxio/core/common/target/apidocs/alluxio/util/package-use.html...
Generating /opt/compile/guoyj/alluxio/core/common/target/apidocs/alluxio/util/executor/package-use.html...
Generating /opt/compile/guoyj/alluxio/core/common/target/apidocs/alluxio/util/io/package-use.html...
Generating /opt/compile/guoyj/alluxio/core/common/target/apidocs/alluxio/util/network/package-use.html...
Generating /opt/compile/guoyj/alluxio/core/common/target/apidocs/alluxio/wire/package-use.html...
Generating /opt/compile/guoyj/alluxio/core/common/target/apidocs/alluxio/worker/package-use.html...
Generating /opt/compile/guoyj/alluxio/core/common/target/apidocs/alluxio/worker/block/io/package-use.html...
Building index for all the packages and classes...
Generating /opt/compile/guoyj/alluxio/core/common/target/apidocs/overview-tree.html...
Generating /opt/compile/guoyj/alluxio/core/common/target/apidocs/index-all.html...
Generating /opt/compile/guoyj/alluxio/core/common/target/apidocs/deprecated-list.html...
Building index for all classes...
Generating /opt/compile/guoyj/alluxio/core/common/target/apidocs/allclasses-frame.html...
Generating /opt/compile/guoyj/alluxio/core/common/target/apidocs/allclasses-noframe.html...
Generating /opt/compile/guoyj/alluxio/core/common/target/apidocs/index.html...
Generating /opt/compile/guoyj/alluxio/core/common/target/apidocs/overview-summary.html...
Generating /opt/compile/guoyj/alluxio/core/common/target/apidocs/help-doc.html...
21 warnings
[WARNING] Javadoc Warnings
[WARNING] /opt/compile/guoyj/alluxio/core/common/src/main/java/alluxio/underfs/UnderFileSystem.java:498: warning - Tag @link: reference not found: UnderFileInputStream
[WARNING] /opt/compile/guoyj/alluxio/core/common/src/main/java/alluxio/underfs/UnderFileSystem.java:498: warning - Tag @link: reference not found: UnderFileInputStream
[WARNING] /opt/compile/guoyj/alluxio/core/common/src/main/java/alluxio/underfs/ObjectUnderFileInputStream.java:29: warning - Tag @link: reference not found: UnderFileInputStream
[WARNING] /opt/compile/guoyj/alluxio/core/common/src/main/java/alluxio/underfs/UnderFileSystem.java:508: warning - Tag @link: reference not found: UnderFileInputStream
[WARNING] /opt/compile/guoyj/alluxio/core/common/src/main/java/alluxio/underfs/UnderFileSystem.java:508: warning - Tag @link: reference not found: UnderFileInputStream
[WARNING] /opt/compile/guoyj/alluxio/core/common/src/main/java/alluxio/underfs/UnderFileSystem.java:498: warning - Tag @link: reference not found: UnderFileInputStream
[WARNING] /opt/compile/guoyj/alluxio/core/common/src/main/java/alluxio/underfs/UnderFileSystem.java:508: warning - Tag @link: reference not found: UnderFileInputStream
[WARNING] /opt/compile/guoyj/alluxio/core/common/src/main/java/alluxio/underfs/UnderFileSystem.java:498: warning - Tag @link: reference not found: UnderFileInputStream
[WARNING] /opt/compile/guoyj/alluxio/core/common/src/main/java/alluxio/underfs/UnderFileSystem.java:508: warning - Tag @link: reference not found: UnderFileInputStream
[WARNING] /opt/compile/guoyj/alluxio/core/common/src/main/java/alluxio/underfs/options/FileLocationOptions.java:25: warning - Tag @link: reference not found: UnderFileSystem
[WARNING] /opt/compile/guoyj/alluxio/core/common/src/main/java/alluxio/underfs/ObjectUnderFileInputStream.java:29: warning - Tag @link: reference not found: UnderFileInputStream
[WARNING] /opt/compile/guoyj/alluxio/core/common/src/main/java/alluxio/underfs/options/FileLocationOptions.java:25: warning - Tag @link: reference not found: UnderFileSystem
[WARNING] /opt/compile/guoyj/alluxio/core/common/src/main/java/alluxio/underfs/ObjectUnderFileInputStream.java:29: warning - Tag @link: reference not found: UnderFileInputStream
[WARNING] /opt/compile/guoyj/alluxio/core/common/src/main/java/alluxio/underfs/UnderFileSystem.java:508: warning - Tag @link: reference not found: UnderFileInputStream
[WARNING] /opt/compile/guoyj/alluxio/core/common/src/main/java/alluxio/underfs/options/FileLocationOptions.java:25: warning - Tag @link: reference not found: UnderFileSystem
[WARNING] /opt/compile/guoyj/alluxio/core/common/src/main/java/alluxio/underfs/options/FileLocationOptions.java:25: warning - Tag @link: reference not found: UnderFileSystem
[WARNING] /opt/compile/guoyj/alluxio/core/common/src/main/java/alluxio/underfs/options/FileLocationOptions.java:25: warning - Tag @link: reference not found: UnderFileSystem
[WARNING] /opt/compile/guoyj/alluxio/core/common/src/main/java/alluxio/underfs/options/FileLocationOptions.java:25: warning - Tag @link: reference not found: UnderFileSystem
[WARNING] /opt/compile/guoyj/alluxio/core/common/src/main/java/alluxio/underfs/ObjectUnderFileInputStream.java:29: warning - Tag @link: reference not found: UnderFileInputStream
[WARNING] /opt/compile/guoyj/alluxio/core/common/src/main/java/alluxio/underfs/UnderFileSystem.java:498: warning - Tag @link: reference not found: UnderFileInputStream
[WARNING] /opt/compile/guoyj/alluxio/core/common/src/main/java/alluxio/underfs/UnderFileSystem.java:508: warning - Tag @link: reference not found: UnderFileInputStream
[INFO] Building jar: /opt/compile/guoyj/alluxio/core/common/target/alluxio-core-common-1.4.1-SNAPSHOT-javadoc.jar
[INFO] 
[INFO] --- maven-jar-plugin:2.4:test-jar (default) @ alluxio-core-common ---
[INFO] Building jar: /opt/compile/guoyj/alluxio/core/common/target/alluxio-core-common-1.4.1-SNAPSHOT-tests.jar
[INFO]                                                                         
[INFO] ------------------------------------------------------------------------
[INFO] Building Alluxio Under File System 1.4.1-SNAPSHOT
[INFO] ------------------------------------------------------------------------
[INFO] 
[INFO] --- maven-clean-plugin:2.5:clean (default-clean) @ alluxio-underfs ---
[INFO] Deleting /opt/compile/guoyj/alluxio/underfs/target
[INFO] 
[INFO] --- build-helper-maven-plugin:1.10:regex-property (parse-hadoop-major-version) @ alluxio-underfs ---
[INFO] No match to regex '^1\..*$' found in '2.4.0'. The initial value '2.4.0' is left as-is...
[INFO] 
[INFO] --- maven-enforcer-plugin:1.4:enforce (enforce-maven) @ alluxio-underfs ---
[INFO] 
[INFO] --- maven-enforcer-plugin:1.4:enforce (enforce-versions) @ alluxio-underfs ---
[INFO] 
[INFO] --- maven-checkstyle-plugin:2.17:check (checkstyle) @ alluxio-underfs ---
[INFO] 
[INFO] --- license-maven-plugin:2.9:check (default) @ alluxio-underfs ---
[INFO] Checking licenses...
[INFO] 
[INFO] >>> findbugs-maven-plugin:3.0.2:check (default) > :findbugs @ alluxio-underfs >>>
[INFO] 
[INFO] --- findbugs-maven-plugin:3.0.2:findbugs (findbugs) @ alluxio-underfs ---
[INFO] 
[INFO] <<< findbugs-maven-plugin:3.0.2:check (default) < :findbugs @ alluxio-underfs <<<
[INFO] 
[INFO] --- findbugs-maven-plugin:3.0.2:check (default) @ alluxio-underfs ---
[INFO] 
[INFO] >>> maven-source-plugin:2.3:jar (attach-sources) > generate-sources @ alluxio-underfs >>>
[INFO] 
[INFO] --- build-helper-maven-plugin:1.10:regex-property (parse-hadoop-major-version) @ alluxio-underfs ---
[INFO] No match to regex '^1\..*$' found in '2.4.0'. The initial value '2.4.0' is left as-is...
[INFO] 
[INFO] --- maven-enforcer-plugin:1.4:enforce (enforce-maven) @ alluxio-underfs ---
[INFO] 
[INFO] --- maven-enforcer-plugin:1.4:enforce (enforce-versions) @ alluxio-underfs ---
[INFO] 
[INFO] --- maven-checkstyle-plugin:2.17:check (checkstyle) @ alluxio-underfs ---
[INFO] 
[INFO] --- license-maven-plugin:2.9:check (default) @ alluxio-underfs ---
[INFO] Checking licenses...
[INFO] 
[INFO] <<< maven-source-plugin:2.3:jar (attach-sources) < generate-sources @ alluxio-underfs <<<
[INFO] 
[INFO] --- maven-source-plugin:2.3:jar (attach-sources) @ alluxio-underfs ---
[INFO] 
[INFO] --- maven-javadoc-plugin:2.9:jar (attach-javadoc) @ alluxio-underfs ---
[INFO] Not executing Javadoc as the project is not a Java classpath-capable package
[INFO]                                                                         
[INFO] ------------------------------------------------------------------------
[INFO] Building Alluxio Under File System - Local FS 1.4.1-SNAPSHOT
[INFO] ------------------------------------------------------------------------
[INFO] 
[INFO] --- maven-clean-plugin:2.5:clean (default-clean) @ alluxio-underfs-local ---
[INFO] Deleting /opt/compile/guoyj/alluxio/underfs/local/target
[INFO] 
[INFO] --- build-helper-maven-plugin:1.10:regex-property (parse-hadoop-major-version) @ alluxio-underfs-local ---
[INFO] No match to regex '^1\..*$' found in '2.4.0'. The initial value '2.4.0' is left as-is...
[INFO] 
[INFO] --- maven-enforcer-plugin:1.4:enforce (enforce-maven) @ alluxio-underfs-local ---
[INFO] 
[INFO] --- maven-enforcer-plugin:1.4:enforce (enforce-versions) @ alluxio-underfs-local ---
[INFO] 
[INFO] --- maven-checkstyle-plugin:2.17:check (checkstyle) @ alluxio-underfs-local ---
[INFO] 
[INFO] --- license-maven-plugin:2.9:check (default) @ alluxio-underfs-local ---
[INFO] Checking licenses...
[INFO] 
[INFO] --- maven-resources-plugin:2.6:resources (default-resources) @ alluxio-underfs-local ---
[INFO] Using 'UTF-8' encoding to copy filtered resources.
[INFO] Copying 1 resource
[INFO] 
[INFO] --- maven-compiler-plugin:3.2:compile (default-compile) @ alluxio-underfs-local ---
[INFO] Changes detected - recompiling the module!
[INFO] Compiling 3 source files to /opt/compile/guoyj/alluxio/underfs/local/target/classes
[INFO] 
[INFO] >>> findbugs-maven-plugin:3.0.2:check (default) > :findbugs @ alluxio-underfs-local >>>
[INFO] 
[INFO] --- findbugs-maven-plugin:3.0.2:findbugs (findbugs) @ alluxio-underfs-local ---
[INFO] Fork Value is true
[INFO] Done FindBugs Analysis....
[INFO] 
[INFO] <<< findbugs-maven-plugin:3.0.2:check (default) < :findbugs @ alluxio-underfs-local <<<
[INFO] 
[INFO] --- findbugs-maven-plugin:3.0.2:check (default) @ alluxio-underfs-local ---
[INFO] BugInstance size is 0
[INFO] Error size is 0
[INFO] No errors/warnings found
[INFO] 
[INFO] --- maven-resources-plugin:2.6:testResources (default-testResources) @ alluxio-underfs-local ---
[INFO] Using 'UTF-8' encoding to copy filtered resources.
[INFO] Copying 1 resource
[INFO] 
[INFO] --- maven-compiler-plugin:3.2:testCompile (default-testCompile) @ alluxio-underfs-local ---
[INFO] Changes detected - recompiling the module!
[INFO] Compiling 2 source files to /opt/compile/guoyj/alluxio/underfs/local/target/test-classes
[INFO] 
[INFO] --- maven-surefire-plugin:2.19.1:test (default-test) @ alluxio-underfs-local ---
[INFO] Tests are skipped.
[INFO] 
[INFO] --- maven-jar-plugin:2.4:jar (default-jar) @ alluxio-underfs-local ---
[INFO] Building jar: /opt/compile/guoyj/alluxio/underfs/local/target/alluxio-underfs-local-1.4.1-SNAPSHOT.jar
[INFO] 
[INFO] >>> maven-source-plugin:2.3:jar (attach-sources) > generate-sources @ alluxio-underfs-local >>>
[INFO] 
[INFO] --- build-helper-maven-plugin:1.10:regex-property (parse-hadoop-major-version) @ alluxio-underfs-local ---
[INFO] No match to regex '^1\..*$' found in '2.4.0'. The initial value '2.4.0' is left as-is...
[INFO] 
[INFO] --- maven-enforcer-plugin:1.4:enforce (enforce-maven) @ alluxio-underfs-local ---
[INFO] 
[INFO] --- maven-enforcer-plugin:1.4:enforce (enforce-versions) @ alluxio-underfs-local ---
[INFO] 
[INFO] --- maven-checkstyle-plugin:2.17:check (checkstyle) @ alluxio-underfs-local ---
[INFO] 
[INFO] --- license-maven-plugin:2.9:check (default) @ alluxio-underfs-local ---
[INFO] Checking licenses...
[INFO] 
[INFO] <<< maven-source-plugin:2.3:jar (attach-sources) < generate-sources @ alluxio-underfs-local <<<
[INFO] 
[INFO] --- maven-source-plugin:2.3:jar (attach-sources) @ alluxio-underfs-local ---
[INFO] Building jar: /opt/compile/guoyj/alluxio/underfs/local/target/alluxio-underfs-local-1.4.1-SNAPSHOT-sources.jar
[INFO] 
[INFO] --- maven-javadoc-plugin:2.9:jar (attach-javadoc) @ alluxio-underfs-local ---
[INFO] 
Loading source files for package alluxio.underfs.local...
Constructing Javadoc information...
Standard Doclet version 1.7.0_60-ea
Building tree for all the packages and classes...
Generating /opt/compile/guoyj/alluxio/underfs/local/target/apidocs/alluxio/underfs/local/LocalUnderFileInputStream.html...
Generating /opt/compile/guoyj/alluxio/underfs/local/target/apidocs/alluxio/underfs/local/LocalUnderFileSystem.html...
Generating /opt/compile/guoyj/alluxio/underfs/local/target/apidocs/alluxio/underfs/local/LocalUnderFileSystemFactory.html...
Generating /opt/compile/guoyj/alluxio/underfs/local/target/apidocs/alluxio/underfs/local/package-frame.html...
Generating /opt/compile/guoyj/alluxio/underfs/local/target/apidocs/alluxio/underfs/local/package-summary.html...
Generating /opt/compile/guoyj/alluxio/underfs/local/target/apidocs/alluxio/underfs/local/package-tree.html...
Generating /opt/compile/guoyj/alluxio/underfs/local/target/apidocs/constant-values.html...
Generating /opt/compile/guoyj/alluxio/underfs/local/target/apidocs/alluxio/underfs/local/class-use/LocalUnderFileInputStream.html...
Generating /opt/compile/guoyj/alluxio/underfs/local/target/apidocs/alluxio/underfs/local/class-use/LocalUnderFileSystem.html...
Generating /opt/compile/guoyj/alluxio/underfs/local/target/apidocs/alluxio/underfs/local/class-use/LocalUnderFileSystemFactory.html...
Generating /opt/compile/guoyj/alluxio/underfs/local/target/apidocs/alluxio/underfs/local/package-use.html...
Building index for all the packages and classes...
Generating /opt/compile/guoyj/alluxio/underfs/local/target/apidocs/overview-tree.html...
Generating /opt/compile/guoyj/alluxio/underfs/local/target/apidocs/index-all.html...
Generating /opt/compile/guoyj/alluxio/underfs/local/target/apidocs/deprecated-list.html...
Building index for all classes...
Generating /opt/compile/guoyj/alluxio/underfs/local/target/apidocs/allclasses-frame.html...
Generating /opt/compile/guoyj/alluxio/underfs/local/target/apidocs/allclasses-noframe.html...
Generating /opt/compile/guoyj/alluxio/underfs/local/target/apidocs/index.html...
Generating /opt/compile/guoyj/alluxio/underfs/local/target/apidocs/help-doc.html...
3 warnings
[WARNING] Javadoc Warnings
[WARNING] /opt/compile/guoyj/alluxio/underfs/local/src/main/java/alluxio/underfs/local/LocalUnderFileInputStream.java:28: warning - Tag @link: reference not found: UnderFileInputStream
[WARNING] /opt/compile/guoyj/alluxio/underfs/local/src/main/java/alluxio/underfs/local/LocalUnderFileInputStream.java:28: warning - Tag @link: reference not found: UnderFileInputStream
[WARNING] /opt/compile/guoyj/alluxio/underfs/local/src/main/java/alluxio/underfs/local/LocalUnderFileInputStream.java:28: warning - Tag @link: reference not found: UnderFileInputStream
[INFO] Building jar: /opt/compile/guoyj/alluxio/underfs/local/target/alluxio-underfs-local-1.4.1-SNAPSHOT-javadoc.jar
[INFO]                                                                         
[INFO] ------------------------------------------------------------------------
[INFO] Building Alluxio Under File System - HDFS 1.4.1-SNAPSHOT
[INFO] ------------------------------------------------------------------------
[INFO] 
[INFO] --- maven-clean-plugin:2.5:clean (default-clean) @ alluxio-underfs-hdfs ---
[INFO] Deleting /opt/compile/guoyj/alluxio/underfs/hdfs/target
[INFO] 
[INFO] --- build-helper-maven-plugin:1.10:regex-property (parse-hadoop-major-version) @ alluxio-underfs-hdfs ---
[INFO] No match to regex '^1\..*$' found in '2.4.0'. The initial value '2.4.0' is left as-is...
[INFO] 
[INFO] --- maven-enforcer-plugin:1.4:enforce (enforce-maven) @ alluxio-underfs-hdfs ---
[INFO] 
[INFO] --- maven-enforcer-plugin:1.4:enforce (enforce-versions) @ alluxio-underfs-hdfs ---
[INFO] 
[INFO] --- maven-checkstyle-plugin:2.17:check (checkstyle) @ alluxio-underfs-hdfs ---
[INFO] 
[INFO] --- license-maven-plugin:2.9:check (default) @ alluxio-underfs-hdfs ---
[INFO] Checking licenses...
[INFO] 
[INFO] --- maven-resources-plugin:2.6:resources (default-resources) @ alluxio-underfs-hdfs ---
[INFO] Using 'UTF-8' encoding to copy filtered resources.
[INFO] Copying 1 resource
[INFO] 
[INFO] --- maven-compiler-plugin:3.2:compile (default-compile) @ alluxio-underfs-hdfs ---
[INFO] Changes detected - recompiling the module!
[INFO] Compiling 4 source files to /opt/compile/guoyj/alluxio/underfs/hdfs/target/classes
[INFO] /opt/compile/guoyj/alluxio/underfs/hdfs/src/main/java/alluxio/underfs/hdfs/HdfsUnderFileSystem.java: /opt/compile/guoyj/alluxio/underfs/hdfs/src/main/java/alluxio/underfs/hdfs/HdfsUnderFileSystem.java uses or overrides a deprecated API.
[INFO] /opt/compile/guoyj/alluxio/underfs/hdfs/src/main/java/alluxio/underfs/hdfs/HdfsUnderFileSystem.java: Recompile with -Xlint:deprecation for details.
[INFO] 
[INFO] >>> findbugs-maven-plugin:3.0.2:check (default) > :findbugs @ alluxio-underfs-hdfs >>>
[INFO] 
[INFO] --- findbugs-maven-plugin:3.0.2:findbugs (findbugs) @ alluxio-underfs-hdfs ---
[INFO] Fork Value is true
[INFO] Done FindBugs Analysis....
[INFO] 
[INFO] <<< findbugs-maven-plugin:3.0.2:check (default) < :findbugs @ alluxio-underfs-hdfs <<<
[INFO] 
[INFO] --- findbugs-maven-plugin:3.0.2:check (default) @ alluxio-underfs-hdfs ---
[INFO] BugInstance size is 0
[INFO] Error size is 0
[INFO] No errors/warnings found
[INFO] 
[INFO] --- maven-resources-plugin:2.6:testResources (default-testResources) @ alluxio-underfs-hdfs ---
[INFO] Using 'UTF-8' encoding to copy filtered resources.
[INFO] Copying 1 resource
[INFO] 
[INFO] --- maven-compiler-plugin:3.2:testCompile (default-testCompile) @ alluxio-underfs-hdfs ---
[INFO] Changes detected - recompiling the module!
[INFO] Compiling 3 source files to /opt/compile/guoyj/alluxio/underfs/hdfs/target/test-classes
[INFO] 
[INFO] --- maven-surefire-plugin:2.19.1:test (default-test) @ alluxio-underfs-hdfs ---
[INFO] Tests are skipped.
[INFO] 
[INFO] --- maven-jar-plugin:2.4:jar (default-jar) @ alluxio-underfs-hdfs ---
[INFO] Building jar: /opt/compile/guoyj/alluxio/underfs/hdfs/target/alluxio-underfs-hdfs-1.4.1-SNAPSHOT.jar
[INFO] 
[INFO] >>> maven-source-plugin:2.3:jar (attach-sources) > generate-sources @ alluxio-underfs-hdfs >>>
[INFO] 
[INFO] --- build-helper-maven-plugin:1.10:regex-property (parse-hadoop-major-version) @ alluxio-underfs-hdfs ---
[INFO] No match to regex '^1\..*$' found in '2.4.0'. The initial value '2.4.0' is left as-is...
[INFO] 
[INFO] --- maven-enforcer-plugin:1.4:enforce (enforce-maven) @ alluxio-underfs-hdfs ---
[INFO] 
[INFO] --- maven-enforcer-plugin:1.4:enforce (enforce-versions) @ alluxio-underfs-hdfs ---
[INFO] 
[INFO] --- maven-checkstyle-plugin:2.17:check (checkstyle) @ alluxio-underfs-hdfs ---
[INFO] 
[INFO] --- license-maven-plugin:2.9:check (default) @ alluxio-underfs-hdfs ---
[INFO] Checking licenses...
[INFO] 
[INFO] <<< maven-source-plugin:2.3:jar (attach-sources) < generate-sources @ alluxio-underfs-hdfs <<<
[INFO] 
[INFO] --- maven-source-plugin:2.3:jar (attach-sources) @ alluxio-underfs-hdfs ---
[INFO] Building jar: /opt/compile/guoyj/alluxio/underfs/hdfs/target/alluxio-underfs-hdfs-1.4.1-SNAPSHOT-sources.jar
[INFO] 
[INFO] --- maven-javadoc-plugin:2.9:jar (attach-javadoc) @ alluxio-underfs-hdfs ---
[INFO] 
Loading source files for package alluxio.underfs.hdfs...
Constructing Javadoc information...
Standard Doclet version 1.7.0_60-ea
Building tree for all the packages and classes...
Generating /opt/compile/guoyj/alluxio/underfs/hdfs/target/apidocs/alluxio/underfs/hdfs/HdfsUnderFileInputStream.html...
Generating /opt/compile/guoyj/alluxio/underfs/hdfs/target/apidocs/alluxio/underfs/hdfs/HdfsUnderFileSystem.html...
Generating /opt/compile/guoyj/alluxio/underfs/hdfs/target/apidocs/alluxio/underfs/hdfs/HdfsUnderFileSystemFactory.html...
Generating /opt/compile/guoyj/alluxio/underfs/hdfs/target/apidocs/alluxio/underfs/hdfs/HdfsUnderFileSystemUtils.html...
Generating /opt/compile/guoyj/alluxio/underfs/hdfs/target/apidocs/alluxio/underfs/hdfs/package-frame.html...
Generating /opt/compile/guoyj/alluxio/underfs/hdfs/target/apidocs/alluxio/underfs/hdfs/package-summary.html...
Generating /opt/compile/guoyj/alluxio/underfs/hdfs/target/apidocs/alluxio/underfs/hdfs/package-tree.html...
Generating /opt/compile/guoyj/alluxio/underfs/hdfs/target/apidocs/constant-values.html...
Generating /opt/compile/guoyj/alluxio/underfs/hdfs/target/apidocs/alluxio/underfs/hdfs/class-use/HdfsUnderFileInputStream.html...
Generating /opt/compile/guoyj/alluxio/underfs/hdfs/target/apidocs/alluxio/underfs/hdfs/class-use/HdfsUnderFileSystemFactory.html...
Generating /opt/compile/guoyj/alluxio/underfs/hdfs/target/apidocs/alluxio/underfs/hdfs/class-use/HdfsUnderFileSystemUtils.html...
Generating /opt/compile/guoyj/alluxio/underfs/hdfs/target/apidocs/alluxio/underfs/hdfs/class-use/HdfsUnderFileSystem.html...
Generating /opt/compile/guoyj/alluxio/underfs/hdfs/target/apidocs/alluxio/underfs/hdfs/package-use.html...
Building index for all the packages and classes...
Generating /opt/compile/guoyj/alluxio/underfs/hdfs/target/apidocs/overview-tree.html...
Generating /opt/compile/guoyj/alluxio/underfs/hdfs/target/apidocs/index-all.html...
Generating /opt/compile/guoyj/alluxio/underfs/hdfs/target/apidocs/deprecated-list.html...
Building index for all classes...
Generating /opt/compile/guoyj/alluxio/underfs/hdfs/target/apidocs/allclasses-frame.html...
Generating /opt/compile/guoyj/alluxio/underfs/hdfs/target/apidocs/allclasses-noframe.html...
Generating /opt/compile/guoyj/alluxio/underfs/hdfs/target/apidocs/index.html...
Generating /opt/compile/guoyj/alluxio/underfs/hdfs/target/apidocs/help-doc.html...
3 warnings
[WARNING] Javadoc Warnings
[WARNING] /opt/compile/guoyj/alluxio/underfs/hdfs/src/main/java/alluxio/underfs/hdfs/HdfsUnderFileInputStream.java:27: warning - Tag @link: reference not found: UnderFileInputStream
[WARNING] /opt/compile/guoyj/alluxio/underfs/hdfs/src/main/java/alluxio/underfs/hdfs/HdfsUnderFileInputStream.java:27: warning - Tag @link: reference not found: UnderFileInputStream
[WARNING] /opt/compile/guoyj/alluxio/underfs/hdfs/src/main/java/alluxio/underfs/hdfs/HdfsUnderFileInputStream.java:27: warning - Tag @link: reference not found: UnderFileInputStream
[INFO] Building jar: /opt/compile/guoyj/alluxio/underfs/hdfs/target/alluxio-underfs-hdfs-1.4.1-SNAPSHOT-javadoc.jar
[INFO]                                                                         
[INFO] ------------------------------------------------------------------------
[INFO] Building Alluxio Under File System - Gluster FS 1.4.1-SNAPSHOT
[INFO] ------------------------------------------------------------------------
[INFO] 
[INFO] --- maven-clean-plugin:2.5:clean (default-clean) @ alluxio-underfs-glusterfs ---
[INFO] Deleting /opt/compile/guoyj/alluxio/underfs/glusterfs/target
[INFO] 
[INFO] --- build-helper-maven-plugin:1.10:regex-property (parse-hadoop-major-version) @ alluxio-underfs-glusterfs ---
[INFO] No match to regex '^1\..*$' found in '2.4.0'. The initial value '2.4.0' is left as-is...
[INFO] 
[INFO] --- maven-enforcer-plugin:1.4:enforce (enforce-maven) @ alluxio-underfs-glusterfs ---
[INFO] 
[INFO] --- maven-enforcer-plugin:1.4:enforce (enforce-versions) @ alluxio-underfs-glusterfs ---
[INFO] 
[INFO] --- maven-checkstyle-plugin:2.17:check (checkstyle) @ alluxio-underfs-glusterfs ---
[INFO] 
[INFO] --- license-maven-plugin:2.9:check (default) @ alluxio-underfs-glusterfs ---
[INFO] Checking licenses...
[INFO] 
[INFO] --- maven-resources-plugin:2.6:resources (default-resources) @ alluxio-underfs-glusterfs ---
[INFO] Using 'UTF-8' encoding to copy filtered resources.
[INFO] Copying 1 resource
[INFO] 
[INFO] --- maven-compiler-plugin:3.2:compile (default-compile) @ alluxio-underfs-glusterfs ---
[INFO] Changes detected - recompiling the module!
[INFO] Compiling 2 source files to /opt/compile/guoyj/alluxio/underfs/glusterfs/target/classes
[INFO] 
[INFO] >>> findbugs-maven-plugin:3.0.2:check (default) > :findbugs @ alluxio-underfs-glusterfs >>>
[INFO] 
[INFO] --- findbugs-maven-plugin:3.0.2:findbugs (findbugs) @ alluxio-underfs-glusterfs ---
[INFO] Fork Value is true
[INFO] Done FindBugs Analysis....
[INFO] 
[INFO] <<< findbugs-maven-plugin:3.0.2:check (default) < :findbugs @ alluxio-underfs-glusterfs <<<
[INFO] 
[INFO] --- findbugs-maven-plugin:3.0.2:check (default) @ alluxio-underfs-glusterfs ---
[INFO] BugInstance size is 0
[INFO] Error size is 0
[INFO] No errors/warnings found
[INFO] 
[INFO] --- maven-resources-plugin:2.6:testResources (default-testResources) @ alluxio-underfs-glusterfs ---
[INFO] Using 'UTF-8' encoding to copy filtered resources.
[INFO] Copying 1 resource
[INFO] 
[INFO] --- maven-compiler-plugin:3.2:testCompile (default-testCompile) @ alluxio-underfs-glusterfs ---
[INFO] Changes detected - recompiling the module!
[INFO] Compiling 1 source file to /opt/compile/guoyj/alluxio/underfs/glusterfs/target/test-classes
[INFO] 
[INFO] --- maven-surefire-plugin:2.19.1:test (default-test) @ alluxio-underfs-glusterfs ---
[INFO] Tests are skipped.
[INFO] 
[INFO] --- maven-jar-plugin:2.4:jar (default-jar) @ alluxio-underfs-glusterfs ---
[INFO] Building jar: /opt/compile/guoyj/alluxio/underfs/glusterfs/target/alluxio-underfs-glusterfs-1.4.1-SNAPSHOT.jar
[INFO] 
[INFO] >>> maven-source-plugin:2.3:jar (attach-sources) > generate-sources @ alluxio-underfs-glusterfs >>>
[INFO] 
[INFO] --- build-helper-maven-plugin:1.10:regex-property (parse-hadoop-major-version) @ alluxio-underfs-glusterfs ---
[INFO] No match to regex '^1\..*$' found in '2.4.0'. The initial value '2.4.0' is left as-is...
[INFO] 
[INFO] --- maven-enforcer-plugin:1.4:enforce (enforce-maven) @ alluxio-underfs-glusterfs ---
[INFO] 
[INFO] --- maven-enforcer-plugin:1.4:enforce (enforce-versions) @ alluxio-underfs-glusterfs ---
[INFO] 
[INFO] --- maven-checkstyle-plugin:2.17:check (checkstyle) @ alluxio-underfs-glusterfs ---
[INFO] 
[INFO] --- license-maven-plugin:2.9:check (default) @ alluxio-underfs-glusterfs ---
[INFO] Checking licenses...
[INFO] 
[INFO] <<< maven-source-plugin:2.3:jar (attach-sources) < generate-sources @ alluxio-underfs-glusterfs <<<
[INFO] 
[INFO] --- maven-source-plugin:2.3:jar (attach-sources) @ alluxio-underfs-glusterfs ---
[INFO] Building jar: /opt/compile/guoyj/alluxio/underfs/glusterfs/target/alluxio-underfs-glusterfs-1.4.1-SNAPSHOT-sources.jar
[INFO] 
[INFO] --- maven-javadoc-plugin:2.9:jar (attach-javadoc) @ alluxio-underfs-glusterfs ---
[INFO] 
Loading source files for package alluxio.underfs.glusterfs...
Constructing Javadoc information...
Standard Doclet version 1.7.0_60-ea
Building tree for all the packages and classes...
Generating /opt/compile/guoyj/alluxio/underfs/glusterfs/target/apidocs/alluxio/underfs/glusterfs/GlusterFSUnderFileSystem.html...
Generating /opt/compile/guoyj/alluxio/underfs/glusterfs/target/apidocs/alluxio/underfs/glusterfs/GlusterFSUnderFileSystemFactory.html...
Generating /opt/compile/guoyj/alluxio/underfs/glusterfs/target/apidocs/alluxio/underfs/glusterfs/package-frame.html...
Generating /opt/compile/guoyj/alluxio/underfs/glusterfs/target/apidocs/alluxio/underfs/glusterfs/package-summary.html...
Generating /opt/compile/guoyj/alluxio/underfs/glusterfs/target/apidocs/alluxio/underfs/glusterfs/package-tree.html...
Generating /opt/compile/guoyj/alluxio/underfs/glusterfs/target/apidocs/constant-values.html...
Generating /opt/compile/guoyj/alluxio/underfs/glusterfs/target/apidocs/alluxio/underfs/glusterfs/class-use/GlusterFSUnderFileSystem.html...
Generating /opt/compile/guoyj/alluxio/underfs/glusterfs/target/apidocs/alluxio/underfs/glusterfs/class-use/GlusterFSUnderFileSystemFactory.html...
Generating /opt/compile/guoyj/alluxio/underfs/glusterfs/target/apidocs/alluxio/underfs/glusterfs/package-use.html...
Building index for all the packages and classes...
Generating /opt/compile/guoyj/alluxio/underfs/glusterfs/target/apidocs/overview-tree.html...
Generating /opt/compile/guoyj/alluxio/underfs/glusterfs/target/apidocs/index-all.html...
Generating /opt/compile/guoyj/alluxio/underfs/glusterfs/target/apidocs/deprecated-list.html...
Building index for all classes...
Generating /opt/compile/guoyj/alluxio/underfs/glusterfs/target/apidocs/allclasses-frame.html...
Generating /opt/compile/guoyj/alluxio/underfs/glusterfs/target/apidocs/allclasses-noframe.html...
Generating /opt/compile/guoyj/alluxio/underfs/glusterfs/target/apidocs/index.html...
Generating /opt/compile/guoyj/alluxio/underfs/glusterfs/target/apidocs/help-doc.html...
[INFO] Building jar: /opt/compile/guoyj/alluxio/underfs/glusterfs/target/alluxio-underfs-glusterfs-1.4.1-SNAPSHOT-javadoc.jar
[INFO]                                                                         
[INFO] ------------------------------------------------------------------------
[INFO] Building Alluxio Under File System - Aliyun OSS 1.4.1-SNAPSHOT
[INFO] ------------------------------------------------------------------------
[INFO] 
[INFO] --- maven-clean-plugin:2.5:clean (default-clean) @ alluxio-underfs-oss ---
[INFO] Deleting /opt/compile/guoyj/alluxio/underfs/oss/target
[INFO] 
[INFO] --- build-helper-maven-plugin:1.10:regex-property (parse-hadoop-major-version) @ alluxio-underfs-oss ---
[INFO] No match to regex '^1\..*$' found in '2.4.0'. The initial value '2.4.0' is left as-is...
[INFO] 
[INFO] --- maven-enforcer-plugin:1.4:enforce (enforce-maven) @ alluxio-underfs-oss ---
[INFO] 
[INFO] --- maven-enforcer-plugin:1.4:enforce (enforce-versions) @ alluxio-underfs-oss ---
[INFO] 
[INFO] --- maven-checkstyle-plugin:2.17:check (checkstyle) @ alluxio-underfs-oss ---
[INFO] 
[INFO] --- license-maven-plugin:2.9:check (default) @ alluxio-underfs-oss ---
[INFO] Checking licenses...
[INFO] 
[INFO] --- maven-resources-plugin:2.6:resources (default-resources) @ alluxio-underfs-oss ---
[INFO] Using 'UTF-8' encoding to copy filtered resources.
[INFO] Copying 1 resource
[INFO] 
[INFO] --- maven-compiler-plugin:3.2:compile (default-compile) @ alluxio-underfs-oss ---
[INFO] Changes detected - recompiling the module!
[INFO] Compiling 4 source files to /opt/compile/guoyj/alluxio/underfs/oss/target/classes
[INFO] 
[INFO] >>> findbugs-maven-plugin:3.0.2:check (default) > :findbugs @ alluxio-underfs-oss >>>
[INFO] 
[INFO] --- findbugs-maven-plugin:3.0.2:findbugs (findbugs) @ alluxio-underfs-oss ---
[INFO] Fork Value is true
[INFO] Done FindBugs Analysis....
[INFO] 
[INFO] <<< findbugs-maven-plugin:3.0.2:check (default) < :findbugs @ alluxio-underfs-oss <<<
[INFO] 
[INFO] --- findbugs-maven-plugin:3.0.2:check (default) @ alluxio-underfs-oss ---
[INFO] BugInstance size is 0
[INFO] Error size is 0
[INFO] No errors/warnings found
[INFO] 
[INFO] --- maven-resources-plugin:2.6:testResources (default-testResources) @ alluxio-underfs-oss ---
[INFO] Using 'UTF-8' encoding to copy filtered resources.
[INFO] Copying 1 resource
[INFO] 
[INFO] --- maven-compiler-plugin:3.2:testCompile (default-testCompile) @ alluxio-underfs-oss ---
[INFO] Changes detected - recompiling the module!
[INFO] Compiling 4 source files to /opt/compile/guoyj/alluxio/underfs/oss/target/test-classes
[INFO] /opt/compile/guoyj/alluxio/underfs/oss/src/test/java/alluxio/underfs/oss/OSSUnderFileSystemTest.java: /opt/compile/guoyj/alluxio/underfs/oss/src/test/java/alluxio/underfs/oss/OSSUnderFileSystemTest.java uses unchecked or unsafe operations.
[INFO] /opt/compile/guoyj/alluxio/underfs/oss/src/test/java/alluxio/underfs/oss/OSSUnderFileSystemTest.java: Recompile with -Xlint:unchecked for details.
[INFO] 
[INFO] --- maven-surefire-plugin:2.19.1:test (default-test) @ alluxio-underfs-oss ---
[INFO] Tests are skipped.
[INFO] 
[INFO] --- maven-jar-plugin:2.4:jar (default-jar) @ alluxio-underfs-oss ---
[INFO] Building jar: /opt/compile/guoyj/alluxio/underfs/oss/target/alluxio-underfs-oss-1.4.1-SNAPSHOT.jar
[INFO] 
[INFO] >>> maven-source-plugin:2.3:jar (attach-sources) > generate-sources @ alluxio-underfs-oss >>>
[INFO] 
[INFO] --- build-helper-maven-plugin:1.10:regex-property (parse-hadoop-major-version) @ alluxio-underfs-oss ---
[INFO] No match to regex '^1\..*$' found in '2.4.0'. The initial value '2.4.0' is left as-is...
[INFO] 
[INFO] --- maven-enforcer-plugin:1.4:enforce (enforce-maven) @ alluxio-underfs-oss ---
[INFO] 
[INFO] --- maven-enforcer-plugin:1.4:enforce (enforce-versions) @ alluxio-underfs-oss ---
[INFO] 
[INFO] --- maven-checkstyle-plugin:2.17:check (checkstyle) @ alluxio-underfs-oss ---
[INFO] 
[INFO] --- license-maven-plugin:2.9:check (default) @ alluxio-underfs-oss ---
[INFO] Checking licenses...
[INFO] 
[INFO] <<< maven-source-plugin:2.3:jar (attach-sources) < generate-sources @ alluxio-underfs-oss <<<
[INFO] 
[INFO] --- maven-source-plugin:2.3:jar (attach-sources) @ alluxio-underfs-oss ---
[INFO] Building jar: /opt/compile/guoyj/alluxio/underfs/oss/target/alluxio-underfs-oss-1.4.1-SNAPSHOT-sources.jar
[INFO] 
[INFO] --- maven-javadoc-plugin:2.9:jar (attach-javadoc) @ alluxio-underfs-oss ---
[INFO] 
Loading source files for package alluxio.underfs.oss...
Constructing Javadoc information...
Standard Doclet version 1.7.0_60-ea
Building tree for all the packages and classes...
Generating /opt/compile/guoyj/alluxio/underfs/oss/target/apidocs/alluxio/underfs/oss/OSSInputStream.html...
Generating /opt/compile/guoyj/alluxio/underfs/oss/target/apidocs/alluxio/underfs/oss/OSSOutputStream.html...
Generating /opt/compile/guoyj/alluxio/underfs/oss/target/apidocs/alluxio/underfs/oss/OSSUnderFileSystem.html...
Generating /opt/compile/guoyj/alluxio/underfs/oss/target/apidocs/alluxio/underfs/oss/OSSUnderFileSystemFactory.html...
Generating /opt/compile/guoyj/alluxio/underfs/oss/target/apidocs/alluxio/underfs/oss/package-frame.html...
Generating /opt/compile/guoyj/alluxio/underfs/oss/target/apidocs/alluxio/underfs/oss/package-summary.html...
Generating /opt/compile/guoyj/alluxio/underfs/oss/target/apidocs/alluxio/underfs/oss/package-tree.html...
Generating /opt/compile/guoyj/alluxio/underfs/oss/target/apidocs/constant-values.html...
Generating /opt/compile/guoyj/alluxio/underfs/oss/target/apidocs/alluxio/underfs/oss/class-use/OSSInputStream.html...
Generating /opt/compile/guoyj/alluxio/underfs/oss/target/apidocs/alluxio/underfs/oss/class-use/OSSUnderFileSystemFactory.html...
Generating /opt/compile/guoyj/alluxio/underfs/oss/target/apidocs/alluxio/underfs/oss/class-use/OSSUnderFileSystem.html...
Generating /opt/compile/guoyj/alluxio/underfs/oss/target/apidocs/alluxio/underfs/oss/class-use/OSSOutputStream.html...
Generating /opt/compile/guoyj/alluxio/underfs/oss/target/apidocs/alluxio/underfs/oss/package-use.html...
Building index for all the packages and classes...
Generating /opt/compile/guoyj/alluxio/underfs/oss/target/apidocs/overview-tree.html...
Generating /opt/compile/guoyj/alluxio/underfs/oss/target/apidocs/index-all.html...
Generating /opt/compile/guoyj/alluxio/underfs/oss/target/apidocs/deprecated-list.html...
Building index for all classes...
Generating /opt/compile/guoyj/alluxio/underfs/oss/target/apidocs/allclasses-frame.html...
Generating /opt/compile/guoyj/alluxio/underfs/oss/target/apidocs/allclasses-noframe.html...
Generating /opt/compile/guoyj/alluxio/underfs/oss/target/apidocs/index.html...
Generating /opt/compile/guoyj/alluxio/underfs/oss/target/apidocs/help-doc.html...
[INFO] Building jar: /opt/compile/guoyj/alluxio/underfs/oss/target/alluxio-underfs-oss-1.4.1-SNAPSHOT-javadoc.jar
[INFO]                                                                         
[INFO] ------------------------------------------------------------------------
[INFO] Building Alluxio Under File System - Swift 1.4.1-SNAPSHOT
[INFO] ------------------------------------------------------------------------
[INFO] 
[INFO] --- maven-clean-plugin:2.5:clean (default-clean) @ alluxio-underfs-swift ---
[INFO] Deleting /opt/compile/guoyj/alluxio/underfs/swift/target
[INFO] 
[INFO] --- build-helper-maven-plugin:1.10:regex-property (parse-hadoop-major-version) @ alluxio-underfs-swift ---
[INFO] No match to regex '^1\..*$' found in '2.4.0'. The initial value '2.4.0' is left as-is...
[INFO] 
[INFO] --- maven-enforcer-plugin:1.4:enforce (enforce-maven) @ alluxio-underfs-swift ---
[INFO] 
[INFO] --- maven-enforcer-plugin:1.4:enforce (enforce-versions) @ alluxio-underfs-swift ---
[INFO] 
[INFO] --- maven-checkstyle-plugin:2.17:check (checkstyle) @ alluxio-underfs-swift ---
[INFO] 
[INFO] --- license-maven-plugin:2.9:check (default) @ alluxio-underfs-swift ---
[INFO] Checking licenses...
[INFO] 
[INFO] --- maven-resources-plugin:2.6:resources (default-resources) @ alluxio-underfs-swift ---
[INFO] Using 'UTF-8' encoding to copy filtered resources.
[INFO] Copying 1 resource
[INFO] 
[INFO] --- maven-compiler-plugin:3.2:compile (default-compile) @ alluxio-underfs-swift ---
[INFO] Changes detected - recompiling the module!
[INFO] Compiling 7 source files to /opt/compile/guoyj/alluxio/underfs/swift/target/classes
[INFO] 
[INFO] >>> findbugs-maven-plugin:3.0.2:check (default) > :findbugs @ alluxio-underfs-swift >>>
[INFO] 
[INFO] --- findbugs-maven-plugin:3.0.2:findbugs (findbugs) @ alluxio-underfs-swift ---
[INFO] Fork Value is true
[INFO] Done FindBugs Analysis....
[INFO] 
[INFO] <<< findbugs-maven-plugin:3.0.2:check (default) < :findbugs @ alluxio-underfs-swift <<<
[INFO] 
[INFO] --- findbugs-maven-plugin:3.0.2:check (default) @ alluxio-underfs-swift ---
[INFO] BugInstance size is 0
[INFO] Error size is 0
[INFO] No errors/warnings found
[INFO] 
[INFO] --- maven-resources-plugin:2.6:testResources (default-testResources) @ alluxio-underfs-swift ---
[INFO] Using 'UTF-8' encoding to copy filtered resources.
[INFO] Copying 1 resource
[INFO] 
[INFO] --- maven-compiler-plugin:3.2:testCompile (default-testCompile) @ alluxio-underfs-swift ---
[INFO] Changes detected - recompiling the module!
[INFO] Compiling 3 source files to /opt/compile/guoyj/alluxio/underfs/swift/target/test-classes
[INFO] 
[INFO] --- maven-surefire-plugin:2.19.1:test (default-test) @ alluxio-underfs-swift ---
[INFO] Tests are skipped.
[INFO] 
[INFO] --- maven-jar-plugin:2.4:jar (default-jar) @ alluxio-underfs-swift ---
[INFO] Building jar: /opt/compile/guoyj/alluxio/underfs/swift/target/alluxio-underfs-swift-1.4.1-SNAPSHOT.jar
[INFO] 
[INFO] >>> maven-source-plugin:2.3:jar (attach-sources) > generate-sources @ alluxio-underfs-swift >>>
[INFO] 
[INFO] --- build-helper-maven-plugin:1.10:regex-property (parse-hadoop-major-version) @ alluxio-underfs-swift ---
[INFO] No match to regex '^1\..*$' found in '2.4.0'. The initial value '2.4.0' is left as-is...
[INFO] 
[INFO] --- maven-enforcer-plugin:1.4:enforce (enforce-maven) @ alluxio-underfs-swift ---
[INFO] 
[INFO] --- maven-enforcer-plugin:1.4:enforce (enforce-versions) @ alluxio-underfs-swift ---
[INFO] 
[INFO] --- maven-checkstyle-plugin:2.17:check (checkstyle) @ alluxio-underfs-swift ---
[INFO] 
[INFO] --- license-maven-plugin:2.9:check (default) @ alluxio-underfs-swift ---
[INFO] Checking licenses...
[INFO] 
[INFO] <<< maven-source-plugin:2.3:jar (attach-sources) < generate-sources @ alluxio-underfs-swift <<<
[INFO] 
[INFO] --- maven-source-plugin:2.3:jar (attach-sources) @ alluxio-underfs-swift ---
[INFO] Building jar: /opt/compile/guoyj/alluxio/underfs/swift/target/alluxio-underfs-swift-1.4.1-SNAPSHOT-sources.jar
[INFO] 
[INFO] --- maven-javadoc-plugin:2.9:jar (attach-javadoc) @ alluxio-underfs-swift ---
[INFO] 
Loading source files for package alluxio.underfs.swift.http...
Loading source files for package alluxio.underfs.swift...
Constructing Javadoc information...
Standard Doclet version 1.7.0_60-ea
Building tree for all the packages and classes...
Generating /opt/compile/guoyj/alluxio/underfs/swift/target/apidocs/alluxio/underfs/swift/http/SwiftDirectClient.html...
Generating /opt/compile/guoyj/alluxio/underfs/swift/target/apidocs/alluxio/underfs/swift/MidPartLongRange.html...
Generating /opt/compile/guoyj/alluxio/underfs/swift/target/apidocs/alluxio/underfs/swift/SwiftInputStream.html...
Generating /opt/compile/guoyj/alluxio/underfs/swift/target/apidocs/alluxio/underfs/swift/SwiftMockOutputStream.html...
Generating /opt/compile/guoyj/alluxio/underfs/swift/target/apidocs/alluxio/underfs/swift/SwiftOutputStream.html...
Generating /opt/compile/guoyj/alluxio/underfs/swift/target/apidocs/alluxio/underfs/swift/SwiftUnderFileSystem.html...
Generating /opt/compile/guoyj/alluxio/underfs/swift/target/apidocs/alluxio/underfs/swift/SwiftUnderFileSystemFactory.html...
Generating /opt/compile/guoyj/alluxio/underfs/swift/target/apidocs/overview-frame.html...
Generating /opt/compile/guoyj/alluxio/underfs/swift/target/apidocs/alluxio/underfs/swift/package-frame.html...
Generating /opt/compile/guoyj/alluxio/underfs/swift/target/apidocs/alluxio/underfs/swift/package-summary.html...
Generating /opt/compile/guoyj/alluxio/underfs/swift/target/apidocs/alluxio/underfs/swift/package-tree.html...
Generating /opt/compile/guoyj/alluxio/underfs/swift/target/apidocs/alluxio/underfs/swift/http/package-frame.html...
Generating /opt/compile/guoyj/alluxio/underfs/swift/target/apidocs/alluxio/underfs/swift/http/package-summary.html...
Generating /opt/compile/guoyj/alluxio/underfs/swift/target/apidocs/alluxio/underfs/swift/http/package-tree.html...
Generating /opt/compile/guoyj/alluxio/underfs/swift/target/apidocs/constant-values.html...
Generating /opt/compile/guoyj/alluxio/underfs/swift/target/apidocs/alluxio/underfs/swift/http/class-use/SwiftDirectClient.html...
Generating /opt/compile/guoyj/alluxio/underfs/swift/target/apidocs/alluxio/underfs/swift/class-use/SwiftMockOutputStream.html...
Generating /opt/compile/guoyj/alluxio/underfs/swift/target/apidocs/alluxio/underfs/swift/class-use/SwiftUnderFileSystem.html...
Generating /opt/compile/guoyj/alluxio/underfs/swift/target/apidocs/alluxio/underfs/swift/class-use/SwiftInputStream.html...
Generating /opt/compile/guoyj/alluxio/underfs/swift/target/apidocs/alluxio/underfs/swift/class-use/SwiftOutputStream.html...
Generating /opt/compile/guoyj/alluxio/underfs/swift/target/apidocs/alluxio/underfs/swift/class-use/MidPartLongRange.html...
Generating /opt/compile/guoyj/alluxio/underfs/swift/target/apidocs/alluxio/underfs/swift/class-use/SwiftUnderFileSystemFactory.html...
Generating /opt/compile/guoyj/alluxio/underfs/swift/target/apidocs/alluxio/underfs/swift/package-use.html...
Generating /opt/compile/guoyj/alluxio/underfs/swift/target/apidocs/alluxio/underfs/swift/http/package-use.html...
Building index for all the packages and classes...
Generating /opt/compile/guoyj/alluxio/underfs/swift/target/apidocs/overview-tree.html...
Generating /opt/compile/guoyj/alluxio/underfs/swift/target/apidocs/index-all.html...
Generating /opt/compile/guoyj/alluxio/underfs/swift/target/apidocs/deprecated-list.html...
Building index for all classes...
Generating /opt/compile/guoyj/alluxio/underfs/swift/target/apidocs/allclasses-frame.html...
Generating /opt/compile/guoyj/alluxio/underfs/swift/target/apidocs/allclasses-noframe.html...
Generating /opt/compile/guoyj/alluxio/underfs/swift/target/apidocs/index.html...
Generating /opt/compile/guoyj/alluxio/underfs/swift/target/apidocs/overview-summary.html...
Generating /opt/compile/guoyj/alluxio/underfs/swift/target/apidocs/help-doc.html...
[INFO] Building jar: /opt/compile/guoyj/alluxio/underfs/swift/target/alluxio-underfs-swift-1.4.1-SNAPSHOT-javadoc.jar
[INFO]                                                                         
[INFO] ------------------------------------------------------------------------
[INFO] Building Alluxio Under File System - S3 1.4.1-SNAPSHOT
[INFO] ------------------------------------------------------------------------
[INFO] 
[INFO] --- maven-clean-plugin:2.5:clean (default-clean) @ alluxio-underfs-s3 ---
[INFO] Deleting /opt/compile/guoyj/alluxio/underfs/s3/target
[INFO] 
[INFO] --- build-helper-maven-plugin:1.10:regex-property (parse-hadoop-major-version) @ alluxio-underfs-s3 ---
[INFO] No match to regex '^1\..*$' found in '2.4.0'. The initial value '2.4.0' is left as-is...
[INFO] 
[INFO] --- maven-enforcer-plugin:1.4:enforce (enforce-maven) @ alluxio-underfs-s3 ---
[INFO] 
[INFO] --- maven-enforcer-plugin:1.4:enforce (enforce-versions) @ alluxio-underfs-s3 ---
[INFO] 
[INFO] --- maven-checkstyle-plugin:2.17:check (checkstyle) @ alluxio-underfs-s3 ---
[INFO] 
[INFO] --- license-maven-plugin:2.9:check (default) @ alluxio-underfs-s3 ---
[INFO] Checking licenses...
[INFO] 
[INFO] --- maven-resources-plugin:2.6:resources (default-resources) @ alluxio-underfs-s3 ---
[INFO] Using 'UTF-8' encoding to copy filtered resources.
[INFO] Copying 1 resource
[INFO] 
[INFO] --- maven-compiler-plugin:3.2:compile (default-compile) @ alluxio-underfs-s3 ---
[INFO] Changes detected - recompiling the module!
[INFO] Compiling 5 source files to /opt/compile/guoyj/alluxio/underfs/s3/target/classes
[INFO] 
[INFO] >>> findbugs-maven-plugin:3.0.2:check (default) > :findbugs @ alluxio-underfs-s3 >>>
[INFO] 
[INFO] --- findbugs-maven-plugin:3.0.2:findbugs (findbugs) @ alluxio-underfs-s3 ---
[INFO] Fork Value is true
[INFO] Done FindBugs Analysis....
[INFO] 
[INFO] <<< findbugs-maven-plugin:3.0.2:check (default) < :findbugs @ alluxio-underfs-s3 <<<
[INFO] 
[INFO] --- findbugs-maven-plugin:3.0.2:check (default) @ alluxio-underfs-s3 ---
[INFO] BugInstance size is 0
[INFO] Error size is 0
[INFO] No errors/warnings found
[INFO] 
[INFO] --- maven-resources-plugin:2.6:testResources (default-testResources) @ alluxio-underfs-s3 ---
[INFO] Using 'UTF-8' encoding to copy filtered resources.
[INFO] Copying 1 resource
[INFO] 
[INFO] --- maven-compiler-plugin:3.2:testCompile (default-testCompile) @ alluxio-underfs-s3 ---
[INFO] Changes detected - recompiling the module!
[INFO] Compiling 4 source files to /opt/compile/guoyj/alluxio/underfs/s3/target/test-classes
[INFO] /opt/compile/guoyj/alluxio/underfs/s3/src/test/java/alluxio/underfs/s3/S3UnderFileSystemTest.java: /opt/compile/guoyj/alluxio/underfs/s3/src/test/java/alluxio/underfs/s3/S3UnderFileSystemTest.java uses unchecked or unsafe operations.
[INFO] /opt/compile/guoyj/alluxio/underfs/s3/src/test/java/alluxio/underfs/s3/S3UnderFileSystemTest.java: Recompile with -Xlint:unchecked for details.
[INFO] 
[INFO] --- maven-surefire-plugin:2.19.1:test (default-test) @ alluxio-underfs-s3 ---
[INFO] Tests are skipped.
[INFO] 
[INFO] --- maven-jar-plugin:2.4:jar (default-jar) @ alluxio-underfs-s3 ---
[INFO] Building jar: /opt/compile/guoyj/alluxio/underfs/s3/target/alluxio-underfs-s3-1.4.1-SNAPSHOT.jar
[INFO] 
[INFO] >>> maven-source-plugin:2.3:jar (attach-sources) > generate-sources @ alluxio-underfs-s3 >>>
[INFO] 
[INFO] --- build-helper-maven-plugin:1.10:regex-property (parse-hadoop-major-version) @ alluxio-underfs-s3 ---
[INFO] No match to regex '^1\..*$' found in '2.4.0'. The initial value '2.4.0' is left as-is...
[INFO] 
[INFO] --- maven-enforcer-plugin:1.4:enforce (enforce-maven) @ alluxio-underfs-s3 ---
[INFO] 
[INFO] --- maven-enforcer-plugin:1.4:enforce (enforce-versions) @ alluxio-underfs-s3 ---
[INFO] 
[INFO] --- maven-checkstyle-plugin:2.17:check (checkstyle) @ alluxio-underfs-s3 ---
[INFO] 
[INFO] --- license-maven-plugin:2.9:check (default) @ alluxio-underfs-s3 ---
[INFO] Checking licenses...
[INFO] 
[INFO] <<< maven-source-plugin:2.3:jar (attach-sources) < generate-sources @ alluxio-underfs-s3 <<<
[INFO] 
[INFO] --- maven-source-plugin:2.3:jar (attach-sources) @ alluxio-underfs-s3 ---
[INFO] Building jar: /opt/compile/guoyj/alluxio/underfs/s3/target/alluxio-underfs-s3-1.4.1-SNAPSHOT-sources.jar
[INFO] 
[INFO] --- maven-javadoc-plugin:2.9:jar (attach-javadoc) @ alluxio-underfs-s3 ---
[INFO] 
Loading source files for package alluxio.underfs.s3...
Constructing Javadoc information...
Standard Doclet version 1.7.0_60-ea
Building tree for all the packages and classes...
Generating /opt/compile/guoyj/alluxio/underfs/s3/target/apidocs/alluxio/underfs/s3/S3InputStream.html...
Generating /opt/compile/guoyj/alluxio/underfs/s3/target/apidocs/alluxio/underfs/s3/S3OutputStream.html...
Generating /opt/compile/guoyj/alluxio/underfs/s3/target/apidocs/alluxio/underfs/s3/S3UnderFileSystem.html...
Generating /opt/compile/guoyj/alluxio/underfs/s3/target/apidocs/alluxio/underfs/s3/S3UnderFileSystemFactory.html...
Generating /opt/compile/guoyj/alluxio/underfs/s3/target/apidocs/alluxio/underfs/s3/S3Utils.html...
Generating /opt/compile/guoyj/alluxio/underfs/s3/target/apidocs/alluxio/underfs/s3/package-frame.html...
Generating /opt/compile/guoyj/alluxio/underfs/s3/target/apidocs/alluxio/underfs/s3/package-summary.html...
Generating /opt/compile/guoyj/alluxio/underfs/s3/target/apidocs/alluxio/underfs/s3/package-tree.html...
Generating /opt/compile/guoyj/alluxio/underfs/s3/target/apidocs/constant-values.html...
Generating /opt/compile/guoyj/alluxio/underfs/s3/target/apidocs/alluxio/underfs/s3/class-use/S3UnderFileSystem.html...
Generating /opt/compile/guoyj/alluxio/underfs/s3/target/apidocs/alluxio/underfs/s3/class-use/S3OutputStream.html...
Generating /opt/compile/guoyj/alluxio/underfs/s3/target/apidocs/alluxio/underfs/s3/class-use/S3UnderFileSystemFactory.html...
Generating /opt/compile/guoyj/alluxio/underfs/s3/target/apidocs/alluxio/underfs/s3/class-use/S3Utils.html...
Generating /opt/compile/guoyj/alluxio/underfs/s3/target/apidocs/alluxio/underfs/s3/class-use/S3InputStream.html...
Generating /opt/compile/guoyj/alluxio/underfs/s3/target/apidocs/alluxio/underfs/s3/package-use.html...
Building index for all the packages and classes...
Generating /opt/compile/guoyj/alluxio/underfs/s3/target/apidocs/overview-tree.html...
Generating /opt/compile/guoyj/alluxio/underfs/s3/target/apidocs/index-all.html...
Generating /opt/compile/guoyj/alluxio/underfs/s3/target/apidocs/deprecated-list.html...
Building index for all classes...
Generating /opt/compile/guoyj/alluxio/underfs/s3/target/apidocs/allclasses-frame.html...
Generating /opt/compile/guoyj/alluxio/underfs/s3/target/apidocs/allclasses-noframe.html...
Generating /opt/compile/guoyj/alluxio/underfs/s3/target/apidocs/index.html...
Generating /opt/compile/guoyj/alluxio/underfs/s3/target/apidocs/help-doc.html...
[INFO] Building jar: /opt/compile/guoyj/alluxio/underfs/s3/target/alluxio-underfs-s3-1.4.1-SNAPSHOT-javadoc.jar
[INFO] 
[INFO] --- maven-shade-plugin:2.2:shade (shade-jets3t) @ alluxio-underfs-s3 ---
[INFO] Excluding com.google.guava:guava:jar:14.0.1 from the shaded jar.
[INFO] Excluding org.slf4j:slf4j-api:jar:1.7.2 from the shaded jar.
[INFO] Excluding org.alluxio:alluxio-core-common:jar:1.4.1-SNAPSHOT from the shaded jar.
[INFO] Excluding com.google.protobuf:protobuf-java:jar:2.5.0 from the shaded jar.
[INFO] Excluding commons-lang:commons-lang:jar:2.6 from the shaded jar.
[INFO] Excluding commons-io:commons-io:jar:2.4 from the shaded jar.
[INFO] Excluding io.netty:netty-all:jar:4.0.29.Final from the shaded jar.
[INFO] Excluding org.apache.commons:commons-lang3:jar:3.4 from the shaded jar.
[INFO] Excluding org.apache.curator:curator-framework:jar:2.1.0-incubating from the shaded jar.
[INFO] Excluding org.apache.zookeeper:zookeeper:jar:3.4.5 from the shaded jar.
[INFO] Excluding org.slf4j:slf4j-log4j12:jar:1.7.2 from the shaded jar.
[INFO] Excluding log4j:log4j:jar:1.2.15 from the shaded jar.
[INFO] Excluding javax.mail:mail:jar:1.4 from the shaded jar.
[INFO] Excluding javax.activation:activation:jar:1.1 from the shaded jar.
[INFO] Excluding jline:jline:jar:0.9.94 from the shaded jar.
[INFO] Excluding org.jboss.netty:netty:jar:3.2.2.Final from the shaded jar.
[INFO] Excluding org.apache.curator:curator-client:jar:2.1.0-incubating from the shaded jar.
[INFO] Excluding org.apache.curator:curator-recipes:jar:2.1.0-incubating from the shaded jar.
[INFO] Excluding org.apache.thrift:libthrift:jar:0.9.3 from the shaded jar.
[INFO] Excluding org.apache.httpcomponents:httpclient:jar:4.4.1 from the shaded jar.
[INFO] Excluding org.apache.httpcomponents:httpcore:jar:4.4.1 from the shaded jar.
[INFO] Excluding io.dropwizard.metrics:metrics-core:jar:3.1.2 from the shaded jar.
[INFO] Excluding io.dropwizard.metrics:metrics-json:jar:3.1.2 from the shaded jar.
[INFO] Excluding com.fasterxml.jackson.core:jackson-databind:jar:2.4.2 from the shaded jar.
[INFO] Excluding com.fasterxml.jackson.core:jackson-annotations:jar:2.4.0 from the shaded jar.
[INFO] Excluding com.fasterxml.jackson.core:jackson-core:jar:2.4.2 from the shaded jar.
[INFO] Excluding io.dropwizard.metrics:metrics-jvm:jar:3.1.2 from the shaded jar.
[INFO] Excluding io.dropwizard.metrics:metrics-graphite:jar:3.1.2 from the shaded jar.
[INFO] Excluding com.google.code.findbugs:jsr305:jar:3.0.0 from the shaded jar.
[INFO] Including net.java.dev.jets3t:jets3t:jar:0.8.1 in the shaded jar.
[INFO] Excluding com.jamesmurty.utils:java-xmlbuilder:jar:0.4 from the shaded jar.
[INFO] Excluding commons-codec:commons-codec:jar:1.10 from the shaded jar.
[INFO] Excluding commons-httpclient:commons-httpclient:jar:3.1 from the shaded jar.
[INFO] Excluding commons-logging:commons-logging:jar:1.1.1 from the shaded jar.
[INFO] Replacing original artifact with shaded artifact.
[INFO] Replacing /opt/compile/guoyj/alluxio/underfs/s3/target/alluxio-underfs-s3-1.4.1-SNAPSHOT.jar with /opt/compile/guoyj/alluxio/underfs/s3/target/alluxio-underfs-s3-1.4.1-SNAPSHOT-shaded.jar
[INFO] Dependency-reduced POM written at: /opt/compile/guoyj/alluxio/underfs/s3/dependency-reduced-pom.xml
[INFO] Dependency-reduced POM written at: /opt/compile/guoyj/alluxio/underfs/s3/dependency-reduced-pom.xml
[INFO]                                                                         
[INFO] ------------------------------------------------------------------------
[INFO] Building Alluxio Under File System - S3A 1.4.1-SNAPSHOT
[INFO] ------------------------------------------------------------------------
[INFO] 
[INFO] --- maven-clean-plugin:2.5:clean (default-clean) @ alluxio-underfs-s3a ---
[INFO] Deleting /opt/compile/guoyj/alluxio/underfs/s3a/target
[INFO] 
[INFO] --- build-helper-maven-plugin:1.10:regex-property (parse-hadoop-major-version) @ alluxio-underfs-s3a ---
[INFO] No match to regex '^1\..*$' found in '2.4.0'. The initial value '2.4.0' is left as-is...
[INFO] 
[INFO] --- maven-enforcer-plugin:1.4:enforce (enforce-maven) @ alluxio-underfs-s3a ---
[INFO] 
[INFO] --- maven-enforcer-plugin:1.4:enforce (enforce-versions) @ alluxio-underfs-s3a ---
[INFO] 
[INFO] --- maven-checkstyle-plugin:2.17:check (checkstyle) @ alluxio-underfs-s3a ---
[INFO] 
[INFO] --- license-maven-plugin:2.9:check (default) @ alluxio-underfs-s3a ---
[INFO] Checking licenses...
[INFO] 
[INFO] --- maven-resources-plugin:2.6:resources (default-resources) @ alluxio-underfs-s3a ---
[INFO] Using 'UTF-8' encoding to copy filtered resources.
[INFO] Copying 1 resource
[INFO] 
[INFO] --- maven-compiler-plugin:3.2:compile (default-compile) @ alluxio-underfs-s3a ---
[INFO] Changes detected - recompiling the module!
[INFO] Compiling 5 source files to /opt/compile/guoyj/alluxio/underfs/s3a/target/classes
[INFO] 
[INFO] >>> findbugs-maven-plugin:3.0.2:check (default) > :findbugs @ alluxio-underfs-s3a >>>
[INFO] 
[INFO] --- findbugs-maven-plugin:3.0.2:findbugs (findbugs) @ alluxio-underfs-s3a ---
[INFO] Fork Value is true
[INFO] Done FindBugs Analysis....
[INFO] 
[INFO] <<< findbugs-maven-plugin:3.0.2:check (default) < :findbugs @ alluxio-underfs-s3a <<<
[INFO] 
[INFO] --- findbugs-maven-plugin:3.0.2:check (default) @ alluxio-underfs-s3a ---
[INFO] BugInstance size is 0
[INFO] Error size is 0
[INFO] No errors/warnings found
[INFO] 
[INFO] --- maven-resources-plugin:2.6:testResources (default-testResources) @ alluxio-underfs-s3a ---
[INFO] Using 'UTF-8' encoding to copy filtered resources.
[INFO] Copying 1 resource
[INFO] 
[INFO] --- maven-compiler-plugin:3.2:testCompile (default-testCompile) @ alluxio-underfs-s3a ---
[INFO] Changes detected - recompiling the module!
[INFO] Compiling 4 source files to /opt/compile/guoyj/alluxio/underfs/s3a/target/test-classes
[INFO] /opt/compile/guoyj/alluxio/underfs/s3a/src/test/java/alluxio/underfs/s3a/S3AUnderFileSystemTest.java: /opt/compile/guoyj/alluxio/underfs/s3a/src/test/java/alluxio/underfs/s3a/S3AUnderFileSystemTest.java uses unchecked or unsafe operations.
[INFO] /opt/compile/guoyj/alluxio/underfs/s3a/src/test/java/alluxio/underfs/s3a/S3AUnderFileSystemTest.java: Recompile with -Xlint:unchecked for details.
[INFO] 
[INFO] --- maven-surefire-plugin:2.19.1:test (default-test) @ alluxio-underfs-s3a ---
[INFO] Tests are skipped.
[INFO] 
[INFO] --- maven-jar-plugin:2.4:jar (default-jar) @ alluxio-underfs-s3a ---
[INFO] Building jar: /opt/compile/guoyj/alluxio/underfs/s3a/target/alluxio-underfs-s3a-1.4.1-SNAPSHOT.jar
[INFO] 
[INFO] >>> maven-source-plugin:2.3:jar (attach-sources) > generate-sources @ alluxio-underfs-s3a >>>
[INFO] 
[INFO] --- build-helper-maven-plugin:1.10:regex-property (parse-hadoop-major-version) @ alluxio-underfs-s3a ---
[INFO] No match to regex '^1\..*$' found in '2.4.0'. The initial value '2.4.0' is left as-is...
[INFO] 
[INFO] --- maven-enforcer-plugin:1.4:enforce (enforce-maven) @ alluxio-underfs-s3a ---
[INFO] 
[INFO] --- maven-enforcer-plugin:1.4:enforce (enforce-versions) @ alluxio-underfs-s3a ---
[INFO] 
[INFO] --- maven-checkstyle-plugin:2.17:check (checkstyle) @ alluxio-underfs-s3a ---
[INFO] 
[INFO] --- license-maven-plugin:2.9:check (default) @ alluxio-underfs-s3a ---
[INFO] Checking licenses...
[INFO] 
[INFO] <<< maven-source-plugin:2.3:jar (attach-sources) < generate-sources @ alluxio-underfs-s3a <<<
[INFO] 
[INFO] --- maven-source-plugin:2.3:jar (attach-sources) @ alluxio-underfs-s3a ---
[INFO] Building jar: /opt/compile/guoyj/alluxio/underfs/s3a/target/alluxio-underfs-s3a-1.4.1-SNAPSHOT-sources.jar
[INFO] 
[INFO] --- maven-javadoc-plugin:2.9:jar (attach-javadoc) @ alluxio-underfs-s3a ---
[INFO] 
Loading source files for package alluxio.underfs.s3a...
Constructing Javadoc information...
Standard Doclet version 1.7.0_60-ea
Building tree for all the packages and classes...
Generating /opt/compile/guoyj/alluxio/underfs/s3a/target/apidocs/alluxio/underfs/s3a/S3AInputStream.html...
Generating /opt/compile/guoyj/alluxio/underfs/s3a/target/apidocs/alluxio/underfs/s3a/S3AOutputStream.html...
Generating /opt/compile/guoyj/alluxio/underfs/s3a/target/apidocs/alluxio/underfs/s3a/S3AUnderFileSystem.html...
Generating /opt/compile/guoyj/alluxio/underfs/s3a/target/apidocs/alluxio/underfs/s3a/S3AUnderFileSystemFactory.html...
Generating /opt/compile/guoyj/alluxio/underfs/s3a/target/apidocs/alluxio/underfs/s3a/S3AUtils.html...
Generating /opt/compile/guoyj/alluxio/underfs/s3a/target/apidocs/alluxio/underfs/s3a/package-frame.html...
Generating /opt/compile/guoyj/alluxio/underfs/s3a/target/apidocs/alluxio/underfs/s3a/package-summary.html...
Generating /opt/compile/guoyj/alluxio/underfs/s3a/target/apidocs/alluxio/underfs/s3a/package-tree.html...
Generating /opt/compile/guoyj/alluxio/underfs/s3a/target/apidocs/constant-values.html...
Generating /opt/compile/guoyj/alluxio/underfs/s3a/target/apidocs/alluxio/underfs/s3a/class-use/S3AUnderFileSystem.html...
Generating /opt/compile/guoyj/alluxio/underfs/s3a/target/apidocs/alluxio/underfs/s3a/class-use/S3AInputStream.html...
Generating /opt/compile/guoyj/alluxio/underfs/s3a/target/apidocs/alluxio/underfs/s3a/class-use/S3AOutputStream.html...
Generating /opt/compile/guoyj/alluxio/underfs/s3a/target/apidocs/alluxio/underfs/s3a/class-use/S3AUnderFileSystemFactory.html...
Generating /opt/compile/guoyj/alluxio/underfs/s3a/target/apidocs/alluxio/underfs/s3a/class-use/S3AUtils.html...
Generating /opt/compile/guoyj/alluxio/underfs/s3a/target/apidocs/alluxio/underfs/s3a/package-use.html...
Building index for all the packages and classes...
Generating /opt/compile/guoyj/alluxio/underfs/s3a/target/apidocs/overview-tree.html...
Generating /opt/compile/guoyj/alluxio/underfs/s3a/target/apidocs/index-all.html...
Generating /opt/compile/guoyj/alluxio/underfs/s3a/target/apidocs/deprecated-list.html...
Building index for all classes...
Generating /opt/compile/guoyj/alluxio/underfs/s3a/target/apidocs/allclasses-frame.html...
Generating /opt/compile/guoyj/alluxio/underfs/s3a/target/apidocs/allclasses-noframe.html...
Generating /opt/compile/guoyj/alluxio/underfs/s3a/target/apidocs/index.html...
Generating /opt/compile/guoyj/alluxio/underfs/s3a/target/apidocs/help-doc.html...
[INFO] Building jar: /opt/compile/guoyj/alluxio/underfs/s3a/target/alluxio-underfs-s3a-1.4.1-SNAPSHOT-javadoc.jar
[INFO]                                                                         
[INFO] ------------------------------------------------------------------------
[INFO] Building Alluxio Under File System - GCS 1.4.1-SNAPSHOT
[INFO] ------------------------------------------------------------------------
[INFO] 
[INFO] --- maven-clean-plugin:2.5:clean (default-clean) @ alluxio-underfs-gcs ---
[INFO] Deleting /opt/compile/guoyj/alluxio/underfs/gcs/target
[INFO] 
[INFO] --- build-helper-maven-plugin:1.10:regex-property (parse-hadoop-major-version) @ alluxio-underfs-gcs ---
[INFO] No match to regex '^1\..*$' found in '2.4.0'. The initial value '2.4.0' is left as-is...
[INFO] 
[INFO] --- maven-enforcer-plugin:1.4:enforce (enforce-maven) @ alluxio-underfs-gcs ---
[INFO] 
[INFO] --- maven-enforcer-plugin:1.4:enforce (enforce-versions) @ alluxio-underfs-gcs ---
[INFO] 
[INFO] --- maven-checkstyle-plugin:2.17:check (checkstyle) @ alluxio-underfs-gcs ---
[INFO] 
[INFO] --- license-maven-plugin:2.9:check (default) @ alluxio-underfs-gcs ---
[INFO] Checking licenses...
[INFO] 
[INFO] --- maven-resources-plugin:2.6:resources (default-resources) @ alluxio-underfs-gcs ---
[INFO] Using 'UTF-8' encoding to copy filtered resources.
[INFO] Copying 1 resource
[INFO] 
[INFO] --- maven-compiler-plugin:3.2:compile (default-compile) @ alluxio-underfs-gcs ---
[INFO] Changes detected - recompiling the module!
[INFO] Compiling 5 source files to /opt/compile/guoyj/alluxio/underfs/gcs/target/classes
[INFO] 
[INFO] >>> findbugs-maven-plugin:3.0.2:check (default) > :findbugs @ alluxio-underfs-gcs >>>
[INFO] 
[INFO] --- findbugs-maven-plugin:3.0.2:findbugs (findbugs) @ alluxio-underfs-gcs ---
[INFO] Fork Value is true
[INFO] Done FindBugs Analysis....
[INFO] 
[INFO] <<< findbugs-maven-plugin:3.0.2:check (default) < :findbugs @ alluxio-underfs-gcs <<<
[INFO] 
[INFO] --- findbugs-maven-plugin:3.0.2:check (default) @ alluxio-underfs-gcs ---
[INFO] BugInstance size is 0
[INFO] Error size is 0
[INFO] No errors/warnings found
[INFO] 
[INFO] --- maven-resources-plugin:2.6:testResources (default-testResources) @ alluxio-underfs-gcs ---
[INFO] Using 'UTF-8' encoding to copy filtered resources.
[INFO] Copying 1 resource
[INFO] 
[INFO] --- maven-compiler-plugin:3.2:testCompile (default-testCompile) @ alluxio-underfs-gcs ---
[INFO] Changes detected - recompiling the module!
[INFO] Compiling 3 source files to /opt/compile/guoyj/alluxio/underfs/gcs/target/test-classes
[INFO] /opt/compile/guoyj/alluxio/underfs/gcs/src/test/java/alluxio/underfs/gcs/GCSUnderFileSystemTest.java: /opt/compile/guoyj/alluxio/underfs/gcs/src/test/java/alluxio/underfs/gcs/GCSUnderFileSystemTest.java uses unchecked or unsafe operations.
[INFO] /opt/compile/guoyj/alluxio/underfs/gcs/src/test/java/alluxio/underfs/gcs/GCSUnderFileSystemTest.java: Recompile with -Xlint:unchecked for details.
[INFO] 
[INFO] --- maven-surefire-plugin:2.19.1:test (default-test) @ alluxio-underfs-gcs ---
[INFO] Tests are skipped.
[INFO] 
[INFO] --- maven-jar-plugin:2.4:jar (default-jar) @ alluxio-underfs-gcs ---
[INFO] Building jar: /opt/compile/guoyj/alluxio/underfs/gcs/target/alluxio-underfs-gcs-1.4.1-SNAPSHOT.jar
[INFO] 
[INFO] >>> maven-source-plugin:2.3:jar (attach-sources) > generate-sources @ alluxio-underfs-gcs >>>
[INFO] 
[INFO] --- build-helper-maven-plugin:1.10:regex-property (parse-hadoop-major-version) @ alluxio-underfs-gcs ---
[INFO] No match to regex '^1\..*$' found in '2.4.0'. The initial value '2.4.0' is left as-is...
[INFO] 
[INFO] --- maven-enforcer-plugin:1.4:enforce (enforce-maven) @ alluxio-underfs-gcs ---
[INFO] 
[INFO] --- maven-enforcer-plugin:1.4:enforce (enforce-versions) @ alluxio-underfs-gcs ---
[INFO] 
[INFO] --- maven-checkstyle-plugin:2.17:check (checkstyle) @ alluxio-underfs-gcs ---
[INFO] 
[INFO] --- license-maven-plugin:2.9:check (default) @ alluxio-underfs-gcs ---
[INFO] Checking licenses...
[INFO] 
[INFO] <<< maven-source-plugin:2.3:jar (attach-sources) < generate-sources @ alluxio-underfs-gcs <<<
[INFO] 
[INFO] --- maven-source-plugin:2.3:jar (attach-sources) @ alluxio-underfs-gcs ---
[INFO] Building jar: /opt/compile/guoyj/alluxio/underfs/gcs/target/alluxio-underfs-gcs-1.4.1-SNAPSHOT-sources.jar
[INFO] 
[INFO] --- maven-javadoc-plugin:2.9:jar (attach-javadoc) @ alluxio-underfs-gcs ---
[INFO] 
Loading source files for package alluxio.underfs.gcs...
Constructing Javadoc information...
Standard Doclet version 1.7.0_60-ea
Building tree for all the packages and classes...
Generating /opt/compile/guoyj/alluxio/underfs/gcs/target/apidocs/alluxio/underfs/gcs/GCSInputStream.html...
Generating /opt/compile/guoyj/alluxio/underfs/gcs/target/apidocs/alluxio/underfs/gcs/GCSOutputStream.html...
Generating /opt/compile/guoyj/alluxio/underfs/gcs/target/apidocs/alluxio/underfs/gcs/GCSUnderFileSystem.html...
Generating /opt/compile/guoyj/alluxio/underfs/gcs/target/apidocs/alluxio/underfs/gcs/GCSUnderFileSystemFactory.html...
Generating /opt/compile/guoyj/alluxio/underfs/gcs/target/apidocs/alluxio/underfs/gcs/GCSUtils.html...
Generating /opt/compile/guoyj/alluxio/underfs/gcs/target/apidocs/alluxio/underfs/gcs/package-frame.html...
Generating /opt/compile/guoyj/alluxio/underfs/gcs/target/apidocs/alluxio/underfs/gcs/package-summary.html...
Generating /opt/compile/guoyj/alluxio/underfs/gcs/target/apidocs/alluxio/underfs/gcs/package-tree.html...
Generating /opt/compile/guoyj/alluxio/underfs/gcs/target/apidocs/constant-values.html...
Generating /opt/compile/guoyj/alluxio/underfs/gcs/target/apidocs/alluxio/underfs/gcs/class-use/GCSOutputStream.html...
Generating /opt/compile/guoyj/alluxio/underfs/gcs/target/apidocs/alluxio/underfs/gcs/class-use/GCSUnderFileSystem.html...
Generating /opt/compile/guoyj/alluxio/underfs/gcs/target/apidocs/alluxio/underfs/gcs/class-use/GCSInputStream.html...
Generating /opt/compile/guoyj/alluxio/underfs/gcs/target/apidocs/alluxio/underfs/gcs/class-use/GCSUnderFileSystemFactory.html...
Generating /opt/compile/guoyj/alluxio/underfs/gcs/target/apidocs/alluxio/underfs/gcs/class-use/GCSUtils.html...
Generating /opt/compile/guoyj/alluxio/underfs/gcs/target/apidocs/alluxio/underfs/gcs/package-use.html...
Building index for all the packages and classes...
Generating /opt/compile/guoyj/alluxio/underfs/gcs/target/apidocs/overview-tree.html...
Generating /opt/compile/guoyj/alluxio/underfs/gcs/target/apidocs/index-all.html...
Generating /opt/compile/guoyj/alluxio/underfs/gcs/target/apidocs/deprecated-list.html...
Building index for all classes...
Generating /opt/compile/guoyj/alluxio/underfs/gcs/target/apidocs/allclasses-frame.html...
Generating /opt/compile/guoyj/alluxio/underfs/gcs/target/apidocs/allclasses-noframe.html...
Generating /opt/compile/guoyj/alluxio/underfs/gcs/target/apidocs/index.html...
Generating /opt/compile/guoyj/alluxio/underfs/gcs/target/apidocs/help-doc.html...
[INFO] Building jar: /opt/compile/guoyj/alluxio/underfs/gcs/target/alluxio-underfs-gcs-1.4.1-SNAPSHOT-javadoc.jar
[INFO] 
[INFO] --- maven-shade-plugin:2.2:shade (shade-jets3t) @ alluxio-underfs-gcs ---
[INFO] Excluding com.google.guava:guava:jar:14.0.1 from the shaded jar.
[INFO] Excluding org.slf4j:slf4j-api:jar:1.7.2 from the shaded jar.
[INFO] Excluding org.alluxio:alluxio-core-common:jar:1.4.1-SNAPSHOT from the shaded jar.
[INFO] Excluding com.google.protobuf:protobuf-java:jar:2.5.0 from the shaded jar.
[INFO] Excluding commons-lang:commons-lang:jar:2.6 from the shaded jar.
[INFO] Excluding commons-io:commons-io:jar:2.4 from the shaded jar.
[INFO] Excluding io.netty:netty-all:jar:4.0.29.Final from the shaded jar.
[INFO] Excluding org.apache.commons:commons-lang3:jar:3.4 from the shaded jar.
[INFO] Excluding org.apache.curator:curator-framework:jar:2.1.0-incubating from the shaded jar.
[INFO] Excluding org.apache.zookeeper:zookeeper:jar:3.4.5 from the shaded jar.
[INFO] Excluding org.slf4j:slf4j-log4j12:jar:1.7.2 from the shaded jar.
[INFO] Excluding log4j:log4j:jar:1.2.15 from the shaded jar.
[INFO] Excluding javax.mail:mail:jar:1.4 from the shaded jar.
[INFO] Excluding javax.activation:activation:jar:1.1 from the shaded jar.
[INFO] Excluding jline:jline:jar:0.9.94 from the shaded jar.
[INFO] Excluding org.jboss.netty:netty:jar:3.2.2.Final from the shaded jar.
[INFO] Excluding org.apache.curator:curator-client:jar:2.1.0-incubating from the shaded jar.
[INFO] Excluding org.apache.curator:curator-recipes:jar:2.1.0-incubating from the shaded jar.
[INFO] Excluding org.apache.thrift:libthrift:jar:0.9.3 from the shaded jar.
[INFO] Excluding org.apache.httpcomponents:httpclient:jar:4.4.1 from the shaded jar.
[INFO] Excluding org.apache.httpcomponents:httpcore:jar:4.4.1 from the shaded jar.
[INFO] Excluding io.dropwizard.metrics:metrics-core:jar:3.1.2 from the shaded jar.
[INFO] Excluding io.dropwizard.metrics:metrics-json:jar:3.1.2 from the shaded jar.
[INFO] Excluding com.fasterxml.jackson.core:jackson-databind:jar:2.4.2 from the shaded jar.
[INFO] Excluding com.fasterxml.jackson.core:jackson-annotations:jar:2.4.0 from the shaded jar.
[INFO] Excluding com.fasterxml.jackson.core:jackson-core:jar:2.4.2 from the shaded jar.
[INFO] Excluding io.dropwizard.metrics:metrics-jvm:jar:3.1.2 from the shaded jar.
[INFO] Excluding io.dropwizard.metrics:metrics-graphite:jar:3.1.2 from the shaded jar.
[INFO] Excluding com.google.code.findbugs:jsr305:jar:3.0.0 from the shaded jar.
[INFO] Including net.java.dev.jets3t:jets3t:jar:0.8.1 in the shaded jar.
[INFO] Excluding com.jamesmurty.utils:java-xmlbuilder:jar:0.4 from the shaded jar.
[INFO] Excluding commons-codec:commons-codec:jar:1.10 from the shaded jar.
[INFO] Excluding commons-httpclient:commons-httpclient:jar:3.1 from the shaded jar.
[INFO] Excluding commons-logging:commons-logging:jar:1.1.1 from the shaded jar.
[INFO] Replacing original artifact with shaded artifact.
[INFO] Replacing /opt/compile/guoyj/alluxio/underfs/gcs/target/alluxio-underfs-gcs-1.4.1-SNAPSHOT.jar with /opt/compile/guoyj/alluxio/underfs/gcs/target/alluxio-underfs-gcs-1.4.1-SNAPSHOT-shaded.jar
[INFO] Dependency-reduced POM written at: /opt/compile/guoyj/alluxio/underfs/gcs/dependency-reduced-pom.xml
[INFO] Dependency-reduced POM written at: /opt/compile/guoyj/alluxio/underfs/gcs/dependency-reduced-pom.xml
[INFO]                                                                         
[INFO] ------------------------------------------------------------------------
[INFO] Building Alluxio Core - Client 1.4.1-SNAPSHOT
[INFO] ------------------------------------------------------------------------
[INFO] 
[INFO] --- maven-clean-plugin:2.5:clean (default-clean) @ alluxio-core-client ---
[INFO] Deleting /opt/compile/guoyj/alluxio/core/client/target
[INFO] 
[INFO] --- build-helper-maven-plugin:1.10:regex-property (parse-hadoop-major-version) @ alluxio-core-client ---
[INFO] No match to regex '^1\..*$' found in '2.4.0'. The initial value '2.4.0' is left as-is...
[INFO] 
[INFO] --- maven-enforcer-plugin:1.4:enforce (enforce-maven) @ alluxio-core-client ---
[INFO] 
[INFO] --- maven-enforcer-plugin:1.4:enforce (enforce-versions) @ alluxio-core-client ---
[INFO] 
[INFO] --- maven-checkstyle-plugin:2.17:check (checkstyle) @ alluxio-core-client ---
[INFO] 
[INFO] --- license-maven-plugin:2.9:check (default) @ alluxio-core-client ---
[INFO] Checking licenses...
[INFO] 
[INFO] --- maven-resources-plugin:2.6:resources (default-resources) @ alluxio-core-client ---
[INFO] Using 'UTF-8' encoding to copy filtered resources.
[INFO] Copying 1 resource
[INFO] 
[INFO] --- maven-compiler-plugin:3.2:compile (default-compile) @ alluxio-core-client ---
[INFO] Changes detected - recompiling the module!
[INFO] Compiling 117 source files to /opt/compile/guoyj/alluxio/core/client/target/classes
[INFO] /opt/compile/guoyj/alluxio/core/client/src/main/java/alluxio/hadoop/AbstractFileSystem.java: Some input files use or override a deprecated API.
[INFO] /opt/compile/guoyj/alluxio/core/client/src/main/java/alluxio/hadoop/AbstractFileSystem.java: Recompile with -Xlint:deprecation for details.
[INFO] 
[INFO] >>> findbugs-maven-plugin:3.0.2:check (default) > :findbugs @ alluxio-core-client >>>
[INFO] 
[INFO] --- findbugs-maven-plugin:3.0.2:findbugs (findbugs) @ alluxio-core-client ---
[INFO] Fork Value is true
[INFO] Done FindBugs Analysis....
[INFO] 
[INFO] <<< findbugs-maven-plugin:3.0.2:check (default) < :findbugs @ alluxio-core-client <<<
[INFO] 
[INFO] --- findbugs-maven-plugin:3.0.2:check (default) @ alluxio-core-client ---
[INFO] BugInstance size is 0
[INFO] Error size is 0
[INFO] No errors/warnings found
[INFO] 
[INFO] --- maven-resources-plugin:2.6:testResources (default-testResources) @ alluxio-core-client ---
[INFO] Using 'UTF-8' encoding to copy filtered resources.
[INFO] Copying 1 resource
[INFO] 
[INFO] --- maven-compiler-plugin:3.2:testCompile (default-testCompile) @ alluxio-core-client ---
[INFO] Changes detected - recompiling the module!
[INFO] Compiling 55 source files to /opt/compile/guoyj/alluxio/core/client/target/test-classes
[INFO] /opt/compile/guoyj/alluxio/core/client/src/test/java/alluxio/client/file/BaseFileSystemTest.java: Some input files use or override a deprecated API.
[INFO] /opt/compile/guoyj/alluxio/core/client/src/test/java/alluxio/client/file/BaseFileSystemTest.java: Recompile with -Xlint:deprecation for details.
[INFO] 
[INFO] --- maven-surefire-plugin:2.19.1:test (default-test) @ alluxio-core-client ---
[INFO] Tests are skipped.
[INFO] 
[INFO] --- maven-jar-plugin:2.4:jar (default-jar) @ alluxio-core-client ---
[INFO] Building jar: /opt/compile/guoyj/alluxio/core/client/target/alluxio-core-client-1.4.1-SNAPSHOT.jar
[INFO] 
[INFO] >>> maven-source-plugin:2.3:jar (attach-sources) > generate-sources @ alluxio-core-client >>>
[INFO] 
[INFO] --- build-helper-maven-plugin:1.10:regex-property (parse-hadoop-major-version) @ alluxio-core-client ---
[INFO] No match to regex '^1\..*$' found in '2.4.0'. The initial value '2.4.0' is left as-is...
[INFO] 
[INFO] --- maven-enforcer-plugin:1.4:enforce (enforce-maven) @ alluxio-core-client ---
[INFO] 
[INFO] --- maven-enforcer-plugin:1.4:enforce (enforce-versions) @ alluxio-core-client ---
[INFO] 
[INFO] --- maven-checkstyle-plugin:2.17:check (checkstyle) @ alluxio-core-client ---
[INFO] 
[INFO] --- license-maven-plugin:2.9:check (default) @ alluxio-core-client ---
[INFO] Checking licenses...
[INFO] 
[INFO] <<< maven-source-plugin:2.3:jar (attach-sources) < generate-sources @ alluxio-core-client <<<
[INFO] 
[INFO] --- maven-source-plugin:2.3:jar (attach-sources) @ alluxio-core-client ---
[INFO] Building jar: /opt/compile/guoyj/alluxio/core/client/target/alluxio-core-client-1.4.1-SNAPSHOT-sources.jar
[INFO] 
[INFO] --- maven-javadoc-plugin:2.9:jar (attach-javadoc) @ alluxio-core-client ---
[INFO] 
Loading source files for package alluxio.client...
Loading source files for package alluxio.client.file...
Loading source files for package alluxio.client.file.options...
Loading source files for package alluxio.client.file.policy...
Loading source files for package alluxio.client.lineage...
Loading source files for package alluxio.client.lineage.options...
Loading source files for package alluxio.client.block...
Loading source files for package alluxio.client.block.stream...
Loading source files for package alluxio.client.netty...
Loading source files for package alluxio.hadoop...
Constructing Javadoc information...
Standard Doclet version 1.7.0_60-ea
Building tree for all the packages and classes...
Generating /opt/compile/guoyj/alluxio/core/client/target/apidocs/alluxio/client/AbstractOutStream.html...
Generating /opt/compile/guoyj/alluxio/core/client/target/apidocs/alluxio/client/AlluxioStorageType.html...
Generating /opt/compile/guoyj/alluxio/core/client/target/apidocs/alluxio/client/BoundedStream.html...
Generating /opt/compile/guoyj/alluxio/core/client/target/apidocs/alluxio/client/Cancelable.html...
Generating /opt/compile/guoyj/alluxio/core/client/target/apidocs/alluxio/client/FileSystemTestUtils.html...
Generating /opt/compile/guoyj/alluxio/core/client/target/apidocs/alluxio/client/Locatable.html...
Generating /opt/compile/guoyj/alluxio/core/client/target/apidocs/alluxio/client/MetaMasterClient.html...
Generating /opt/compile/guoyj/alluxio/core/client/target/apidocs/alluxio/client/PositionedReadable.html...
Generating /opt/compile/guoyj/alluxio/core/client/target/apidocs/alluxio/client/ReadType.html...
Generating /opt/compile/guoyj/alluxio/core/client/target/apidocs/alluxio/client/RemoteBlockReader.html...
Generating /opt/compile/guoyj/alluxio/core/client/target/apidocs/alluxio/client/RemoteBlockReader.Factory.html...
Generating /opt/compile/guoyj/alluxio/core/client/target/apidocs/alluxio/client/RemoteBlockWriter.html...
Generating /opt/compile/guoyj/alluxio/core/client/target/apidocs/alluxio/client/RemoteBlockWriter.Factory.html...
Generating /opt/compile/guoyj/alluxio/core/client/target/apidocs/alluxio/client/RetryHandlingMetaMasterClient.html...
Generating /opt/compile/guoyj/alluxio/core/client/target/apidocs/alluxio/client/UnderFileSystemFileReader.html...
Generating /opt/compile/guoyj/alluxio/core/client/target/apidocs/alluxio/client/UnderFileSystemFileReader.Factory.html...
Generating /opt/compile/guoyj/alluxio/core/client/target/apidocs/alluxio/client/UnderFileSystemFileWriter.html...
Generating /opt/compile/guoyj/alluxio/core/client/target/apidocs/alluxio/client/UnderFileSystemFileWriter.Factory.html...
Generating /opt/compile/guoyj/alluxio/core/client/target/apidocs/alluxio/client/UnderStorageType.html...
Generating /opt/compile/guoyj/alluxio/core/client/target/apidocs/alluxio/client/WriteType.html...
Generating /opt/compile/guoyj/alluxio/core/client/target/apidocs/alluxio/client/file/BaseFileSystem.html...
Generating /opt/compile/guoyj/alluxio/core/client/target/apidocs/alluxio/client/file/DelegatedUnderStoreStreamFactory.html...
Generating /opt/compile/guoyj/alluxio/core/client/target/apidocs/alluxio/client/file/DirectUnderStoreStreamFactory.html...
Generating /opt/compile/guoyj/alluxio/core/client/target/apidocs/alluxio/client/file/FileInStream.html...
Generating /opt/compile/guoyj/alluxio/core/client/target/apidocs/alluxio/client/file/FileOutStream.html...
Generating /opt/compile/guoyj/alluxio/core/client/target/apidocs/alluxio/client/file/FileSystem.html...
Generating /opt/compile/guoyj/alluxio/core/client/target/apidocs/alluxio/client/file/FileSystem.Factory.html...
Generating /opt/compile/guoyj/alluxio/core/client/target/apidocs/alluxio/client/file/FileSystemContext.html...
Generating /opt/compile/guoyj/alluxio/core/client/target/apidocs/alluxio/client/file/FileSystemMasterClient.html...
Generating /opt/compile/guoyj/alluxio/core/client/target/apidocs/alluxio/client/file/FileSystemMasterClientPool.html...
Generating /opt/compile/guoyj/alluxio/core/client/target/apidocs/alluxio/client/file/FileSystemUtils.html...
Generating /opt/compile/guoyj/alluxio/core/client/target/apidocs/alluxio/client/file/FileSystemWorkerClient.html...
Generating /opt/compile/guoyj/alluxio/core/client/target/apidocs/alluxio/client/file/UnderFileSystemFileInStream.html...
Generating /opt/compile/guoyj/alluxio/core/client/target/apidocs/alluxio/client/file/UnderFileSystemFileOutStream.html...
Generating /opt/compile/guoyj/alluxio/core/client/target/apidocs/alluxio/client/file/UnderFileSystemFileOutStream.Factory.html...
Generating /opt/compile/guoyj/alluxio/core/client/target/apidocs/alluxio/client/file/UnderFileSystemUtils.html...
Generating /opt/compile/guoyj/alluxio/core/client/target/apidocs/alluxio/client/file/UnknownLengthFileInStream.html...
Generating /opt/compile/guoyj/alluxio/core/client/target/apidocs/alluxio/client/file/URIStatus.html...
Generating /opt/compile/guoyj/alluxio/core/client/target/apidocs/alluxio/client/file/options/CancelUfsFileOptions.html...
Generating /opt/compile/guoyj/alluxio/core/client/target/apidocs/alluxio/client/file/options/CheckConsistencyOptions.html...
Generating /opt/compile/guoyj/alluxio/core/client/target/apidocs/alluxio/client/file/options/CloseUfsFileOptions.html...
Generating /opt/compile/guoyj/alluxio/core/client/target/apidocs/alluxio/client/file/options/CompleteFileOptions.html...
Generating /opt/compile/guoyj/alluxio/core/client/target/apidocs/alluxio/client/file/options/CompleteUfsFileOptions.html...
Generating /opt/compile/guoyj/alluxio/core/client/target/apidocs/alluxio/client/file/options/CreateDirectoryOptions.html...
Generating /opt/compile/guoyj/alluxio/core/client/target/apidocs/alluxio/client/file/options/CreateFileOptions.html...
Generating /opt/compile/guoyj/alluxio/core/client/target/apidocs/alluxio/client/file/options/CreateUfsFileOptions.html...
Generating /opt/compile/guoyj/alluxio/core/client/target/apidocs/alluxio/client/file/options/DeleteOptions.html...
Generating /opt/compile/guoyj/alluxio/core/client/target/apidocs/alluxio/client/file/options/ExistsOptions.html...
Generating /opt/compile/guoyj/alluxio/core/client/target/apidocs/alluxio/client/file/options/FreeOptions.html...
Generating /opt/compile/guoyj/alluxio/core/client/target/apidocs/alluxio/client/file/options/GetStatusOptions.html...
Generating /opt/compile/guoyj/alluxio/core/client/target/apidocs/alluxio/client/file/options/InStreamOptions.html...
Generating /opt/compile/guoyj/alluxio/core/client/target/apidocs/alluxio/client/file/options/ListStatusOptions.html...
Generating /opt/compile/guoyj/alluxio/core/client/target/apidocs/alluxio/client/file/options/LoadMetadataOptions.html...
Generating /opt/compile/guoyj/alluxio/core/client/target/apidocs/alluxio/client/file/options/MountOptions.html...
Generating /opt/compile/guoyj/alluxio/core/client/target/apidocs/alluxio/client/file/options/OpenFileOptions.html...
Generating /opt/compile/guoyj/alluxio/core/client/target/apidocs/alluxio/client/file/options/OpenUfsFileOptions.html...
Generating /opt/compile/guoyj/alluxio/core/client/target/apidocs/alluxio/client/file/options/OutStreamOptions.html...
Generating /opt/compile/guoyj/alluxio/core/client/target/apidocs/alluxio/client/file/options/RenameOptions.html...
Generating /opt/compile/guoyj/alluxio/core/client/target/apidocs/alluxio/client/file/options/SetAttributeOptions.html...
Generating /opt/compile/guoyj/alluxio/core/client/target/apidocs/alluxio/client/file/options/UnmountOptions.html...
Generating /opt/compile/guoyj/alluxio/core/client/target/apidocs/alluxio/client/file/policy/FileWriteLocationPolicy.html...
Generating /opt/compile/guoyj/alluxio/core/client/target/apidocs/alluxio/client/file/policy/LocalFirstPolicy.html...
Generating /opt/compile/guoyj/alluxio/core/client/target/apidocs/alluxio/client/file/policy/MostAvailableFirstPolicy.html...
Generating /opt/compile/guoyj/alluxio/core/client/target/apidocs/alluxio/client/file/policy/RoundRobinPolicy.html...
Generating /opt/compile/guoyj/alluxio/core/client/target/apidocs/alluxio/client/file/policy/SpecificHostPolicy.html...
Generating /opt/compile/guoyj/alluxio/core/client/target/apidocs/alluxio/client/lineage/AbstractLineageClient.html...
Generating /opt/compile/guoyj/alluxio/core/client/target/apidocs/alluxio/client/lineage/AlluxioLineage.html...
Generating /opt/compile/guoyj/alluxio/core/client/target/apidocs/alluxio/client/lineage/DummyFileOutputStream.html...
Generating /opt/compile/guoyj/alluxio/core/client/target/apidocs/alluxio/client/lineage/LineageContext.html...
Generating /opt/compile/guoyj/alluxio/core/client/target/apidocs/alluxio/client/lineage/LineageFileOutStream.html...
Generating /opt/compile/guoyj/alluxio/core/client/target/apidocs/alluxio/client/lineage/LineageFileSystem.html...
Generating /opt/compile/guoyj/alluxio/core/client/target/apidocs/alluxio/client/lineage/LineageMasterClient.html...
Generating /opt/compile/guoyj/alluxio/core/client/target/apidocs/alluxio/client/lineage/options/CreateLineageOptions.html...
Generating /opt/compile/guoyj/alluxio/core/client/target/apidocs/alluxio/client/lineage/options/DeleteLineageOptions.html...
Generating /opt/compile/guoyj/alluxio/core/client/target/apidocs/alluxio/client/lineage/options/GetLineageInfoListOptions.html...
Generating /opt/compile/guoyj/alluxio/core/client/target/apidocs/alluxio/client/block/AlluxioBlockStore.html...
Generating /opt/compile/guoyj/alluxio/core/client/target/apidocs/alluxio/client/block/BlockInStream.html...
Generating /opt/compile/guoyj/alluxio/core/client/target/apidocs/alluxio/client/block/BlockMasterClient.html...
Generating /opt/compile/guoyj/alluxio/core/client/target/apidocs/alluxio/client/block/BlockMasterClientPool.html...
Generating /opt/compile/guoyj/alluxio/core/client/target/apidocs/alluxio/client/block/BlockWorkerClient.html...
Generating /opt/compile/guoyj/alluxio/core/client/target/apidocs/alluxio/client/block/BlockWorkerInfo.html...
Generating /opt/compile/guoyj/alluxio/core/client/target/apidocs/alluxio/client/block/BlockWorkerThriftClientPool.html...
Generating /opt/compile/guoyj/alluxio/core/client/target/apidocs/alluxio/client/block/BufferedBlockInStream.html...
Generating /opt/compile/guoyj/alluxio/core/client/target/apidocs/alluxio/client/block/BufferedBlockOutStream.html...
Generating /opt/compile/guoyj/alluxio/core/client/target/apidocs/alluxio/client/block/LocalBlockInStream.html...
Generating /opt/compile/guoyj/alluxio/core/client/target/apidocs/alluxio/client/block/LocalBlockOutStream.html...
Generating /opt/compile/guoyj/alluxio/core/client/target/apidocs/alluxio/client/block/RemoteBlockInStream.html...
Generating /opt/compile/guoyj/alluxio/core/client/target/apidocs/alluxio/client/block/RemoteBlockOutStream.html...
Generating /opt/compile/guoyj/alluxio/core/client/target/apidocs/alluxio/client/block/RetryHandlingBlockMasterClient.html...
Generating /opt/compile/guoyj/alluxio/core/client/target/apidocs/alluxio/client/block/RetryHandlingBlockWorkerClient.html...
Generating /opt/compile/guoyj/alluxio/core/client/target/apidocs/alluxio/client/block/RetryHandlingBlockWorkerClient.Metrics.html...
Generating /opt/compile/guoyj/alluxio/core/client/target/apidocs/alluxio/client/block/StreamFactory.html...
Generating /opt/compile/guoyj/alluxio/core/client/target/apidocs/alluxio/client/block/UnderStoreBlockInStream.html...
Generating /opt/compile/guoyj/alluxio/core/client/target/apidocs/alluxio/client/block/UnderStoreBlockInStream.UnderStoreStreamFactory.html...
Generating /opt/compile/guoyj/alluxio/core/client/target/apidocs/alluxio/client/block/stream/BlockInStream.html...
Generating /opt/compile/guoyj/alluxio/core/client/target/apidocs/alluxio/client/block/stream/BlockOutStream.html...
Generating /opt/compile/guoyj/alluxio/core/client/target/apidocs/alluxio/client/block/stream/LocalFilePacketReader.html...
Generating /opt/compile/guoyj/alluxio/core/client/target/apidocs/alluxio/client/block/stream/LocalFilePacketReader.Factory.html...
Generating /opt/compile/guoyj/alluxio/core/client/target/apidocs/alluxio/client/block/stream/LocalFilePacketWriter.html...
Generating /opt/compile/guoyj/alluxio/core/client/target/apidocs/alluxio/client/block/stream/NettyPacketReader.html...
Generating /opt/compile/guoyj/alluxio/core/client/target/apidocs/alluxio/client/block/stream/NettyPacketReader.Factory.html...
Generating /opt/compile/guoyj/alluxio/core/client/target/apidocs/alluxio/client/block/stream/NettyPacketWriter.html...
Generating /opt/compile/guoyj/alluxio/core/client/target/apidocs/alluxio/client/block/stream/PacketInStream.html...
Generating /opt/compile/guoyj/alluxio/core/client/target/apidocs/alluxio/client/block/stream/PacketOutStream.html...
Generating /opt/compile/guoyj/alluxio/core/client/target/apidocs/alluxio/client/block/stream/PacketReader.html...
Generating /opt/compile/guoyj/alluxio/core/client/target/apidocs/alluxio/client/block/stream/PacketReader.Factory.html...
Generating /opt/compile/guoyj/alluxio/core/client/target/apidocs/alluxio/client/block/stream/PacketWriter.html...
Generating /opt/compile/guoyj/alluxio/core/client/target/apidocs/alluxio/client/block/stream/UnderFileSystemFileInStream.html...
Generating /opt/compile/guoyj/alluxio/core/client/target/apidocs/alluxio/client/block/stream/UnderFileSystemFileOutStream.html...
Generating /opt/compile/guoyj/alluxio/core/client/target/apidocs/alluxio/client/netty/ClientHandler.html...
Generating /opt/compile/guoyj/alluxio/core/client/target/apidocs/alluxio/client/netty/ClientHandler.ResponseListener.html...
Generating /opt/compile/guoyj/alluxio/core/client/target/apidocs/alluxio/client/netty/NettyClient.html...
Generating /opt/compile/guoyj/alluxio/core/client/target/apidocs/alluxio/client/netty/NettyRemoteBlockReader.html...
Generating /opt/compile/guoyj/alluxio/core/client/target/apidocs/alluxio/client/netty/NettyRemoteBlockWriter.html...
Generating /opt/compile/guoyj/alluxio/core/client/target/apidocs/alluxio/client/netty/NettyUnderFileSystemFileReader.html...
Generating /opt/compile/guoyj/alluxio/core/client/target/apidocs/alluxio/client/netty/NettyUnderFileSystemFileWriter.html...
Generating /opt/compile/guoyj/alluxio/core/client/target/apidocs/alluxio/client/netty/SingleResponseListener.html...
Generating /opt/compile/guoyj/alluxio/core/client/target/apidocs/alluxio/hadoop/AlluxioFileSystem.html...
Generating /opt/compile/guoyj/alluxio/core/client/target/apidocs/alluxio/hadoop/ConfUtils.html...
Generating /opt/compile/guoyj/alluxio/core/client/target/apidocs/alluxio/hadoop/FaultTolerantFileSystem.html...
Generating /opt/compile/guoyj/alluxio/core/client/target/apidocs/alluxio/hadoop/FileSystem.html...
Generating /opt/compile/guoyj/alluxio/core/client/target/apidocs/alluxio/hadoop/HadoopUtils.html...
Generating /opt/compile/guoyj/alluxio/core/client/target/apidocs/alluxio/hadoop/HdfsFileInputStream.html...
Generating /opt/compile/guoyj/alluxio/core/client/target/apidocs/alluxio/hadoop/HdfsUfsInfo.html...
Generating /opt/compile/guoyj/alluxio/core/client/target/apidocs/overview-frame.html...
Generating /opt/compile/guoyj/alluxio/core/client/target/apidocs/alluxio/client/package-frame.html...
Generating /opt/compile/guoyj/alluxio/core/client/target/apidocs/alluxio/client/package-summary.html...
Generating /opt/compile/guoyj/alluxio/core/client/target/apidocs/alluxio/client/package-tree.html...
Generating /opt/compile/guoyj/alluxio/core/client/target/apidocs/alluxio/client/block/package-frame.html...
Generating /opt/compile/guoyj/alluxio/core/client/target/apidocs/alluxio/client/block/package-summary.html...
Generating /opt/compile/guoyj/alluxio/core/client/target/apidocs/alluxio/client/block/package-tree.html...
Generating /opt/compile/guoyj/alluxio/core/client/target/apidocs/alluxio/client/block/stream/package-frame.html...
Generating /opt/compile/guoyj/alluxio/core/client/target/apidocs/alluxio/client/block/stream/package-summary.html...
Generating /opt/compile/guoyj/alluxio/core/client/target/apidocs/alluxio/client/block/stream/package-tree.html...
Generating /opt/compile/guoyj/alluxio/core/client/target/apidocs/alluxio/client/file/package-frame.html...
Generating /opt/compile/guoyj/alluxio/core/client/target/apidocs/alluxio/client/file/package-summary.html...
Generating /opt/compile/guoyj/alluxio/core/client/target/apidocs/alluxio/client/file/package-tree.html...
Generating /opt/compile/guoyj/alluxio/core/client/target/apidocs/alluxio/client/file/options/package-frame.html...
Generating /opt/compile/guoyj/alluxio/core/client/target/apidocs/alluxio/client/file/options/package-summary.html...
Generating /opt/compile/guoyj/alluxio/core/client/target/apidocs/alluxio/client/file/options/package-tree.html...
Generating /opt/compile/guoyj/alluxio/core/client/target/apidocs/alluxio/client/file/policy/package-frame.html...
Generating /opt/compile/guoyj/alluxio/core/client/target/apidocs/alluxio/client/file/policy/package-summary.html...
Generating /opt/compile/guoyj/alluxio/core/client/target/apidocs/alluxio/client/file/policy/package-tree.html...
Generating /opt/compile/guoyj/alluxio/core/client/target/apidocs/alluxio/client/lineage/package-frame.html...
Generating /opt/compile/guoyj/alluxio/core/client/target/apidocs/alluxio/client/lineage/package-summary.html...
Generating /opt/compile/guoyj/alluxio/core/client/target/apidocs/alluxio/client/lineage/package-tree.html...
Generating /opt/compile/guoyj/alluxio/core/client/target/apidocs/alluxio/client/lineage/options/package-frame.html...
Generating /opt/compile/guoyj/alluxio/core/client/target/apidocs/alluxio/client/lineage/options/package-summary.html...
Generating /opt/compile/guoyj/alluxio/core/client/target/apidocs/alluxio/client/lineage/options/package-tree.html...
Generating /opt/compile/guoyj/alluxio/core/client/target/apidocs/alluxio/client/netty/package-frame.html...
Generating /opt/compile/guoyj/alluxio/core/client/target/apidocs/alluxio/client/netty/package-summary.html...
Generating /opt/compile/guoyj/alluxio/core/client/target/apidocs/alluxio/client/netty/package-tree.html...
Generating /opt/compile/guoyj/alluxio/core/client/target/apidocs/alluxio/hadoop/package-frame.html...
Generating /opt/compile/guoyj/alluxio/core/client/target/apidocs/alluxio/hadoop/package-summary.html...
Generating /opt/compile/guoyj/alluxio/core/client/target/apidocs/alluxio/hadoop/package-tree.html...
Generating /opt/compile/guoyj/alluxio/core/client/target/apidocs/constant-values.html...
Generating /opt/compile/guoyj/alluxio/core/client/target/apidocs/alluxio/client/class-use/WriteType.html...
Generating /opt/compile/guoyj/alluxio/core/client/target/apidocs/alluxio/client/class-use/RemoteBlockWriter.html...
Generating /opt/compile/guoyj/alluxio/core/client/target/apidocs/alluxio/client/class-use/RemoteBlockWriter.Factory.html...
Generating /opt/compile/guoyj/alluxio/core/client/target/apidocs/alluxio/client/class-use/AbstractOutStream.html...
Generating /opt/compile/guoyj/alluxio/core/client/target/apidocs/alluxio/client/class-use/Cancelable.html...
Generating /opt/compile/guoyj/alluxio/core/client/target/apidocs/alluxio/client/class-use/RemoteBlockReader.html...
Generating /opt/compile/guoyj/alluxio/core/client/target/apidocs/alluxio/client/class-use/RemoteBlockReader.Factory.html...
Generating /opt/compile/guoyj/alluxio/core/client/target/apidocs/alluxio/client/class-use/AlluxioStorageType.html...
Generating /opt/compile/guoyj/alluxio/core/client/target/apidocs/alluxio/client/class-use/ReadType.html...
Generating /opt/compile/guoyj/alluxio/core/client/target/apidocs/alluxio/client/class-use/UnderFileSystemFileReader.html...
Generating /opt/compile/guoyj/alluxio/core/client/target/apidocs/alluxio/client/class-use/UnderFileSystemFileReader.Factory.html...
Generating /opt/compile/guoyj/alluxio/core/client/target/apidocs/alluxio/client/class-use/BoundedStream.html...
Generating /opt/compile/guoyj/alluxio/core/client/target/apidocs/alluxio/client/class-use/Locatable.html...
Generating /opt/compile/guoyj/alluxio/core/client/target/apidocs/alluxio/client/class-use/MetaMasterClient.html...
Generating /opt/compile/guoyj/alluxio/core/client/target/apidocs/alluxio/client/class-use/RetryHandlingMetaMasterClient.html...
Generating /opt/compile/guoyj/alluxio/core/client/target/apidocs/alluxio/client/class-use/FileSystemTestUtils.html...
Generating /opt/compile/guoyj/alluxio/core/client/target/apidocs/alluxio/client/class-use/UnderStorageType.html...
Generating /opt/compile/guoyj/alluxio/core/client/target/apidocs/alluxio/client/class-use/PositionedReadable.html...
Generating /opt/compile/guoyj/alluxio/core/client/target/apidocs/alluxio/client/class-use/UnderFileSystemFileWriter.html...
Generating /opt/compile/guoyj/alluxio/core/client/target/apidocs/alluxio/client/class-use/UnderFileSystemFileWriter.Factory.html...
Generating /opt/compile/guoyj/alluxio/core/client/target/apidocs/alluxio/client/file/class-use/FileSystemWorkerClient.html...
Generating /opt/compile/guoyj/alluxio/core/client/target/apidocs/alluxio/client/file/class-use/UnderFileSystemUtils.html...
Generating /opt/compile/guoyj/alluxio/core/client/target/apidocs/alluxio/client/file/class-use/FileSystemMasterClient.html...
Generating /opt/compile/guoyj/alluxio/core/client/target/apidocs/alluxio/client/file/class-use/DelegatedUnderStoreStreamFactory.html...
Generating /opt/compile/guoyj/alluxio/core/client/target/apidocs/alluxio/client/file/class-use/URIStatus.html...
Generating /opt/compile/guoyj/alluxio/core/client/target/apidocs/alluxio/client/file/class-use/FileSystem.html...
Generating /opt/compile/guoyj/alluxio/core/client/target/apidocs/alluxio/client/file/class-use/FileSystem.Factory.html...
Generating /opt/compile/guoyj/alluxio/core/client/target/apidocs/alluxio/client/file/class-use/FileSystemContext.html...
Generating /opt/compile/guoyj/alluxio/core/client/target/apidocs/alluxio/client/file/class-use/DirectUnderStoreStreamFactory.html...
Generating /opt/compile/guoyj/alluxio/core/client/target/apidocs/alluxio/client/file/class-use/FileSystemMasterClientPool.html...
Generating /opt/compile/guoyj/alluxio/core/client/target/apidocs/alluxio/client/file/class-use/UnknownLengthFileInStream.html...
Generating /opt/compile/guoyj/alluxio/core/client/target/apidocs/alluxio/client/file/class-use/UnderFileSystemFileInStream.html...
Generating /opt/compile/guoyj/alluxio/core/client/target/apidocs/alluxio/client/file/class-use/FileSystemUtils.html...
Generating /opt/compile/guoyj/alluxio/core/client/target/apidocs/alluxio/client/file/class-use/UnderFileSystemFileOutStream.html...
Generating /opt/compile/guoyj/alluxio/core/client/target/apidocs/alluxio/client/file/class-use/UnderFileSystemFileOutStream.Factory.html...
Generating /opt/compile/guoyj/alluxio/core/client/target/apidocs/alluxio/client/file/class-use/FileOutStream.html...
Generating /opt/compile/guoyj/alluxio/core/client/target/apidocs/alluxio/client/file/class-use/BaseFileSystem.html...
Generating /opt/compile/guoyj/alluxio/core/client/target/apidocs/alluxio/client/file/class-use/FileInStream.html...
Generating /opt/compile/guoyj/alluxio/core/client/target/apidocs/alluxio/client/file/options/class-use/GetStatusOptions.html...
Generating /opt/compile/guoyj/alluxio/core/client/target/apidocs/alluxio/client/file/options/class-use/SetAttributeOptions.html...
Generating /opt/compile/guoyj/alluxio/core/client/target/apidocs/alluxio/client/file/options/class-use/CreateFileOptions.html...
Generating /opt/compile/guoyj/alluxio/core/client/target/apidocs/alluxio/client/file/options/class-use/ExistsOptions.html...
Generating /opt/compile/guoyj/alluxio/core/client/target/apidocs/alluxio/client/file/options/class-use/OpenFileOptions.html...
Generating /opt/compile/guoyj/alluxio/core/client/target/apidocs/alluxio/client/file/options/class-use/CompleteFileOptions.html...
Generating /opt/compile/guoyj/alluxio/core/client/target/apidocs/alluxio/client/file/options/class-use/RenameOptions.html...
Generating /opt/compile/guoyj/alluxio/core/client/target/apidocs/alluxio/client/file/options/class-use/MountOptions.html...
Generating /opt/compile/guoyj/alluxio/core/client/target/apidocs/alluxio/client/file/options/class-use/OutStreamOptions.html...
Generating /opt/compile/guoyj/alluxio/core/client/target/apidocs/alluxio/client/file/options/class-use/CloseUfsFileOptions.html...
Generating /opt/compile/guoyj/alluxio/core/client/target/apidocs/alluxio/client/file/options/class-use/CheckConsistencyOptions.html...
Generating /opt/compile/guoyj/alluxio/core/client/target/apidocs/alluxio/client/file/options/class-use/DeleteOptions.html...
Generating /opt/compile/guoyj/alluxio/core/client/target/apidocs/alluxio/client/file/options/class-use/InStreamOptions.html...
Generating /opt/compile/guoyj/alluxio/core/client/target/apidocs/alluxio/client/file/options/class-use/ListStatusOptions.html...
Generating /opt/compile/guoyj/alluxio/core/client/target/apidocs/alluxio/client/file/options/class-use/CompleteUfsFileOptions.html...
Generating /opt/compile/guoyj/alluxio/core/client/target/apidocs/alluxio/client/file/options/class-use/CreateDirectoryOptions.html...
Generating /opt/compile/guoyj/alluxio/core/client/target/apidocs/alluxio/client/file/options/class-use/UnmountOptions.html...
Generating /opt/compile/guoyj/alluxio/core/client/target/apidocs/alluxio/client/file/options/class-use/FreeOptions.html...
Generating /opt/compile/guoyj/alluxio/core/client/target/apidocs/alluxio/client/file/options/class-use/CancelUfsFileOptions.html...
Generating /opt/compile/guoyj/alluxio/core/client/target/apidocs/alluxio/client/file/options/class-use/OpenUfsFileOptions.html...
Generating /opt/compile/guoyj/alluxio/core/client/target/apidocs/alluxio/client/file/options/class-use/CreateUfsFileOptions.html...
Generating /opt/compile/guoyj/alluxio/core/client/target/apidocs/alluxio/client/file/options/class-use/LoadMetadataOptions.html...
Generating /opt/compile/guoyj/alluxio/core/client/target/apidocs/alluxio/client/file/policy/class-use/SpecificHostPolicy.html...
Generating /opt/compile/guoyj/alluxio/core/client/target/apidocs/alluxio/client/file/policy/class-use/FileWriteLocationPolicy.html...
Generating /opt/compile/guoyj/alluxio/core/client/target/apidocs/alluxio/client/file/policy/class-use/MostAvailableFirstPolicy.html...
Generating /opt/compile/guoyj/alluxio/core/client/target/apidocs/alluxio/client/file/policy/class-use/LocalFirstPolicy.html...
Generating /opt/compile/guoyj/alluxio/core/client/target/apidocs/alluxio/client/file/policy/class-use/RoundRobinPolicy.html...
Generating /opt/compile/guoyj/alluxio/core/client/target/apidocs/alluxio/client/lineage/class-use/LineageContext.html...
Generating /opt/compile/guoyj/alluxio/core/client/target/apidocs/alluxio/client/lineage/class-use/LineageMasterClient.html...
Generating /opt/compile/guoyj/alluxio/core/client/target/apidocs/alluxio/client/lineage/class-use/AlluxioLineage.html...
Generating /opt/compile/guoyj/alluxio/core/client/target/apidocs/alluxio/client/lineage/class-use/DummyFileOutputStream.html...
Generating /opt/compile/guoyj/alluxio/core/client/target/apidocs/alluxio/client/lineage/class-use/AbstractLineageClient.html...
Generating /opt/compile/guoyj/alluxio/core/client/target/apidocs/alluxio/client/lineage/class-use/LineageFileSystem.html...
Generating /opt/compile/guoyj/alluxio/core/client/target/apidocs/alluxio/client/lineage/class-use/LineageFileOutStream.html...
Generating /opt/compile/guoyj/alluxio/core/client/target/apidocs/alluxio/client/lineage/options/class-use/CreateLineageOptions.html...
Generating /opt/compile/guoyj/alluxio/core/client/target/apidocs/alluxio/client/lineage/options/class-use/DeleteLineageOptions.html...
Generating /opt/compile/guoyj/alluxio/core/client/target/apidocs/alluxio/client/lineage/options/class-use/GetLineageInfoListOptions.html...
Generating /opt/compile/guoyj/alluxio/core/client/target/apidocs/alluxio/client/block/class-use/BlockWorkerInfo.html...
Generating /opt/compile/guoyj/alluxio/core/client/target/apidocs/alluxio/client/block/class-use/BlockWorkerClient.html...
Generating /opt/compile/guoyj/alluxio/core/client/target/apidocs/alluxio/client/block/class-use/BlockWorkerThriftClientPool.html...
Generating /opt/compile/guoyj/alluxio/core/client/target/apidocs/alluxio/client/block/class-use/LocalBlockInStream.html...
Generating /opt/compile/guoyj/alluxio/core/client/target/apidocs/alluxio/client/block/class-use/RemoteBlockInStream.html...
Generating /opt/compile/guoyj/alluxio/core/client/target/apidocs/alluxio/client/block/class-use/BlockInStream.html...
Generating /opt/compile/guoyj/alluxio/core/client/target/apidocs/alluxio/client/block/class-use/RetryHandlingBlockWorkerClient.html...
Generating /opt/compile/guoyj/alluxio/core/client/target/apidocs/alluxio/client/block/class-use/RetryHandlingBlockWorkerClient.Metrics.html...
Generating /opt/compile/guoyj/alluxio/core/client/target/apidocs/alluxio/client/block/class-use/UnderStoreBlockInStream.html...
Generating /opt/compile/guoyj/alluxio/core/client/target/apidocs/alluxio/client/block/class-use/UnderStoreBlockInStream.UnderStoreStreamFactory.html...
Generating /opt/compile/guoyj/alluxio/core/client/target/apidocs/alluxio/client/block/class-use/RetryHandlingBlockMasterClient.html...
Generating /opt/compile/guoyj/alluxio/core/client/target/apidocs/alluxio/client/block/class-use/BlockMasterClient.html...
Generating /opt/compile/guoyj/alluxio/core/client/target/apidocs/alluxio/client/block/class-use/RemoteBlockOutStream.html...
Generating /opt/compile/guoyj/alluxio/core/client/target/apidocs/alluxio/client/block/class-use/StreamFactory.html...
Generating /opt/compile/guoyj/alluxio/core/client/target/apidocs/alluxio/client/block/class-use/BlockMasterClientPool.html...
Generating /opt/compile/guoyj/alluxio/core/client/target/apidocs/alluxio/client/block/class-use/LocalBlockOutStream.html...
Generating /opt/compile/guoyj/alluxio/core/client/target/apidocs/alluxio/client/block/class-use/BufferedBlockOutStream.html...
Generating /opt/compile/guoyj/alluxio/core/client/target/apidocs/alluxio/client/block/class-use/BufferedBlockInStream.html...
Generating /opt/compile/guoyj/alluxio/core/client/target/apidocs/alluxio/client/block/class-use/AlluxioBlockStore.html...
Generating /opt/compile/guoyj/alluxio/core/client/target/apidocs/alluxio/client/block/stream/class-use/PacketOutStream.html...
Generating /opt/compile/guoyj/alluxio/core/client/target/apidocs/alluxio/client/block/stream/class-use/PacketReader.html...
Generating /opt/compile/guoyj/alluxio/core/client/target/apidocs/alluxio/client/block/stream/class-use/PacketReader.Factory.html...
Generating /opt/compile/guoyj/alluxio/core/client/target/apidocs/alluxio/client/block/stream/class-use/LocalFilePacketReader.html...
Generating /opt/compile/guoyj/alluxio/core/client/target/apidocs/alluxio/client/block/stream/class-use/LocalFilePacketReader.Factory.html...
Generating /opt/compile/guoyj/alluxio/core/client/target/apidocs/alluxio/client/block/stream/class-use/LocalFilePacketWriter.html...
Generating /opt/compile/guoyj/alluxio/core/client/target/apidocs/alluxio/client/block/stream/class-use/NettyPacketWriter.html...
Generating /opt/compile/guoyj/alluxio/core/client/target/apidocs/alluxio/client/block/stream/class-use/BlockInStream.html...
Generating /opt/compile/guoyj/alluxio/core/client/target/apidocs/alluxio/client/block/stream/class-use/PacketWriter.html...
Generating /opt/compile/guoyj/alluxio/core/client/target/apidocs/alluxio/client/block/stream/class-use/UnderFileSystemFileInStream.html...
Generating /opt/compile/guoyj/alluxio/core/client/target/apidocs/alluxio/client/block/stream/class-use/UnderFileSystemFileOutStream.html...
Generating /opt/compile/guoyj/alluxio/core/client/target/apidocs/alluxio/client/block/stream/class-use/PacketInStream.html...
Generating /opt/compile/guoyj/alluxio/core/client/target/apidocs/alluxio/client/block/stream/class-use/NettyPacketReader.html...
Generating /opt/compile/guoyj/alluxio/core/client/target/apidocs/alluxio/client/block/stream/class-use/NettyPacketReader.Factory.html...
Generating /opt/compile/guoyj/alluxio/core/client/target/apidocs/alluxio/client/block/stream/class-use/BlockOutStream.html...
Generating /opt/compile/guoyj/alluxio/core/client/target/apidocs/alluxio/client/netty/class-use/NettyUnderFileSystemFileReader.html...
Generating /opt/compile/guoyj/alluxio/core/client/target/apidocs/alluxio/client/netty/class-use/ClientHandler.html...
Generating /opt/compile/guoyj/alluxio/core/client/target/apidocs/alluxio/client/netty/class-use/ClientHandler.ResponseListener.html...
Generating /opt/compile/guoyj/alluxio/core/client/target/apidocs/alluxio/client/netty/class-use/SingleResponseListener.html...
Generating /opt/compile/guoyj/alluxio/core/client/target/apidocs/alluxio/client/netty/class-use/NettyRemoteBlockWriter.html...
Generating /opt/compile/guoyj/alluxio/core/client/target/apidocs/alluxio/client/netty/class-use/NettyUnderFileSystemFileWriter.html...
Generating /opt/compile/guoyj/alluxio/core/client/target/apidocs/alluxio/client/netty/class-use/NettyRemoteBlockReader.html...
Generating /opt/compile/guoyj/alluxio/core/client/target/apidocs/alluxio/client/netty/class-use/NettyClient.html...
Generating /opt/compile/guoyj/alluxio/core/client/target/apidocs/alluxio/hadoop/class-use/AlluxioFileSystem.html...
Generating /opt/compile/guoyj/alluxio/core/client/target/apidocs/alluxio/hadoop/class-use/HdfsUfsInfo.html...
Generating /opt/compile/guoyj/alluxio/core/client/target/apidocs/alluxio/hadoop/class-use/FileSystem.html...
Generating /opt/compile/guoyj/alluxio/core/client/target/apidocs/alluxio/hadoop/class-use/FaultTolerantFileSystem.html...
Generating /opt/compile/guoyj/alluxio/core/client/target/apidocs/alluxio/hadoop/class-use/ConfUtils.html...
Generating /opt/compile/guoyj/alluxio/core/client/target/apidocs/alluxio/hadoop/class-use/HadoopUtils.html...
Generating /opt/compile/guoyj/alluxio/core/client/target/apidocs/alluxio/hadoop/class-use/HdfsFileInputStream.html...
Generating /opt/compile/guoyj/alluxio/core/client/target/apidocs/alluxio/client/package-use.html...
Generating /opt/compile/guoyj/alluxio/core/client/target/apidocs/alluxio/client/block/package-use.html...
Generating /opt/compile/guoyj/alluxio/core/client/target/apidocs/alluxio/client/block/stream/package-use.html...
Generating /opt/compile/guoyj/alluxio/core/client/target/apidocs/alluxio/client/file/package-use.html...
Generating /opt/compile/guoyj/alluxio/core/client/target/apidocs/alluxio/client/file/options/package-use.html...
Generating /opt/compile/guoyj/alluxio/core/client/target/apidocs/alluxio/client/file/policy/package-use.html...
Generating /opt/compile/guoyj/alluxio/core/client/target/apidocs/alluxio/client/lineage/package-use.html...
Generating /opt/compile/guoyj/alluxio/core/client/target/apidocs/alluxio/client/lineage/options/package-use.html...
Generating /opt/compile/guoyj/alluxio/core/client/target/apidocs/alluxio/client/netty/package-use.html...
Generating /opt/compile/guoyj/alluxio/core/client/target/apidocs/alluxio/hadoop/package-use.html...
Building index for all the packages and classes...
Generating /opt/compile/guoyj/alluxio/core/client/target/apidocs/overview-tree.html...
Generating /opt/compile/guoyj/alluxio/core/client/target/apidocs/index-all.html...
Generating /opt/compile/guoyj/alluxio/core/client/target/apidocs/deprecated-list.html...
Building index for all classes...
Generating /opt/compile/guoyj/alluxio/core/client/target/apidocs/allclasses-frame.html...
Generating /opt/compile/guoyj/alluxio/core/client/target/apidocs/allclasses-noframe.html...
Generating /opt/compile/guoyj/alluxio/core/client/target/apidocs/index.html...
Generating /opt/compile/guoyj/alluxio/core/client/target/apidocs/overview-summary.html...
Generating /opt/compile/guoyj/alluxio/core/client/target/apidocs/help-doc.html...
5 warnings
[WARNING] Javadoc Warnings
[WARNING] /opt/compile/guoyj/alluxio/core/client/src/main/java/alluxio/client/block/BlockWorkerThriftClientPool.java:29: warning - Tag @link: reference not found: BlockWorkerClientService.Client
[WARNING] /opt/compile/guoyj/alluxio/core/client/src/main/java/alluxio/hadoop/AbstractFileSystemProxy.java:661: warning - @return tag has no arguments.
[WARNING] /opt/compile/guoyj/alluxio/core/client/src/main/java/alluxio/client/block/BlockWorkerThriftClientPool.java:29: warning - Tag @link: reference not found: BlockWorkerClientService.Client
[WARNING] /opt/compile/guoyj/alluxio/core/client/src/main/java/alluxio/client/block/BlockWorkerThriftClientPool.java:29: warning - Tag @link: reference not found: BlockWorkerClientService.Client
[WARNING] /opt/compile/guoyj/alluxio/core/client/src/main/java/alluxio/client/block/BlockWorkerThriftClientPool.java:29: warning - Tag @link: reference not found: BlockWorkerClientService.Client
[INFO] Building jar: /opt/compile/guoyj/alluxio/core/client/target/alluxio-core-client-1.4.1-SNAPSHOT-javadoc.jar
[INFO] 
[INFO] --- maven-jar-plugin:2.4:test-jar (default) @ alluxio-core-client ---
[INFO] Building jar: /opt/compile/guoyj/alluxio/core/client/target/alluxio-core-client-1.4.1-SNAPSHOT-tests.jar
[INFO] 
[INFO] --- maven-shade-plugin:2.2:shade (uber-jar) @ alluxio-core-client ---
[INFO] Including com.google.guava:guava:jar:14.0.1 in the shaded jar.
[INFO] Including com.google.protobuf:protobuf-java:jar:2.5.0 in the shaded jar.
[INFO] Including io.netty:netty-all:jar:4.0.29.Final in the shaded jar.
[INFO] Including org.apache.hadoop:hadoop-client:jar:2.4.0 in the shaded jar.
[INFO] Including org.apache.hadoop:hadoop-common:jar:2.4.0 in the shaded jar.
[INFO] Including commons-cli:commons-cli:jar:1.2 in the shaded jar.
[INFO] Including org.apache.commons:commons-math3:jar:3.1.1 in the shaded jar.
[INFO] Including xmlenc:xmlenc:jar:0.52 in the shaded jar.
[INFO] Including commons-net:commons-net:jar:3.1 in the shaded jar.
[INFO] Including commons-collections:commons-collections:jar:3.2.1 in the shaded jar.
[INFO] Including log4j:log4j:jar:1.2.17 in the shaded jar.
[INFO] Including commons-configuration:commons-configuration:jar:1.6 in the shaded jar.
[INFO] Including commons-digester:commons-digester:jar:1.8 in the shaded jar.
[INFO] Including commons-beanutils:commons-beanutils:jar:1.7.0 in the shaded jar.
[INFO] Including commons-beanutils:commons-beanutils-core:jar:1.8.0 in the shaded jar.
[INFO] Including org.slf4j:slf4j-log4j12:jar:1.7.2 in the shaded jar.
[INFO] Including org.apache.avro:avro:jar:1.7.4 in the shaded jar.
[INFO] Including com.thoughtworks.paranamer:paranamer:jar:2.3 in the shaded jar.
[INFO] Including org.xerial.snappy:snappy-java:jar:1.0.4.1 in the shaded jar.
[INFO] Including org.apache.hadoop:hadoop-auth:jar:2.4.0 in the shaded jar.
[INFO] Including org.apache.zookeeper:zookeeper:jar:3.4.5 in the shaded jar.
[INFO] Including org.apache.commons:commons-compress:jar:1.4.1 in the shaded jar.
[INFO] Including org.tukaani:xz:jar:1.0 in the shaded jar.
[INFO] Including org.apache.hadoop:hadoop-hdfs:jar:2.4.0 in the shaded jar.
[INFO] Including org.mortbay.jetty:jetty-util:jar:6.1.26 in the shaded jar.
[INFO] Including org.apache.hadoop:hadoop-mapreduce-client-app:jar:2.4.0 in the shaded jar.
[INFO] Including org.apache.hadoop:hadoop-mapreduce-client-common:jar:2.4.0 in the shaded jar.
[INFO] Including org.apache.hadoop:hadoop-yarn-client:jar:2.4.0 in the shaded jar.
[INFO] Including com.sun.jersey:jersey-client:jar:1.9 in the shaded jar.
[INFO] Including org.apache.hadoop:hadoop-yarn-server-common:jar:2.4.0 in the shaded jar.
[INFO] Including org.apache.hadoop:hadoop-mapreduce-client-shuffle:jar:2.4.0 in the shaded jar.
[INFO] Including org.apache.hadoop:hadoop-yarn-api:jar:2.4.0 in the shaded jar.
[INFO] Including org.apache.hadoop:hadoop-mapreduce-client-core:jar:2.4.0 in the shaded jar.
[INFO] Including org.apache.hadoop:hadoop-yarn-common:jar:2.4.0 in the shaded jar.
[INFO] Including javax.xml.bind:jaxb-api:jar:2.2.2 in the shaded jar.
[INFO] Including javax.xml.stream:stax-api:jar:1.0-2 in the shaded jar.
[INFO] Including javax.activation:activation:jar:1.1 in the shaded jar.
[INFO] Including javax.servlet:servlet-api:jar:2.5 in the shaded jar.
[INFO] Including com.sun.jersey:jersey-core:jar:1.9 in the shaded jar.
[INFO] Including org.apache.hadoop:hadoop-mapreduce-client-jobclient:jar:2.4.0 in the shaded jar.
[INFO] Including org.apache.hadoop:hadoop-annotations:jar:2.4.0 in the shaded jar.
[INFO] Including org.slf4j:slf4j-api:jar:1.7.2 in the shaded jar.
[INFO] Including org.alluxio:alluxio-core-common:jar:1.4.1-SNAPSHOT in the shaded jar.
[INFO] Including commons-lang:commons-lang:jar:2.6 in the shaded jar.
[INFO] Including commons-io:commons-io:jar:2.4 in the shaded jar.
[INFO] Including org.apache.commons:commons-lang3:jar:3.4 in the shaded jar.
[INFO] Including org.apache.curator:curator-framework:jar:2.1.0-incubating in the shaded jar.
[INFO] Including org.apache.curator:curator-client:jar:2.1.0-incubating in the shaded jar.
[INFO] Including org.apache.curator:curator-recipes:jar:2.1.0-incubating in the shaded jar.
[INFO] Including org.apache.thrift:libthrift:jar:0.9.3 in the shaded jar.
[INFO] Including org.apache.httpcomponents:httpclient:jar:4.4.1 in the shaded jar.
[INFO] Including org.apache.httpcomponents:httpcore:jar:4.4.1 in the shaded jar.
[INFO] Including io.dropwizard.metrics:metrics-core:jar:3.1.2 in the shaded jar.
[INFO] Including io.dropwizard.metrics:metrics-json:jar:3.1.2 in the shaded jar.
[INFO] Including com.fasterxml.jackson.core:jackson-databind:jar:2.4.2 in the shaded jar.
[INFO] Including com.fasterxml.jackson.core:jackson-annotations:jar:2.4.0 in the shaded jar.
[INFO] Including com.fasterxml.jackson.core:jackson-core:jar:2.4.2 in the shaded jar.
[INFO] Including io.dropwizard.metrics:metrics-jvm:jar:3.1.2 in the shaded jar.
[INFO] Including io.dropwizard.metrics:metrics-graphite:jar:3.1.2 in the shaded jar.
[INFO] Including com.google.code.findbugs:jsr305:jar:3.0.0 in the shaded jar.
[INFO] Including org.alluxio:alluxio-underfs-hdfs:jar:1.4.1-SNAPSHOT in the shaded jar.
[INFO] Including org.alluxio:alluxio-underfs-local:jar:1.4.1-SNAPSHOT in the shaded jar.
[INFO] Including org.alluxio:alluxio-underfs-s3:jar:1.4.1-SNAPSHOT in the shaded jar.
[INFO] Including net.java.dev.jets3t:jets3t:jar:0.8.1 in the shaded jar.
[INFO] Including com.jamesmurty.utils:java-xmlbuilder:jar:0.4 in the shaded jar.
[INFO] Including commons-codec:commons-codec:jar:1.10 in the shaded jar.
[INFO] Including commons-httpclient:commons-httpclient:jar:3.1 in the shaded jar.
[INFO] Including commons-logging:commons-logging:jar:1.1.1 in the shaded jar.
[INFO] Including org.alluxio:alluxio-underfs-s3a:jar:1.4.1-SNAPSHOT in the shaded jar.
[INFO] Including com.amazonaws:aws-java-sdk-s3:jar:1.11.7 in the shaded jar.
[INFO] Including com.amazonaws:aws-java-sdk-kms:jar:1.11.7 in the shaded jar.
[INFO] Including com.amazonaws:aws-java-sdk-core:jar:1.11.7 in the shaded jar.
[INFO] Including com.fasterxml.jackson.dataformat:jackson-dataformat-cbor:jar:2.6.6 in the shaded jar.
[INFO] Including joda-time:joda-time:jar:2.8.1 in the shaded jar.
[INFO] Including org.alluxio:alluxio-underfs-gcs:jar:1.4.1-SNAPSHOT in the shaded jar.
[INFO] Including org.alluxio:alluxio-underfs-swift:jar:1.4.1-SNAPSHOT in the shaded jar.
[INFO] Including org.javaswift:joss:jar:0.9.10 in the shaded jar.
[INFO] Including org.slf4j:jcl-over-slf4j:jar:1.7.2 in the shaded jar.
[INFO] Including org.codehaus.jackson:jackson-mapper-asl:jar:1.9.7 in the shaded jar.
[INFO] Including org.codehaus.jackson:jackson-core-asl:jar:1.9.7 in the shaded jar.
[WARNING] commons-beanutils-1.7.0.jar, commons-beanutils-core-1.8.0.jar, commons-collections-3.2.1.jar define 10 overlappping classes: 
[WARNING]   - org.apache.commons.collections.FastHashMap$EntrySet
[WARNING]   - org.apache.commons.collections.ArrayStack
[WARNING]   - org.apache.commons.collections.FastHashMap$1
[WARNING]   - org.apache.commons.collections.FastHashMap$KeySet
[WARNING]   - org.apache.commons.collections.FastHashMap$CollectionView
[WARNING]   - org.apache.commons.collections.BufferUnderflowException
[WARNING]   - org.apache.commons.collections.Buffer
[WARNING]   - org.apache.commons.collections.FastHashMap$CollectionView$CollectionViewIterator
[WARNING]   - org.apache.commons.collections.FastHashMap$Values
[WARNING]   - org.apache.commons.collections.FastHashMap
[WARNING] alluxio-underfs-gcs-1.4.1-SNAPSHOT.jar, alluxio-underfs-s3-1.4.1-SNAPSHOT.jar define 270 overlappping classes: 
[WARNING]   - alluxio.org.jets3t.service.multithread.DeleteObjectsEvent
[WARNING]   - alluxio.org.jets3t.service.multithread.S3ServiceSimpleMulti$3
[WARNING]   - alluxio.org.jets3t.service.utils.RestUtils$1
[WARNING]   - alluxio.org.jets3t.service.multi.ThreadedStorageService$ThreadGroupManager$1
[WARNING]   - alluxio.org.jets3t.service.impl.rest.CloudFrontXmlResponsesSaxParser$OriginAccessIdentityConfigHandler
[WARNING]   - alluxio.org.jets3t.service.multithread.S3ServiceMulti$8
[WARNING]   - alluxio.org.jets3t.service.acl.GroupGrantee
[WARNING]   - alluxio.org.jets3t.service.model.BaseVersionOrDeleteMarker
[WARNING]   - alluxio.org.jets3t.service.security.AWSDevPayCredentials
[WARNING]   - alluxio.org.jets3t.service.multi.ThreadedStorageService
[WARNING]   - 260 more...
[WARNING] jcl-over-slf4j-1.7.2.jar, commons-logging-1.1.1.jar define 6 overlappping classes: 
[WARNING]   - org.apache.commons.logging.impl.NoOpLog
[WARNING]   - org.apache.commons.logging.impl.SimpleLog
[WARNING]   - org.apache.commons.logging.LogFactory
[WARNING]   - org.apache.commons.logging.LogConfigurationException
[WARNING]   - org.apache.commons.logging.impl.SimpleLog$1
[WARNING]   - org.apache.commons.logging.Log
[WARNING] commons-beanutils-1.7.0.jar, commons-beanutils-core-1.8.0.jar define 82 overlappping classes: 
[WARNING]   - org.apache.commons.beanutils.WrapDynaBean
[WARNING]   - org.apache.commons.beanutils.Converter
[WARNING]   - org.apache.commons.beanutils.converters.IntegerConverter
[WARNING]   - org.apache.commons.beanutils.locale.LocaleBeanUtilsBean
[WARNING]   - org.apache.commons.beanutils.locale.converters.DecimalLocaleConverter
[WARNING]   - org.apache.commons.beanutils.locale.converters.DoubleLocaleConverter
[WARNING]   - org.apache.commons.beanutils.converters.ShortConverter
[WARNING]   - org.apache.commons.beanutils.converters.StringArrayConverter
[WARNING]   - org.apache.commons.beanutils.locale.LocaleConvertUtilsBean
[WARNING]   - org.apache.commons.beanutils.LazyDynaClass
[WARNING]   - 72 more...
[WARNING] hadoop-yarn-api-2.4.0.jar, hadoop-yarn-common-2.4.0.jar define 3 overlappping classes: 
[WARNING]   - org.apache.hadoop.yarn.factories.package-info
[WARNING]   - org.apache.hadoop.yarn.util.package-info
[WARNING]   - org.apache.hadoop.yarn.factory.providers.package-info
[WARNING] maven-shade-plugin has detected that some .class files
[WARNING] are present in two or more JARs. When this happens, only
[WARNING] one single version of the class is copied in the uberjar.
[WARNING] Usually this is not harmful and you can skeep these
[WARNING] warnings, otherwise try to manually exclude artifacts
[WARNING] based on mvn dependency:tree -Ddetail=true and the above
[WARNING] output
[WARNING] See http://docs.codehaus.org/display/MAVENUSER/Shade+Plugin
[INFO] Replacing /opt/compile/guoyj/alluxio/core/client/target/alluxio-core-client-1.4.1-SNAPSHOT-jar-with-dependencies.jar with /opt/compile/guoyj/alluxio/core/client/target/alluxio-core-client-1.4.1-SNAPSHOT-shaded.jar
[INFO]                                                                         
[INFO] ------------------------------------------------------------------------
[INFO] Building Alluxio Core - Server 1.4.1-SNAPSHOT
[INFO] ------------------------------------------------------------------------
Downloading: http://repo.hortonworks.com/content/repositories/releases/org/glassfish/javax.el/maven-metadata.xml
[WARNING] The POM for org.glassfish:javax.el:jar:3.0.1-b06-SNAPSHOT is missing, no dependency information available
[WARNING] The POM for org.glassfish:javax.el:jar:3.0.1-b07-SNAPSHOT is missing, no dependency information available
[WARNING] The POM for org.glassfish:javax.el:jar:3.0.1-b08-SNAPSHOT is missing, no dependency information available
[INFO] 
[INFO] --- maven-clean-plugin:2.5:clean (default-clean) @ alluxio-core-server ---
[INFO] Deleting /opt/compile/guoyj/alluxio/core/server/target
[INFO] 
[INFO] --- build-helper-maven-plugin:1.10:regex-property (parse-hadoop-major-version) @ alluxio-core-server ---
[INFO] No match to regex '^1\..*$' found in '2.4.0'. The initial value '2.4.0' is left as-is...
[INFO] 
[INFO] --- maven-enforcer-plugin:1.4:enforce (enforce-maven) @ alluxio-core-server ---
[INFO] 
[INFO] --- maven-enforcer-plugin:1.4:enforce (enforce-versions) @ alluxio-core-server ---
[INFO] 
[INFO] --- maven-checkstyle-plugin:2.17:check (checkstyle) @ alluxio-core-server ---
[INFO] 
[INFO] --- license-maven-plugin:2.9:check (default) @ alluxio-core-server ---
[INFO] Checking licenses...
[INFO] 
[INFO] --- maven-resources-plugin:2.6:resources (default-resources) @ alluxio-core-server ---
[INFO] Using 'UTF-8' encoding to copy filtered resources.
[INFO] Copying 1 resource
[INFO] 
[INFO] --- maven-compiler-plugin:3.2:compile (default-compile) @ alluxio-core-server ---
[INFO] Changes detected - recompiling the module!
[INFO] Compiling 203 source files to /opt/compile/guoyj/alluxio/core/server/target/classes
[INFO] /opt/compile/guoyj/alluxio/core/server/src/main/java/alluxio/master/journal/JournalTool.java: Some input files use or override a deprecated API.
[INFO] /opt/compile/guoyj/alluxio/core/server/src/main/java/alluxio/master/journal/JournalTool.java: Recompile with -Xlint:deprecation for details.
[INFO] /opt/compile/guoyj/alluxio/core/server/src/main/java/alluxio/master/block/BlockMaster.java: Some input files use unchecked or unsafe operations.
[INFO] /opt/compile/guoyj/alluxio/core/server/src/main/java/alluxio/master/block/BlockMaster.java: Recompile with -Xlint:unchecked for details.
[INFO] 
[INFO] >>> findbugs-maven-plugin:3.0.2:check (default) > :findbugs @ alluxio-core-server >>>
[INFO] 
[INFO] --- findbugs-maven-plugin:3.0.2:findbugs (findbugs) @ alluxio-core-server ---
[INFO] Fork Value is true
[INFO] Done FindBugs Analysis....
[INFO] 
[INFO] <<< findbugs-maven-plugin:3.0.2:check (default) < :findbugs @ alluxio-core-server <<<
[INFO] 
[INFO] --- findbugs-maven-plugin:3.0.2:check (default) @ alluxio-core-server ---
[INFO] BugInstance size is 0
[INFO] Error size is 0
[INFO] No errors/warnings found
[INFO] 
[INFO] --- miredot-plugin:2.0-RC2:restdoc (default) @ alluxio-core-server ---
[WARNING] Rest Framework not explicitly set, using JAX-RS by default.
[INFO] Building reflective model of API and reading annotations...
[INFO] Unknown annotation on field of BeanParam class: skipped @java.lang.Deprecated()
[INFO] Built.
[INFO] Reading javadoc comments from sourcefiles...
[INFO] Read.
[INFO] Merging reflective and javadoc models...
[INFO] Merged.
[INFO] Performing issue analysis...
[INFO] Analysis done.
[INFO] Constructing Html documentation
[INFO] Your html documentation was generated in /opt/compile/guoyj/alluxio/core/server/target/miredot
[INFO] MireDot: Completed
[INFO] 
[INFO] --- maven-resources-plugin:2.6:testResources (default-testResources) @ alluxio-core-server ---
[INFO] Using 'UTF-8' encoding to copy filtered resources.
[INFO] Copying 2 resources
[INFO] 
[INFO] --- maven-compiler-plugin:3.2:testCompile (default-testCompile) @ alluxio-core-server ---
[INFO] Changes detected - recompiling the module!
[INFO] Compiling 87 source files to /opt/compile/guoyj/alluxio/core/server/target/test-classes
[INFO] /opt/compile/guoyj/alluxio/core/server/src/test/java/alluxio/worker/block/BlockMetadataManagerTest.java: Some input files use or override a deprecated API.
[INFO] /opt/compile/guoyj/alluxio/core/server/src/test/java/alluxio/worker/block/BlockMetadataManagerTest.java: Recompile with -Xlint:deprecation for details.
[INFO] /opt/compile/guoyj/alluxio/core/server/src/test/java/alluxio/master/AlluxioMasterRestServiceHandlerTest.java: /opt/compile/guoyj/alluxio/core/server/src/test/java/alluxio/master/AlluxioMasterRestServiceHandlerTest.java uses unchecked or unsafe operations.
[INFO] /opt/compile/guoyj/alluxio/core/server/src/test/java/alluxio/master/AlluxioMasterRestServiceHandlerTest.java: Recompile with -Xlint:unchecked for details.
[INFO] 
[INFO] --- maven-surefire-plugin:2.19.1:test (default-test) @ alluxio-core-server ---
[INFO] Tests are skipped.
[INFO] 
[INFO] --- maven-jar-plugin:2.4:jar (default-jar) @ alluxio-core-server ---
[INFO] Building jar: /opt/compile/guoyj/alluxio/core/server/target/alluxio-core-server-1.4.1-SNAPSHOT.jar
[INFO] 
[INFO] >>> maven-source-plugin:2.3:jar (attach-sources) > generate-sources @ alluxio-core-server >>>
[INFO] 
[INFO] --- build-helper-maven-plugin:1.10:regex-property (parse-hadoop-major-version) @ alluxio-core-server ---
[INFO] No match to regex '^1\..*$' found in '2.4.0'. The initial value '2.4.0' is left as-is...
[INFO] 
[INFO] --- maven-enforcer-plugin:1.4:enforce (enforce-maven) @ alluxio-core-server ---
[INFO] 
[INFO] --- maven-enforcer-plugin:1.4:enforce (enforce-versions) @ alluxio-core-server ---
[INFO] 
[INFO] --- maven-checkstyle-plugin:2.17:check (checkstyle) @ alluxio-core-server ---
[INFO] 
[INFO] --- license-maven-plugin:2.9:check (default) @ alluxio-core-server ---
[INFO] Checking licenses...
[INFO] 
[INFO] <<< maven-source-plugin:2.3:jar (attach-sources) < generate-sources @ alluxio-core-server <<<
[INFO] 
[INFO] --- maven-source-plugin:2.3:jar (attach-sources) @ alluxio-core-server ---
[INFO] Building jar: /opt/compile/guoyj/alluxio/core/server/target/alluxio-core-server-1.4.1-SNAPSHOT-sources.jar
[INFO] 
[INFO] --- maven-javadoc-plugin:2.9:jar (attach-javadoc) @ alluxio-core-server ---
[INFO] 
Loading source files for package alluxio...
Loading source files for package alluxio.master...
Loading source files for package alluxio.master.file.options...
Loading source files for package alluxio.master.file...
Loading source files for package alluxio.master.file.meta...
Loading source files for package alluxio.master.file.meta.options...
Loading source files for package alluxio.master.file.async...
Loading source files for package alluxio.master.journal...
Loading source files for package alluxio.master.lineage.meta...
Loading source files for package alluxio.master.lineage...
Loading source files for package alluxio.master.lineage.recompute...
Loading source files for package alluxio.master.lineage.checkpoint...
Loading source files for package alluxio.master.block...
Loading source files for package alluxio.master.block.meta...
Loading source files for package alluxio.proxy...
Loading source files for package alluxio.cli...
Loading source files for package alluxio.web...
Loading source files for package alluxio.proto.journal...
Loading source files for package alluxio.metrics.sink...
Loading source files for package alluxio.worker...
Loading source files for package alluxio.worker.file...
Loading source files for package alluxio.worker.block...
Loading source files for package alluxio.worker.block.meta...
Loading source files for package alluxio.worker.block.evictor...
Loading source files for package alluxio.worker.block.allocator...
Loading source files for package alluxio.worker.netty...
Constructing Javadoc information...
Standard Doclet version 1.7.0_60-ea
Building tree for all the packages and classes...
Generating /opt/compile/guoyj/alluxio/core/server/target/apidocs/alluxio/MasterStorageTierAssoc.html...
Generating /opt/compile/guoyj/alluxio/core/server/target/apidocs/alluxio/RestUtils.html...
Generating /opt/compile/guoyj/alluxio/core/server/target/apidocs/alluxio/RestUtils.RestCallable.html...
Generating /opt/compile/guoyj/alluxio/core/server/target/apidocs/alluxio/RpcUtils.html...
Generating /opt/compile/guoyj/alluxio/core/server/target/apidocs/alluxio/RpcUtils.RpcCallable.html...
Generating /opt/compile/guoyj/alluxio/core/server/target/apidocs/alluxio/RpcUtils.RpcCallableThrowsIOException.html...
Generating /opt/compile/guoyj/alluxio/core/server/target/apidocs/alluxio/Server.html...
Generating /opt/compile/guoyj/alluxio/core/server/target/apidocs/alluxio/ServerUtils.html...
Generating /opt/compile/guoyj/alluxio/core/server/target/apidocs/alluxio/SessionInfo.html...
Generating /opt/compile/guoyj/alluxio/core/server/target/apidocs/alluxio/Sessions.html...
Generating /opt/compile/guoyj/alluxio/core/server/target/apidocs/alluxio/StorageTierAssoc.html...
Generating /opt/compile/guoyj/alluxio/core/server/target/apidocs/alluxio/StreamCache.html...
Generating /opt/compile/guoyj/alluxio/core/server/target/apidocs/alluxio/WorkerStorageTierAssoc.html...
Generating /opt/compile/guoyj/alluxio/core/server/target/apidocs/alluxio/master/AbstractMaster.html...
Generating /opt/compile/guoyj/alluxio/core/server/target/apidocs/alluxio/master/AlluxioMaster.html...
Generating /opt/compile/guoyj/alluxio/core/server/target/apidocs/alluxio/master/AlluxioMasterRestServiceHandler.html...
Generating /opt/compile/guoyj/alluxio/core/server/target/apidocs/alluxio/master/AlluxioMasterService.html...
Generating /opt/compile/guoyj/alluxio/core/server/target/apidocs/alluxio/master/AlluxioMasterService.Factory.html...
Generating /opt/compile/guoyj/alluxio/core/server/target/apidocs/alluxio/master/DefaultAlluxioMaster.html...
Generating /opt/compile/guoyj/alluxio/core/server/target/apidocs/alluxio/master/Master.html...
Generating /opt/compile/guoyj/alluxio/core/server/target/apidocs/alluxio/master/MasterFactory.html...
Generating /opt/compile/guoyj/alluxio/core/server/target/apidocs/alluxio/master/MetaMasterClientServiceHandler.html...
Generating /opt/compile/guoyj/alluxio/core/server/target/apidocs/alluxio/master/ProtobufUtils.html...
Generating /opt/compile/guoyj/alluxio/core/server/target/apidocs/alluxio/master/file/options/CheckConsistencyOptions.html...
Generating /opt/compile/guoyj/alluxio/core/server/target/apidocs/alluxio/master/file/options/CompleteFileOptions.html...
Generating /opt/compile/guoyj/alluxio/core/server/target/apidocs/alluxio/master/file/options/CreateDirectoryOptions.html...
Generating /opt/compile/guoyj/alluxio/core/server/target/apidocs/alluxio/master/file/options/CreateFileOptions.html...
Generating /opt/compile/guoyj/alluxio/core/server/target/apidocs/alluxio/master/file/options/CreatePathOptions.html...
Generating /opt/compile/guoyj/alluxio/core/server/target/apidocs/alluxio/master/file/options/ListStatusOptions.html...
Generating /opt/compile/guoyj/alluxio/core/server/target/apidocs/alluxio/master/file/options/LoadMetadataOptions.html...
Generating /opt/compile/guoyj/alluxio/core/server/target/apidocs/alluxio/master/file/options/MountOptions.html...
Generating /opt/compile/guoyj/alluxio/core/server/target/apidocs/alluxio/master/file/options/SetAttributeOptions.html...
Generating /opt/compile/guoyj/alluxio/core/server/target/apidocs/alluxio/master/file/FileSystemMaster.html...
Generating /opt/compile/guoyj/alluxio/core/server/target/apidocs/alluxio/master/file/FileSystemMaster.Metrics.html...
Generating /opt/compile/guoyj/alluxio/core/server/target/apidocs/alluxio/master/file/FileSystemMaster.StartupConsistencyCheck.html...
Generating /opt/compile/guoyj/alluxio/core/server/target/apidocs/alluxio/master/file/FileSystemMaster.StartupConsistencyCheck.Status.html...
Generating /opt/compile/guoyj/alluxio/core/server/target/apidocs/alluxio/master/file/FileSystemMasterClientRestServiceHandler.html...
Generating /opt/compile/guoyj/alluxio/core/server/target/apidocs/alluxio/master/file/FileSystemMasterClientServiceHandler.html...
Generating /opt/compile/guoyj/alluxio/core/server/target/apidocs/alluxio/master/file/FileSystemMasterWorkerServiceHandler.html...
Generating /opt/compile/guoyj/alluxio/core/server/target/apidocs/alluxio/master/file/PermissionChecker.html...
Generating /opt/compile/guoyj/alluxio/core/server/target/apidocs/alluxio/master/file/meta/FileSystemMasterView.html...
Generating /opt/compile/guoyj/alluxio/core/server/target/apidocs/alluxio/master/file/meta/Inode.html...
Generating /opt/compile/guoyj/alluxio/core/server/target/apidocs/alluxio/master/file/meta/InodeDirectory.html...
Generating /opt/compile/guoyj/alluxio/core/server/target/apidocs/alluxio/master/file/meta/InodeDirectoryIdGenerator.html...
Generating /opt/compile/guoyj/alluxio/core/server/target/apidocs/alluxio/master/file/meta/InodeFile.html...
Generating /opt/compile/guoyj/alluxio/core/server/target/apidocs/alluxio/master/file/meta/InodeLockList.html...
Generating /opt/compile/guoyj/alluxio/core/server/target/apidocs/alluxio/master/file/meta/InodePathPair.html...
Generating /opt/compile/guoyj/alluxio/core/server/target/apidocs/alluxio/master/file/meta/InodeTree.html...
Generating /opt/compile/guoyj/alluxio/core/server/target/apidocs/alluxio/master/file/meta/InodeTree.CreatePathResult.html...
Generating /opt/compile/guoyj/alluxio/core/server/target/apidocs/alluxio/master/file/meta/InodeTree.LockMode.html...
Generating /opt/compile/guoyj/alluxio/core/server/target/apidocs/alluxio/master/file/meta/LockedInodePath.html...
Generating /opt/compile/guoyj/alluxio/core/server/target/apidocs/alluxio/master/file/meta/MountTable.html...
Generating /opt/compile/guoyj/alluxio/core/server/target/apidocs/alluxio/master/file/meta/MountTable.Resolution.html...
Generating /opt/compile/guoyj/alluxio/core/server/target/apidocs/alluxio/master/file/meta/MutableLockedInodePath.html...
Generating /opt/compile/guoyj/alluxio/core/server/target/apidocs/alluxio/master/file/meta/PersistenceState.html...
Generating /opt/compile/guoyj/alluxio/core/server/target/apidocs/alluxio/master/file/meta/TempInodePathForChild.html...
Generating /opt/compile/guoyj/alluxio/core/server/target/apidocs/alluxio/master/file/meta/TempInodePathForDescendant.html...
Generating /opt/compile/guoyj/alluxio/core/server/target/apidocs/alluxio/master/file/meta/TtlBucket.html...
Generating /opt/compile/guoyj/alluxio/core/server/target/apidocs/alluxio/master/file/meta/TtlBucketList.html...
Generating /opt/compile/guoyj/alluxio/core/server/target/apidocs/alluxio/master/file/meta/options/MountInfo.html...
Generating /opt/compile/guoyj/alluxio/core/server/target/apidocs/alluxio/master/file/async/AsyncPersistHandler.html...
Generating /opt/compile/guoyj/alluxio/core/server/target/apidocs/alluxio/master/file/async/AsyncPersistHandler.Factory.html...
Generating /opt/compile/guoyj/alluxio/core/server/target/apidocs/alluxio/master/file/async/DefaultAsyncPersistHandler.html...
Generating /opt/compile/guoyj/alluxio/core/server/target/apidocs/alluxio/master/journal/AsyncJournalWriter.html...
Generating /opt/compile/guoyj/alluxio/core/server/target/apidocs/alluxio/master/journal/CheckpointManager.html...
Generating /opt/compile/guoyj/alluxio/core/server/target/apidocs/alluxio/master/journal/Journal.html...
Generating /opt/compile/guoyj/alluxio/core/server/target/apidocs/alluxio/master/journal/JournalCheckpointStreamable.html...
Generating /opt/compile/guoyj/alluxio/core/server/target/apidocs/alluxio/master/journal/JournalEntryRepresentable.html...
Generating /opt/compile/guoyj/alluxio/core/server/target/apidocs/alluxio/master/journal/JournalFactory.html...
Generating /opt/compile/guoyj/alluxio/core/server/target/apidocs/alluxio/master/journal/JournalFactory.ReadOnly.html...
Generating /opt/compile/guoyj/alluxio/core/server/target/apidocs/alluxio/master/journal/JournalFactory.ReadWrite.html...
Generating /opt/compile/guoyj/alluxio/core/server/target/apidocs/alluxio/master/journal/JournalFormatter.html...
Generating /opt/compile/guoyj/alluxio/core/server/target/apidocs/alluxio/master/journal/JournalFormatter.Factory.html...
Generating /opt/compile/guoyj/alluxio/core/server/target/apidocs/alluxio/master/journal/JournalInputStream.html...
Generating /opt/compile/guoyj/alluxio/core/server/target/apidocs/alluxio/master/journal/JournalOutputStream.html...
Generating /opt/compile/guoyj/alluxio/core/server/target/apidocs/alluxio/master/journal/JournalReader.html...
Generating /opt/compile/guoyj/alluxio/core/server/target/apidocs/alluxio/master/journal/JournalTailer.html...
Generating /opt/compile/guoyj/alluxio/core/server/target/apidocs/alluxio/master/journal/JournalTailerThread.html...
Generating /opt/compile/guoyj/alluxio/core/server/target/apidocs/alluxio/master/journal/JournalTool.html...
Generating /opt/compile/guoyj/alluxio/core/server/target/apidocs/alluxio/master/journal/JournalWriter.html...
Generating /opt/compile/guoyj/alluxio/core/server/target/apidocs/alluxio/master/journal/JournalWriter.EntryOutputStream.html...
Generating /opt/compile/guoyj/alluxio/core/server/target/apidocs/alluxio/master/journal/ProtoBufJournalFormatter.html...
Generating /opt/compile/guoyj/alluxio/core/server/target/apidocs/alluxio/master/journal/ReadOnlyJournal.html...
Generating /opt/compile/guoyj/alluxio/core/server/target/apidocs/alluxio/master/journal/ReadWriteJournal.html...
Generating /opt/compile/guoyj/alluxio/core/server/target/apidocs/alluxio/master/lineage/meta/Lineage.html...
Generating /opt/compile/guoyj/alluxio/core/server/target/apidocs/alluxio/master/lineage/meta/LineageIdGenerator.html...
Generating /opt/compile/guoyj/alluxio/core/server/target/apidocs/alluxio/master/lineage/meta/LineageStateUtils.html...
Generating /opt/compile/guoyj/alluxio/core/server/target/apidocs/alluxio/master/lineage/meta/LineageStore.html...
Generating /opt/compile/guoyj/alluxio/core/server/target/apidocs/alluxio/master/lineage/meta/LineageStoreView.html...
Generating /opt/compile/guoyj/alluxio/core/server/target/apidocs/alluxio/master/lineage/LineageMaster.html...
Generating /opt/compile/guoyj/alluxio/core/server/target/apidocs/alluxio/master/lineage/LineageMasterClientRestServiceHandler.html...
Generating /opt/compile/guoyj/alluxio/core/server/target/apidocs/alluxio/master/lineage/LineageMasterClientServiceHandler.html...
Generating /opt/compile/guoyj/alluxio/core/server/target/apidocs/alluxio/master/lineage/recompute/RecomputeExecutor.html...
Generating /opt/compile/guoyj/alluxio/core/server/target/apidocs/alluxio/master/lineage/recompute/RecomputePlan.html...
Generating /opt/compile/guoyj/alluxio/core/server/target/apidocs/alluxio/master/lineage/recompute/RecomputePlanner.html...
Generating /opt/compile/guoyj/alluxio/core/server/target/apidocs/alluxio/master/lineage/checkpoint/CheckpointLatestPlanner.html...
Generating /opt/compile/guoyj/alluxio/core/server/target/apidocs/alluxio/master/lineage/checkpoint/CheckpointPlan.html...
Generating /opt/compile/guoyj/alluxio/core/server/target/apidocs/alluxio/master/lineage/checkpoint/CheckpointPlanner.html...
Generating /opt/compile/guoyj/alluxio/core/server/target/apidocs/alluxio/master/lineage/checkpoint/CheckpointPlanner.Factory.html...
Generating /opt/compile/guoyj/alluxio/core/server/target/apidocs/alluxio/master/lineage/checkpoint/CheckpointSchedulingExecutor.html...
Generating /opt/compile/guoyj/alluxio/core/server/target/apidocs/alluxio/master/block/BlockContainerIdGenerator.html...
Generating /opt/compile/guoyj/alluxio/core/server/target/apidocs/alluxio/master/block/BlockMaster.html...
Generating /opt/compile/guoyj/alluxio/core/server/target/apidocs/alluxio/master/block/BlockMaster.Metrics.html...
Generating /opt/compile/guoyj/alluxio/core/server/target/apidocs/alluxio/master/block/BlockMasterClientRestServiceHandler.html...
Generating /opt/compile/guoyj/alluxio/core/server/target/apidocs/alluxio/master/block/BlockMasterClientServiceHandler.html...
Generating /opt/compile/guoyj/alluxio/core/server/target/apidocs/alluxio/master/block/BlockMasterWorkerServiceHandler.html...
Generating /opt/compile/guoyj/alluxio/core/server/target/apidocs/alluxio/master/block/ContainerIdGenerable.html...
Generating /opt/compile/guoyj/alluxio/core/server/target/apidocs/alluxio/master/block/meta/MasterBlockInfo.html...
Generating /opt/compile/guoyj/alluxio/core/server/target/apidocs/alluxio/master/block/meta/MasterBlockLocation.html...
Generating /opt/compile/guoyj/alluxio/core/server/target/apidocs/alluxio/master/block/meta/MasterWorkerInfo.html...
Generating /opt/compile/guoyj/alluxio/core/server/target/apidocs/alluxio/proxy/AlluxioProxy.html...
Generating /opt/compile/guoyj/alluxio/core/server/target/apidocs/alluxio/proxy/PathsRestServiceHandler.html...
Generating /opt/compile/guoyj/alluxio/core/server/target/apidocs/alluxio/proxy/StreamsRestServiceHandler.html...
Generating /opt/compile/guoyj/alluxio/core/server/target/apidocs/alluxio/cli/Format.html...
Generating /opt/compile/guoyj/alluxio/core/server/target/apidocs/alluxio/web/MasterWebServer.html...
Generating /opt/compile/guoyj/alluxio/core/server/target/apidocs/alluxio/web/ProxyWebServer.html...
Generating /opt/compile/guoyj/alluxio/core/server/target/apidocs/alluxio/web/UIFileBlockInfo.html...
Generating /opt/compile/guoyj/alluxio/core/server/target/apidocs/alluxio/web/UIFileInfo.html...
Generating /opt/compile/guoyj/alluxio/core/server/target/apidocs/alluxio/web/WebInterfaceAbstractMetricsServlet.html...
Generating /opt/compile/guoyj/alluxio/core/server/target/apidocs/alluxio/web/WebInterfaceBrowseLogsServlet.html...
Generating /opt/compile/guoyj/alluxio/core/server/target/apidocs/alluxio/web/WebInterfaceBrowseServlet.html...
Generating /opt/compile/guoyj/alluxio/core/server/target/apidocs/alluxio/web/WebInterfaceConfigurationServlet.html...
Generating /opt/compile/guoyj/alluxio/core/server/target/apidocs/alluxio/web/WebInterfaceDependencyServlet.html...
Generating /opt/compile/guoyj/alluxio/core/server/target/apidocs/alluxio/web/WebInterfaceDownloadLocalServlet.html...
Generating /opt/compile/guoyj/alluxio/core/server/target/apidocs/alluxio/web/WebInterfaceDownloadServlet.html...
Generating /opt/compile/guoyj/alluxio/core/server/target/apidocs/alluxio/web/WebInterfaceGeneralServlet.html...
Generating /opt/compile/guoyj/alluxio/core/server/target/apidocs/alluxio/web/WebInterfaceGeneralServlet.StorageTierInfo.html...
Generating /opt/compile/guoyj/alluxio/core/server/target/apidocs/alluxio/web/WebInterfaceHeaderServlet.html...
Generating /opt/compile/guoyj/alluxio/core/server/target/apidocs/alluxio/web/WebInterfaceMasterMetricsServlet.html...
Generating /opt/compile/guoyj/alluxio/core/server/target/apidocs/alluxio/web/WebInterfaceMemoryServlet.html...
Generating /opt/compile/guoyj/alluxio/core/server/target/apidocs/alluxio/web/WebInterfaceWorkerBlockInfoServlet.html...
Generating /opt/compile/guoyj/alluxio/core/server/target/apidocs/alluxio/web/WebInterfaceWorkerGeneralServlet.html...
Generating /opt/compile/guoyj/alluxio/core/server/target/apidocs/alluxio/web/WebInterfaceWorkerGeneralServlet.UIStorageDir.html...
Generating /opt/compile/guoyj/alluxio/core/server/target/apidocs/alluxio/web/WebInterfaceWorkerGeneralServlet.UIUsageOnTier.html...
Generating /opt/compile/guoyj/alluxio/core/server/target/apidocs/alluxio/web/WebInterfaceWorkerGeneralServlet.UIWorkerInfo.html...
Generating /opt/compile/guoyj/alluxio/core/server/target/apidocs/alluxio/web/WebInterfaceWorkerMetricsServlet.html...
Generating /opt/compile/guoyj/alluxio/core/server/target/apidocs/alluxio/web/WebInterfaceWorkersServlet.html...
Generating /opt/compile/guoyj/alluxio/core/server/target/apidocs/alluxio/web/WebInterfaceWorkersServlet.NodeInfo.html...
Generating /opt/compile/guoyj/alluxio/core/server/target/apidocs/alluxio/web/WebServer.html...
Generating /opt/compile/guoyj/alluxio/core/server/target/apidocs/alluxio/web/WorkerWebServer.html...
Generating /opt/compile/guoyj/alluxio/core/server/target/apidocs/alluxio/proto/journal/Block.html...
Generating /opt/compile/guoyj/alluxio/core/server/target/apidocs/alluxio/proto/journal/Block.BlockContainerIdGeneratorEntry.html...
Generating /opt/compile/guoyj/alluxio/core/server/target/apidocs/alluxio/proto/journal/Block.BlockContainerIdGeneratorEntry.Builder.html...
Generating /opt/compile/guoyj/alluxio/core/server/target/apidocs/alluxio/proto/journal/Block.BlockContainerIdGeneratorEntryOrBuilder.html...
Generating /opt/compile/guoyj/alluxio/core/server/target/apidocs/alluxio/proto/journal/Block.BlockInfoEntry.html...
Generating /opt/compile/guoyj/alluxio/core/server/target/apidocs/alluxio/proto/journal/Block.BlockInfoEntry.Builder.html...
Generating /opt/compile/guoyj/alluxio/core/server/target/apidocs/alluxio/proto/journal/Block.BlockInfoEntryOrBuilder.html...
Generating /opt/compile/guoyj/alluxio/core/server/target/apidocs/alluxio/proto/journal/File.html...
Generating /opt/compile/guoyj/alluxio/core/server/target/apidocs/alluxio/proto/journal/File.AddMountPointEntry.html...
Generating /opt/compile/guoyj/alluxio/core/server/target/apidocs/alluxio/proto/journal/File.AddMountPointEntry.Builder.html...
Generating /opt/compile/guoyj/alluxio/core/server/target/apidocs/alluxio/proto/journal/File.AddMountPointEntryOrBuilder.html...
Generating /opt/compile/guoyj/alluxio/core/server/target/apidocs/alluxio/proto/journal/File.AsyncPersistRequestEntry.html...
Generating /opt/compile/guoyj/alluxio/core/server/target/apidocs/alluxio/proto/journal/File.AsyncPersistRequestEntry.Builder.html...
Generating /opt/compile/guoyj/alluxio/core/server/target/apidocs/alluxio/proto/journal/File.AsyncPersistRequestEntryOrBuilder.html...
Generating /opt/compile/guoyj/alluxio/core/server/target/apidocs/alluxio/proto/journal/File.CompleteFileEntry.html...
Generating /opt/compile/guoyj/alluxio/core/server/target/apidocs/alluxio/proto/journal/File.CompleteFileEntry.Builder.html...
Generating /opt/compile/guoyj/alluxio/core/server/target/apidocs/alluxio/proto/journal/File.CompleteFileEntryOrBuilder.html...
Generating /opt/compile/guoyj/alluxio/core/server/target/apidocs/alluxio/proto/journal/File.DeleteFileEntry.html...
Generating /opt/compile/guoyj/alluxio/core/server/target/apidocs/alluxio/proto/journal/File.DeleteFileEntry.Builder.html...
Generating /opt/compile/guoyj/alluxio/core/server/target/apidocs/alluxio/proto/journal/File.DeleteFileEntryOrBuilder.html...
Generating /opt/compile/guoyj/alluxio/core/server/target/apidocs/alluxio/proto/journal/File.DeleteMountPointEntry.html...
Generating /opt/compile/guoyj/alluxio/core/server/target/apidocs/alluxio/proto/journal/File.DeleteMountPointEntry.Builder.html...
Generating /opt/compile/guoyj/alluxio/core/server/target/apidocs/alluxio/proto/journal/File.DeleteMountPointEntryOrBuilder.html...
Generating /opt/compile/guoyj/alluxio/core/server/target/apidocs/alluxio/proto/journal/File.InodeDirectoryEntry.html...
Generating /opt/compile/guoyj/alluxio/core/server/target/apidocs/alluxio/proto/journal/File.InodeDirectoryEntry.Builder.html...
Generating /opt/compile/guoyj/alluxio/core/server/target/apidocs/alluxio/proto/journal/File.InodeDirectoryEntryOrBuilder.html...
Generating /opt/compile/guoyj/alluxio/core/server/target/apidocs/alluxio/proto/journal/File.InodeDirectoryIdGeneratorEntry.html...
Generating /opt/compile/guoyj/alluxio/core/server/target/apidocs/alluxio/proto/journal/File.InodeDirectoryIdGeneratorEntry.Builder.html...
Generating /opt/compile/guoyj/alluxio/core/server/target/apidocs/alluxio/proto/journal/File.InodeDirectoryIdGeneratorEntryOrBuilder.html...
Generating /opt/compile/guoyj/alluxio/core/server/target/apidocs/alluxio/proto/journal/File.InodeFileEntry.html...
Generating /opt/compile/guoyj/alluxio/core/server/target/apidocs/alluxio/proto/journal/File.InodeFileEntry.Builder.html...
Generating /opt/compile/guoyj/alluxio/core/server/target/apidocs/alluxio/proto/journal/File.InodeFileEntryOrBuilder.html...
Generating /opt/compile/guoyj/alluxio/core/server/target/apidocs/alluxio/proto/journal/File.InodeLastModificationTimeEntry.html...
Generating /opt/compile/guoyj/alluxio/core/server/target/apidocs/alluxio/proto/journal/File.InodeLastModificationTimeEntry.Builder.html...
Generating /opt/compile/guoyj/alluxio/core/server/target/apidocs/alluxio/proto/journal/File.InodeLastModificationTimeEntryOrBuilder.html...
Generating /opt/compile/guoyj/alluxio/core/server/target/apidocs/alluxio/proto/journal/File.PersistDirectoryEntry.html...
Generating /opt/compile/guoyj/alluxio/core/server/target/apidocs/alluxio/proto/journal/File.PersistDirectoryEntry.Builder.html...
Generating /opt/compile/guoyj/alluxio/core/server/target/apidocs/alluxio/proto/journal/File.PersistDirectoryEntryOrBuilder.html...
Generating /opt/compile/guoyj/alluxio/core/server/target/apidocs/alluxio/proto/journal/File.PersistFileEntry.html...
Generating /opt/compile/guoyj/alluxio/core/server/target/apidocs/alluxio/proto/journal/File.PersistFileEntry.Builder.html...
Generating /opt/compile/guoyj/alluxio/core/server/target/apidocs/alluxio/proto/journal/File.PersistFileEntryOrBuilder.html...
Generating /opt/compile/guoyj/alluxio/core/server/target/apidocs/alluxio/proto/journal/File.PTtlAction.html...
Generating /opt/compile/guoyj/alluxio/core/server/target/apidocs/alluxio/proto/journal/File.ReinitializeFileEntry.html...
Generating /opt/compile/guoyj/alluxio/core/server/target/apidocs/alluxio/proto/journal/File.ReinitializeFileEntry.Builder.html...
Generating /opt/compile/guoyj/alluxio/core/server/target/apidocs/alluxio/proto/journal/File.ReinitializeFileEntryOrBuilder.html...
Generating /opt/compile/guoyj/alluxio/core/server/target/apidocs/alluxio/proto/journal/File.RenameEntry.html...
Generating /opt/compile/guoyj/alluxio/core/server/target/apidocs/alluxio/proto/journal/File.RenameEntry.Builder.html...
Generating /opt/compile/guoyj/alluxio/core/server/target/apidocs/alluxio/proto/journal/File.RenameEntryOrBuilder.html...
Generating /opt/compile/guoyj/alluxio/core/server/target/apidocs/alluxio/proto/journal/File.SetAttributeEntry.html...
Generating /opt/compile/guoyj/alluxio/core/server/target/apidocs/alluxio/proto/journal/File.SetAttributeEntry.Builder.html...
Generating /opt/compile/guoyj/alluxio/core/server/target/apidocs/alluxio/proto/journal/File.SetAttributeEntryOrBuilder.html...
Generating /opt/compile/guoyj/alluxio/core/server/target/apidocs/alluxio/proto/journal/File.StringPairEntry.html...
Generating /opt/compile/guoyj/alluxio/core/server/target/apidocs/alluxio/proto/journal/File.StringPairEntry.Builder.html...
Generating /opt/compile/guoyj/alluxio/core/server/target/apidocs/alluxio/proto/journal/File.StringPairEntryOrBuilder.html...
Generating /opt/compile/guoyj/alluxio/core/server/target/apidocs/alluxio/proto/journal/Journal.html...
Generating /opt/compile/guoyj/alluxio/core/server/target/apidocs/alluxio/proto/journal/Journal.JournalEntry.html...
Generating /opt/compile/guoyj/alluxio/core/server/target/apidocs/alluxio/proto/journal/Journal.JournalEntry.Builder.html...
Generating /opt/compile/guoyj/alluxio/core/server/target/apidocs/alluxio/proto/journal/Journal.JournalEntryOrBuilder.html...
Generating /opt/compile/guoyj/alluxio/core/server/target/apidocs/alluxio/proto/journal/KeyValue.html...
Generating /opt/compile/guoyj/alluxio/core/server/target/apidocs/alluxio/proto/journal/KeyValue.CompletePartitionEntry.html...
Generating /opt/compile/guoyj/alluxio/core/server/target/apidocs/alluxio/proto/journal/KeyValue.CompletePartitionEntry.Builder.html...
Generating /opt/compile/guoyj/alluxio/core/server/target/apidocs/alluxio/proto/journal/KeyValue.CompletePartitionEntryOrBuilder.html...
Generating /opt/compile/guoyj/alluxio/core/server/target/apidocs/alluxio/proto/journal/KeyValue.CompleteStoreEntry.html...
Generating /opt/compile/guoyj/alluxio/core/server/target/apidocs/alluxio/proto/journal/KeyValue.CompleteStoreEntry.Builder.html...
Generating /opt/compile/guoyj/alluxio/core/server/target/apidocs/alluxio/proto/journal/KeyValue.CompleteStoreEntryOrBuilder.html...
Generating /opt/compile/guoyj/alluxio/core/server/target/apidocs/alluxio/proto/journal/KeyValue.CreateStoreEntry.html...
Generating /opt/compile/guoyj/alluxio/core/server/target/apidocs/alluxio/proto/journal/KeyValue.CreateStoreEntry.Builder.html...
Generating /opt/compile/guoyj/alluxio/core/server/target/apidocs/alluxio/proto/journal/KeyValue.CreateStoreEntryOrBuilder.html...
Generating /opt/compile/guoyj/alluxio/core/server/target/apidocs/alluxio/proto/journal/KeyValue.DeleteStoreEntry.html...
Generating /opt/compile/guoyj/alluxio/core/server/target/apidocs/alluxio/proto/journal/KeyValue.DeleteStoreEntry.Builder.html...
Generating /opt/compile/guoyj/alluxio/core/server/target/apidocs/alluxio/proto/journal/KeyValue.DeleteStoreEntryOrBuilder.html...
Generating /opt/compile/guoyj/alluxio/core/server/target/apidocs/alluxio/proto/journal/KeyValue.MergeStoreEntry.html...
Generating /opt/compile/guoyj/alluxio/core/server/target/apidocs/alluxio/proto/journal/KeyValue.MergeStoreEntry.Builder.html...
Generating /opt/compile/guoyj/alluxio/core/server/target/apidocs/alluxio/proto/journal/KeyValue.MergeStoreEntryOrBuilder.html...
Generating /opt/compile/guoyj/alluxio/core/server/target/apidocs/alluxio/proto/journal/KeyValue.RenameStoreEntry.html...
Generating /opt/compile/guoyj/alluxio/core/server/target/apidocs/alluxio/proto/journal/KeyValue.RenameStoreEntry.Builder.html...
Generating /opt/compile/guoyj/alluxio/core/server/target/apidocs/alluxio/proto/journal/KeyValue.RenameStoreEntryOrBuilder.html...
Generating /opt/compile/guoyj/alluxio/core/server/target/apidocs/alluxio/proto/journal/Lineage.html...
Generating /opt/compile/guoyj/alluxio/core/server/target/apidocs/alluxio/proto/journal/Lineage.DeleteLineageEntry.html...
Generating /opt/compile/guoyj/alluxio/core/server/target/apidocs/alluxio/proto/journal/Lineage.DeleteLineageEntry.Builder.html...
Generating /opt/compile/guoyj/alluxio/core/server/target/apidocs/alluxio/proto/journal/Lineage.DeleteLineageEntryOrBuilder.html...
Generating /opt/compile/guoyj/alluxio/core/server/target/apidocs/alluxio/proto/journal/Lineage.LineageEntry.html...
Generating /opt/compile/guoyj/alluxio/core/server/target/apidocs/alluxio/proto/journal/Lineage.LineageEntry.Builder.html...
Generating /opt/compile/guoyj/alluxio/core/server/target/apidocs/alluxio/proto/journal/Lineage.LineageEntryOrBuilder.html...
Generating /opt/compile/guoyj/alluxio/core/server/target/apidocs/alluxio/proto/journal/Lineage.LineageIdGeneratorEntry.html...
Generating /opt/compile/guoyj/alluxio/core/server/target/apidocs/alluxio/proto/journal/Lineage.LineageIdGeneratorEntry.Builder.html...
Generating /opt/compile/guoyj/alluxio/core/server/target/apidocs/alluxio/proto/journal/Lineage.LineageIdGeneratorEntryOrBuilder.html...
Generating /opt/compile/guoyj/alluxio/core/server/target/apidocs/alluxio/metrics/sink/MetricsServlet.html...
Generating /opt/compile/guoyj/alluxio/core/server/target/apidocs/alluxio/worker/AbstractWorker.html...
Generating /opt/compile/guoyj/alluxio/core/server/target/apidocs/alluxio/worker/AlluxioWorker.html...
Generating /opt/compile/guoyj/alluxio/core/server/target/apidocs/alluxio/worker/AlluxioWorkerRestServiceHandler.html...
Generating /opt/compile/guoyj/alluxio/core/server/target/apidocs/alluxio/worker/AlluxioWorkerService.html...
Generating /opt/compile/guoyj/alluxio/core/server/target/apidocs/alluxio/worker/AlluxioWorkerService.Factory.html...
Generating /opt/compile/guoyj/alluxio/core/server/target/apidocs/alluxio/worker/DataServer.html...
Generating /opt/compile/guoyj/alluxio/core/server/target/apidocs/alluxio/worker/DataServer.Factory.html...
Generating /opt/compile/guoyj/alluxio/core/server/target/apidocs/alluxio/worker/DefaultAlluxioWorker.html...
Generating /opt/compile/guoyj/alluxio/core/server/target/apidocs/alluxio/worker/SessionCleaner.html...
Generating /opt/compile/guoyj/alluxio/core/server/target/apidocs/alluxio/worker/SessionCleanupCallback.html...
Generating /opt/compile/guoyj/alluxio/core/server/target/apidocs/alluxio/worker/Worker.html...
Generating /opt/compile/guoyj/alluxio/core/server/target/apidocs/alluxio/worker/WorkerFactory.html...
Generating /opt/compile/guoyj/alluxio/core/server/target/apidocs/alluxio/worker/file/DefaultFileSystemWorker.html...
Generating /opt/compile/guoyj/alluxio/core/server/target/apidocs/alluxio/worker/file/FileDataManager.html...
Generating /opt/compile/guoyj/alluxio/core/server/target/apidocs/alluxio/worker/file/FileSystemMasterClient.html...
Generating /opt/compile/guoyj/alluxio/core/server/target/apidocs/alluxio/worker/file/FileSystemWorker.html...
Generating /opt/compile/guoyj/alluxio/core/server/target/apidocs/alluxio/worker/file/FileSystemWorkerClientServiceHandler.html...
Generating /opt/compile/guoyj/alluxio/core/server/target/apidocs/alluxio/worker/file/UnderFileSystemManager.html...
Generating /opt/compile/guoyj/alluxio/core/server/target/apidocs/alluxio/worker/block/AbstractBlockStoreEventListener.html...
Generating /opt/compile/guoyj/alluxio/core/server/target/apidocs/alluxio/worker/block/BlockHeartbeatReport.html...
Generating /opt/compile/guoyj/alluxio/core/server/target/apidocs/alluxio/worker/block/BlockHeartbeatReporter.html...
Generating /opt/compile/guoyj/alluxio/core/server/target/apidocs/alluxio/worker/block/BlockLockManager.html...
Generating /opt/compile/guoyj/alluxio/core/server/target/apidocs/alluxio/worker/block/BlockLockType.html...
Generating /opt/compile/guoyj/alluxio/core/server/target/apidocs/alluxio/worker/block/BlockMasterClient.html...
Generating /opt/compile/guoyj/alluxio/core/server/target/apidocs/alluxio/worker/block/BlockMasterSync.html...
Generating /opt/compile/guoyj/alluxio/core/server/target/apidocs/alluxio/worker/block/BlockMetadataManager.html...
Generating /opt/compile/guoyj/alluxio/core/server/target/apidocs/alluxio/worker/block/BlockMetadataManagerView.html...
Generating /opt/compile/guoyj/alluxio/core/server/target/apidocs/alluxio/worker/block/BlockMetricsReporter.html...
Generating /opt/compile/guoyj/alluxio/core/server/target/apidocs/alluxio/worker/block/BlockStoreEventListener.html...
Generating /opt/compile/guoyj/alluxio/core/server/target/apidocs/alluxio/worker/block/BlockStoreLocation.html...
Generating /opt/compile/guoyj/alluxio/core/server/target/apidocs/alluxio/worker/block/BlockStoreMeta.html...
Generating /opt/compile/guoyj/alluxio/core/server/target/apidocs/alluxio/worker/block/BlockWorker.html...
Generating /opt/compile/guoyj/alluxio/core/server/target/apidocs/alluxio/worker/block/BlockWorkerClientRestServiceHandler.html...
Generating /opt/compile/guoyj/alluxio/core/server/target/apidocs/alluxio/worker/block/BlockWorkerClientServiceHandler.html...
Generating /opt/compile/guoyj/alluxio/core/server/target/apidocs/alluxio/worker/block/ClientRWLock.html...
Generating /opt/compile/guoyj/alluxio/core/server/target/apidocs/alluxio/worker/block/DefaultBlockWorker.html...
Generating /opt/compile/guoyj/alluxio/core/server/target/apidocs/alluxio/worker/block/DefaultBlockWorker.Metrics.html...
Generating /opt/compile/guoyj/alluxio/core/server/target/apidocs/alluxio/worker/block/PinListSync.html...
Generating /opt/compile/guoyj/alluxio/core/server/target/apidocs/alluxio/worker/block/SpaceReserver.html...
Generating /opt/compile/guoyj/alluxio/core/server/target/apidocs/alluxio/worker/block/TieredBlockStore.html...
Generating /opt/compile/guoyj/alluxio/core/server/target/apidocs/alluxio/worker/block/meta/AbstractBlockMeta.html...
Generating /opt/compile/guoyj/alluxio/core/server/target/apidocs/alluxio/worker/block/meta/BlockMeta.html...
Generating /opt/compile/guoyj/alluxio/core/server/target/apidocs/alluxio/worker/block/meta/StorageDir.html...
Generating /opt/compile/guoyj/alluxio/core/server/target/apidocs/alluxio/worker/block/meta/StorageDirView.html...
Generating /opt/compile/guoyj/alluxio/core/server/target/apidocs/alluxio/worker/block/meta/StorageTier.html...
Generating /opt/compile/guoyj/alluxio/core/server/target/apidocs/alluxio/worker/block/meta/StorageTierView.html...
Generating /opt/compile/guoyj/alluxio/core/server/target/apidocs/alluxio/worker/block/meta/TempBlockMeta.html...
Generating /opt/compile/guoyj/alluxio/core/server/target/apidocs/alluxio/worker/block/evictor/AbstractEvictor.html...
Generating /opt/compile/guoyj/alluxio/core/server/target/apidocs/alluxio/worker/block/evictor/BlockTransferInfo.html...
Generating /opt/compile/guoyj/alluxio/core/server/target/apidocs/alluxio/worker/block/evictor/EvictionPlan.html...
Generating /opt/compile/guoyj/alluxio/core/server/target/apidocs/alluxio/worker/block/evictor/Evictor.html...
Generating /opt/compile/guoyj/alluxio/core/server/target/apidocs/alluxio/worker/block/evictor/Evictor.Factory.html...
Generating /opt/compile/guoyj/alluxio/core/server/target/apidocs/alluxio/worker/block/evictor/EvictorUtils.html...
Generating /opt/compile/guoyj/alluxio/core/server/target/apidocs/alluxio/worker/block/evictor/GreedyEvictor.html...
Generating /opt/compile/guoyj/alluxio/core/server/target/apidocs/alluxio/worker/block/evictor/LRFUEvictor.html...
Generating /opt/compile/guoyj/alluxio/core/server/target/apidocs/alluxio/worker/block/evictor/LRUEvictor.html...
Generating /opt/compile/guoyj/alluxio/core/server/target/apidocs/alluxio/worker/block/evictor/PartialLRUEvictor.html...
Generating /opt/compile/guoyj/alluxio/core/server/target/apidocs/alluxio/worker/block/allocator/Allocator.html...
Generating /opt/compile/guoyj/alluxio/core/server/target/apidocs/alluxio/worker/block/allocator/Allocator.Factory.html...
Generating /opt/compile/guoyj/alluxio/core/server/target/apidocs/alluxio/worker/block/allocator/GreedyAllocator.html...
Generating /opt/compile/guoyj/alluxio/core/server/target/apidocs/alluxio/worker/block/allocator/MaxFreeAllocator.html...
Generating /opt/compile/guoyj/alluxio/core/server/target/apidocs/alluxio/worker/block/allocator/RoundRobinAllocator.html...
Generating /opt/compile/guoyj/alluxio/core/server/target/apidocs/alluxio/worker/netty/DataServerBlockReadHandler.html...
Generating /opt/compile/guoyj/alluxio/core/server/target/apidocs/alluxio/worker/netty/DataServerBlockWriteHandler.html...
Generating /opt/compile/guoyj/alluxio/core/server/target/apidocs/alluxio/worker/netty/DataServerReadHandler.html...
Generating /opt/compile/guoyj/alluxio/core/server/target/apidocs/alluxio/worker/netty/DataServerReadHandler.ReadRequestInternal.html...
Generating /opt/compile/guoyj/alluxio/core/server/target/apidocs/alluxio/worker/netty/DataServerUFSFileReadHandler.html...
Generating /opt/compile/guoyj/alluxio/core/server/target/apidocs/alluxio/worker/netty/DataServerUFSFileWriteHandler.html...
Generating /opt/compile/guoyj/alluxio/core/server/target/apidocs/alluxio/worker/netty/DataServerWriteHandler.html...
Generating /opt/compile/guoyj/alluxio/core/server/target/apidocs/alluxio/worker/netty/DataServerWriteHandler.WriteRequestInternal.html...
Generating /opt/compile/guoyj/alluxio/core/server/target/apidocs/alluxio/worker/netty/NettyDataServer.html...
Generating /opt/compile/guoyj/alluxio/core/server/target/apidocs/overview-frame.html...
Generating /opt/compile/guoyj/alluxio/core/server/target/apidocs/alluxio/package-frame.html...
Generating /opt/compile/guoyj/alluxio/core/server/target/apidocs/alluxio/package-summary.html...
Generating /opt/compile/guoyj/alluxio/core/server/target/apidocs/alluxio/package-tree.html...
Generating /opt/compile/guoyj/alluxio/core/server/target/apidocs/alluxio/cli/package-frame.html...
Generating /opt/compile/guoyj/alluxio/core/server/target/apidocs/alluxio/cli/package-summary.html...
Generating /opt/compile/guoyj/alluxio/core/server/target/apidocs/alluxio/cli/package-tree.html...
Generating /opt/compile/guoyj/alluxio/core/server/target/apidocs/alluxio/master/package-frame.html...
Generating /opt/compile/guoyj/alluxio/core/server/target/apidocs/alluxio/master/package-summary.html...
Generating /opt/compile/guoyj/alluxio/core/server/target/apidocs/alluxio/master/package-tree.html...
Generating /opt/compile/guoyj/alluxio/core/server/target/apidocs/alluxio/master/block/package-frame.html...
Generating /opt/compile/guoyj/alluxio/core/server/target/apidocs/alluxio/master/block/package-summary.html...
Generating /opt/compile/guoyj/alluxio/core/server/target/apidocs/alluxio/master/block/package-tree.html...
Generating /opt/compile/guoyj/alluxio/core/server/target/apidocs/alluxio/master/block/meta/package-frame.html...
Generating /opt/compile/guoyj/alluxio/core/server/target/apidocs/alluxio/master/block/meta/package-summary.html...
Generating /opt/compile/guoyj/alluxio/core/server/target/apidocs/alluxio/master/block/meta/package-tree.html...
Generating /opt/compile/guoyj/alluxio/core/server/target/apidocs/alluxio/master/file/package-frame.html...
Generating /opt/compile/guoyj/alluxio/core/server/target/apidocs/alluxio/master/file/package-summary.html...
Generating /opt/compile/guoyj/alluxio/core/server/target/apidocs/alluxio/master/file/package-tree.html...
Generating /opt/compile/guoyj/alluxio/core/server/target/apidocs/alluxio/master/file/async/package-frame.html...
Generating /opt/compile/guoyj/alluxio/core/server/target/apidocs/alluxio/master/file/async/package-summary.html...
Generating /opt/compile/guoyj/alluxio/core/server/target/apidocs/alluxio/master/file/async/package-tree.html...
Generating /opt/compile/guoyj/alluxio/core/server/target/apidocs/alluxio/master/file/meta/package-frame.html...
Generating /opt/compile/guoyj/alluxio/core/server/target/apidocs/alluxio/master/file/meta/package-summary.html...
Generating /opt/compile/guoyj/alluxio/core/server/target/apidocs/alluxio/master/file/meta/package-tree.html...
Generating /opt/compile/guoyj/alluxio/core/server/target/apidocs/alluxio/master/file/meta/options/package-frame.html...
Generating /opt/compile/guoyj/alluxio/core/server/target/apidocs/alluxio/master/file/meta/options/package-summary.html...
Generating /opt/compile/guoyj/alluxio/core/server/target/apidocs/alluxio/master/file/meta/options/package-tree.html...
Generating /opt/compile/guoyj/alluxio/core/server/target/apidocs/alluxio/master/file/options/package-frame.html...
Generating /opt/compile/guoyj/alluxio/core/server/target/apidocs/alluxio/master/file/options/package-summary.html...
Generating /opt/compile/guoyj/alluxio/core/server/target/apidocs/alluxio/master/file/options/package-tree.html...
Generating /opt/compile/guoyj/alluxio/core/server/target/apidocs/alluxio/master/journal/package-frame.html...
Generating /opt/compile/guoyj/alluxio/core/server/target/apidocs/alluxio/master/journal/package-summary.html...
Generating /opt/compile/guoyj/alluxio/core/server/target/apidocs/alluxio/master/journal/package-tree.html...
Generating /opt/compile/guoyj/alluxio/core/server/target/apidocs/alluxio/master/lineage/package-frame.html...
Generating /opt/compile/guoyj/alluxio/core/server/target/apidocs/alluxio/master/lineage/package-summary.html...
Generating /opt/compile/guoyj/alluxio/core/server/target/apidocs/alluxio/master/lineage/package-tree.html...
Generating /opt/compile/guoyj/alluxio/core/server/target/apidocs/alluxio/master/lineage/checkpoint/package-frame.html...
Generating /opt/compile/guoyj/alluxio/core/server/target/apidocs/alluxio/master/lineage/checkpoint/package-summary.html...
Generating /opt/compile/guoyj/alluxio/core/server/target/apidocs/alluxio/master/lineage/checkpoint/package-tree.html...
Generating /opt/compile/guoyj/alluxio/core/server/target/apidocs/alluxio/master/lineage/meta/package-frame.html...
Generating /opt/compile/guoyj/alluxio/core/server/target/apidocs/alluxio/master/lineage/meta/package-summary.html...
Generating /opt/compile/guoyj/alluxio/core/server/target/apidocs/alluxio/master/lineage/meta/package-tree.html...
Generating /opt/compile/guoyj/alluxio/core/server/target/apidocs/alluxio/master/lineage/recompute/package-frame.html...
Generating /opt/compile/guoyj/alluxio/core/server/target/apidocs/alluxio/master/lineage/recompute/package-summary.html...
Generating /opt/compile/guoyj/alluxio/core/server/target/apidocs/alluxio/master/lineage/recompute/package-tree.html...
Generating /opt/compile/guoyj/alluxio/core/server/target/apidocs/alluxio/metrics/sink/package-frame.html...
Generating /opt/compile/guoyj/alluxio/core/server/target/apidocs/alluxio/metrics/sink/package-summary.html...
Generating /opt/compile/guoyj/alluxio/core/server/target/apidocs/alluxio/metrics/sink/package-tree.html...
Generating /opt/compile/guoyj/alluxio/core/server/target/apidocs/alluxio/proto/journal/package-frame.html...
Generating /opt/compile/guoyj/alluxio/core/server/target/apidocs/alluxio/proto/journal/package-summary.html...
Generating /opt/compile/guoyj/alluxio/core/server/target/apidocs/alluxio/proto/journal/package-tree.html...
Generating /opt/compile/guoyj/alluxio/core/server/target/apidocs/alluxio/proxy/package-frame.html...
Generating /opt/compile/guoyj/alluxio/core/server/target/apidocs/alluxio/proxy/package-summary.html...
Generating /opt/compile/guoyj/alluxio/core/server/target/apidocs/alluxio/proxy/package-tree.html...
Generating /opt/compile/guoyj/alluxio/core/server/target/apidocs/alluxio/web/package-frame.html...
Generating /opt/compile/guoyj/alluxio/core/server/target/apidocs/alluxio/web/package-summary.html...
Generating /opt/compile/guoyj/alluxio/core/server/target/apidocs/alluxio/web/package-tree.html...
Generating /opt/compile/guoyj/alluxio/core/server/target/apidocs/alluxio/worker/package-frame.html...
Generating /opt/compile/guoyj/alluxio/core/server/target/apidocs/alluxio/worker/package-summary.html...
Generating /opt/compile/guoyj/alluxio/core/server/target/apidocs/alluxio/worker/package-tree.html...
Generating /opt/compile/guoyj/alluxio/core/server/target/apidocs/alluxio/worker/block/package-frame.html...
Generating /opt/compile/guoyj/alluxio/core/server/target/apidocs/alluxio/worker/block/package-summary.html...
Generating /opt/compile/guoyj/alluxio/core/server/target/apidocs/alluxio/worker/block/package-tree.html...
Generating /opt/compile/guoyj/alluxio/core/server/target/apidocs/alluxio/worker/block/allocator/package-frame.html...
Generating /opt/compile/guoyj/alluxio/core/server/target/apidocs/alluxio/worker/block/allocator/package-summary.html...
Generating /opt/compile/guoyj/alluxio/core/server/target/apidocs/alluxio/worker/block/allocator/package-tree.html...
Generating /opt/compile/guoyj/alluxio/core/server/target/apidocs/alluxio/worker/block/evictor/package-frame.html...
Generating /opt/compile/guoyj/alluxio/core/server/target/apidocs/alluxio/worker/block/evictor/package-summary.html...
Generating /opt/compile/guoyj/alluxio/core/server/target/apidocs/alluxio/worker/block/evictor/package-tree.html...
Generating /opt/compile/guoyj/alluxio/core/server/target/apidocs/alluxio/worker/block/meta/package-frame.html...
Generating /opt/compile/guoyj/alluxio/core/server/target/apidocs/alluxio/worker/block/meta/package-summary.html...
Generating /opt/compile/guoyj/alluxio/core/server/target/apidocs/alluxio/worker/block/meta/package-tree.html...
Generating /opt/compile/guoyj/alluxio/core/server/target/apidocs/alluxio/worker/file/package-frame.html...
Generating /opt/compile/guoyj/alluxio/core/server/target/apidocs/alluxio/worker/file/package-summary.html...
Generating /opt/compile/guoyj/alluxio/core/server/target/apidocs/alluxio/worker/file/package-tree.html...
Generating /opt/compile/guoyj/alluxio/core/server/target/apidocs/alluxio/worker/netty/package-frame.html...
Generating /opt/compile/guoyj/alluxio/core/server/target/apidocs/alluxio/worker/netty/package-summary.html...
Generating /opt/compile/guoyj/alluxio/core/server/target/apidocs/alluxio/worker/netty/package-tree.html...
Generating /opt/compile/guoyj/alluxio/core/server/target/apidocs/constant-values.html...
Generating /opt/compile/guoyj/alluxio/core/server/target/apidocs/serialized-form.html...
Generating /opt/compile/guoyj/alluxio/core/server/target/apidocs/alluxio/class-use/ServerUtils.html...
Generating /opt/compile/guoyj/alluxio/core/server/target/apidocs/alluxio/class-use/Sessions.html...
Generating /opt/compile/guoyj/alluxio/core/server/target/apidocs/alluxio/class-use/StreamCache.html...
Generating /opt/compile/guoyj/alluxio/core/server/target/apidocs/alluxio/class-use/StorageTierAssoc.html...
Generating /opt/compile/guoyj/alluxio/core/server/target/apidocs/alluxio/class-use/Server.html...
Generating /opt/compile/guoyj/alluxio/core/server/target/apidocs/alluxio/class-use/MasterStorageTierAssoc.html...
Generating /opt/compile/guoyj/alluxio/core/server/target/apidocs/alluxio/class-use/RpcUtils.html...
Generating /opt/compile/guoyj/alluxio/core/server/target/apidocs/alluxio/class-use/RpcUtils.RpcCallable.html...
Generating /opt/compile/guoyj/alluxio/core/server/target/apidocs/alluxio/class-use/RpcUtils.RpcCallableThrowsIOException.html...
Generating /opt/compile/guoyj/alluxio/core/server/target/apidocs/alluxio/class-use/WorkerStorageTierAssoc.html...
Generating /opt/compile/guoyj/alluxio/core/server/target/apidocs/alluxio/class-use/RestUtils.html...
Generating /opt/compile/guoyj/alluxio/core/server/target/apidocs/alluxio/class-use/RestUtils.RestCallable.html...
Generating /opt/compile/guoyj/alluxio/core/server/target/apidocs/alluxio/class-use/SessionInfo.html...
Generating /opt/compile/guoyj/alluxio/core/server/target/apidocs/alluxio/master/class-use/AlluxioMasterService.html...
Generating /opt/compile/guoyj/alluxio/core/server/target/apidocs/alluxio/master/class-use/AlluxioMasterService.Factory.html...
Generating /opt/compile/guoyj/alluxio/core/server/target/apidocs/alluxio/master/class-use/ProtobufUtils.html...
Generating /opt/compile/guoyj/alluxio/core/server/target/apidocs/alluxio/master/class-use/AlluxioMaster.html...
Generating /opt/compile/guoyj/alluxio/core/server/target/apidocs/alluxio/master/class-use/DefaultAlluxioMaster.html...
Generating /opt/compile/guoyj/alluxio/core/server/target/apidocs/alluxio/master/class-use/AbstractMaster.html...
Generating /opt/compile/guoyj/alluxio/core/server/target/apidocs/alluxio/master/class-use/MetaMasterClientServiceHandler.html...
Generating /opt/compile/guoyj/alluxio/core/server/target/apidocs/alluxio/master/class-use/Master.html...
Generating /opt/compile/guoyj/alluxio/core/server/target/apidocs/alluxio/master/class-use/AlluxioMasterRestServiceHandler.html...
Generating /opt/compile/guoyj/alluxio/core/server/target/apidocs/alluxio/master/class-use/MasterFactory.html...
Generating /opt/compile/guoyj/alluxio/core/server/target/apidocs/alluxio/master/file/options/class-use/SetAttributeOptions.html...
Generating /opt/compile/guoyj/alluxio/core/server/target/apidocs/alluxio/master/file/options/class-use/CreateFileOptions.html...
Generating /opt/compile/guoyj/alluxio/core/server/target/apidocs/alluxio/master/file/options/class-use/CompleteFileOptions.html...
Generating /opt/compile/guoyj/alluxio/core/server/target/apidocs/alluxio/master/file/options/class-use/MountOptions.html...
Generating /opt/compile/guoyj/alluxio/core/server/target/apidocs/alluxio/master/file/options/class-use/CheckConsistencyOptions.html...
Generating /opt/compile/guoyj/alluxio/core/server/target/apidocs/alluxio/master/file/options/class-use/CreatePathOptions.html...
Generating /opt/compile/guoyj/alluxio/core/server/target/apidocs/alluxio/master/file/options/class-use/ListStatusOptions.html...
Generating /opt/compile/guoyj/alluxio/core/server/target/apidocs/alluxio/master/file/options/class-use/CreateDirectoryOptions.html...
Generating /opt/compile/guoyj/alluxio/core/server/target/apidocs/alluxio/master/file/options/class-use/LoadMetadataOptions.html...
Generating /opt/compile/guoyj/alluxio/core/server/target/apidocs/alluxio/master/file/class-use/PermissionChecker.html...
Generating /opt/compile/guoyj/alluxio/core/server/target/apidocs/alluxio/master/file/class-use/FileSystemMasterWorkerServiceHandler.html...
Generating /opt/compile/guoyj/alluxio/core/server/target/apidocs/alluxio/master/file/class-use/FileSystemMasterClientServiceHandler.html...
Generating /opt/compile/guoyj/alluxio/core/server/target/apidocs/alluxio/master/file/class-use/FileSystemMaster.html...
Generating /opt/compile/guoyj/alluxio/core/server/target/apidocs/alluxio/master/file/class-use/FileSystemMaster.StartupConsistencyCheck.html...
Generating /opt/compile/guoyj/alluxio/core/server/target/apidocs/alluxio/master/file/class-use/FileSystemMaster.StartupConsistencyCheck.Status.html...
Generating /opt/compile/guoyj/alluxio/core/server/target/apidocs/alluxio/master/file/class-use/FileSystemMaster.Metrics.html...
Generating /opt/compile/guoyj/alluxio/core/server/target/apidocs/alluxio/master/file/class-use/FileSystemMasterClientRestServiceHandler.html...
Generating /opt/compile/guoyj/alluxio/core/server/target/apidocs/alluxio/master/file/meta/class-use/InodeLockList.html...
Generating /opt/compile/guoyj/alluxio/core/server/target/apidocs/alluxio/master/file/meta/class-use/MountTable.html...
Generating /opt/compile/guoyj/alluxio/core/server/target/apidocs/alluxio/master/file/meta/class-use/MountTable.Resolution.html...
Generating /opt/compile/guoyj/alluxio/core/server/target/apidocs/alluxio/master/file/meta/class-use/InodeDirectoryIdGenerator.html...
Generating /opt/compile/guoyj/alluxio/core/server/target/apidocs/alluxio/master/file/meta/class-use/InodeFile.html...
Generating /opt/compile/guoyj/alluxio/core/server/target/apidocs/alluxio/master/file/meta/class-use/InodePathPair.html...
Generating /opt/compile/guoyj/alluxio/core/server/target/apidocs/alluxio/master/file/meta/class-use/LockedInodePath.html...
Generating /opt/compile/guoyj/alluxio/core/server/target/apidocs/alluxio/master/file/meta/class-use/TempInodePathForChild.html...
Generating /opt/compile/guoyj/alluxio/core/server/target/apidocs/alluxio/master/file/meta/class-use/FileSystemMasterView.html...
Generating /opt/compile/guoyj/alluxio/core/server/target/apidocs/alluxio/master/file/meta/class-use/TtlBucketList.html...
Generating /opt/compile/guoyj/alluxio/core/server/target/apidocs/alluxio/master/file/meta/class-use/TempInodePathForDescendant.html...
Generating /opt/compile/guoyj/alluxio/core/server/target/apidocs/alluxio/master/file/meta/class-use/InodeDirectory.html...
Generating /opt/compile/guoyj/alluxio/core/server/target/apidocs/alluxio/master/file/meta/class-use/MutableLockedInodePath.html...
Generating /opt/compile/guoyj/alluxio/core/server/target/apidocs/alluxio/master/file/meta/class-use/InodeTree.html...
Generating /opt/compile/guoyj/alluxio/core/server/target/apidocs/alluxio/master/file/meta/class-use/InodeTree.LockMode.html...
Generating /opt/compile/guoyj/alluxio/core/server/target/apidocs/alluxio/master/file/meta/class-use/InodeTree.CreatePathResult.html...
Generating /opt/compile/guoyj/alluxio/core/server/target/apidocs/alluxio/master/file/meta/class-use/TtlBucket.html...
Generating /opt/compile/guoyj/alluxio/core/server/target/apidocs/alluxio/master/file/meta/class-use/Inode.html...
Generating /opt/compile/guoyj/alluxio/core/server/target/apidocs/alluxio/master/file/meta/class-use/PersistenceState.html...
Generating /opt/compile/guoyj/alluxio/core/server/target/apidocs/alluxio/master/file/meta/options/class-use/MountInfo.html...
Generating /opt/compile/guoyj/alluxio/core/server/target/apidocs/alluxio/master/file/async/class-use/AsyncPersistHandler.html...
Generating /opt/compile/guoyj/alluxio/core/server/target/apidocs/alluxio/master/file/async/class-use/AsyncPersistHandler.Factory.html...
Generating /opt/compile/guoyj/alluxio/core/server/target/apidocs/alluxio/master/file/async/class-use/DefaultAsyncPersistHandler.html...
Generating /opt/compile/guoyj/alluxio/core/server/target/apidocs/alluxio/master/journal/class-use/ReadWriteJournal.html...
Generating /opt/compile/guoyj/alluxio/core/server/target/apidocs/alluxio/master/journal/class-use/JournalEntryRepresentable.html...
Generating /opt/compile/guoyj/alluxio/core/server/target/apidocs/alluxio/master/journal/class-use/JournalTailer.html...
Generating /opt/compile/guoyj/alluxio/core/server/target/apidocs/alluxio/master/journal/class-use/JournalFactory.html...
Generating /opt/compile/guoyj/alluxio/core/server/target/apidocs/alluxio/master/journal/class-use/JournalFactory.ReadWrite.html...
Generating /opt/compile/guoyj/alluxio/core/server/target/apidocs/alluxio/master/journal/class-use/JournalFactory.ReadOnly.html...
Generating /opt/compile/guoyj/alluxio/core/server/target/apidocs/alluxio/master/journal/class-use/JournalReader.html...
Generating /opt/compile/guoyj/alluxio/core/server/target/apidocs/alluxio/master/journal/class-use/ReadOnlyJournal.html...
Generating /opt/compile/guoyj/alluxio/core/server/target/apidocs/alluxio/master/journal/class-use/JournalCheckpointStreamable.html...
Generating /opt/compile/guoyj/alluxio/core/server/target/apidocs/alluxio/master/journal/class-use/AsyncJournalWriter.html...
Generating /opt/compile/guoyj/alluxio/core/server/target/apidocs/alluxio/master/journal/class-use/JournalTailerThread.html...
Generating /opt/compile/guoyj/alluxio/core/server/target/apidocs/alluxio/master/journal/class-use/ProtoBufJournalFormatter.html...
Generating /opt/compile/guoyj/alluxio/core/server/target/apidocs/alluxio/master/journal/class-use/JournalFormatter.html...
Generating /opt/compile/guoyj/alluxio/core/server/target/apidocs/alluxio/master/journal/class-use/JournalFormatter.Factory.html...
Generating /opt/compile/guoyj/alluxio/core/server/target/apidocs/alluxio/master/journal/class-use/JournalInputStream.html...
Generating /opt/compile/guoyj/alluxio/core/server/target/apidocs/alluxio/master/journal/class-use/Journal.html...
Generating /opt/compile/guoyj/alluxio/core/server/target/apidocs/alluxio/master/journal/class-use/JournalWriter.html...
Generating /opt/compile/guoyj/alluxio/core/server/target/apidocs/alluxio/master/journal/class-use/JournalWriter.EntryOutputStream.html...
Generating /opt/compile/guoyj/alluxio/core/server/target/apidocs/alluxio/master/journal/class-use/JournalTool.html...
Generating /opt/compile/guoyj/alluxio/core/server/target/apidocs/alluxio/master/journal/class-use/CheckpointManager.html...
Generating /opt/compile/guoyj/alluxio/core/server/target/apidocs/alluxio/master/journal/class-use/JournalOutputStream.html...
Generating /opt/compile/guoyj/alluxio/core/server/target/apidocs/alluxio/master/lineage/meta/class-use/Lineage.html...
Generating /opt/compile/guoyj/alluxio/core/server/target/apidocs/alluxio/master/lineage/meta/class-use/LineageIdGenerator.html...
Generating /opt/compile/guoyj/alluxio/core/server/target/apidocs/alluxio/master/lineage/meta/class-use/LineageStateUtils.html...
Generating /opt/compile/guoyj/alluxio/core/server/target/apidocs/alluxio/master/lineage/meta/class-use/LineageStore.html...
Generating /opt/compile/guoyj/alluxio/core/server/target/apidocs/alluxio/master/lineage/meta/class-use/LineageStoreView.html...
Generating /opt/compile/guoyj/alluxio/core/server/target/apidocs/alluxio/master/lineage/class-use/LineageMasterClientServiceHandler.html...
Generating /opt/compile/guoyj/alluxio/core/server/target/apidocs/alluxio/master/lineage/class-use/LineageMaster.html...
Generating /opt/compile/guoyj/alluxio/core/server/target/apidocs/alluxio/master/lineage/class-use/LineageMasterClientRestServiceHandler.html...
Generating /opt/compile/guoyj/alluxio/core/server/target/apidocs/alluxio/master/lineage/recompute/class-use/RecomputePlanner.html...
Generating /opt/compile/guoyj/alluxio/core/server/target/apidocs/alluxio/master/lineage/recompute/class-use/RecomputePlan.html...
Generating /opt/compile/guoyj/alluxio/core/server/target/apidocs/alluxio/master/lineage/recompute/class-use/RecomputeExecutor.html...
Generating /opt/compile/guoyj/alluxio/core/server/target/apidocs/alluxio/master/lineage/checkpoint/class-use/CheckpointPlanner.html...
Generating /opt/compile/guoyj/alluxio/core/server/target/apidocs/alluxio/master/lineage/checkpoint/class-use/CheckpointPlanner.Factory.html...
Generating /opt/compile/guoyj/alluxio/core/server/target/apidocs/alluxio/master/lineage/checkpoint/class-use/CheckpointSchedulingExecutor.html...
Generating /opt/compile/guoyj/alluxio/core/server/target/apidocs/alluxio/master/lineage/checkpoint/class-use/CheckpointLatestPlanner.html...
Generating /opt/compile/guoyj/alluxio/core/server/target/apidocs/alluxio/master/lineage/checkpoint/class-use/CheckpointPlan.html...
Generating /opt/compile/guoyj/alluxio/core/server/target/apidocs/alluxio/master/block/class-use/BlockMasterClientRestServiceHandler.html...
Generating /opt/compile/guoyj/alluxio/core/server/target/apidocs/alluxio/master/block/class-use/ContainerIdGenerable.html...
Generating /opt/compile/guoyj/alluxio/core/server/target/apidocs/alluxio/master/block/class-use/BlockContainerIdGenerator.html...
Generating /opt/compile/guoyj/alluxio/core/server/target/apidocs/alluxio/master/block/class-use/BlockMaster.html...
Generating /opt/compile/guoyj/alluxio/core/server/target/apidocs/alluxio/master/block/class-use/BlockMaster.Metrics.html...
Generating /opt/compile/guoyj/alluxio/core/server/target/apidocs/alluxio/master/block/class-use/BlockMasterWorkerServiceHandler.html...
Generating /opt/compile/guoyj/alluxio/core/server/target/apidocs/alluxio/master/block/class-use/BlockMasterClientServiceHandler.html...
Generating /opt/compile/guoyj/alluxio/core/server/target/apidocs/alluxio/master/block/meta/class-use/MasterWorkerInfo.html...
Generating /opt/compile/guoyj/alluxio/core/server/target/apidocs/alluxio/master/block/meta/class-use/MasterBlockLocation.html...
Generating /opt/compile/guoyj/alluxio/core/server/target/apidocs/alluxio/master/block/meta/class-use/MasterBlockInfo.html...
Generating /opt/compile/guoyj/alluxio/core/server/target/apidocs/alluxio/proxy/class-use/AlluxioProxy.html...
Generating /opt/compile/guoyj/alluxio/core/server/target/apidocs/alluxio/proxy/class-use/StreamsRestServiceHandler.html...
Generating /opt/compile/guoyj/alluxio/core/server/target/apidocs/alluxio/proxy/class-use/PathsRestServiceHandler.html...
Generating /opt/compile/guoyj/alluxio/core/server/target/apidocs/alluxio/cli/class-use/Format.html...
Generating /opt/compile/guoyj/alluxio/core/server/target/apidocs/alluxio/web/class-use/MasterWebServer.html...
Generating /opt/compile/guoyj/alluxio/core/server/target/apidocs/alluxio/web/class-use/UIFileInfo.html...
Generating /opt/compile/guoyj/alluxio/core/server/target/apidocs/alluxio/web/class-use/WebInterfaceWorkerGeneralServlet.html...
Generating /opt/compile/guoyj/alluxio/core/server/target/apidocs/alluxio/web/class-use/WebInterfaceWorkerGeneralServlet.UIStorageDir.html...
Generating /opt/compile/guoyj/alluxio/core/server/target/apidocs/alluxio/web/class-use/WebInterfaceWorkerGeneralServlet.UIWorkerInfo.html...
Generating /opt/compile/guoyj/alluxio/core/server/target/apidocs/alluxio/web/class-use/WebInterfaceWorkerGeneralServlet.UIUsageOnTier.html...
Generating /opt/compile/guoyj/alluxio/core/server/target/apidocs/alluxio/web/class-use/WebInterfaceDownloadLocalServlet.html...
Generating /opt/compile/guoyj/alluxio/core/server/target/apidocs/alluxio/web/class-use/WebInterfaceBrowseServlet.html...
Generating /opt/compile/guoyj/alluxio/core/server/target/apidocs/alluxio/web/class-use/WebInterfaceAbstractMetricsServlet.html...
Generating /opt/compile/guoyj/alluxio/core/server/target/apidocs/alluxio/web/class-use/WebInterfaceWorkerMetricsServlet.html...
Generating /opt/compile/guoyj/alluxio/core/server/target/apidocs/alluxio/web/class-use/ProxyWebServer.html...
Generating /opt/compile/guoyj/alluxio/core/server/target/apidocs/alluxio/web/class-use/WebServer.html...
Generating /opt/compile/guoyj/alluxio/core/server/target/apidocs/alluxio/web/class-use/UIFileBlockInfo.html...
Generating /opt/compile/guoyj/alluxio/core/server/target/apidocs/alluxio/web/class-use/WorkerWebServer.html...
Generating /opt/compile/guoyj/alluxio/core/server/target/apidocs/alluxio/web/class-use/WebInterfaceBrowseLogsServlet.html...
Generating /opt/compile/guoyj/alluxio/core/server/target/apidocs/alluxio/web/class-use/WebInterfaceHeaderServlet.html...
Generating /opt/compile/guoyj/alluxio/core/server/target/apidocs/alluxio/web/class-use/WebInterfaceGeneralServlet.html...
Generating /opt/compile/guoyj/alluxio/core/server/target/apidocs/alluxio/web/class-use/WebInterfaceGeneralServlet.StorageTierInfo.html...
Generating /opt/compile/guoyj/alluxio/core/server/target/apidocs/alluxio/web/class-use/WebInterfaceWorkersServlet.html...
Generating /opt/compile/guoyj/alluxio/core/server/target/apidocs/alluxio/web/class-use/WebInterfaceWorkersServlet.NodeInfo.html...
Generating /opt/compile/guoyj/alluxio/core/server/target/apidocs/alluxio/web/class-use/WebInterfaceWorkerBlockInfoServlet.html...
Generating /opt/compile/guoyj/alluxio/core/server/target/apidocs/alluxio/web/class-use/WebInterfaceMemoryServlet.html...
Generating /opt/compile/guoyj/alluxio/core/server/target/apidocs/alluxio/web/class-use/WebInterfaceMasterMetricsServlet.html...
Generating /opt/compile/guoyj/alluxio/core/server/target/apidocs/alluxio/web/class-use/WebInterfaceDownloadServlet.html...
Generating /opt/compile/guoyj/alluxio/core/server/target/apidocs/alluxio/web/class-use/WebInterfaceDependencyServlet.html...
Generating /opt/compile/guoyj/alluxio/core/server/target/apidocs/alluxio/web/class-use/WebInterfaceConfigurationServlet.html...
Generating /opt/compile/guoyj/alluxio/core/server/target/apidocs/alluxio/proto/journal/class-use/File.html...
Generating /opt/compile/guoyj/alluxio/core/server/target/apidocs/alluxio/proto/journal/class-use/File.PTtlAction.html...
Generating /opt/compile/guoyj/alluxio/core/server/target/apidocs/alluxio/proto/journal/class-use/File.StringPairEntryOrBuilder.html...
Generating /opt/compile/guoyj/alluxio/core/server/target/apidocs/alluxio/proto/journal/class-use/File.StringPairEntry.html...
Generating /opt/compile/guoyj/alluxio/core/server/target/apidocs/alluxio/proto/journal/class-use/File.StringPairEntry.Builder.html...
Generating /opt/compile/guoyj/alluxio/core/server/target/apidocs/alluxio/proto/journal/class-use/File.AddMountPointEntryOrBuilder.html...
Generating /opt/compile/guoyj/alluxio/core/server/target/apidocs/alluxio/proto/journal/class-use/File.AddMountPointEntry.html...
Generating /opt/compile/guoyj/alluxio/core/server/target/apidocs/alluxio/proto/journal/class-use/File.AddMountPointEntry.Builder.html...
Generating /opt/compile/guoyj/alluxio/core/server/target/apidocs/alluxio/proto/journal/class-use/File.AsyncPersistRequestEntryOrBuilder.html...
Generating /opt/compile/guoyj/alluxio/core/server/target/apidocs/alluxio/proto/journal/class-use/File.AsyncPersistRequestEntry.html...
Generating /opt/compile/guoyj/alluxio/core/server/target/apidocs/alluxio/proto/journal/class-use/File.AsyncPersistRequestEntry.Builder.html...
Generating /opt/compile/guoyj/alluxio/core/server/target/apidocs/alluxio/proto/journal/class-use/File.CompleteFileEntryOrBuilder.html...
Generating /opt/compile/guoyj/alluxio/core/server/target/apidocs/alluxio/proto/journal/class-use/File.CompleteFileEntry.html...
Generating /opt/compile/guoyj/alluxio/core/server/target/apidocs/alluxio/proto/journal/class-use/File.CompleteFileEntry.Builder.html...
Generating /opt/compile/guoyj/alluxio/core/server/target/apidocs/alluxio/proto/journal/class-use/File.DeleteFileEntryOrBuilder.html...
Generating /opt/compile/guoyj/alluxio/core/server/target/apidocs/alluxio/proto/journal/class-use/File.DeleteFileEntry.html...
Generating /opt/compile/guoyj/alluxio/core/server/target/apidocs/alluxio/proto/journal/class-use/File.DeleteFileEntry.Builder.html...
Generating /opt/compile/guoyj/alluxio/core/server/target/apidocs/alluxio/proto/journal/class-use/File.DeleteMountPointEntryOrBuilder.html...
Generating /opt/compile/guoyj/alluxio/core/server/target/apidocs/alluxio/proto/journal/class-use/File.DeleteMountPointEntry.html...
Generating /opt/compile/guoyj/alluxio/core/server/target/apidocs/alluxio/proto/journal/class-use/File.DeleteMountPointEntry.Builder.html...
Generating /opt/compile/guoyj/alluxio/core/server/target/apidocs/alluxio/proto/journal/class-use/File.InodeDirectoryEntryOrBuilder.html...
Generating /opt/compile/guoyj/alluxio/core/server/target/apidocs/alluxio/proto/journal/class-use/File.InodeDirectoryEntry.html...
Generating /opt/compile/guoyj/alluxio/core/server/target/apidocs/alluxio/proto/journal/class-use/File.InodeDirectoryEntry.Builder.html...
Generating /opt/compile/guoyj/alluxio/core/server/target/apidocs/alluxio/proto/journal/class-use/File.InodeDirectoryIdGeneratorEntryOrBuilder.html...
Generating /opt/compile/guoyj/alluxio/core/server/target/apidocs/alluxio/proto/journal/class-use/File.InodeDirectoryIdGeneratorEntry.html...
Generating /opt/compile/guoyj/alluxio/core/server/target/apidocs/alluxio/proto/journal/class-use/File.InodeDirectoryIdGeneratorEntry.Builder.html...
Generating /opt/compile/guoyj/alluxio/core/server/target/apidocs/alluxio/proto/journal/class-use/File.InodeFileEntryOrBuilder.html...
Generating /opt/compile/guoyj/alluxio/core/server/target/apidocs/alluxio/proto/journal/class-use/File.InodeFileEntry.html...
Generating /opt/compile/guoyj/alluxio/core/server/target/apidocs/alluxio/proto/journal/class-use/File.InodeFileEntry.Builder.html...
Generating /opt/compile/guoyj/alluxio/core/server/target/apidocs/alluxio/proto/journal/class-use/File.InodeLastModificationTimeEntryOrBuilder.html...
Generating /opt/compile/guoyj/alluxio/core/server/target/apidocs/alluxio/proto/journal/class-use/File.InodeLastModificationTimeEntry.html...
Generating /opt/compile/guoyj/alluxio/core/server/target/apidocs/alluxio/proto/journal/class-use/File.InodeLastModificationTimeEntry.Builder.html...
Generating /opt/compile/guoyj/alluxio/core/server/target/apidocs/alluxio/proto/journal/class-use/File.PersistDirectoryEntryOrBuilder.html...
Generating /opt/compile/guoyj/alluxio/core/server/target/apidocs/alluxio/proto/journal/class-use/File.PersistDirectoryEntry.html...
Generating /opt/compile/guoyj/alluxio/core/server/target/apidocs/alluxio/proto/journal/class-use/File.PersistDirectoryEntry.Builder.html...
Generating /opt/compile/guoyj/alluxio/core/server/target/apidocs/alluxio/proto/journal/class-use/File.PersistFileEntryOrBuilder.html...
Generating /opt/compile/guoyj/alluxio/core/server/target/apidocs/alluxio/proto/journal/class-use/File.PersistFileEntry.html...
Generating /opt/compile/guoyj/alluxio/core/server/target/apidocs/alluxio/proto/journal/class-use/File.PersistFileEntry.Builder.html...
Generating /opt/compile/guoyj/alluxio/core/server/target/apidocs/alluxio/proto/journal/class-use/File.ReinitializeFileEntryOrBuilder.html...
Generating /opt/compile/guoyj/alluxio/core/server/target/apidocs/alluxio/proto/journal/class-use/File.ReinitializeFileEntry.html...
Generating /opt/compile/guoyj/alluxio/core/server/target/apidocs/alluxio/proto/journal/class-use/File.ReinitializeFileEntry.Builder.html...
Generating /opt/compile/guoyj/alluxio/core/server/target/apidocs/alluxio/proto/journal/class-use/File.RenameEntryOrBuilder.html...
Generating /opt/compile/guoyj/alluxio/core/server/target/apidocs/alluxio/proto/journal/class-use/File.RenameEntry.html...
Generating /opt/compile/guoyj/alluxio/core/server/target/apidocs/alluxio/proto/journal/class-use/File.RenameEntry.Builder.html...
Generating /opt/compile/guoyj/alluxio/core/server/target/apidocs/alluxio/proto/journal/class-use/File.SetAttributeEntryOrBuilder.html...
Generating /opt/compile/guoyj/alluxio/core/server/target/apidocs/alluxio/proto/journal/class-use/File.SetAttributeEntry.html...
Generating /opt/compile/guoyj/alluxio/core/server/target/apidocs/alluxio/proto/journal/class-use/File.SetAttributeEntry.Builder.html...
Generating /opt/compile/guoyj/alluxio/core/server/target/apidocs/alluxio/proto/journal/class-use/KeyValue.html...
Generating /opt/compile/guoyj/alluxio/core/server/target/apidocs/alluxio/proto/journal/class-use/KeyValue.CompletePartitionEntryOrBuilder.html...
Generating /opt/compile/guoyj/alluxio/core/server/target/apidocs/alluxio/proto/journal/class-use/KeyValue.CompletePartitionEntry.html...
Generating /opt/compile/guoyj/alluxio/core/server/target/apidocs/alluxio/proto/journal/class-use/KeyValue.CompletePartitionEntry.Builder.html...
Generating /opt/compile/guoyj/alluxio/core/server/target/apidocs/alluxio/proto/journal/class-use/KeyValue.CompleteStoreEntryOrBuilder.html...
Generating /opt/compile/guoyj/alluxio/core/server/target/apidocs/alluxio/proto/journal/class-use/KeyValue.CompleteStoreEntry.html...
Generating /opt/compile/guoyj/alluxio/core/server/target/apidocs/alluxio/proto/journal/class-use/KeyValue.CompleteStoreEntry.Builder.html...
Generating /opt/compile/guoyj/alluxio/core/server/target/apidocs/alluxio/proto/journal/class-use/KeyValue.CreateStoreEntryOrBuilder.html...
Generating /opt/compile/guoyj/alluxio/core/server/target/apidocs/alluxio/proto/journal/class-use/KeyValue.CreateStoreEntry.html...
Generating /opt/compile/guoyj/alluxio/core/server/target/apidocs/alluxio/proto/journal/class-use/KeyValue.CreateStoreEntry.Builder.html...
Generating /opt/compile/guoyj/alluxio/core/server/target/apidocs/alluxio/proto/journal/class-use/KeyValue.DeleteStoreEntryOrBuilder.html...
Generating /opt/compile/guoyj/alluxio/core/server/target/apidocs/alluxio/proto/journal/class-use/KeyValue.DeleteStoreEntry.html...
Generating /opt/compile/guoyj/alluxio/core/server/target/apidocs/alluxio/proto/journal/class-use/KeyValue.DeleteStoreEntry.Builder.html...
Generating /opt/compile/guoyj/alluxio/core/server/target/apidocs/alluxio/proto/journal/class-use/KeyValue.RenameStoreEntryOrBuilder.html...
Generating /opt/compile/guoyj/alluxio/core/server/target/apidocs/alluxio/proto/journal/class-use/KeyValue.RenameStoreEntry.html...
Generating /opt/compile/guoyj/alluxio/core/server/target/apidocs/alluxio/proto/journal/class-use/KeyValue.RenameStoreEntry.Builder.html...
Generating /opt/compile/guoyj/alluxio/core/server/target/apidocs/alluxio/proto/journal/class-use/KeyValue.MergeStoreEntryOrBuilder.html...
Generating /opt/compile/guoyj/alluxio/core/server/target/apidocs/alluxio/proto/journal/class-use/KeyValue.MergeStoreEntry.html...
Generating /opt/compile/guoyj/alluxio/core/server/target/apidocs/alluxio/proto/journal/class-use/KeyValue.MergeStoreEntry.Builder.html...
Generating /opt/compile/guoyj/alluxio/core/server/target/apidocs/alluxio/proto/journal/class-use/Lineage.html...
Generating /opt/compile/guoyj/alluxio/core/server/target/apidocs/alluxio/proto/journal/class-use/Lineage.DeleteLineageEntryOrBuilder.html...
Generating /opt/compile/guoyj/alluxio/core/server/target/apidocs/alluxio/proto/journal/class-use/Lineage.DeleteLineageEntry.html...
Generating /opt/compile/guoyj/alluxio/core/server/target/apidocs/alluxio/proto/journal/class-use/Lineage.DeleteLineageEntry.Builder.html...
Generating /opt/compile/guoyj/alluxio/core/server/target/apidocs/alluxio/proto/journal/class-use/Lineage.LineageEntryOrBuilder.html...
Generating /opt/compile/guoyj/alluxio/core/server/target/apidocs/alluxio/proto/journal/class-use/Lineage.LineageEntry.html...
Generating /opt/compile/guoyj/alluxio/core/server/target/apidocs/alluxio/proto/journal/class-use/Lineage.LineageEntry.Builder.html...
Generating /opt/compile/guoyj/alluxio/core/server/target/apidocs/alluxio/proto/journal/class-use/Lineage.LineageIdGeneratorEntryOrBuilder.html...
Generating /opt/compile/guoyj/alluxio/core/server/target/apidocs/alluxio/proto/journal/class-use/Lineage.LineageIdGeneratorEntry.html...
Generating /opt/compile/guoyj/alluxio/core/server/target/apidocs/alluxio/proto/journal/class-use/Lineage.LineageIdGeneratorEntry.Builder.html...
Generating /opt/compile/guoyj/alluxio/core/server/target/apidocs/alluxio/proto/journal/class-use/Block.html...
Generating /opt/compile/guoyj/alluxio/core/server/target/apidocs/alluxio/proto/journal/class-use/Block.BlockContainerIdGeneratorEntryOrBuilder.html...
Generating /opt/compile/guoyj/alluxio/core/server/target/apidocs/alluxio/proto/journal/class-use/Block.BlockContainerIdGeneratorEntry.html...
Generating /opt/compile/guoyj/alluxio/core/server/target/apidocs/alluxio/proto/journal/class-use/Block.BlockContainerIdGeneratorEntry.Builder.html...
Generating /opt/compile/guoyj/alluxio/core/server/target/apidocs/alluxio/proto/journal/class-use/Block.BlockInfoEntryOrBuilder.html...
Generating /opt/compile/guoyj/alluxio/core/server/target/apidocs/alluxio/proto/journal/class-use/Block.BlockInfoEntry.html...
Generating /opt/compile/guoyj/alluxio/core/server/target/apidocs/alluxio/proto/journal/class-use/Block.BlockInfoEntry.Builder.html...
Generating /opt/compile/guoyj/alluxio/core/server/target/apidocs/alluxio/proto/journal/class-use/Journal.html...
Generating /opt/compile/guoyj/alluxio/core/server/target/apidocs/alluxio/proto/journal/class-use/Journal.JournalEntryOrBuilder.html...
Generating /opt/compile/guoyj/alluxio/core/server/target/apidocs/alluxio/proto/journal/class-use/Journal.JournalEntry.html...
Generating /opt/compile/guoyj/alluxio/core/server/target/apidocs/alluxio/proto/journal/class-use/Journal.JournalEntry.Builder.html...
Generating /opt/compile/guoyj/alluxio/core/server/target/apidocs/alluxio/metrics/sink/class-use/MetricsServlet.html...
Generating /opt/compile/guoyj/alluxio/core/server/target/apidocs/alluxio/worker/class-use/AlluxioWorkerService.html...
Generating /opt/compile/guoyj/alluxio/core/server/target/apidocs/alluxio/worker/class-use/AlluxioWorkerService.Factory.html...
Generating /opt/compile/guoyj/alluxio/core/server/target/apidocs/alluxio/worker/class-use/WorkerFactory.html...
Generating /opt/compile/guoyj/alluxio/core/server/target/apidocs/alluxio/worker/class-use/SessionCleanupCallback.html...
Generating /opt/compile/guoyj/alluxio/core/server/target/apidocs/alluxio/worker/class-use/DefaultAlluxioWorker.html...
Generating /opt/compile/guoyj/alluxio/core/server/target/apidocs/alluxio/worker/class-use/DataServer.html...
Generating /opt/compile/guoyj/alluxio/core/server/target/apidocs/alluxio/worker/class-use/DataServer.Factory.html...
Generating /opt/compile/guoyj/alluxio/core/server/target/apidocs/alluxio/worker/class-use/AlluxioWorker.html...
Generating /opt/compile/guoyj/alluxio/core/server/target/apidocs/alluxio/worker/class-use/Worker.html...
Generating /opt/compile/guoyj/alluxio/core/server/target/apidocs/alluxio/worker/class-use/AbstractWorker.html...
Generating /opt/compile/guoyj/alluxio/core/server/target/apidocs/alluxio/worker/class-use/AlluxioWorkerRestServiceHandler.html...
Generating /opt/compile/guoyj/alluxio/core/server/target/apidocs/alluxio/worker/class-use/SessionCleaner.html...
Generating /opt/compile/guoyj/alluxio/core/server/target/apidocs/alluxio/worker/file/class-use/DefaultFileSystemWorker.html...
Generating /opt/compile/guoyj/alluxio/core/server/target/apidocs/alluxio/worker/file/class-use/FileDataManager.html...
Generating /opt/compile/guoyj/alluxio/core/server/target/apidocs/alluxio/worker/file/class-use/FileSystemMasterClient.html...
Generating /opt/compile/guoyj/alluxio/core/server/target/apidocs/alluxio/worker/file/class-use/FileSystemWorker.html...
Generating /opt/compile/guoyj/alluxio/core/server/target/apidocs/alluxio/worker/file/class-use/UnderFileSystemManager.html...
Generating /opt/compile/guoyj/alluxio/core/server/target/apidocs/alluxio/worker/file/class-use/FileSystemWorkerClientServiceHandler.html...
Generating /opt/compile/guoyj/alluxio/core/server/target/apidocs/alluxio/worker/block/class-use/DefaultBlockWorker.html...
Generating /opt/compile/guoyj/alluxio/core/server/target/apidocs/alluxio/worker/block/class-use/DefaultBlockWorker.Metrics.html...
Generating /opt/compile/guoyj/alluxio/core/server/target/apidocs/alluxio/worker/block/class-use/BlockMetricsReporter.html...
Generating /opt/compile/guoyj/alluxio/core/server/target/apidocs/alluxio/worker/block/class-use/BlockHeartbeatReport.html...
Generating /opt/compile/guoyj/alluxio/core/server/target/apidocs/alluxio/worker/block/class-use/BlockMetadataManager.html...
Generating /opt/compile/guoyj/alluxio/core/server/target/apidocs/alluxio/worker/block/class-use/BlockStoreEventListener.html...
Generating /opt/compile/guoyj/alluxio/core/server/target/apidocs/alluxio/worker/block/class-use/BlockHeartbeatReporter.html...
Generating /opt/compile/guoyj/alluxio/core/server/target/apidocs/alluxio/worker/block/class-use/BlockWorkerClientRestServiceHandler.html...
Generating /opt/compile/guoyj/alluxio/core/server/target/apidocs/alluxio/worker/block/class-use/TieredBlockStore.html...
Generating /opt/compile/guoyj/alluxio/core/server/target/apidocs/alluxio/worker/block/class-use/BlockStoreLocation.html...
Generating /opt/compile/guoyj/alluxio/core/server/target/apidocs/alluxio/worker/block/class-use/PinListSync.html...
Generating /opt/compile/guoyj/alluxio/core/server/target/apidocs/alluxio/worker/block/class-use/BlockMasterClient.html...
Generating /opt/compile/guoyj/alluxio/core/server/target/apidocs/alluxio/worker/block/class-use/BlockStoreMeta.html...
Generating /opt/compile/guoyj/alluxio/core/server/target/apidocs/alluxio/worker/block/class-use/ClientRWLock.html...
Generating /opt/compile/guoyj/alluxio/core/server/target/apidocs/alluxio/worker/block/class-use/BlockWorker.html...
Generating /opt/compile/guoyj/alluxio/core/server/target/apidocs/alluxio/worker/block/class-use/AbstractBlockStoreEventListener.html...
Generating /opt/compile/guoyj/alluxio/core/server/target/apidocs/alluxio/worker/block/class-use/BlockLockType.html...
Generating /opt/compile/guoyj/alluxio/core/server/target/apidocs/alluxio/worker/block/class-use/SpaceReserver.html...
Generating /opt/compile/guoyj/alluxio/core/server/target/apidocs/alluxio/worker/block/class-use/BlockMasterSync.html...
Generating /opt/compile/guoyj/alluxio/core/server/target/apidocs/alluxio/worker/block/class-use/BlockWorkerClientServiceHandler.html...
Generating /opt/compile/guoyj/alluxio/core/server/target/apidocs/alluxio/worker/block/class-use/BlockMetadataManagerView.html...
Generating /opt/compile/guoyj/alluxio/core/server/target/apidocs/alluxio/worker/block/class-use/BlockLockManager.html...
Generating /opt/compile/guoyj/alluxio/core/server/target/apidocs/alluxio/worker/block/meta/class-use/AbstractBlockMeta.html...
Generating /opt/compile/guoyj/alluxio/core/server/target/apidocs/alluxio/worker/block/meta/class-use/StorageTierView.html...
Generating /opt/compile/guoyj/alluxio/core/server/target/apidocs/alluxio/worker/block/meta/class-use/TempBlockMeta.html...
Generating /opt/compile/guoyj/alluxio/core/server/target/apidocs/alluxio/worker/block/meta/class-use/StorageDir.html...
Generating /opt/compile/guoyj/alluxio/core/server/target/apidocs/alluxio/worker/block/meta/class-use/BlockMeta.html...
Generating /opt/compile/guoyj/alluxio/core/server/target/apidocs/alluxio/worker/block/meta/class-use/StorageTier.html...
Generating /opt/compile/guoyj/alluxio/core/server/target/apidocs/alluxio/worker/block/meta/class-use/StorageDirView.html...
Generating /opt/compile/guoyj/alluxio/core/server/target/apidocs/alluxio/worker/block/evictor/class-use/GreedyEvictor.html...
Generating /opt/compile/guoyj/alluxio/core/server/target/apidocs/alluxio/worker/block/evictor/class-use/LRFUEvictor.html...
Generating /opt/compile/guoyj/alluxio/core/server/target/apidocs/alluxio/worker/block/evictor/class-use/AbstractEvictor.html...
Generating /opt/compile/guoyj/alluxio/core/server/target/apidocs/alluxio/worker/block/evictor/class-use/Evictor.html...
Generating /opt/compile/guoyj/alluxio/core/server/target/apidocs/alluxio/worker/block/evictor/class-use/Evictor.Factory.html...
Generating /opt/compile/guoyj/alluxio/core/server/target/apidocs/alluxio/worker/block/evictor/class-use/EvictorUtils.html...
Generating /opt/compile/guoyj/alluxio/core/server/target/apidocs/alluxio/worker/block/evictor/class-use/BlockTransferInfo.html...
Generating /opt/compile/guoyj/alluxio/core/server/target/apidocs/alluxio/worker/block/evictor/class-use/LRUEvictor.html...
Generating /opt/compile/guoyj/alluxio/core/server/target/apidocs/alluxio/worker/block/evictor/class-use/PartialLRUEvictor.html...
Generating /opt/compile/guoyj/alluxio/core/server/target/apidocs/alluxio/worker/block/evictor/class-use/EvictionPlan.html...
Generating /opt/compile/guoyj/alluxio/core/server/target/apidocs/alluxio/worker/block/allocator/class-use/MaxFreeAllocator.html...
Generating /opt/compile/guoyj/alluxio/core/server/target/apidocs/alluxio/worker/block/allocator/class-use/Allocator.html...
Generating /opt/compile/guoyj/alluxio/core/server/target/apidocs/alluxio/worker/block/allocator/class-use/Allocator.Factory.html...
Generating /opt/compile/guoyj/alluxio/core/server/target/apidocs/alluxio/worker/block/allocator/class-use/GreedyAllocator.html...
Generating /opt/compile/guoyj/alluxio/core/server/target/apidocs/alluxio/worker/block/allocator/class-use/RoundRobinAllocator.html...
Generating /opt/compile/guoyj/alluxio/core/server/target/apidocs/alluxio/worker/netty/class-use/DataServerBlockWriteHandler.html...
Generating /opt/compile/guoyj/alluxio/core/server/target/apidocs/alluxio/worker/netty/class-use/DataServerReadHandler.html...
Generating /opt/compile/guoyj/alluxio/core/server/target/apidocs/alluxio/worker/netty/class-use/DataServerReadHandler.ReadRequestInternal.html...
Generating /opt/compile/guoyj/alluxio/core/server/target/apidocs/alluxio/worker/netty/class-use/DataServerWriteHandler.html...
Generating /opt/compile/guoyj/alluxio/core/server/target/apidocs/alluxio/worker/netty/class-use/DataServerWriteHandler.WriteRequestInternal.html...
Generating /opt/compile/guoyj/alluxio/core/server/target/apidocs/alluxio/worker/netty/class-use/DataServerBlockReadHandler.html...
Generating /opt/compile/guoyj/alluxio/core/server/target/apidocs/alluxio/worker/netty/class-use/DataServerUFSFileWriteHandler.html...
Generating /opt/compile/guoyj/alluxio/core/server/target/apidocs/alluxio/worker/netty/class-use/NettyDataServer.html...
Generating /opt/compile/guoyj/alluxio/core/server/target/apidocs/alluxio/worker/netty/class-use/DataServerUFSFileReadHandler.html...
Generating /opt/compile/guoyj/alluxio/core/server/target/apidocs/alluxio/package-use.html...
Generating /opt/compile/guoyj/alluxio/core/server/target/apidocs/alluxio/cli/package-use.html...
Generating /opt/compile/guoyj/alluxio/core/server/target/apidocs/alluxio/master/package-use.html...
Generating /opt/compile/guoyj/alluxio/core/server/target/apidocs/alluxio/master/block/package-use.html...
Generating /opt/compile/guoyj/alluxio/core/server/target/apidocs/alluxio/master/block/meta/package-use.html...
Generating /opt/compile/guoyj/alluxio/core/server/target/apidocs/alluxio/master/file/package-use.html...
Generating /opt/compile/guoyj/alluxio/core/server/target/apidocs/alluxio/master/file/async/package-use.html...
Generating /opt/compile/guoyj/alluxio/core/server/target/apidocs/alluxio/master/file/meta/package-use.html...
Generating /opt/compile/guoyj/alluxio/core/server/target/apidocs/alluxio/master/file/meta/options/package-use.html...
Generating /opt/compile/guoyj/alluxio/core/server/target/apidocs/alluxio/master/file/options/package-use.html...
Generating /opt/compile/guoyj/alluxio/core/server/target/apidocs/alluxio/master/journal/package-use.html...
Generating /opt/compile/guoyj/alluxio/core/server/target/apidocs/alluxio/master/lineage/package-use.html...
Generating /opt/compile/guoyj/alluxio/core/server/target/apidocs/alluxio/master/lineage/checkpoint/package-use.html...
Generating /opt/compile/guoyj/alluxio/core/server/target/apidocs/alluxio/master/lineage/meta/package-use.html...
Generating /opt/compile/guoyj/alluxio/core/server/target/apidocs/alluxio/master/lineage/recompute/package-use.html...
Generating /opt/compile/guoyj/alluxio/core/server/target/apidocs/alluxio/metrics/sink/package-use.html...
Generating /opt/compile/guoyj/alluxio/core/server/target/apidocs/alluxio/proto/journal/package-use.html...
Generating /opt/compile/guoyj/alluxio/core/server/target/apidocs/alluxio/proxy/package-use.html...
Generating /opt/compile/guoyj/alluxio/core/server/target/apidocs/alluxio/web/package-use.html...
Generating /opt/compile/guoyj/alluxio/core/server/target/apidocs/alluxio/worker/package-use.html...
Generating /opt/compile/guoyj/alluxio/core/server/target/apidocs/alluxio/worker/block/package-use.html...
Generating /opt/compile/guoyj/alluxio/core/server/target/apidocs/alluxio/worker/block/allocator/package-use.html...
Generating /opt/compile/guoyj/alluxio/core/server/target/apidocs/alluxio/worker/block/evictor/package-use.html...
Generating /opt/compile/guoyj/alluxio/core/server/target/apidocs/alluxio/worker/block/meta/package-use.html...
Generating /opt/compile/guoyj/alluxio/core/server/target/apidocs/alluxio/worker/file/package-use.html...
Generating /opt/compile/guoyj/alluxio/core/server/target/apidocs/alluxio/worker/netty/package-use.html...
Building index for all the packages and classes...
Generating /opt/compile/guoyj/alluxio/core/server/target/apidocs/overview-tree.html...
Generating /opt/compile/guoyj/alluxio/core/server/target/apidocs/index-all.html...
Generating /opt/compile/guoyj/alluxio/core/server/target/apidocs/deprecated-list.html...
Building index for all classes...
Generating /opt/compile/guoyj/alluxio/core/server/target/apidocs/allclasses-frame.html...
Generating /opt/compile/guoyj/alluxio/core/server/target/apidocs/allclasses-noframe.html...
Generating /opt/compile/guoyj/alluxio/core/server/target/apidocs/index.html...
Generating /opt/compile/guoyj/alluxio/core/server/target/apidocs/overview-summary.html...
Generating /opt/compile/guoyj/alluxio/core/server/target/apidocs/help-doc.html...
126 warnings
[WARNING] Javadoc Warnings
[WARNING] /opt/compile/guoyj/alluxio/core/server/src/main/java/alluxio/master/AlluxioMasterRestServiceHandler.java:116: warning - @summary is an unknown tag.
[WARNING] /opt/compile/guoyj/alluxio/core/server/src/main/java/alluxio/master/AlluxioMasterRestServiceHandler.java:155: warning - @summary is an unknown tag.
[WARNING] /opt/compile/guoyj/alluxio/core/server/src/main/java/alluxio/master/AlluxioMasterRestServiceHandler.java:174: warning - @summary is an unknown tag.
[WARNING] /opt/compile/guoyj/alluxio/core/server/src/main/java/alluxio/master/AlluxioMasterRestServiceHandler.java:193: warning - @summary is an unknown tag.
[WARNING] /opt/compile/guoyj/alluxio/core/server/src/main/java/alluxio/master/AlluxioMasterRestServiceHandler.java:212: warning - @summary is an unknown tag.
[WARNING] /opt/compile/guoyj/alluxio/core/server/src/main/java/alluxio/master/AlluxioMasterRestServiceHandler.java:231: warning - @summary is an unknown tag.
[WARNING] /opt/compile/guoyj/alluxio/core/server/src/main/java/alluxio/master/AlluxioMasterRestServiceHandler.java:250: warning - @summary is an unknown tag.
[WARNING] /opt/compile/guoyj/alluxio/core/server/src/main/java/alluxio/master/AlluxioMasterRestServiceHandler.java:269: warning - @summary is an unknown tag.
[WARNING] /opt/compile/guoyj/alluxio/core/server/src/main/java/alluxio/master/AlluxioMasterRestServiceHandler.java:288: warning - @summary is an unknown tag.
[WARNING] /opt/compile/guoyj/alluxio/core/server/src/main/java/alluxio/master/AlluxioMasterRestServiceHandler.java:307: warning - @summary is an unknown tag.
[WARNING] /opt/compile/guoyj/alluxio/core/server/src/main/java/alluxio/master/AlluxioMasterRestServiceHandler.java:326: warning - @summary is an unknown tag.
[WARNING] /opt/compile/guoyj/alluxio/core/server/src/main/java/alluxio/master/AlluxioMasterRestServiceHandler.java:345: warning - @summary is an unknown tag.
[WARNING] /opt/compile/guoyj/alluxio/core/server/src/main/java/alluxio/master/AlluxioMasterRestServiceHandler.java:364: warning - @summary is an unknown tag.
[WARNING] /opt/compile/guoyj/alluxio/core/server/src/main/java/alluxio/master/AlluxioMasterRestServiceHandler.java:403: warning - @summary is an unknown tag.
[WARNING] /opt/compile/guoyj/alluxio/core/server/src/main/java/alluxio/master/AlluxioMasterRestServiceHandler.java:427: warning - @summary is an unknown tag.
[WARNING] /opt/compile/guoyj/alluxio/core/server/src/main/java/alluxio/master/AlluxioMasterRestServiceHandler.java:450: warning - @summary is an unknown tag.
[WARNING] /opt/compile/guoyj/alluxio/core/server/src/main/java/alluxio/master/AlluxioMasterRestServiceHandler.java:469: warning - @summary is an unknown tag.
[WARNING] /opt/compile/guoyj/alluxio/core/server/src/main/java/alluxio/master/file/options/MountOptions.java:72: warning - Tag @link: reference not found: File.AddMountPointEntry
[WARNING] /opt/compile/guoyj/alluxio/core/server/src/main/java/alluxio/master/file/options/MountOptions.java:72: warning - Tag @link: reference not found: File.AddMountPointEntry
[WARNING] /opt/compile/guoyj/alluxio/core/server/src/main/java/alluxio/master/file/FileSystemMaster.java:752: warning - @return tag has no arguments.
[WARNING] /opt/compile/guoyj/alluxio/core/server/src/main/java/alluxio/master/file/FileSystemMaster.java:2744: warning - Tag @link: reference not found: Mode.Bits#READ
[WARNING] /opt/compile/guoyj/alluxio/core/server/src/main/java/alluxio/master/file/FileSystemMaster.java:668: warning - Tag @link: reference not found: Mode.Bits#READ
[WARNING] /opt/compile/guoyj/alluxio/core/server/src/main/java/alluxio/master/file/FileSystemMaster.java:716: warning - Tag @link: reference not found: Mode.Bits#READ
[WARNING] /opt/compile/guoyj/alluxio/core/server/src/main/java/alluxio/master/file/FileSystemMaster.java:853: warning - Tag @link: reference not found: Mode.Bits#READ
[WARNING] /opt/compile/guoyj/alluxio/core/server/src/main/java/alluxio/master/file/FileSystemMaster.java:853: warning - Tag @link: reference not found: Mode.Bits#EXECUTE
[WARNING] /opt/compile/guoyj/alluxio/core/server/src/main/java/alluxio/master/file/FileSystemMaster.java:1000: warning - Tag @link: reference not found: Mode.Bits#WRITE
[WARNING] /opt/compile/guoyj/alluxio/core/server/src/main/java/alluxio/master/file/FileSystemMaster.java:1140: warning - Tag @link: reference not found: Mode.Bits#WRITE
[WARNING] /opt/compile/guoyj/alluxio/core/server/src/main/java/alluxio/master/file/FileSystemMaster.java:1265: warning - Tag @link: reference not found: Mode.Bits#WRITE
[WARNING] /opt/compile/guoyj/alluxio/core/server/src/main/java/alluxio/master/file/FileSystemMaster.java:1312: warning - Tag @link: reference not found: Mode.Bits#WRITE
[WARNING] /opt/compile/guoyj/alluxio/core/server/src/main/java/alluxio/master/file/FileSystemMaster.java:1508: warning - Tag @link: reference not found: Mode.Bits#READ
[WARNING] /opt/compile/guoyj/alluxio/core/server/src/main/java/alluxio/master/file/FileSystemMaster.java:1693: warning - Tag @link: reference not found: Mode.Bits#WRITE
[WARNING] /opt/compile/guoyj/alluxio/core/server/src/main/java/alluxio/master/file/FileSystemMaster.java:1817: warning - Tag @link: reference not found: Mode.Bits#WRITE
[WARNING] /opt/compile/guoyj/alluxio/core/server/src/main/java/alluxio/master/file/FileSystemMaster.java:1817: warning - Tag @link: reference not found: Mode.Bits#WRITE
[WARNING] /opt/compile/guoyj/alluxio/core/server/src/main/java/alluxio/master/file/FileSystemMaster.java:2157: warning - Tag @link: reference not found: Mode.Bits#READ
[WARNING] /opt/compile/guoyj/alluxio/core/server/src/main/java/alluxio/master/file/FileSystemMaster.java:2319: warning - Tag @link: reference not found: Mode.Bits#WRITE
[WARNING] /opt/compile/guoyj/alluxio/core/server/src/main/java/alluxio/master/file/FileSystemMaster.java:2319: warning - Tag @link: reference not found: Mode.Bits#WRITE
[WARNING] /opt/compile/guoyj/alluxio/core/server/src/main/java/alluxio/master/file/FileSystemMaster.java:2571: warning - Tag @link: reference not found: Mode.Bits#WRITE
[WARNING] /opt/compile/guoyj/alluxio/core/server/src/main/java/alluxio/master/file/FileSystemMaster.java:2716: warning - Tag @link: reference not found: Mode.Bits#WRITE
[WARNING] /opt/compile/guoyj/alluxio/core/server/src/main/java/alluxio/master/file/FileSystemMaster.java:2744: warning - Tag @link: reference not found: Mode.Bits#READ
[WARNING] /opt/compile/guoyj/alluxio/core/server/src/main/java/alluxio/master/file/FileSystemMaster.java:2860: warning - Tag @link: reference not found: Mode.Bits#WRITE
[WARNING] /opt/compile/guoyj/alluxio/core/server/src/main/java/alluxio/master/file/FileSystemMaster.java:3018: warning - Tag @link: reference not found: Mode.Bits#WRITE
[WARNING] /opt/compile/guoyj/alluxio/core/server/src/main/java/alluxio/master/file/FileSystemMasterClientRestServiceHandler.java:99: warning - @summary is an unknown tag.
[WARNING] /opt/compile/guoyj/alluxio/core/server/src/main/java/alluxio/master/file/FileSystemMasterClientRestServiceHandler.java:115: warning - @summary is an unknown tag.
[WARNING] /opt/compile/guoyj/alluxio/core/server/src/main/java/alluxio/master/file/FileSystemMasterClientRestServiceHandler.java:133: warning - @summary is an unknown tag.
[WARNING] /opt/compile/guoyj/alluxio/core/server/src/main/java/alluxio/master/file/FileSystemMasterClientRestServiceHandler.java:160: warning - @summary is an unknown tag.
[WARNING] /opt/compile/guoyj/alluxio/core/server/src/main/java/alluxio/master/file/FileSystemMasterClientRestServiceHandler.java:197: warning - @summary is an unknown tag.
[WARNING] /opt/compile/guoyj/alluxio/core/server/src/main/java/alluxio/master/file/FileSystemMasterClientRestServiceHandler.java:239: warning - @summary is an unknown tag.
[WARNING] /opt/compile/guoyj/alluxio/core/server/src/main/java/alluxio/master/file/FileSystemMasterClientRestServiceHandler.java:256: warning - @summary is an unknown tag.
[WARNING] /opt/compile/guoyj/alluxio/core/server/src/main/java/alluxio/master/file/FileSystemMasterClientRestServiceHandler.java:275: warning - @summary is an unknown tag.
[WARNING] /opt/compile/guoyj/alluxio/core/server/src/main/java/alluxio/master/file/FileSystemMasterClientRestServiceHandler.java:298: warning - @summary is an unknown tag.
[WARNING] /opt/compile/guoyj/alluxio/core/server/src/main/java/alluxio/master/file/FileSystemMasterClientRestServiceHandler.java:329: warning - @summary is an unknown tag.
[WARNING] /opt/compile/guoyj/alluxio/core/server/src/main/java/alluxio/master/file/FileSystemMasterClientRestServiceHandler.java:357: warning - @summary is an unknown tag.
[WARNING] /opt/compile/guoyj/alluxio/core/server/src/main/java/alluxio/master/file/FileSystemMasterClientRestServiceHandler.java:386: warning - @summary is an unknown tag.
[WARNING] /opt/compile/guoyj/alluxio/core/server/src/main/java/alluxio/master/file/FileSystemMasterClientRestServiceHandler.java:407: warning - @summary is an unknown tag.
[WARNING] /opt/compile/guoyj/alluxio/core/server/src/main/java/alluxio/master/file/FileSystemMasterClientRestServiceHandler.java:428: warning - @summary is an unknown tag.
[WARNING] /opt/compile/guoyj/alluxio/core/server/src/main/java/alluxio/master/file/FileSystemMasterClientRestServiceHandler.java:455: warning - @summary is an unknown tag.
[WARNING] /opt/compile/guoyj/alluxio/core/server/src/main/java/alluxio/master/file/FileSystemMasterClientRestServiceHandler.java:504: warning - @summary is an unknown tag.
[WARNING] /opt/compile/guoyj/alluxio/core/server/src/main/java/alluxio/master/file/PermissionChecker.java:74: warning - Tag @link: reference not found: Mode.Bits
[WARNING] /opt/compile/guoyj/alluxio/core/server/src/main/java/alluxio/master/file/PermissionChecker.java:109: warning - Tag @link: reference not found: Mode.Bits
[WARNING] /opt/compile/guoyj/alluxio/core/server/src/main/java/alluxio/master/journal/CheckpointManager.java:41: warning - Tag @link: missing '#': "recoverCheckpoint()"
[WARNING] /opt/compile/guoyj/alluxio/core/server/src/main/java/alluxio/master/journal/CheckpointManager.java:94: warning - Tag @link: reference not found: mBackupCheckpointPath
[WARNING] /opt/compile/guoyj/alluxio/core/server/src/main/java/alluxio/master/journal/JournalWriter.java:339: warning - Tag @link: reference not found: mMaxSize
[WARNING] /opt/compile/guoyj/alluxio/core/server/src/main/java/alluxio/master/lineage/LineageMasterClientRestServiceHandler.java:80: warning - @summary is an unknown tag.
[WARNING] /opt/compile/guoyj/alluxio/core/server/src/main/java/alluxio/master/lineage/LineageMasterClientRestServiceHandler.java:96: warning - @summary is an unknown tag.
[WARNING] /opt/compile/guoyj/alluxio/core/server/src/main/java/alluxio/master/lineage/LineageMasterClientRestServiceHandler.java:116: warning - @summary is an unknown tag.
[WARNING] /opt/compile/guoyj/alluxio/core/server/src/main/java/alluxio/master/lineage/LineageMasterClientRestServiceHandler.java:150: warning - @summary is an unknown tag.
[WARNING] /opt/compile/guoyj/alluxio/core/server/src/main/java/alluxio/master/lineage/LineageMasterClientRestServiceHandler.java:168: warning - @summary is an unknown tag.
[WARNING] /opt/compile/guoyj/alluxio/core/server/src/main/java/alluxio/master/lineage/LineageMasterClientRestServiceHandler.java:188: warning - @summary is an unknown tag.
[WARNING] /opt/compile/guoyj/alluxio/core/server/src/main/java/alluxio/master/lineage/LineageMasterClientRestServiceHandler.java:211: warning - @summary is an unknown tag.
[WARNING] /opt/compile/guoyj/alluxio/core/server/src/main/java/alluxio/master/block/BlockMasterClientRestServiceHandler.java:68: warning - @summary is an unknown tag.
[WARNING] /opt/compile/guoyj/alluxio/core/server/src/main/java/alluxio/master/block/BlockMasterClientRestServiceHandler.java:84: warning - @summary is an unknown tag.
[WARNING] /opt/compile/guoyj/alluxio/core/server/src/main/java/alluxio/master/block/BlockMasterClientRestServiceHandler.java:101: warning - @summary is an unknown tag.
[WARNING] /opt/compile/guoyj/alluxio/core/server/src/main/java/alluxio/proxy/PathsRestServiceHandler.java:102: warning - @summary is an unknown tag.
[WARNING] /opt/compile/guoyj/alluxio/core/server/src/main/java/alluxio/proxy/PathsRestServiceHandler.java:127: warning - @summary is an unknown tag.
[WARNING] /opt/compile/guoyj/alluxio/core/server/src/main/java/alluxio/proxy/PathsRestServiceHandler.java:152: warning - @summary is an unknown tag.
[WARNING] /opt/compile/guoyj/alluxio/core/server/src/main/java/alluxio/proxy/PathsRestServiceHandler.java:175: warning - @summary is an unknown tag.
[WARNING] /opt/compile/guoyj/alluxio/core/server/src/main/java/alluxio/proxy/PathsRestServiceHandler.java:197: warning - @summary is an unknown tag.
[WARNING] /opt/compile/guoyj/alluxio/core/server/src/main/java/alluxio/proxy/PathsRestServiceHandler.java:220: warning - @summary is an unknown tag.
[WARNING] /opt/compile/guoyj/alluxio/core/server/src/main/java/alluxio/proxy/PathsRestServiceHandler.java:242: warning - @summary is an unknown tag.
[WARNING] /opt/compile/guoyj/alluxio/core/server/src/main/java/alluxio/proxy/PathsRestServiceHandler.java:266: warning - @summary is an unknown tag.
[WARNING] /opt/compile/guoyj/alluxio/core/server/src/main/java/alluxio/proxy/PathsRestServiceHandler.java:292: warning - @summary is an unknown tag.
[WARNING] /opt/compile/guoyj/alluxio/core/server/src/main/java/alluxio/proxy/PathsRestServiceHandler.java:317: warning - @summary is an unknown tag.
[WARNING] /opt/compile/guoyj/alluxio/core/server/src/main/java/alluxio/proxy/PathsRestServiceHandler.java:342: warning - @summary is an unknown tag.
[WARNING] /opt/compile/guoyj/alluxio/core/server/src/main/java/alluxio/proxy/PathsRestServiceHandler.java:366: warning - @summary is an unknown tag.
[WARNING] /opt/compile/guoyj/alluxio/core/server/src/main/java/alluxio/proxy/StreamsRestServiceHandler.java:73: warning - @summary is an unknown tag.
[WARNING] /opt/compile/guoyj/alluxio/core/server/src/main/java/alluxio/proxy/StreamsRestServiceHandler.java:96: warning - @summary is an unknown tag.
[WARNING] /opt/compile/guoyj/alluxio/core/server/src/main/java/alluxio/proxy/StreamsRestServiceHandler.java:120: warning - @summary is an unknown tag.
[WARNING] /opt/compile/guoyj/alluxio/core/server/src/main/java/alluxio/worker/AlluxioWorkerRestServiceHandler.java:97: warning - @summary is an unknown tag.
[WARNING] /opt/compile/guoyj/alluxio/core/server/src/main/java/alluxio/worker/AlluxioWorkerRestServiceHandler.java:132: warning - @summary is an unknown tag.
[WARNING] /opt/compile/guoyj/alluxio/core/server/src/main/java/alluxio/worker/AlluxioWorkerRestServiceHandler.java:151: warning - @summary is an unknown tag.
[WARNING] /opt/compile/guoyj/alluxio/core/server/src/main/java/alluxio/worker/AlluxioWorkerRestServiceHandler.java:170: warning - @summary is an unknown tag.
[WARNING] /opt/compile/guoyj/alluxio/core/server/src/main/java/alluxio/worker/AlluxioWorkerRestServiceHandler.java:189: warning - @summary is an unknown tag.
[WARNING] /opt/compile/guoyj/alluxio/core/server/src/main/java/alluxio/worker/AlluxioWorkerRestServiceHandler.java:209: warning - @summary is an unknown tag.
[WARNING] /opt/compile/guoyj/alluxio/core/server/src/main/java/alluxio/worker/AlluxioWorkerRestServiceHandler.java:233: warning - @summary is an unknown tag.
[WARNING] /opt/compile/guoyj/alluxio/core/server/src/main/java/alluxio/worker/AlluxioWorkerRestServiceHandler.java:256: warning - @summary is an unknown tag.
[WARNING] /opt/compile/guoyj/alluxio/core/server/src/main/java/alluxio/worker/AlluxioWorkerRestServiceHandler.java:275: warning - @summary is an unknown tag.
[WARNING] /opt/compile/guoyj/alluxio/core/server/src/main/java/alluxio/worker/AlluxioWorkerRestServiceHandler.java:294: warning - @summary is an unknown tag.
[WARNING] /opt/compile/guoyj/alluxio/core/server/src/main/java/alluxio/worker/AlluxioWorkerRestServiceHandler.java:313: warning - @summary is an unknown tag.
[WARNING] /opt/compile/guoyj/alluxio/core/server/src/main/java/alluxio/worker/AlluxioWorkerRestServiceHandler.java:332: warning - @summary is an unknown tag.
[WARNING] /opt/compile/guoyj/alluxio/core/server/src/main/java/alluxio/worker/file/UnderFileSystemManager.java:289: warning - Tag @link: reference not found: OutputStreamAgent
[WARNING] /opt/compile/guoyj/alluxio/core/server/src/main/java/alluxio/worker/file/UnderFileSystemManager.java:289: warning - Tag @link: reference not found: OutputStreamAgent
[WARNING] /opt/compile/guoyj/alluxio/core/server/src/main/java/alluxio/worker/block/BlockWorkerClientRestServiceHandler.java:84: warning - @summary is an unknown tag.
[WARNING] /opt/compile/guoyj/alluxio/core/server/src/main/java/alluxio/worker/block/BlockWorkerClientRestServiceHandler.java:101: warning - @summary is an unknown tag.
[WARNING] /opt/compile/guoyj/alluxio/core/server/src/main/java/alluxio/worker/block/BlockWorkerClientRestServiceHandler.java:119: warning - @summary is an unknown tag.
[WARNING] /opt/compile/guoyj/alluxio/core/server/src/main/java/alluxio/worker/block/BlockWorkerClientRestServiceHandler.java:140: warning - @summary is an unknown tag.
[WARNING] /opt/compile/guoyj/alluxio/core/server/src/main/java/alluxio/worker/block/BlockWorkerClientRestServiceHandler.java:163: warning - @summary is an unknown tag.
[WARNING] /opt/compile/guoyj/alluxio/core/server/src/main/java/alluxio/worker/block/BlockWorkerClientRestServiceHandler.java:186: warning - @summary is an unknown tag.
[WARNING] /opt/compile/guoyj/alluxio/core/server/src/main/java/alluxio/worker/block/BlockWorkerClientRestServiceHandler.java:209: warning - @summary is an unknown tag.
[WARNING] /opt/compile/guoyj/alluxio/core/server/src/main/java/alluxio/worker/block/BlockWorkerClientRestServiceHandler.java:234: warning - @summary is an unknown tag.
[WARNING] /opt/compile/guoyj/alluxio/core/server/src/main/java/alluxio/worker/block/BlockWorkerClientRestServiceHandler.java:281: warning - @summary is an unknown tag.
[WARNING] /opt/compile/guoyj/alluxio/core/server/src/main/java/alluxio/worker/block/BlockWorkerClientRestServiceHandler.java:307: warning - @summary is an unknown tag.
[WARNING] /opt/compile/guoyj/alluxio/core/server/src/main/java/alluxio/worker/block/BlockWorkerClientRestServiceHandler.java:332: warning - @summary is an unknown tag.
[WARNING] /opt/compile/guoyj/alluxio/core/server/src/main/java/alluxio/worker/block/BlockWorkerClientRestServiceHandler.java:359: warning - @summary is an unknown tag.
[WARNING] /opt/compile/guoyj/alluxio/core/server/src/main/java/alluxio/worker/netty/DataServerBlockReadHandler.java:91: warning - Tag @link: reference not found: PacketReader
[WARNING] /opt/compile/guoyj/alluxio/core/server/src/main/java/alluxio/worker/netty/DataServerBlockWriteHandler.java:73: warning - Tag @link: reference not found: PacketWriter
[WARNING] /opt/compile/guoyj/alluxio/core/server/src/main/java/alluxio/worker/netty/DataServerReadHandler.java:51: warning - Tag @link: reference not found: PacketReader
[WARNING] /opt/compile/guoyj/alluxio/core/server/src/main/java/alluxio/worker/netty/DataServerReadHandler.java:51: warning - Tag @link: reference not found: PacketReader
[WARNING] /opt/compile/guoyj/alluxio/core/server/src/main/java/alluxio/worker/netty/DataServerReadHandler.java:118: warning - Tag @link: reference not found: PacketReader
[WARNING] /opt/compile/guoyj/alluxio/core/server/src/main/java/alluxio/worker/netty/DataServerUFSFileReadHandler.java:75: warning - Tag @link: reference not found: PacketReader
[WARNING] /opt/compile/guoyj/alluxio/core/server/src/main/java/alluxio/worker/netty/DataServerUFSFileWriteHandler.java:55: warning - Tag @link: reference not found: PacketWriter
[WARNING] /opt/compile/guoyj/alluxio/core/server/src/main/java/alluxio/worker/netty/DataServerWriteHandler.java:57: warning - Tag @link: reference not found: PacketWriter
[WARNING] /opt/compile/guoyj/alluxio/core/server/src/main/java/alluxio/worker/netty/DataServerWriteHandler.java:97: warning - Tag @link: reference not found: PacketWriter
[WARNING] /opt/compile/guoyj/alluxio/core/server/src/main/java/alluxio/master/file/options/MountOptions.java:72: warning - Tag @link: reference not found: File.AddMountPointEntry
[WARNING] /opt/compile/guoyj/alluxio/core/server/src/main/java/alluxio/worker/file/UnderFileSystemManager.java:289: warning - Tag @link: reference not found: OutputStreamAgent
[WARNING] /opt/compile/guoyj/alluxio/core/server/src/main/java/alluxio/master/file/FileSystemMaster.java:2744: warning - Tag @link: reference not found: Mode.Bits#READ
[WARNING] /opt/compile/guoyj/alluxio/core/server/src/main/java/alluxio/master/file/options/MountOptions.java:72: warning - Tag @link: reference not found: File.AddMountPointEntry
[INFO] Building jar: /opt/compile/guoyj/alluxio/core/server/target/alluxio-core-server-1.4.1-SNAPSHOT-javadoc.jar
[INFO] 
[INFO] --- maven-jar-plugin:2.4:test-jar (default) @ alluxio-core-server ---
[INFO] Building jar: /opt/compile/guoyj/alluxio/core/server/target/alluxio-core-server-1.4.1-SNAPSHOT-tests.jar
[INFO]                                                                         
[INFO] ------------------------------------------------------------------------
[INFO] Building Alluxio Key Value 1.4.1-SNAPSHOT
[INFO] ------------------------------------------------------------------------
[INFO] 
[INFO] --- maven-clean-plugin:2.5:clean (default-clean) @ alluxio-keyvalue ---
[INFO] Deleting /opt/compile/guoyj/alluxio/keyvalue/target
[INFO] 
[INFO] --- build-helper-maven-plugin:1.10:regex-property (parse-hadoop-major-version) @ alluxio-keyvalue ---
[INFO] No match to regex '^1\..*$' found in '2.4.0'. The initial value '2.4.0' is left as-is...
[INFO] 
[INFO] --- maven-enforcer-plugin:1.4:enforce (enforce-maven) @ alluxio-keyvalue ---
[INFO] 
[INFO] --- maven-enforcer-plugin:1.4:enforce (enforce-versions) @ alluxio-keyvalue ---
[INFO] 
[INFO] --- maven-checkstyle-plugin:2.17:check (checkstyle) @ alluxio-keyvalue ---
[INFO] 
[INFO] --- license-maven-plugin:2.9:check (default) @ alluxio-keyvalue ---
[INFO] Checking licenses...
[INFO] 
[INFO] >>> findbugs-maven-plugin:3.0.2:check (default) > :findbugs @ alluxio-keyvalue >>>
[INFO] 
[INFO] --- findbugs-maven-plugin:3.0.2:findbugs (findbugs) @ alluxio-keyvalue ---
[INFO] 
[INFO] <<< findbugs-maven-plugin:3.0.2:check (default) < :findbugs @ alluxio-keyvalue <<<
[INFO] 
[INFO] --- findbugs-maven-plugin:3.0.2:check (default) @ alluxio-keyvalue ---
[INFO] 
[INFO] >>> maven-source-plugin:2.3:jar (attach-sources) > generate-sources @ alluxio-keyvalue >>>
[INFO] 
[INFO] --- build-helper-maven-plugin:1.10:regex-property (parse-hadoop-major-version) @ alluxio-keyvalue ---
[INFO] No match to regex '^1\..*$' found in '2.4.0'. The initial value '2.4.0' is left as-is...
[INFO] 
[INFO] --- maven-enforcer-plugin:1.4:enforce (enforce-maven) @ alluxio-keyvalue ---
[INFO] 
[INFO] --- maven-enforcer-plugin:1.4:enforce (enforce-versions) @ alluxio-keyvalue ---
[INFO] 
[INFO] --- maven-checkstyle-plugin:2.17:check (checkstyle) @ alluxio-keyvalue ---
[INFO] 
[INFO] --- license-maven-plugin:2.9:check (default) @ alluxio-keyvalue ---
[INFO] Checking licenses...
[INFO] 
[INFO] <<< maven-source-plugin:2.3:jar (attach-sources) < generate-sources @ alluxio-keyvalue <<<
[INFO] 
[INFO] --- maven-source-plugin:2.3:jar (attach-sources) @ alluxio-keyvalue ---
[INFO] 
[INFO] --- maven-javadoc-plugin:2.9:jar (attach-javadoc) @ alluxio-keyvalue ---
[INFO] Not executing Javadoc as the project is not a Java classpath-capable package
[INFO]                                                                         
[INFO] ------------------------------------------------------------------------
[INFO] Building Alluxio Key Value - Common Utilities 1.4.1-SNAPSHOT
[INFO] ------------------------------------------------------------------------
[INFO] 
[INFO] --- maven-clean-plugin:2.5:clean (default-clean) @ alluxio-keyvalue-common ---
[INFO] Deleting /opt/compile/guoyj/alluxio/keyvalue/common/target
[INFO] 
[INFO] --- build-helper-maven-plugin:1.10:regex-property (parse-hadoop-major-version) @ alluxio-keyvalue-common ---
[INFO] No match to regex '^1\..*$' found in '2.4.0'. The initial value '2.4.0' is left as-is...
[INFO] 
[INFO] --- maven-enforcer-plugin:1.4:enforce (enforce-maven) @ alluxio-keyvalue-common ---
[INFO] 
[INFO] --- maven-enforcer-plugin:1.4:enforce (enforce-versions) @ alluxio-keyvalue-common ---
[INFO] 
[INFO] --- maven-checkstyle-plugin:2.17:check (checkstyle) @ alluxio-keyvalue-common ---
[INFO] 
[INFO] --- license-maven-plugin:2.9:check (default) @ alluxio-keyvalue-common ---
[INFO] Checking licenses...
[INFO] 
[INFO] --- maven-resources-plugin:2.6:resources (default-resources) @ alluxio-keyvalue-common ---
[INFO] Using 'UTF-8' encoding to copy filtered resources.
[INFO] skip non existing resourceDirectory /opt/compile/guoyj/alluxio/keyvalue/common/src/main/resources
[INFO] 
[INFO] --- maven-compiler-plugin:3.2:compile (default-compile) @ alluxio-keyvalue-common ---
[INFO] Changes detected - recompiling the module!
[INFO] Compiling 3 source files to /opt/compile/guoyj/alluxio/keyvalue/common/target/classes
[INFO] 
[INFO] >>> findbugs-maven-plugin:3.0.2:check (default) > :findbugs @ alluxio-keyvalue-common >>>
[INFO] 
[INFO] --- findbugs-maven-plugin:3.0.2:findbugs (findbugs) @ alluxio-keyvalue-common ---
[INFO] Fork Value is true
[INFO] Done FindBugs Analysis....
[INFO] 
[INFO] <<< findbugs-maven-plugin:3.0.2:check (default) < :findbugs @ alluxio-keyvalue-common <<<
[INFO] 
[INFO] --- findbugs-maven-plugin:3.0.2:check (default) @ alluxio-keyvalue-common ---
[INFO] BugInstance size is 0
[INFO] Error size is 0
[INFO] No errors/warnings found
[INFO] 
[INFO] --- maven-resources-plugin:2.6:testResources (default-testResources) @ alluxio-keyvalue-common ---
[INFO] Using 'UTF-8' encoding to copy filtered resources.
[INFO] skip non existing resourceDirectory /opt/compile/guoyj/alluxio/keyvalue/common/src/test/resources
[INFO] 
[INFO] --- maven-compiler-plugin:3.2:testCompile (default-testCompile) @ alluxio-keyvalue-common ---
[INFO] No sources to compile
[INFO] 
[INFO] --- maven-surefire-plugin:2.19.1:test (default-test) @ alluxio-keyvalue-common ---
[INFO] Tests are skipped.
[INFO] 
[INFO] --- maven-jar-plugin:2.4:jar (default-jar) @ alluxio-keyvalue-common ---
[INFO] Building jar: /opt/compile/guoyj/alluxio/keyvalue/common/target/alluxio-keyvalue-common-1.4.1-SNAPSHOT.jar
[INFO] 
[INFO] >>> maven-source-plugin:2.3:jar (attach-sources) > generate-sources @ alluxio-keyvalue-common >>>
[INFO] 
[INFO] --- build-helper-maven-plugin:1.10:regex-property (parse-hadoop-major-version) @ alluxio-keyvalue-common ---
[INFO] No match to regex '^1\..*$' found in '2.4.0'. The initial value '2.4.0' is left as-is...
[INFO] 
[INFO] --- maven-enforcer-plugin:1.4:enforce (enforce-maven) @ alluxio-keyvalue-common ---
[INFO] 
[INFO] --- maven-enforcer-plugin:1.4:enforce (enforce-versions) @ alluxio-keyvalue-common ---
[INFO] 
[INFO] --- maven-checkstyle-plugin:2.17:check (checkstyle) @ alluxio-keyvalue-common ---
[INFO] 
[INFO] --- license-maven-plugin:2.9:check (default) @ alluxio-keyvalue-common ---
[INFO] Checking licenses...
[INFO] 
[INFO] <<< maven-source-plugin:2.3:jar (attach-sources) < generate-sources @ alluxio-keyvalue-common <<<
[INFO] 
[INFO] --- maven-source-plugin:2.3:jar (attach-sources) @ alluxio-keyvalue-common ---
[INFO] Building jar: /opt/compile/guoyj/alluxio/keyvalue/common/target/alluxio-keyvalue-common-1.4.1-SNAPSHOT-sources.jar
[INFO] 
[INFO] --- maven-javadoc-plugin:2.9:jar (attach-javadoc) @ alluxio-keyvalue-common ---
[INFO] 
Loading source files for package alluxio.thrift...
Constructing Javadoc information...
Standard Doclet version 1.7.0_60-ea
Building tree for all the packages and classes...
Generating /opt/compile/guoyj/alluxio/keyvalue/common/target/apidocs/alluxio/thrift/KeyValueMasterClientService.html...
Generating /opt/compile/guoyj/alluxio/keyvalue/common/target/apidocs/alluxio/thrift/KeyValueMasterClientService.AsyncClient.html...
Generating /opt/compile/guoyj/alluxio/keyvalue/common/target/apidocs/alluxio/thrift/KeyValueMasterClientService.AsyncClient.completePartition_call.html...
Generating /opt/compile/guoyj/alluxio/keyvalue/common/target/apidocs/alluxio/thrift/KeyValueMasterClientService.AsyncClient.completeStore_call.html...
Generating /opt/compile/guoyj/alluxio/keyvalue/common/target/apidocs/alluxio/thrift/KeyValueMasterClientService.AsyncClient.createStore_call.html...
Generating /opt/compile/guoyj/alluxio/keyvalue/common/target/apidocs/alluxio/thrift/KeyValueMasterClientService.AsyncClient.deleteStore_call.html...
Generating /opt/compile/guoyj/alluxio/keyvalue/common/target/apidocs/alluxio/thrift/KeyValueMasterClientService.AsyncClient.Factory.html...
Generating /opt/compile/guoyj/alluxio/keyvalue/common/target/apidocs/alluxio/thrift/KeyValueMasterClientService.AsyncClient.getPartitionInfo_call.html...
Generating /opt/compile/guoyj/alluxio/keyvalue/common/target/apidocs/alluxio/thrift/KeyValueMasterClientService.AsyncClient.mergeStore_call.html...
Generating /opt/compile/guoyj/alluxio/keyvalue/common/target/apidocs/alluxio/thrift/KeyValueMasterClientService.AsyncClient.renameStore_call.html...
Generating /opt/compile/guoyj/alluxio/keyvalue/common/target/apidocs/alluxio/thrift/KeyValueMasterClientService.AsyncIface.html...
Generating /opt/compile/guoyj/alluxio/keyvalue/common/target/apidocs/alluxio/thrift/KeyValueMasterClientService.AsyncProcessor.html...
Generating /opt/compile/guoyj/alluxio/keyvalue/common/target/apidocs/alluxio/thrift/KeyValueMasterClientService.AsyncProcessor.completePartition.html...
Generating /opt/compile/guoyj/alluxio/keyvalue/common/target/apidocs/alluxio/thrift/KeyValueMasterClientService.AsyncProcessor.completeStore.html...
Generating /opt/compile/guoyj/alluxio/keyvalue/common/target/apidocs/alluxio/thrift/KeyValueMasterClientService.AsyncProcessor.createStore.html...
Generating /opt/compile/guoyj/alluxio/keyvalue/common/target/apidocs/alluxio/thrift/KeyValueMasterClientService.AsyncProcessor.deleteStore.html...
Generating /opt/compile/guoyj/alluxio/keyvalue/common/target/apidocs/alluxio/thrift/KeyValueMasterClientService.AsyncProcessor.getPartitionInfo.html...
Generating /opt/compile/guoyj/alluxio/keyvalue/common/target/apidocs/alluxio/thrift/KeyValueMasterClientService.AsyncProcessor.mergeStore.html...
Generating /opt/compile/guoyj/alluxio/keyvalue/common/target/apidocs/alluxio/thrift/KeyValueMasterClientService.AsyncProcessor.renameStore.html...
Generating /opt/compile/guoyj/alluxio/keyvalue/common/target/apidocs/alluxio/thrift/KeyValueMasterClientService.Client.html...
Generating /opt/compile/guoyj/alluxio/keyvalue/common/target/apidocs/alluxio/thrift/KeyValueMasterClientService.Client.Factory.html...
Generating /opt/compile/guoyj/alluxio/keyvalue/common/target/apidocs/alluxio/thrift/KeyValueMasterClientService.completePartition_args.html...
Generating /opt/compile/guoyj/alluxio/keyvalue/common/target/apidocs/alluxio/thrift/KeyValueMasterClientService.completePartition_args._Fields.html...
Generating /opt/compile/guoyj/alluxio/keyvalue/common/target/apidocs/alluxio/thrift/KeyValueMasterClientService.completePartition_result.html...
Generating /opt/compile/guoyj/alluxio/keyvalue/common/target/apidocs/alluxio/thrift/KeyValueMasterClientService.completePartition_result._Fields.html...
Generating /opt/compile/guoyj/alluxio/keyvalue/common/target/apidocs/alluxio/thrift/KeyValueMasterClientService.completeStore_args.html...
Generating /opt/compile/guoyj/alluxio/keyvalue/common/target/apidocs/alluxio/thrift/KeyValueMasterClientService.completeStore_args._Fields.html...
Generating /opt/compile/guoyj/alluxio/keyvalue/common/target/apidocs/alluxio/thrift/KeyValueMasterClientService.completeStore_result.html...
Generating /opt/compile/guoyj/alluxio/keyvalue/common/target/apidocs/alluxio/thrift/KeyValueMasterClientService.completeStore_result._Fields.html...
Generating /opt/compile/guoyj/alluxio/keyvalue/common/target/apidocs/alluxio/thrift/KeyValueMasterClientService.createStore_args.html...
Generating /opt/compile/guoyj/alluxio/keyvalue/common/target/apidocs/alluxio/thrift/KeyValueMasterClientService.createStore_args._Fields.html...
Generating /opt/compile/guoyj/alluxio/keyvalue/common/target/apidocs/alluxio/thrift/KeyValueMasterClientService.createStore_result.html...
Generating /opt/compile/guoyj/alluxio/keyvalue/common/target/apidocs/alluxio/thrift/KeyValueMasterClientService.createStore_result._Fields.html...
Generating /opt/compile/guoyj/alluxio/keyvalue/common/target/apidocs/alluxio/thrift/KeyValueMasterClientService.deleteStore_args.html...
Generating /opt/compile/guoyj/alluxio/keyvalue/common/target/apidocs/alluxio/thrift/KeyValueMasterClientService.deleteStore_args._Fields.html...
Generating /opt/compile/guoyj/alluxio/keyvalue/common/target/apidocs/alluxio/thrift/KeyValueMasterClientService.deleteStore_result.html...
Generating /opt/compile/guoyj/alluxio/keyvalue/common/target/apidocs/alluxio/thrift/KeyValueMasterClientService.deleteStore_result._Fields.html...
Generating /opt/compile/guoyj/alluxio/keyvalue/common/target/apidocs/alluxio/thrift/KeyValueMasterClientService.getPartitionInfo_args.html...
Generating /opt/compile/guoyj/alluxio/keyvalue/common/target/apidocs/alluxio/thrift/KeyValueMasterClientService.getPartitionInfo_args._Fields.html...
Generating /opt/compile/guoyj/alluxio/keyvalue/common/target/apidocs/alluxio/thrift/KeyValueMasterClientService.getPartitionInfo_result.html...
Generating /opt/compile/guoyj/alluxio/keyvalue/common/target/apidocs/alluxio/thrift/KeyValueMasterClientService.getPartitionInfo_result._Fields.html...
Generating /opt/compile/guoyj/alluxio/keyvalue/common/target/apidocs/alluxio/thrift/KeyValueMasterClientService.Iface.html...
Generating /opt/compile/guoyj/alluxio/keyvalue/common/target/apidocs/alluxio/thrift/KeyValueMasterClientService.mergeStore_args.html...
Generating /opt/compile/guoyj/alluxio/keyvalue/common/target/apidocs/alluxio/thrift/KeyValueMasterClientService.mergeStore_args._Fields.html...
Generating /opt/compile/guoyj/alluxio/keyvalue/common/target/apidocs/alluxio/thrift/KeyValueMasterClientService.mergeStore_result.html...
Generating /opt/compile/guoyj/alluxio/keyvalue/common/target/apidocs/alluxio/thrift/KeyValueMasterClientService.mergeStore_result._Fields.html...
Generating /opt/compile/guoyj/alluxio/keyvalue/common/target/apidocs/alluxio/thrift/KeyValueMasterClientService.Processor.html...
Generating /opt/compile/guoyj/alluxio/keyvalue/common/target/apidocs/alluxio/thrift/KeyValueMasterClientService.Processor.completePartition.html...
Generating /opt/compile/guoyj/alluxio/keyvalue/common/target/apidocs/alluxio/thrift/KeyValueMasterClientService.Processor.completeStore.html...
Generating /opt/compile/guoyj/alluxio/keyvalue/common/target/apidocs/alluxio/thrift/KeyValueMasterClientService.Processor.createStore.html...
Generating /opt/compile/guoyj/alluxio/keyvalue/common/target/apidocs/alluxio/thrift/KeyValueMasterClientService.Processor.deleteStore.html...
Generating /opt/compile/guoyj/alluxio/keyvalue/common/target/apidocs/alluxio/thrift/KeyValueMasterClientService.Processor.getPartitionInfo.html...
Generating /opt/compile/guoyj/alluxio/keyvalue/common/target/apidocs/alluxio/thrift/KeyValueMasterClientService.Processor.mergeStore.html...
Generating /opt/compile/guoyj/alluxio/keyvalue/common/target/apidocs/alluxio/thrift/KeyValueMasterClientService.Processor.renameStore.html...
Generating /opt/compile/guoyj/alluxio/keyvalue/common/target/apidocs/alluxio/thrift/KeyValueMasterClientService.renameStore_args.html...
Generating /opt/compile/guoyj/alluxio/keyvalue/common/target/apidocs/alluxio/thrift/KeyValueMasterClientService.renameStore_args._Fields.html...
Generating /opt/compile/guoyj/alluxio/keyvalue/common/target/apidocs/alluxio/thrift/KeyValueMasterClientService.renameStore_result.html...
Generating /opt/compile/guoyj/alluxio/keyvalue/common/target/apidocs/alluxio/thrift/KeyValueMasterClientService.renameStore_result._Fields.html...
Generating /opt/compile/guoyj/alluxio/keyvalue/common/target/apidocs/alluxio/thrift/KeyValueWorkerClientService.html...
Generating /opt/compile/guoyj/alluxio/keyvalue/common/target/apidocs/alluxio/thrift/KeyValueWorkerClientService.AsyncClient.html...
Generating /opt/compile/guoyj/alluxio/keyvalue/common/target/apidocs/alluxio/thrift/KeyValueWorkerClientService.AsyncClient.Factory.html...
Generating /opt/compile/guoyj/alluxio/keyvalue/common/target/apidocs/alluxio/thrift/KeyValueWorkerClientService.AsyncClient.get_call.html...
Generating /opt/compile/guoyj/alluxio/keyvalue/common/target/apidocs/alluxio/thrift/KeyValueWorkerClientService.AsyncClient.getNextKeys_call.html...
Generating /opt/compile/guoyj/alluxio/keyvalue/common/target/apidocs/alluxio/thrift/KeyValueWorkerClientService.AsyncClient.getSize_call.html...
Generating /opt/compile/guoyj/alluxio/keyvalue/common/target/apidocs/alluxio/thrift/KeyValueWorkerClientService.AsyncIface.html...
Generating /opt/compile/guoyj/alluxio/keyvalue/common/target/apidocs/alluxio/thrift/KeyValueWorkerClientService.AsyncProcessor.html...
Generating /opt/compile/guoyj/alluxio/keyvalue/common/target/apidocs/alluxio/thrift/KeyValueWorkerClientService.AsyncProcessor.get.html...
Generating /opt/compile/guoyj/alluxio/keyvalue/common/target/apidocs/alluxio/thrift/KeyValueWorkerClientService.AsyncProcessor.getNextKeys.html...
Generating /opt/compile/guoyj/alluxio/keyvalue/common/target/apidocs/alluxio/thrift/KeyValueWorkerClientService.AsyncProcessor.getSize.html...
Generating /opt/compile/guoyj/alluxio/keyvalue/common/target/apidocs/alluxio/thrift/KeyValueWorkerClientService.Client.html...
Generating /opt/compile/guoyj/alluxio/keyvalue/common/target/apidocs/alluxio/thrift/KeyValueWorkerClientService.Client.Factory.html...
Generating /opt/compile/guoyj/alluxio/keyvalue/common/target/apidocs/alluxio/thrift/KeyValueWorkerClientService.get_args.html...
Generating /opt/compile/guoyj/alluxio/keyvalue/common/target/apidocs/alluxio/thrift/KeyValueWorkerClientService.get_args._Fields.html...
Generating /opt/compile/guoyj/alluxio/keyvalue/common/target/apidocs/alluxio/thrift/KeyValueWorkerClientService.get_result.html...
Generating /opt/compile/guoyj/alluxio/keyvalue/common/target/apidocs/alluxio/thrift/KeyValueWorkerClientService.get_result._Fields.html...
Generating /opt/compile/guoyj/alluxio/keyvalue/common/target/apidocs/alluxio/thrift/KeyValueWorkerClientService.getNextKeys_args.html...
Generating /opt/compile/guoyj/alluxio/keyvalue/common/target/apidocs/alluxio/thrift/KeyValueWorkerClientService.getNextKeys_args._Fields.html...
Generating /opt/compile/guoyj/alluxio/keyvalue/common/target/apidocs/alluxio/thrift/KeyValueWorkerClientService.getNextKeys_result.html...
Generating /opt/compile/guoyj/alluxio/keyvalue/common/target/apidocs/alluxio/thrift/KeyValueWorkerClientService.getNextKeys_result._Fields.html...
Generating /opt/compile/guoyj/alluxio/keyvalue/common/target/apidocs/alluxio/thrift/KeyValueWorkerClientService.getSize_args.html...
Generating /opt/compile/guoyj/alluxio/keyvalue/common/target/apidocs/alluxio/thrift/KeyValueWorkerClientService.getSize_args._Fields.html...
Generating /opt/compile/guoyj/alluxio/keyvalue/common/target/apidocs/alluxio/thrift/KeyValueWorkerClientService.getSize_result.html...
Generating /opt/compile/guoyj/alluxio/keyvalue/common/target/apidocs/alluxio/thrift/KeyValueWorkerClientService.getSize_result._Fields.html...
Generating /opt/compile/guoyj/alluxio/keyvalue/common/target/apidocs/alluxio/thrift/KeyValueWorkerClientService.Iface.html...
Generating /opt/compile/guoyj/alluxio/keyvalue/common/target/apidocs/alluxio/thrift/KeyValueWorkerClientService.Processor.html...
Generating /opt/compile/guoyj/alluxio/keyvalue/common/target/apidocs/alluxio/thrift/KeyValueWorkerClientService.Processor.get.html...
Generating /opt/compile/guoyj/alluxio/keyvalue/common/target/apidocs/alluxio/thrift/KeyValueWorkerClientService.Processor.getNextKeys.html...
Generating /opt/compile/guoyj/alluxio/keyvalue/common/target/apidocs/alluxio/thrift/KeyValueWorkerClientService.Processor.getSize.html...
Generating /opt/compile/guoyj/alluxio/keyvalue/common/target/apidocs/alluxio/thrift/PartitionInfo.html...
Generating /opt/compile/guoyj/alluxio/keyvalue/common/target/apidocs/alluxio/thrift/PartitionInfo._Fields.html...
Generating /opt/compile/guoyj/alluxio/keyvalue/common/target/apidocs/alluxio/thrift/package-frame.html...
Generating /opt/compile/guoyj/alluxio/keyvalue/common/target/apidocs/alluxio/thrift/package-summary.html...
Generating /opt/compile/guoyj/alluxio/keyvalue/common/target/apidocs/alluxio/thrift/package-tree.html...
Generating /opt/compile/guoyj/alluxio/keyvalue/common/target/apidocs/constant-values.html...
Generating /opt/compile/guoyj/alluxio/keyvalue/common/target/apidocs/serialized-form.html...
Generating /opt/compile/guoyj/alluxio/keyvalue/common/target/apidocs/alluxio/thrift/class-use/KeyValueMasterClientService.html...
Generating /opt/compile/guoyj/alluxio/keyvalue/common/target/apidocs/alluxio/thrift/class-use/KeyValueMasterClientService.Iface.html...
Generating /opt/compile/guoyj/alluxio/keyvalue/common/target/apidocs/alluxio/thrift/class-use/KeyValueMasterClientService.AsyncIface.html...
Generating /opt/compile/guoyj/alluxio/keyvalue/common/target/apidocs/alluxio/thrift/class-use/KeyValueMasterClientService.Client.html...
Generating /opt/compile/guoyj/alluxio/keyvalue/common/target/apidocs/alluxio/thrift/class-use/KeyValueMasterClientService.Client.Factory.html...
Generating /opt/compile/guoyj/alluxio/keyvalue/common/target/apidocs/alluxio/thrift/class-use/KeyValueMasterClientService.AsyncClient.html...
Generating /opt/compile/guoyj/alluxio/keyvalue/common/target/apidocs/alluxio/thrift/class-use/KeyValueMasterClientService.AsyncClient.Factory.html...
Generating /opt/compile/guoyj/alluxio/keyvalue/common/target/apidocs/alluxio/thrift/class-use/KeyValueMasterClientService.AsyncClient.completePartition_call.html...
Generating /opt/compile/guoyj/alluxio/keyvalue/common/target/apidocs/alluxio/thrift/class-use/KeyValueMasterClientService.AsyncClient.completeStore_call.html...
Generating /opt/compile/guoyj/alluxio/keyvalue/common/target/apidocs/alluxio/thrift/class-use/KeyValueMasterClientService.AsyncClient.createStore_call.html...
Generating /opt/compile/guoyj/alluxio/keyvalue/common/target/apidocs/alluxio/thrift/class-use/KeyValueMasterClientService.AsyncClient.getPartitionInfo_call.html...
Generating /opt/compile/guoyj/alluxio/keyvalue/common/target/apidocs/alluxio/thrift/class-use/KeyValueMasterClientService.AsyncClient.deleteStore_call.html...
Generating /opt/compile/guoyj/alluxio/keyvalue/common/target/apidocs/alluxio/thrift/class-use/KeyValueMasterClientService.AsyncClient.renameStore_call.html...
Generating /opt/compile/guoyj/alluxio/keyvalue/common/target/apidocs/alluxio/thrift/class-use/KeyValueMasterClientService.AsyncClient.mergeStore_call.html...
Generating /opt/compile/guoyj/alluxio/keyvalue/common/target/apidocs/alluxio/thrift/class-use/KeyValueMasterClientService.Processor.html...
Generating /opt/compile/guoyj/alluxio/keyvalue/common/target/apidocs/alluxio/thrift/class-use/KeyValueMasterClientService.Processor.completePartition.html...
Generating /opt/compile/guoyj/alluxio/keyvalue/common/target/apidocs/alluxio/thrift/class-use/KeyValueMasterClientService.Processor.completeStore.html...
Generating /opt/compile/guoyj/alluxio/keyvalue/common/target/apidocs/alluxio/thrift/class-use/KeyValueMasterClientService.Processor.createStore.html...
Generating /opt/compile/guoyj/alluxio/keyvalue/common/target/apidocs/alluxio/thrift/class-use/KeyValueMasterClientService.Processor.getPartitionInfo.html...
Generating /opt/compile/guoyj/alluxio/keyvalue/common/target/apidocs/alluxio/thrift/class-use/KeyValueMasterClientService.Processor.deleteStore.html...
Generating /opt/compile/guoyj/alluxio/keyvalue/common/target/apidocs/alluxio/thrift/class-use/KeyValueMasterClientService.Processor.renameStore.html...
Generating /opt/compile/guoyj/alluxio/keyvalue/common/target/apidocs/alluxio/thrift/class-use/KeyValueMasterClientService.Processor.mergeStore.html...
Generating /opt/compile/guoyj/alluxio/keyvalue/common/target/apidocs/alluxio/thrift/class-use/KeyValueMasterClientService.AsyncProcessor.html...
Generating /opt/compile/guoyj/alluxio/keyvalue/common/target/apidocs/alluxio/thrift/class-use/KeyValueMasterClientService.AsyncProcessor.completePartition.html...
Generating /opt/compile/guoyj/alluxio/keyvalue/common/target/apidocs/alluxio/thrift/class-use/KeyValueMasterClientService.AsyncProcessor.completeStore.html...
Generating /opt/compile/guoyj/alluxio/keyvalue/common/target/apidocs/alluxio/thrift/class-use/KeyValueMasterClientService.AsyncProcessor.createStore.html...
Generating /opt/compile/guoyj/alluxio/keyvalue/common/target/apidocs/alluxio/thrift/class-use/KeyValueMasterClientService.AsyncProcessor.getPartitionInfo.html...
Generating /opt/compile/guoyj/alluxio/keyvalue/common/target/apidocs/alluxio/thrift/class-use/KeyValueMasterClientService.AsyncProcessor.deleteStore.html...
Generating /opt/compile/guoyj/alluxio/keyvalue/common/target/apidocs/alluxio/thrift/class-use/KeyValueMasterClientService.AsyncProcessor.renameStore.html...
Generating /opt/compile/guoyj/alluxio/keyvalue/common/target/apidocs/alluxio/thrift/class-use/KeyValueMasterClientService.AsyncProcessor.mergeStore.html...
Generating /opt/compile/guoyj/alluxio/keyvalue/common/target/apidocs/alluxio/thrift/class-use/KeyValueMasterClientService.completePartition_args.html...
Generating /opt/compile/guoyj/alluxio/keyvalue/common/target/apidocs/alluxio/thrift/class-use/KeyValueMasterClientService.completePartition_args._Fields.html...
Generating /opt/compile/guoyj/alluxio/keyvalue/common/target/apidocs/alluxio/thrift/class-use/KeyValueMasterClientService.completePartition_result.html...
Generating /opt/compile/guoyj/alluxio/keyvalue/common/target/apidocs/alluxio/thrift/class-use/KeyValueMasterClientService.completePartition_result._Fields.html...
Generating /opt/compile/guoyj/alluxio/keyvalue/common/target/apidocs/alluxio/thrift/class-use/KeyValueMasterClientService.completeStore_args.html...
Generating /opt/compile/guoyj/alluxio/keyvalue/common/target/apidocs/alluxio/thrift/class-use/KeyValueMasterClientService.completeStore_args._Fields.html...
Generating /opt/compile/guoyj/alluxio/keyvalue/common/target/apidocs/alluxio/thrift/class-use/KeyValueMasterClientService.completeStore_result.html...
Generating /opt/compile/guoyj/alluxio/keyvalue/common/target/apidocs/alluxio/thrift/class-use/KeyValueMasterClientService.completeStore_result._Fields.html...
Generating /opt/compile/guoyj/alluxio/keyvalue/common/target/apidocs/alluxio/thrift/class-use/KeyValueMasterClientService.createStore_args.html...
Generating /opt/compile/guoyj/alluxio/keyvalue/common/target/apidocs/alluxio/thrift/class-use/KeyValueMasterClientService.createStore_args._Fields.html...
Generating /opt/compile/guoyj/alluxio/keyvalue/common/target/apidocs/alluxio/thrift/class-use/KeyValueMasterClientService.createStore_result.html...
Generating /opt/compile/guoyj/alluxio/keyvalue/common/target/apidocs/alluxio/thrift/class-use/KeyValueMasterClientService.createStore_result._Fields.html...
Generating /opt/compile/guoyj/alluxio/keyvalue/common/target/apidocs/alluxio/thrift/class-use/KeyValueMasterClientService.getPartitionInfo_args.html...
Generating /opt/compile/guoyj/alluxio/keyvalue/common/target/apidocs/alluxio/thrift/class-use/KeyValueMasterClientService.getPartitionInfo_args._Fields.html...
Generating /opt/compile/guoyj/alluxio/keyvalue/common/target/apidocs/alluxio/thrift/class-use/KeyValueMasterClientService.getPartitionInfo_result.html...
Generating /opt/compile/guoyj/alluxio/keyvalue/common/target/apidocs/alluxio/thrift/class-use/KeyValueMasterClientService.getPartitionInfo_result._Fields.html...
Generating /opt/compile/guoyj/alluxio/keyvalue/common/target/apidocs/alluxio/thrift/class-use/KeyValueMasterClientService.deleteStore_args.html...
Generating /opt/compile/guoyj/alluxio/keyvalue/common/target/apidocs/alluxio/thrift/class-use/KeyValueMasterClientService.deleteStore_args._Fields.html...
Generating /opt/compile/guoyj/alluxio/keyvalue/common/target/apidocs/alluxio/thrift/class-use/KeyValueMasterClientService.deleteStore_result.html...
Generating /opt/compile/guoyj/alluxio/keyvalue/common/target/apidocs/alluxio/thrift/class-use/KeyValueMasterClientService.deleteStore_result._Fields.html...
Generating /opt/compile/guoyj/alluxio/keyvalue/common/target/apidocs/alluxio/thrift/class-use/KeyValueMasterClientService.renameStore_args.html...
Generating /opt/compile/guoyj/alluxio/keyvalue/common/target/apidocs/alluxio/thrift/class-use/KeyValueMasterClientService.renameStore_args._Fields.html...
Generating /opt/compile/guoyj/alluxio/keyvalue/common/target/apidocs/alluxio/thrift/class-use/KeyValueMasterClientService.renameStore_result.html...
Generating /opt/compile/guoyj/alluxio/keyvalue/common/target/apidocs/alluxio/thrift/class-use/KeyValueMasterClientService.renameStore_result._Fields.html...
Generating /opt/compile/guoyj/alluxio/keyvalue/common/target/apidocs/alluxio/thrift/class-use/KeyValueMasterClientService.mergeStore_args.html...
Generating /opt/compile/guoyj/alluxio/keyvalue/common/target/apidocs/alluxio/thrift/class-use/KeyValueMasterClientService.mergeStore_args._Fields.html...
Generating /opt/compile/guoyj/alluxio/keyvalue/common/target/apidocs/alluxio/thrift/class-use/KeyValueMasterClientService.mergeStore_result.html...
Generating /opt/compile/guoyj/alluxio/keyvalue/common/target/apidocs/alluxio/thrift/class-use/KeyValueMasterClientService.mergeStore_result._Fields.html...
Generating /opt/compile/guoyj/alluxio/keyvalue/common/target/apidocs/alluxio/thrift/class-use/PartitionInfo.html...
Generating /opt/compile/guoyj/alluxio/keyvalue/common/target/apidocs/alluxio/thrift/class-use/PartitionInfo._Fields.html...
Generating /opt/compile/guoyj/alluxio/keyvalue/common/target/apidocs/alluxio/thrift/class-use/KeyValueWorkerClientService.html...
Generating /opt/compile/guoyj/alluxio/keyvalue/common/target/apidocs/alluxio/thrift/class-use/KeyValueWorkerClientService.Iface.html...
Generating /opt/compile/guoyj/alluxio/keyvalue/common/target/apidocs/alluxio/thrift/class-use/KeyValueWorkerClientService.AsyncIface.html...
Generating /opt/compile/guoyj/alluxio/keyvalue/common/target/apidocs/alluxio/thrift/class-use/KeyValueWorkerClientService.Client.html...
Generating /opt/compile/guoyj/alluxio/keyvalue/common/target/apidocs/alluxio/thrift/class-use/KeyValueWorkerClientService.Client.Factory.html...
Generating /opt/compile/guoyj/alluxio/keyvalue/common/target/apidocs/alluxio/thrift/class-use/KeyValueWorkerClientService.AsyncClient.html...
Generating /opt/compile/guoyj/alluxio/keyvalue/common/target/apidocs/alluxio/thrift/class-use/KeyValueWorkerClientService.AsyncClient.Factory.html...
Generating /opt/compile/guoyj/alluxio/keyvalue/common/target/apidocs/alluxio/thrift/class-use/KeyValueWorkerClientService.AsyncClient.get_call.html...
Generating /opt/compile/guoyj/alluxio/keyvalue/common/target/apidocs/alluxio/thrift/class-use/KeyValueWorkerClientService.AsyncClient.getNextKeys_call.html...
Generating /opt/compile/guoyj/alluxio/keyvalue/common/target/apidocs/alluxio/thrift/class-use/KeyValueWorkerClientService.AsyncClient.getSize_call.html...
Generating /opt/compile/guoyj/alluxio/keyvalue/common/target/apidocs/alluxio/thrift/class-use/KeyValueWorkerClientService.Processor.html...
Generating /opt/compile/guoyj/alluxio/keyvalue/common/target/apidocs/alluxio/thrift/class-use/KeyValueWorkerClientService.Processor.get.html...
Generating /opt/compile/guoyj/alluxio/keyvalue/common/target/apidocs/alluxio/thrift/class-use/KeyValueWorkerClientService.Processor.getNextKeys.html...
Generating /opt/compile/guoyj/alluxio/keyvalue/common/target/apidocs/alluxio/thrift/class-use/KeyValueWorkerClientService.Processor.getSize.html...
Generating /opt/compile/guoyj/alluxio/keyvalue/common/target/apidocs/alluxio/thrift/class-use/KeyValueWorkerClientService.AsyncProcessor.html...
Generating /opt/compile/guoyj/alluxio/keyvalue/common/target/apidocs/alluxio/thrift/class-use/KeyValueWorkerClientService.AsyncProcessor.get.html...
Generating /opt/compile/guoyj/alluxio/keyvalue/common/target/apidocs/alluxio/thrift/class-use/KeyValueWorkerClientService.AsyncProcessor.getNextKeys.html...
Generating /opt/compile/guoyj/alluxio/keyvalue/common/target/apidocs/alluxio/thrift/class-use/KeyValueWorkerClientService.AsyncProcessor.getSize.html...
Generating /opt/compile/guoyj/alluxio/keyvalue/common/target/apidocs/alluxio/thrift/class-use/KeyValueWorkerClientService.get_args.html...
Generating /opt/compile/guoyj/alluxio/keyvalue/common/target/apidocs/alluxio/thrift/class-use/KeyValueWorkerClientService.get_args._Fields.html...
Generating /opt/compile/guoyj/alluxio/keyvalue/common/target/apidocs/alluxio/thrift/class-use/KeyValueWorkerClientService.get_result.html...
Generating /opt/compile/guoyj/alluxio/keyvalue/common/target/apidocs/alluxio/thrift/class-use/KeyValueWorkerClientService.get_result._Fields.html...
Generating /opt/compile/guoyj/alluxio/keyvalue/common/target/apidocs/alluxio/thrift/class-use/KeyValueWorkerClientService.getNextKeys_args.html...
Generating /opt/compile/guoyj/alluxio/keyvalue/common/target/apidocs/alluxio/thrift/class-use/KeyValueWorkerClientService.getNextKeys_args._Fields.html...
Generating /opt/compile/guoyj/alluxio/keyvalue/common/target/apidocs/alluxio/thrift/class-use/KeyValueWorkerClientService.getNextKeys_result.html...
Generating /opt/compile/guoyj/alluxio/keyvalue/common/target/apidocs/alluxio/thrift/class-use/KeyValueWorkerClientService.getNextKeys_result._Fields.html...
Generating /opt/compile/guoyj/alluxio/keyvalue/common/target/apidocs/alluxio/thrift/class-use/KeyValueWorkerClientService.getSize_args.html...
Generating /opt/compile/guoyj/alluxio/keyvalue/common/target/apidocs/alluxio/thrift/class-use/KeyValueWorkerClientService.getSize_args._Fields.html...
Generating /opt/compile/guoyj/alluxio/keyvalue/common/target/apidocs/alluxio/thrift/class-use/KeyValueWorkerClientService.getSize_result.html...
Generating /opt/compile/guoyj/alluxio/keyvalue/common/target/apidocs/alluxio/thrift/class-use/KeyValueWorkerClientService.getSize_result._Fields.html...
Generating /opt/compile/guoyj/alluxio/keyvalue/common/target/apidocs/alluxio/thrift/package-use.html...
Building index for all the packages and classes...
Generating /opt/compile/guoyj/alluxio/keyvalue/common/target/apidocs/overview-tree.html...
Generating /opt/compile/guoyj/alluxio/keyvalue/common/target/apidocs/index-all.html...
Generating /opt/compile/guoyj/alluxio/keyvalue/common/target/apidocs/deprecated-list.html...
Building index for all classes...
Generating /opt/compile/guoyj/alluxio/keyvalue/common/target/apidocs/allclasses-frame.html...
Generating /opt/compile/guoyj/alluxio/keyvalue/common/target/apidocs/allclasses-noframe.html...
Generating /opt/compile/guoyj/alluxio/keyvalue/common/target/apidocs/index.html...
Generating /opt/compile/guoyj/alluxio/keyvalue/common/target/apidocs/help-doc.html...
[INFO] Building jar: /opt/compile/guoyj/alluxio/keyvalue/common/target/alluxio-keyvalue-common-1.4.1-SNAPSHOT-javadoc.jar
[INFO]                                                                         
[INFO] ------------------------------------------------------------------------
[INFO] Building Alluxio Key Value - Client 1.4.1-SNAPSHOT
[INFO] ------------------------------------------------------------------------
[INFO] 
[INFO] --- maven-clean-plugin:2.5:clean (default-clean) @ alluxio-keyvalue-client ---
[INFO] Deleting /opt/compile/guoyj/alluxio/keyvalue/client/target
[INFO] 
[INFO] --- build-helper-maven-plugin:1.10:regex-property (parse-hadoop-major-version) @ alluxio-keyvalue-client ---
[INFO] No match to regex '^1\..*$' found in '2.4.0'. The initial value '2.4.0' is left as-is...
[INFO] 
[INFO] --- maven-enforcer-plugin:1.4:enforce (enforce-maven) @ alluxio-keyvalue-client ---
[INFO] 
[INFO] --- maven-enforcer-plugin:1.4:enforce (enforce-versions) @ alluxio-keyvalue-client ---
[INFO] 
[INFO] --- maven-checkstyle-plugin:2.17:check (checkstyle) @ alluxio-keyvalue-client ---
[INFO] 
[INFO] --- license-maven-plugin:2.9:check (default) @ alluxio-keyvalue-client ---
[INFO] Checking licenses...
[INFO] 
[INFO] --- maven-resources-plugin:2.6:resources (default-resources) @ alluxio-keyvalue-client ---
[INFO] Using 'UTF-8' encoding to copy filtered resources.
[INFO] skip non existing resourceDirectory /opt/compile/guoyj/alluxio/keyvalue/client/src/main/resources
[INFO] 
[INFO] --- maven-compiler-plugin:3.2:compile (default-compile) @ alluxio-keyvalue-client ---
[INFO] Changes detected - recompiling the module!
[INFO] Compiling 29 source files to /opt/compile/guoyj/alluxio/keyvalue/client/target/classes
[INFO] /opt/compile/guoyj/alluxio/keyvalue/client/src/main/java/alluxio/hadoop/mapreduce/KeyValueOutputCommitter.java: /opt/compile/guoyj/alluxio/keyvalue/client/src/main/java/alluxio/hadoop/mapreduce/KeyValueOutputCommitter.java uses or overrides a deprecated API.
[INFO] /opt/compile/guoyj/alluxio/keyvalue/client/src/main/java/alluxio/hadoop/mapreduce/KeyValueOutputCommitter.java: Recompile with -Xlint:deprecation for details.
[INFO] 
[INFO] >>> findbugs-maven-plugin:3.0.2:check (default) > :findbugs @ alluxio-keyvalue-client >>>
[INFO] 
[INFO] --- findbugs-maven-plugin:3.0.2:findbugs (findbugs) @ alluxio-keyvalue-client ---
[INFO] Fork Value is true
[INFO] Done FindBugs Analysis....
[INFO] 
[INFO] <<< findbugs-maven-plugin:3.0.2:check (default) < :findbugs @ alluxio-keyvalue-client <<<
[INFO] 
[INFO] --- findbugs-maven-plugin:3.0.2:check (default) @ alluxio-keyvalue-client ---
[INFO] BugInstance size is 0
[INFO] Error size is 0
[INFO] No errors/warnings found
[INFO] 
[INFO] --- maven-resources-plugin:2.6:testResources (default-testResources) @ alluxio-keyvalue-client ---
[INFO] Using 'UTF-8' encoding to copy filtered resources.
[INFO] skip non existing resourceDirectory /opt/compile/guoyj/alluxio/keyvalue/client/src/test/resources
[INFO] 
[INFO] --- maven-compiler-plugin:3.2:testCompile (default-testCompile) @ alluxio-keyvalue-client ---
[INFO] Changes detected - recompiling the module!
[INFO] Compiling 5 source files to /opt/compile/guoyj/alluxio/keyvalue/client/target/test-classes
[INFO] 
[INFO] --- maven-surefire-plugin:2.19.1:test (default-test) @ alluxio-keyvalue-client ---
[INFO] Tests are skipped.
[INFO] 
[INFO] --- maven-jar-plugin:2.4:jar (default-jar) @ alluxio-keyvalue-client ---
[INFO] Building jar: /opt/compile/guoyj/alluxio/keyvalue/client/target/alluxio-keyvalue-client-1.4.1-SNAPSHOT.jar
[INFO] 
[INFO] >>> maven-source-plugin:2.3:jar (attach-sources) > generate-sources @ alluxio-keyvalue-client >>>
[INFO] 
[INFO] --- build-helper-maven-plugin:1.10:regex-property (parse-hadoop-major-version) @ alluxio-keyvalue-client ---
[INFO] No match to regex '^1\..*$' found in '2.4.0'. The initial value '2.4.0' is left as-is...
[INFO] 
[INFO] --- maven-enforcer-plugin:1.4:enforce (enforce-maven) @ alluxio-keyvalue-client ---
[INFO] 
[INFO] --- maven-enforcer-plugin:1.4:enforce (enforce-versions) @ alluxio-keyvalue-client ---
[INFO] 
[INFO] --- maven-checkstyle-plugin:2.17:check (checkstyle) @ alluxio-keyvalue-client ---
[INFO] 
[INFO] --- license-maven-plugin:2.9:check (default) @ alluxio-keyvalue-client ---
[INFO] Checking licenses...
[INFO] 
[INFO] <<< maven-source-plugin:2.3:jar (attach-sources) < generate-sources @ alluxio-keyvalue-client <<<
[INFO] 
[INFO] --- maven-source-plugin:2.3:jar (attach-sources) @ alluxio-keyvalue-client ---
[INFO] Building jar: /opt/compile/guoyj/alluxio/keyvalue/client/target/alluxio-keyvalue-client-1.4.1-SNAPSHOT-sources.jar
[INFO] 
[INFO] --- maven-javadoc-plugin:2.9:jar (attach-javadoc) @ alluxio-keyvalue-client ---
[INFO] 
Loading source files for package alluxio.client.keyvalue...
Loading source files for package alluxio.hadoop.mapreduce...
Constructing Javadoc information...
Standard Doclet version 1.7.0_60-ea
Building tree for all the packages and classes...
Generating /opt/compile/guoyj/alluxio/keyvalue/client/target/apidocs/alluxio/client/keyvalue/BaseKeyValueSystem.html...
Generating /opt/compile/guoyj/alluxio/keyvalue/client/target/apidocs/alluxio/client/keyvalue/ByteBufferKeyValuePartitionReader.html...
Generating /opt/compile/guoyj/alluxio/keyvalue/client/target/apidocs/alluxio/client/keyvalue/Index.html...
Generating /opt/compile/guoyj/alluxio/keyvalue/client/target/apidocs/alluxio/client/keyvalue/KeyValueIterable.html...
Generating /opt/compile/guoyj/alluxio/keyvalue/client/target/apidocs/alluxio/client/keyvalue/KeyValueIterator.html...
Generating /opt/compile/guoyj/alluxio/keyvalue/client/target/apidocs/alluxio/client/keyvalue/KeyValueMasterClient.html...
Generating /opt/compile/guoyj/alluxio/keyvalue/client/target/apidocs/alluxio/client/keyvalue/KeyValuePair.html...
Generating /opt/compile/guoyj/alluxio/keyvalue/client/target/apidocs/alluxio/client/keyvalue/KeyValuePartitionReader.html...
Generating /opt/compile/guoyj/alluxio/keyvalue/client/target/apidocs/alluxio/client/keyvalue/KeyValuePartitionReader.Factory.html...
Generating /opt/compile/guoyj/alluxio/keyvalue/client/target/apidocs/alluxio/client/keyvalue/KeyValuePartitionWriter.html...
Generating /opt/compile/guoyj/alluxio/keyvalue/client/target/apidocs/alluxio/client/keyvalue/KeyValuePartitionWriter.Factory.html...
Generating /opt/compile/guoyj/alluxio/keyvalue/client/target/apidocs/alluxio/client/keyvalue/KeyValueStoreIterator.html...
Generating /opt/compile/guoyj/alluxio/keyvalue/client/target/apidocs/alluxio/client/keyvalue/KeyValueStoreReader.html...
Generating /opt/compile/guoyj/alluxio/keyvalue/client/target/apidocs/alluxio/client/keyvalue/KeyValueStoreWriter.html...
Generating /opt/compile/guoyj/alluxio/keyvalue/client/target/apidocs/alluxio/client/keyvalue/KeyValueSystem.html...
Generating /opt/compile/guoyj/alluxio/keyvalue/client/target/apidocs/alluxio/client/keyvalue/KeyValueSystem.Factory.html...
Generating /opt/compile/guoyj/alluxio/keyvalue/client/target/apidocs/alluxio/client/keyvalue/KeyValueWorkerClient.html...
Generating /opt/compile/guoyj/alluxio/keyvalue/client/target/apidocs/alluxio/client/keyvalue/LinearProbingIndex.html...
Generating /opt/compile/guoyj/alluxio/keyvalue/client/target/apidocs/alluxio/client/keyvalue/PayloadReader.html...
Generating /opt/compile/guoyj/alluxio/keyvalue/client/target/apidocs/alluxio/client/keyvalue/PayloadWriter.html...
Generating /opt/compile/guoyj/alluxio/keyvalue/client/target/apidocs/alluxio/hadoop/mapreduce/KeyValueInputFormat.html...
Generating /opt/compile/guoyj/alluxio/keyvalue/client/target/apidocs/alluxio/hadoop/mapreduce/KeyValueOutputCommitter.html...
Generating /opt/compile/guoyj/alluxio/keyvalue/client/target/apidocs/alluxio/hadoop/mapreduce/KeyValueOutputFormat.html...
Generating /opt/compile/guoyj/alluxio/keyvalue/client/target/apidocs/overview-frame.html...
Generating /opt/compile/guoyj/alluxio/keyvalue/client/target/apidocs/alluxio/client/keyvalue/package-frame.html...
Generating /opt/compile/guoyj/alluxio/keyvalue/client/target/apidocs/alluxio/client/keyvalue/package-summary.html...
Generating /opt/compile/guoyj/alluxio/keyvalue/client/target/apidocs/alluxio/client/keyvalue/package-tree.html...
Generating /opt/compile/guoyj/alluxio/keyvalue/client/target/apidocs/alluxio/hadoop/mapreduce/package-frame.html...
Generating /opt/compile/guoyj/alluxio/keyvalue/client/target/apidocs/alluxio/hadoop/mapreduce/package-summary.html...
Generating /opt/compile/guoyj/alluxio/keyvalue/client/target/apidocs/alluxio/hadoop/mapreduce/package-tree.html...
Generating /opt/compile/guoyj/alluxio/keyvalue/client/target/apidocs/constant-values.html...
Generating /opt/compile/guoyj/alluxio/keyvalue/client/target/apidocs/alluxio/client/keyvalue/class-use/KeyValueStoreReader.html...
Generating /opt/compile/guoyj/alluxio/keyvalue/client/target/apidocs/alluxio/client/keyvalue/class-use/KeyValueIterable.html...
Generating /opt/compile/guoyj/alluxio/keyvalue/client/target/apidocs/alluxio/client/keyvalue/class-use/PayloadWriter.html...
Generating /opt/compile/guoyj/alluxio/keyvalue/client/target/apidocs/alluxio/client/keyvalue/class-use/KeyValuePair.html...
Generating /opt/compile/guoyj/alluxio/keyvalue/client/target/apidocs/alluxio/client/keyvalue/class-use/KeyValueSystem.html...
Generating /opt/compile/guoyj/alluxio/keyvalue/client/target/apidocs/alluxio/client/keyvalue/class-use/KeyValueSystem.Factory.html...
Generating /opt/compile/guoyj/alluxio/keyvalue/client/target/apidocs/alluxio/client/keyvalue/class-use/KeyValueWorkerClient.html...
Generating /opt/compile/guoyj/alluxio/keyvalue/client/target/apidocs/alluxio/client/keyvalue/class-use/ByteBufferKeyValuePartitionReader.html...
Generating /opt/compile/guoyj/alluxio/keyvalue/client/target/apidocs/alluxio/client/keyvalue/class-use/PayloadReader.html...
Generating /opt/compile/guoyj/alluxio/keyvalue/client/target/apidocs/alluxio/client/keyvalue/class-use/BaseKeyValueSystem.html...
Generating /opt/compile/guoyj/alluxio/keyvalue/client/target/apidocs/alluxio/client/keyvalue/class-use/LinearProbingIndex.html...
Generating /opt/compile/guoyj/alluxio/keyvalue/client/target/apidocs/alluxio/client/keyvalue/class-use/KeyValuePartitionReader.html...
Generating /opt/compile/guoyj/alluxio/keyvalue/client/target/apidocs/alluxio/client/keyvalue/class-use/KeyValuePartitionReader.Factory.html...
Generating /opt/compile/guoyj/alluxio/keyvalue/client/target/apidocs/alluxio/client/keyvalue/class-use/Index.html...
Generating /opt/compile/guoyj/alluxio/keyvalue/client/target/apidocs/alluxio/client/keyvalue/class-use/KeyValueMasterClient.html...
Generating /opt/compile/guoyj/alluxio/keyvalue/client/target/apidocs/alluxio/client/keyvalue/class-use/KeyValueStoreWriter.html...
Generating /opt/compile/guoyj/alluxio/keyvalue/client/target/apidocs/alluxio/client/keyvalue/class-use/KeyValueIterator.html...
Generating /opt/compile/guoyj/alluxio/keyvalue/client/target/apidocs/alluxio/client/keyvalue/class-use/KeyValuePartitionWriter.html...
Generating /opt/compile/guoyj/alluxio/keyvalue/client/target/apidocs/alluxio/client/keyvalue/class-use/KeyValuePartitionWriter.Factory.html...
Generating /opt/compile/guoyj/alluxio/keyvalue/client/target/apidocs/alluxio/client/keyvalue/class-use/KeyValueStoreIterator.html...
Generating /opt/compile/guoyj/alluxio/keyvalue/client/target/apidocs/alluxio/hadoop/mapreduce/class-use/KeyValueOutputFormat.html...
Generating /opt/compile/guoyj/alluxio/keyvalue/client/target/apidocs/alluxio/hadoop/mapreduce/class-use/KeyValueOutputCommitter.html...
Generating /opt/compile/guoyj/alluxio/keyvalue/client/target/apidocs/alluxio/hadoop/mapreduce/class-use/KeyValueInputFormat.html...
Generating /opt/compile/guoyj/alluxio/keyvalue/client/target/apidocs/alluxio/client/keyvalue/package-use.html...
Generating /opt/compile/guoyj/alluxio/keyvalue/client/target/apidocs/alluxio/hadoop/mapreduce/package-use.html...
Building index for all the packages and classes...
Generating /opt/compile/guoyj/alluxio/keyvalue/client/target/apidocs/overview-tree.html...
Generating /opt/compile/guoyj/alluxio/keyvalue/client/target/apidocs/index-all.html...
Generating /opt/compile/guoyj/alluxio/keyvalue/client/target/apidocs/deprecated-list.html...
Building index for all classes...
Generating /opt/compile/guoyj/alluxio/keyvalue/client/target/apidocs/allclasses-frame.html...
Generating /opt/compile/guoyj/alluxio/keyvalue/client/target/apidocs/allclasses-noframe.html...
Generating /opt/compile/guoyj/alluxio/keyvalue/client/target/apidocs/index.html...
Generating /opt/compile/guoyj/alluxio/keyvalue/client/target/apidocs/overview-summary.html...
Generating /opt/compile/guoyj/alluxio/keyvalue/client/target/apidocs/help-doc.html...
[INFO] Building jar: /opt/compile/guoyj/alluxio/keyvalue/client/target/alluxio-keyvalue-client-1.4.1-SNAPSHOT-javadoc.jar
[INFO] 
[INFO] --- maven-shade-plugin:2.2:shade (uber-jar) @ alluxio-keyvalue-client ---
[INFO] Excluding org.alluxio:alluxio-core-client:jar:1.4.1-SNAPSHOT from the shaded jar.
[INFO] Excluding com.google.guava:guava:jar:14.0.1 from the shaded jar.
[INFO] Excluding com.google.protobuf:protobuf-java:jar:2.5.0 from the shaded jar.
[INFO] Excluding io.netty:netty-all:jar:4.0.29.Final from the shaded jar.
[INFO] Excluding org.apache.hadoop:hadoop-client:jar:2.4.0 from the shaded jar.
[INFO] Excluding org.apache.hadoop:hadoop-common:jar:2.4.0 from the shaded jar.
[INFO] Excluding commons-cli:commons-cli:jar:1.2 from the shaded jar.
[INFO] Excluding org.apache.commons:commons-math3:jar:3.1.1 from the shaded jar.
[INFO] Excluding xmlenc:xmlenc:jar:0.52 from the shaded jar.
[INFO] Excluding commons-net:commons-net:jar:3.1 from the shaded jar.
[INFO] Excluding commons-collections:commons-collections:jar:3.2.1 from the shaded jar.
[INFO] Excluding log4j:log4j:jar:1.2.17 from the shaded jar.
[INFO] Excluding commons-configuration:commons-configuration:jar:1.6 from the shaded jar.
[INFO] Excluding commons-digester:commons-digester:jar:1.8 from the shaded jar.
[INFO] Excluding commons-beanutils:commons-beanutils:jar:1.7.0 from the shaded jar.
[INFO] Excluding commons-beanutils:commons-beanutils-core:jar:1.8.0 from the shaded jar.
[INFO] Excluding org.slf4j:slf4j-log4j12:jar:1.7.2 from the shaded jar.
[INFO] Excluding org.apache.avro:avro:jar:1.7.4 from the shaded jar.
[INFO] Excluding com.thoughtworks.paranamer:paranamer:jar:2.3 from the shaded jar.
[INFO] Excluding org.xerial.snappy:snappy-java:jar:1.0.4.1 from the shaded jar.
[INFO] Excluding org.apache.hadoop:hadoop-auth:jar:2.4.0 from the shaded jar.
[INFO] Excluding org.apache.commons:commons-compress:jar:1.4.1 from the shaded jar.
[INFO] Excluding org.tukaani:xz:jar:1.0 from the shaded jar.
[INFO] Excluding org.apache.hadoop:hadoop-hdfs:jar:2.4.0 from the shaded jar.
[INFO] Excluding org.mortbay.jetty:jetty-util:jar:6.1.26 from the shaded jar.
[INFO] Excluding org.apache.hadoop:hadoop-mapreduce-client-app:jar:2.4.0 from the shaded jar.
[INFO] Excluding org.apache.hadoop:hadoop-mapreduce-client-common:jar:2.4.0 from the shaded jar.
[INFO] Excluding org.apache.hadoop:hadoop-yarn-client:jar:2.4.0 from the shaded jar.
[INFO] Excluding com.sun.jersey:jersey-client:jar:1.9 from the shaded jar.
[INFO] Excluding org.apache.hadoop:hadoop-yarn-server-common:jar:2.4.0 from the shaded jar.
[INFO] Excluding org.apache.hadoop:hadoop-mapreduce-client-shuffle:jar:2.4.0 from the shaded jar.
[INFO] Excluding org.apache.hadoop:hadoop-yarn-api:jar:2.4.0 from the shaded jar.
[INFO] Excluding org.apache.hadoop:hadoop-mapreduce-client-core:jar:2.4.0 from the shaded jar.
[INFO] Excluding org.apache.hadoop:hadoop-yarn-common:jar:2.4.0 from the shaded jar.
[INFO] Excluding javax.xml.bind:jaxb-api:jar:2.2.2 from the shaded jar.
[INFO] Excluding javax.xml.stream:stax-api:jar:1.0-2 from the shaded jar.
[INFO] Excluding javax.activation:activation:jar:1.1 from the shaded jar.
[INFO] Excluding javax.servlet:servlet-api:jar:2.5 from the shaded jar.
[INFO] Excluding com.sun.jersey:jersey-core:jar:1.9 from the shaded jar.
[INFO] Excluding org.apache.hadoop:hadoop-mapreduce-client-jobclient:jar:2.4.0 from the shaded jar.
[INFO] Excluding org.apache.hadoop:hadoop-annotations:jar:2.4.0 from the shaded jar.
[INFO] Excluding org.slf4j:slf4j-api:jar:1.7.2 from the shaded jar.
[INFO] Excluding org.alluxio:alluxio-core-common:jar:1.4.1-SNAPSHOT from the shaded jar.
[INFO] Excluding org.alluxio:alluxio-underfs-hdfs:jar:1.4.1-SNAPSHOT from the shaded jar.
[INFO] Excluding org.alluxio:alluxio-underfs-local:jar:1.4.1-SNAPSHOT from the shaded jar.
[INFO] Excluding org.alluxio:alluxio-underfs-s3:jar:1.4.1-SNAPSHOT from the shaded jar.
[INFO] Excluding net.java.dev.jets3t:jets3t:jar:0.8.1 from the shaded jar.
[INFO] Excluding com.jamesmurty.utils:java-xmlbuilder:jar:0.4 from the shaded jar.
[INFO] Excluding commons-codec:commons-codec:jar:1.10 from the shaded jar.
[INFO] Excluding commons-httpclient:commons-httpclient:jar:3.1 from the shaded jar.
[INFO] Excluding commons-logging:commons-logging:jar:1.1.1 from the shaded jar.
[INFO] Excluding org.alluxio:alluxio-underfs-s3a:jar:1.4.1-SNAPSHOT from the shaded jar.
[INFO] Excluding com.amazonaws:aws-java-sdk-s3:jar:1.11.7 from the shaded jar.
[INFO] Excluding com.amazonaws:aws-java-sdk-kms:jar:1.11.7 from the shaded jar.
[INFO] Excluding com.amazonaws:aws-java-sdk-core:jar:1.11.7 from the shaded jar.
[INFO] Excluding com.fasterxml.jackson.dataformat:jackson-dataformat-cbor:jar:2.6.6 from the shaded jar.
[INFO] Excluding joda-time:joda-time:jar:2.8.1 from the shaded jar.
[INFO] Excluding org.alluxio:alluxio-underfs-gcs:jar:1.4.1-SNAPSHOT from the shaded jar.
[INFO] Excluding org.alluxio:alluxio-underfs-swift:jar:1.4.1-SNAPSHOT from the shaded jar.
[INFO] Excluding org.javaswift:joss:jar:0.9.10 from the shaded jar.
[INFO] Excluding org.slf4j:jcl-over-slf4j:jar:1.7.2 from the shaded jar.
[INFO] Excluding org.codehaus.jackson:jackson-mapper-asl:jar:1.9.7 from the shaded jar.
[INFO] Excluding org.codehaus.jackson:jackson-core-asl:jar:1.9.7 from the shaded jar.
[INFO] Including org.alluxio:alluxio-keyvalue-common:jar:1.4.1-SNAPSHOT in the shaded jar.
[INFO] Excluding commons-lang:commons-lang:jar:2.6 from the shaded jar.
[INFO] Excluding commons-io:commons-io:jar:2.4 from the shaded jar.
[INFO] Excluding org.apache.commons:commons-lang3:jar:3.4 from the shaded jar.
[INFO] Excluding org.apache.curator:curator-framework:jar:2.1.0-incubating from the shaded jar.
[INFO] Excluding org.apache.zookeeper:zookeeper:jar:3.4.5 from the shaded jar.
[INFO] Excluding jline:jline:jar:0.9.94 from the shaded jar.
[INFO] Excluding org.jboss.netty:netty:jar:3.2.2.Final from the shaded jar.
[INFO] Excluding org.apache.curator:curator-client:jar:2.1.0-incubating from the shaded jar.
[INFO] Excluding org.apache.curator:curator-recipes:jar:2.1.0-incubating from the shaded jar.
[INFO] Excluding org.apache.thrift:libthrift:jar:0.9.3 from the shaded jar.
[INFO] Excluding org.apache.httpcomponents:httpclient:jar:4.4.1 from the shaded jar.
[INFO] Excluding org.apache.httpcomponents:httpcore:jar:4.4.1 from the shaded jar.
[INFO] Excluding io.dropwizard.metrics:metrics-core:jar:3.1.2 from the shaded jar.
[INFO] Excluding io.dropwizard.metrics:metrics-json:jar:3.1.2 from the shaded jar.
[INFO] Excluding com.fasterxml.jackson.core:jackson-databind:jar:2.4.2 from the shaded jar.
[INFO] Excluding com.fasterxml.jackson.core:jackson-annotations:jar:2.4.0 from the shaded jar.
[INFO] Excluding com.fasterxml.jackson.core:jackson-core:jar:2.4.2 from the shaded jar.
[INFO] Excluding io.dropwizard.metrics:metrics-jvm:jar:3.1.2 from the shaded jar.
[INFO] Excluding io.dropwizard.metrics:metrics-graphite:jar:3.1.2 from the shaded jar.
[INFO] Excluding com.google.code.findbugs:jsr305:jar:3.0.0 from the shaded jar.
[INFO] Replacing /opt/compile/guoyj/alluxio/keyvalue/client/target/alluxio-keyvalue-client-1.4.1-SNAPSHOT-jar-with-dependencies.jar with /opt/compile/guoyj/alluxio/keyvalue/client/target/alluxio-keyvalue-client-1.4.1-SNAPSHOT-shaded.jar
[INFO]                                                                         
[INFO] ------------------------------------------------------------------------
[INFO] Building Alluxio Key Value - Server 1.4.1-SNAPSHOT
[INFO] ------------------------------------------------------------------------
[INFO] 
[INFO] --- maven-clean-plugin:2.5:clean (default-clean) @ alluxio-keyvalue-server ---
[INFO] Deleting /opt/compile/guoyj/alluxio/keyvalue/server/target
[INFO] 
[INFO] --- build-helper-maven-plugin:1.10:regex-property (parse-hadoop-major-version) @ alluxio-keyvalue-server ---
[INFO] No match to regex '^1\..*$' found in '2.4.0'. The initial value '2.4.0' is left as-is...
[INFO] 
[INFO] --- maven-enforcer-plugin:1.4:enforce (enforce-maven) @ alluxio-keyvalue-server ---
[INFO] 
[INFO] --- maven-enforcer-plugin:1.4:enforce (enforce-versions) @ alluxio-keyvalue-server ---
[INFO] 
[INFO] --- maven-checkstyle-plugin:2.17:check (checkstyle) @ alluxio-keyvalue-server ---
[INFO] 
[INFO] --- license-maven-plugin:2.9:check (default) @ alluxio-keyvalue-server ---
[INFO] Checking licenses...
[INFO] 
[INFO] --- maven-resources-plugin:2.6:resources (default-resources) @ alluxio-keyvalue-server ---
[INFO] Using 'UTF-8' encoding to copy filtered resources.
[INFO] Copying 2 resources
[INFO] 
[INFO] --- maven-compiler-plugin:3.2:compile (default-compile) @ alluxio-keyvalue-server ---
[INFO] Changes detected - recompiling the module!
[INFO] Compiling 6 source files to /opt/compile/guoyj/alluxio/keyvalue/server/target/classes
[INFO] 
[INFO] >>> findbugs-maven-plugin:3.0.2:check (default) > :findbugs @ alluxio-keyvalue-server >>>
[INFO] 
[INFO] --- findbugs-maven-plugin:3.0.2:findbugs (findbugs) @ alluxio-keyvalue-server ---
[INFO] Fork Value is true
[INFO] Done FindBugs Analysis....
[INFO] 
[INFO] <<< findbugs-maven-plugin:3.0.2:check (default) < :findbugs @ alluxio-keyvalue-server <<<
[INFO] 
[INFO] --- findbugs-maven-plugin:3.0.2:check (default) @ alluxio-keyvalue-server ---
[INFO] BugInstance size is 0
[INFO] Error size is 0
[INFO] No errors/warnings found
[INFO] 
[INFO] --- maven-resources-plugin:2.6:testResources (default-testResources) @ alluxio-keyvalue-server ---
[INFO] Using 'UTF-8' encoding to copy filtered resources.
[INFO] skip non existing resourceDirectory /opt/compile/guoyj/alluxio/keyvalue/server/src/test/resources
[INFO] 
[INFO] --- maven-compiler-plugin:3.2:testCompile (default-testCompile) @ alluxio-keyvalue-server ---
[INFO] No sources to compile
[INFO] 
[INFO] --- maven-surefire-plugin:2.19.1:test (default-test) @ alluxio-keyvalue-server ---
[INFO] Tests are skipped.
[INFO] 
[INFO] --- maven-jar-plugin:2.4:jar (default-jar) @ alluxio-keyvalue-server ---
[INFO] Building jar: /opt/compile/guoyj/alluxio/keyvalue/server/target/alluxio-keyvalue-server-1.4.1-SNAPSHOT.jar
[INFO] 
[INFO] >>> maven-source-plugin:2.3:jar (attach-sources) > generate-sources @ alluxio-keyvalue-server >>>
[INFO] 
[INFO] --- build-helper-maven-plugin:1.10:regex-property (parse-hadoop-major-version) @ alluxio-keyvalue-server ---
[INFO] No match to regex '^1\..*$' found in '2.4.0'. The initial value '2.4.0' is left as-is...
[INFO] 
[INFO] --- maven-enforcer-plugin:1.4:enforce (enforce-maven) @ alluxio-keyvalue-server ---
[INFO] 
[INFO] --- maven-enforcer-plugin:1.4:enforce (enforce-versions) @ alluxio-keyvalue-server ---
[INFO] 
[INFO] --- maven-checkstyle-plugin:2.17:check (checkstyle) @ alluxio-keyvalue-server ---
[INFO] 
[INFO] --- license-maven-plugin:2.9:check (default) @ alluxio-keyvalue-server ---
[INFO] Checking licenses...
[INFO] 
[INFO] <<< maven-source-plugin:2.3:jar (attach-sources) < generate-sources @ alluxio-keyvalue-server <<<
[INFO] 
[INFO] --- maven-source-plugin:2.3:jar (attach-sources) @ alluxio-keyvalue-server ---
[INFO] Building jar: /opt/compile/guoyj/alluxio/keyvalue/server/target/alluxio-keyvalue-server-1.4.1-SNAPSHOT-sources.jar
[INFO] 
[INFO] --- maven-javadoc-plugin:2.9:jar (attach-javadoc) @ alluxio-keyvalue-server ---
[INFO] 
Loading source files for package alluxio.master.keyvalue...
Loading source files for package alluxio.worker.keyvalue...
Constructing Javadoc information...
Standard Doclet version 1.7.0_60-ea
Building tree for all the packages and classes...
Generating /opt/compile/guoyj/alluxio/keyvalue/server/target/apidocs/alluxio/master/keyvalue/KeyValueMaster.html...
Generating /opt/compile/guoyj/alluxio/keyvalue/server/target/apidocs/alluxio/master/keyvalue/KeyValueMasterClientServiceHandler.html...
Generating /opt/compile/guoyj/alluxio/keyvalue/server/target/apidocs/alluxio/master/keyvalue/KeyValueMasterFactory.html...
Generating /opt/compile/guoyj/alluxio/keyvalue/server/target/apidocs/alluxio/worker/keyvalue/KeyValueWorker.html...
Generating /opt/compile/guoyj/alluxio/keyvalue/server/target/apidocs/alluxio/worker/keyvalue/KeyValueWorkerClientServiceHandler.html...
Generating /opt/compile/guoyj/alluxio/keyvalue/server/target/apidocs/alluxio/worker/keyvalue/KeyValueWorkerFactory.html...
Generating /opt/compile/guoyj/alluxio/keyvalue/server/target/apidocs/overview-frame.html...
Generating /opt/compile/guoyj/alluxio/keyvalue/server/target/apidocs/alluxio/master/keyvalue/package-frame.html...
Generating /opt/compile/guoyj/alluxio/keyvalue/server/target/apidocs/alluxio/master/keyvalue/package-summary.html...
Generating /opt/compile/guoyj/alluxio/keyvalue/server/target/apidocs/alluxio/master/keyvalue/package-tree.html...
Generating /opt/compile/guoyj/alluxio/keyvalue/server/target/apidocs/alluxio/worker/keyvalue/package-frame.html...
Generating /opt/compile/guoyj/alluxio/keyvalue/server/target/apidocs/alluxio/worker/keyvalue/package-summary.html...
Generating /opt/compile/guoyj/alluxio/keyvalue/server/target/apidocs/alluxio/worker/keyvalue/package-tree.html...
Generating /opt/compile/guoyj/alluxio/keyvalue/server/target/apidocs/constant-values.html...
Generating /opt/compile/guoyj/alluxio/keyvalue/server/target/apidocs/alluxio/master/keyvalue/class-use/KeyValueMasterClientServiceHandler.html...
Generating /opt/compile/guoyj/alluxio/keyvalue/server/target/apidocs/alluxio/master/keyvalue/class-use/KeyValueMaster.html...
Generating /opt/compile/guoyj/alluxio/keyvalue/server/target/apidocs/alluxio/master/keyvalue/class-use/KeyValueMasterFactory.html...
Generating /opt/compile/guoyj/alluxio/keyvalue/server/target/apidocs/alluxio/worker/keyvalue/class-use/KeyValueWorkerClientServiceHandler.html...
Generating /opt/compile/guoyj/alluxio/keyvalue/server/target/apidocs/alluxio/worker/keyvalue/class-use/KeyValueWorker.html...
Generating /opt/compile/guoyj/alluxio/keyvalue/server/target/apidocs/alluxio/worker/keyvalue/class-use/KeyValueWorkerFactory.html...
Generating /opt/compile/guoyj/alluxio/keyvalue/server/target/apidocs/alluxio/master/keyvalue/package-use.html...
Generating /opt/compile/guoyj/alluxio/keyvalue/server/target/apidocs/alluxio/worker/keyvalue/package-use.html...
Building index for all the packages and classes...
Generating /opt/compile/guoyj/alluxio/keyvalue/server/target/apidocs/overview-tree.html...
Generating /opt/compile/guoyj/alluxio/keyvalue/server/target/apidocs/index-all.html...
Generating /opt/compile/guoyj/alluxio/keyvalue/server/target/apidocs/deprecated-list.html...
Building index for all classes...
Generating /opt/compile/guoyj/alluxio/keyvalue/server/target/apidocs/allclasses-frame.html...
Generating /opt/compile/guoyj/alluxio/keyvalue/server/target/apidocs/allclasses-noframe.html...
Generating /opt/compile/guoyj/alluxio/keyvalue/server/target/apidocs/index.html...
Generating /opt/compile/guoyj/alluxio/keyvalue/server/target/apidocs/overview-summary.html...
Generating /opt/compile/guoyj/alluxio/keyvalue/server/target/apidocs/help-doc.html...
2 warnings
[WARNING] Javadoc Warnings
[WARNING] /opt/compile/guoyj/alluxio/core/server/target/alluxio-core-server-1.4.1-SNAPSHOT.jar(alluxio/master/file/FileSystemMaster.class): warning: Cannot find annotation method 'value()' in type 'SuppressFBWarnings': class file for edu.umd.cs.findbugs.annotations.SuppressFBWarnings not found
[WARNING] /opt/compile/guoyj/alluxio/core/server/target/alluxio-core-server-1.4.1-SNAPSHOT.jar(alluxio/master/file/FileSystemMaster.class): warning: Cannot find annotation method 'value()' in type 'SuppressFBWarnings'
[INFO] Building jar: /opt/compile/guoyj/alluxio/keyvalue/server/target/alluxio-keyvalue-server-1.4.1-SNAPSHOT-javadoc.jar
[INFO]                                                                         
[INFO] ------------------------------------------------------------------------
[INFO] Building Alluxio Shell 1.4.1-SNAPSHOT
[INFO] ------------------------------------------------------------------------
[INFO] 
[INFO] --- maven-clean-plugin:2.5:clean (default-clean) @ alluxio-shell ---
[INFO] Deleting /opt/compile/guoyj/alluxio/shell/target
[INFO] 
[INFO] --- build-helper-maven-plugin:1.10:regex-property (parse-hadoop-major-version) @ alluxio-shell ---
[INFO] No match to regex '^1\..*$' found in '2.4.0'. The initial value '2.4.0' is left as-is...
[INFO] 
[INFO] --- maven-enforcer-plugin:1.4:enforce (enforce-maven) @ alluxio-shell ---
[INFO] 
[INFO] --- maven-enforcer-plugin:1.4:enforce (enforce-versions) @ alluxio-shell ---
[INFO] 
[INFO] --- maven-checkstyle-plugin:2.17:check (checkstyle) @ alluxio-shell ---
[INFO] 
[INFO] --- license-maven-plugin:2.9:check (default) @ alluxio-shell ---
[INFO] Checking licenses...
[INFO] 
[INFO] --- maven-resources-plugin:2.6:resources (default-resources) @ alluxio-shell ---
[INFO] Using 'UTF-8' encoding to copy filtered resources.
[INFO] Copying 1 resource
[INFO] 
[INFO] --- maven-compiler-plugin:3.2:compile (default-compile) @ alluxio-shell ---
[INFO] Changes detected - recompiling the module!
[INFO] Compiling 48 source files to /opt/compile/guoyj/alluxio/shell/target/classes
[INFO] 
[INFO] >>> findbugs-maven-plugin:3.0.2:check (default) > :findbugs @ alluxio-shell >>>
[INFO] 
[INFO] --- findbugs-maven-plugin:3.0.2:findbugs (findbugs) @ alluxio-shell ---
[INFO] Fork Value is true
[INFO] Done FindBugs Analysis....
[INFO] 
[INFO] <<< findbugs-maven-plugin:3.0.2:check (default) < :findbugs @ alluxio-shell <<<
[INFO] 
[INFO] --- findbugs-maven-plugin:3.0.2:check (default) @ alluxio-shell ---
[INFO] BugInstance size is 0
[INFO] Error size is 0
[INFO] No errors/warnings found
[INFO] 
[INFO] --- maven-resources-plugin:2.6:testResources (default-testResources) @ alluxio-shell ---
[INFO] Using 'UTF-8' encoding to copy filtered resources.
[INFO] skip non existing resourceDirectory /opt/compile/guoyj/alluxio/shell/src/test/resources
[INFO] 
[INFO] --- maven-compiler-plugin:3.2:testCompile (default-testCompile) @ alluxio-shell ---
[INFO] No sources to compile
[INFO] 
[INFO] --- maven-surefire-plugin:2.19.1:test (default-test) @ alluxio-shell ---
[INFO] Tests are skipped.
[INFO] 
[INFO] --- maven-jar-plugin:2.4:jar (default-jar) @ alluxio-shell ---
[INFO] Building jar: /opt/compile/guoyj/alluxio/shell/target/alluxio-shell-1.4.1-SNAPSHOT.jar
[INFO] 
[INFO] >>> maven-source-plugin:2.3:jar (attach-sources) > generate-sources @ alluxio-shell >>>
[INFO] 
[INFO] --- build-helper-maven-plugin:1.10:regex-property (parse-hadoop-major-version) @ alluxio-shell ---
[INFO] No match to regex '^1\..*$' found in '2.4.0'. The initial value '2.4.0' is left as-is...
[INFO] 
[INFO] --- maven-enforcer-plugin:1.4:enforce (enforce-maven) @ alluxio-shell ---
[INFO] 
[INFO] --- maven-enforcer-plugin:1.4:enforce (enforce-versions) @ alluxio-shell ---
[INFO] 
[INFO] --- maven-checkstyle-plugin:2.17:check (checkstyle) @ alluxio-shell ---
[INFO] 
[INFO] --- license-maven-plugin:2.9:check (default) @ alluxio-shell ---
[INFO] Checking licenses...
[INFO] 
[INFO] <<< maven-source-plugin:2.3:jar (attach-sources) < generate-sources @ alluxio-shell <<<
[INFO] 
[INFO] --- maven-source-plugin:2.3:jar (attach-sources) @ alluxio-shell ---
[INFO] Building jar: /opt/compile/guoyj/alluxio/shell/target/alluxio-shell-1.4.1-SNAPSHOT-sources.jar
[INFO] 
[INFO] --- maven-javadoc-plugin:2.9:jar (attach-javadoc) @ alluxio-shell ---
[INFO] 
Loading source files for package alluxio.shell...
Loading source files for package alluxio.shell.command...
Loading source files for package alluxio.cli...
Constructing Javadoc information...
Standard Doclet version 1.7.0_60-ea
Building tree for all the packages and classes...
Generating /opt/compile/guoyj/alluxio/shell/target/apidocs/alluxio/shell/AlluxioShellUtils.html...
Generating /opt/compile/guoyj/alluxio/shell/target/apidocs/alluxio/shell/command/AbstractShellCommand.html...
Generating /opt/compile/guoyj/alluxio/shell/target/apidocs/alluxio/shell/command/CatCommand.html...
Generating /opt/compile/guoyj/alluxio/shell/target/apidocs/alluxio/shell/command/CheckConsistencyCommand.html...
Generating /opt/compile/guoyj/alluxio/shell/target/apidocs/alluxio/shell/command/ChecksumCommand.html...
Generating /opt/compile/guoyj/alluxio/shell/target/apidocs/alluxio/shell/command/ChgrpCommand.html...
Generating /opt/compile/guoyj/alluxio/shell/target/apidocs/alluxio/shell/command/ChmodCommand.html...
Generating /opt/compile/guoyj/alluxio/shell/target/apidocs/alluxio/shell/command/ChownCommand.html...
Generating /opt/compile/guoyj/alluxio/shell/target/apidocs/alluxio/shell/command/CommandUtils.html...
Generating /opt/compile/guoyj/alluxio/shell/target/apidocs/alluxio/shell/command/CopyFromLocalCommand.html...
Generating /opt/compile/guoyj/alluxio/shell/target/apidocs/alluxio/shell/command/CopyToLocalCommand.html...
Generating /opt/compile/guoyj/alluxio/shell/target/apidocs/alluxio/shell/command/CountCommand.html...
Generating /opt/compile/guoyj/alluxio/shell/target/apidocs/alluxio/shell/command/CpCommand.html...
Generating /opt/compile/guoyj/alluxio/shell/target/apidocs/alluxio/shell/command/CreateLineageCommand.html...
Generating /opt/compile/guoyj/alluxio/shell/target/apidocs/alluxio/shell/command/DeleteLineageCommand.html...
Generating /opt/compile/guoyj/alluxio/shell/target/apidocs/alluxio/shell/command/DuCommand.html...
Generating /opt/compile/guoyj/alluxio/shell/target/apidocs/alluxio/shell/command/FileInfoCommand.html...
Generating /opt/compile/guoyj/alluxio/shell/target/apidocs/alluxio/shell/command/FreeCommand.html...
Generating /opt/compile/guoyj/alluxio/shell/target/apidocs/alluxio/shell/command/GetCapacityBytesCommand.html...
Generating /opt/compile/guoyj/alluxio/shell/target/apidocs/alluxio/shell/command/GetUsedBytesCommand.html...
Generating /opt/compile/guoyj/alluxio/shell/target/apidocs/alluxio/shell/command/LeaderCommand.html...
Generating /opt/compile/guoyj/alluxio/shell/target/apidocs/alluxio/shell/command/ListLineagesCommand.html...
Generating /opt/compile/guoyj/alluxio/shell/target/apidocs/alluxio/shell/command/ListMountPoint.html...
Generating /opt/compile/guoyj/alluxio/shell/target/apidocs/alluxio/shell/command/LoadCommand.html...
Generating /opt/compile/guoyj/alluxio/shell/target/apidocs/alluxio/shell/command/LoadMetadataCommand.html...
Generating /opt/compile/guoyj/alluxio/shell/target/apidocs/alluxio/shell/command/LocationCommand.html...
Generating /opt/compile/guoyj/alluxio/shell/target/apidocs/alluxio/shell/command/LsCommand.html...
Generating /opt/compile/guoyj/alluxio/shell/target/apidocs/alluxio/shell/command/MasterInfoCommand.html...
Generating /opt/compile/guoyj/alluxio/shell/target/apidocs/alluxio/shell/command/MkdirCommand.html...
Generating /opt/compile/guoyj/alluxio/shell/target/apidocs/alluxio/shell/command/MountCommand.html...
Generating /opt/compile/guoyj/alluxio/shell/target/apidocs/alluxio/shell/command/MvCommand.html...
Generating /opt/compile/guoyj/alluxio/shell/target/apidocs/alluxio/shell/command/PersistCommand.html...
Generating /opt/compile/guoyj/alluxio/shell/target/apidocs/alluxio/shell/command/PinCommand.html...
Generating /opt/compile/guoyj/alluxio/shell/target/apidocs/alluxio/shell/command/ReportCommand.html...
Generating /opt/compile/guoyj/alluxio/shell/target/apidocs/alluxio/shell/command/RmCommand.html...
Generating /opt/compile/guoyj/alluxio/shell/target/apidocs/alluxio/shell/command/SetTtlCommand.html...
Generating /opt/compile/guoyj/alluxio/shell/target/apidocs/alluxio/shell/command/ShellCommand.html...
Generating /opt/compile/guoyj/alluxio/shell/target/apidocs/alluxio/shell/command/TailCommand.html...
Generating /opt/compile/guoyj/alluxio/shell/target/apidocs/alluxio/shell/command/TouchCommand.html...
Generating /opt/compile/guoyj/alluxio/shell/target/apidocs/alluxio/shell/command/UnmountCommand.html...
Generating /opt/compile/guoyj/alluxio/shell/target/apidocs/alluxio/shell/command/UnpinCommand.html...
Generating /opt/compile/guoyj/alluxio/shell/target/apidocs/alluxio/shell/command/UnsetTtlCommand.html...
Generating /opt/compile/guoyj/alluxio/shell/target/apidocs/alluxio/shell/command/UserMustCacheListCommand.html...
Generating /opt/compile/guoyj/alluxio/shell/target/apidocs/alluxio/shell/command/WithWildCardPathCommand.html...
Generating /opt/compile/guoyj/alluxio/shell/target/apidocs/alluxio/cli/AlluxioShell.html...
Generating /opt/compile/guoyj/alluxio/shell/target/apidocs/alluxio/cli/GetConf.html...
Generating /opt/compile/guoyj/alluxio/shell/target/apidocs/alluxio/cli/ValidateConf.html...
Generating /opt/compile/guoyj/alluxio/shell/target/apidocs/alluxio/cli/Version.html...
Generating /opt/compile/guoyj/alluxio/shell/target/apidocs/overview-frame.html...
Generating /opt/compile/guoyj/alluxio/shell/target/apidocs/alluxio/cli/package-frame.html...
Generating /opt/compile/guoyj/alluxio/shell/target/apidocs/alluxio/cli/package-summary.html...
Generating /opt/compile/guoyj/alluxio/shell/target/apidocs/alluxio/cli/package-tree.html...
Generating /opt/compile/guoyj/alluxio/shell/target/apidocs/alluxio/shell/package-frame.html...
Generating /opt/compile/guoyj/alluxio/shell/target/apidocs/alluxio/shell/package-summary.html...
Generating /opt/compile/guoyj/alluxio/shell/target/apidocs/alluxio/shell/package-tree.html...
Generating /opt/compile/guoyj/alluxio/shell/target/apidocs/alluxio/shell/command/package-frame.html...
Generating /opt/compile/guoyj/alluxio/shell/target/apidocs/alluxio/shell/command/package-summary.html...
Generating /opt/compile/guoyj/alluxio/shell/target/apidocs/alluxio/shell/command/package-tree.html...
Generating /opt/compile/guoyj/alluxio/shell/target/apidocs/constant-values.html...
Generating /opt/compile/guoyj/alluxio/shell/target/apidocs/alluxio/shell/class-use/AlluxioShellUtils.html...
Generating /opt/compile/guoyj/alluxio/shell/target/apidocs/alluxio/shell/command/class-use/UnsetTtlCommand.html...
Generating /opt/compile/guoyj/alluxio/shell/target/apidocs/alluxio/shell/command/class-use/ListMountPoint.html...
Generating /opt/compile/guoyj/alluxio/shell/target/apidocs/alluxio/shell/command/class-use/MountCommand.html...
Generating /opt/compile/guoyj/alluxio/shell/target/apidocs/alluxio/shell/command/class-use/LoadMetadataCommand.html...
Generating /opt/compile/guoyj/alluxio/shell/target/apidocs/alluxio/shell/command/class-use/FileInfoCommand.html...
Generating /opt/compile/guoyj/alluxio/shell/target/apidocs/alluxio/shell/command/class-use/UnmountCommand.html...
Generating /opt/compile/guoyj/alluxio/shell/target/apidocs/alluxio/shell/command/class-use/ShellCommand.html...
Generating /opt/compile/guoyj/alluxio/shell/target/apidocs/alluxio/shell/command/class-use/TailCommand.html...
Generating /opt/compile/guoyj/alluxio/shell/target/apidocs/alluxio/shell/command/class-use/CopyToLocalCommand.html...
Generating /opt/compile/guoyj/alluxio/shell/target/apidocs/alluxio/shell/command/class-use/MkdirCommand.html...
Generating /opt/compile/guoyj/alluxio/shell/target/apidocs/alluxio/shell/command/class-use/DuCommand.html...
Generating /opt/compile/guoyj/alluxio/shell/target/apidocs/alluxio/shell/command/class-use/CatCommand.html...
Generating /opt/compile/guoyj/alluxio/shell/target/apidocs/alluxio/shell/command/class-use/LocationCommand.html...
Generating /opt/compile/guoyj/alluxio/shell/target/apidocs/alluxio/shell/command/class-use/FreeCommand.html...
Generating /opt/compile/guoyj/alluxio/shell/target/apidocs/alluxio/shell/command/class-use/MasterInfoCommand.html...
Generating /opt/compile/guoyj/alluxio/shell/target/apidocs/alluxio/shell/command/class-use/LoadCommand.html...
Generating /opt/compile/guoyj/alluxio/shell/target/apidocs/alluxio/shell/command/class-use/CopyFromLocalCommand.html...
Generating /opt/compile/guoyj/alluxio/shell/target/apidocs/alluxio/shell/command/class-use/ChecksumCommand.html...
Generating /opt/compile/guoyj/alluxio/shell/target/apidocs/alluxio/shell/command/class-use/UnpinCommand.html...
Generating /opt/compile/guoyj/alluxio/shell/target/apidocs/alluxio/shell/command/class-use/DeleteLineageCommand.html...
Generating /opt/compile/guoyj/alluxio/shell/target/apidocs/alluxio/shell/command/class-use/ListLineagesCommand.html...
Generating /opt/compile/guoyj/alluxio/shell/target/apidocs/alluxio/shell/command/class-use/UserMustCacheListCommand.html...
Generating /opt/compile/guoyj/alluxio/shell/target/apidocs/alluxio/shell/command/class-use/PersistCommand.html...
Generating /opt/compile/guoyj/alluxio/shell/target/apidocs/alluxio/shell/command/class-use/PinCommand.html...
Generating /opt/compile/guoyj/alluxio/shell/target/apidocs/alluxio/shell/command/class-use/CreateLineageCommand.html...
Generating /opt/compile/guoyj/alluxio/shell/target/apidocs/alluxio/shell/command/class-use/CheckConsistencyCommand.html...
Generating /opt/compile/guoyj/alluxio/shell/target/apidocs/alluxio/shell/command/class-use/ReportCommand.html...
Generating /opt/compile/guoyj/alluxio/shell/target/apidocs/alluxio/shell/command/class-use/WithWildCardPathCommand.html...
Generating /opt/compile/guoyj/alluxio/shell/target/apidocs/alluxio/shell/command/class-use/ChmodCommand.html...
Generating /opt/compile/guoyj/alluxio/shell/target/apidocs/alluxio/shell/command/class-use/ChgrpCommand.html...
Generating /opt/compile/guoyj/alluxio/shell/target/apidocs/alluxio/shell/command/class-use/LsCommand.html...
Generating /opt/compile/guoyj/alluxio/shell/target/apidocs/alluxio/shell/command/class-use/SetTtlCommand.html...
Generating /opt/compile/guoyj/alluxio/shell/target/apidocs/alluxio/shell/command/class-use/GetCapacityBytesCommand.html...
Generating /opt/compile/guoyj/alluxio/shell/target/apidocs/alluxio/shell/command/class-use/LeaderCommand.html...
Generating /opt/compile/guoyj/alluxio/shell/target/apidocs/alluxio/shell/command/class-use/CommandUtils.html...
Generating /opt/compile/guoyj/alluxio/shell/target/apidocs/alluxio/shell/command/class-use/RmCommand.html...
Generating /opt/compile/guoyj/alluxio/shell/target/apidocs/alluxio/shell/command/class-use/MvCommand.html...
Generating /opt/compile/guoyj/alluxio/shell/target/apidocs/alluxio/shell/command/class-use/GetUsedBytesCommand.html...
Generating /opt/compile/guoyj/alluxio/shell/target/apidocs/alluxio/shell/command/class-use/TouchCommand.html...
Generating /opt/compile/guoyj/alluxio/shell/target/apidocs/alluxio/shell/command/class-use/ChownCommand.html...
Generating /opt/compile/guoyj/alluxio/shell/target/apidocs/alluxio/shell/command/class-use/CountCommand.html...
Generating /opt/compile/guoyj/alluxio/shell/target/apidocs/alluxio/shell/command/class-use/AbstractShellCommand.html...
Generating /opt/compile/guoyj/alluxio/shell/target/apidocs/alluxio/shell/command/class-use/CpCommand.html...
Generating /opt/compile/guoyj/alluxio/shell/target/apidocs/alluxio/cli/class-use/AlluxioShell.html...
Generating /opt/compile/guoyj/alluxio/shell/target/apidocs/alluxio/cli/class-use/ValidateConf.html...
Generating /opt/compile/guoyj/alluxio/shell/target/apidocs/alluxio/cli/class-use/Version.html...
Generating /opt/compile/guoyj/alluxio/shell/target/apidocs/alluxio/cli/class-use/GetConf.html...
Generating /opt/compile/guoyj/alluxio/shell/target/apidocs/alluxio/cli/package-use.html...
Generating /opt/compile/guoyj/alluxio/shell/target/apidocs/alluxio/shell/package-use.html...
Generating /opt/compile/guoyj/alluxio/shell/target/apidocs/alluxio/shell/command/package-use.html...
Building index for all the packages and classes...
Generating /opt/compile/guoyj/alluxio/shell/target/apidocs/overview-tree.html...
Generating /opt/compile/guoyj/alluxio/shell/target/apidocs/index-all.html...
Generating /opt/compile/guoyj/alluxio/shell/target/apidocs/deprecated-list.html...
Building index for all classes...
Generating /opt/compile/guoyj/alluxio/shell/target/apidocs/allclasses-frame.html...
Generating /opt/compile/guoyj/alluxio/shell/target/apidocs/allclasses-noframe.html...
Generating /opt/compile/guoyj/alluxio/shell/target/apidocs/index.html...
Generating /opt/compile/guoyj/alluxio/shell/target/apidocs/overview-summary.html...
Generating /opt/compile/guoyj/alluxio/shell/target/apidocs/help-doc.html...
[INFO] Building jar: /opt/compile/guoyj/alluxio/shell/target/alluxio-shell-1.4.1-SNAPSHOT-javadoc.jar
[INFO]                                                                         
[INFO] ------------------------------------------------------------------------
[INFO] Building Alluxio Examples 1.4.1-SNAPSHOT
[INFO] ------------------------------------------------------------------------
[INFO] 
[INFO] --- maven-clean-plugin:2.5:clean (default-clean) @ alluxio-examples ---
[INFO] Deleting /opt/compile/guoyj/alluxio/examples/target
[INFO] 
[INFO] --- build-helper-maven-plugin:1.10:regex-property (parse-hadoop-major-version) @ alluxio-examples ---
[INFO] No match to regex '^1\..*$' found in '2.4.0'. The initial value '2.4.0' is left as-is...
[INFO] 
[INFO] --- maven-enforcer-plugin:1.4:enforce (enforce-maven) @ alluxio-examples ---
[INFO] 
[INFO] --- maven-enforcer-plugin:1.4:enforce (enforce-versions) @ alluxio-examples ---
[INFO] 
[INFO] --- maven-checkstyle-plugin:2.17:check (checkstyle) @ alluxio-examples ---
[INFO] 
[INFO] --- license-maven-plugin:2.9:check (default) @ alluxio-examples ---
[INFO] Checking licenses...
[INFO] 
[INFO] --- maven-resources-plugin:2.6:resources (default-resources) @ alluxio-examples ---
[INFO] Using 'UTF-8' encoding to copy filtered resources.
[INFO] skip non existing resourceDirectory /opt/compile/guoyj/alluxio/examples/src/main/resources
[INFO] 
[INFO] --- maven-compiler-plugin:3.2:compile (default-compile) @ alluxio-examples ---
[INFO] Changes detected - recompiling the module!
[INFO] Compiling 15 source files to /opt/compile/guoyj/alluxio/examples/target/classes
[INFO] /opt/compile/guoyj/alluxio/examples/src/main/java/alluxio/examples/keyvalue/hadoop/CloneStoreMapReduce.java: /opt/compile/guoyj/alluxio/examples/src/main/java/alluxio/examples/keyvalue/hadoop/CloneStoreMapReduce.java uses or overrides a deprecated API.
[INFO] /opt/compile/guoyj/alluxio/examples/src/main/java/alluxio/examples/keyvalue/hadoop/CloneStoreMapReduce.java: Recompile with -Xlint:deprecation for details.
[INFO] 
[INFO] >>> findbugs-maven-plugin:3.0.2:check (default) > :findbugs @ alluxio-examples >>>
[INFO] 
[INFO] --- findbugs-maven-plugin:3.0.2:findbugs (findbugs) @ alluxio-examples ---
[INFO] Fork Value is true
[INFO] Done FindBugs Analysis....
[INFO] 
[INFO] <<< findbugs-maven-plugin:3.0.2:check (default) < :findbugs @ alluxio-examples <<<
[INFO] 
[INFO] --- findbugs-maven-plugin:3.0.2:check (default) @ alluxio-examples ---
[INFO] BugInstance size is 0
[INFO] Error size is 0
[INFO] No errors/warnings found
[INFO] 
[INFO] --- maven-resources-plugin:2.6:testResources (default-testResources) @ alluxio-examples ---
[INFO] Using 'UTF-8' encoding to copy filtered resources.
[INFO] skip non existing resourceDirectory /opt/compile/guoyj/alluxio/examples/src/test/resources
[INFO] 
[INFO] --- maven-compiler-plugin:3.2:testCompile (default-testCompile) @ alluxio-examples ---
[INFO] No sources to compile
[INFO] 
[INFO] --- maven-surefire-plugin:2.19.1:test (default-test) @ alluxio-examples ---
[INFO] Tests are skipped.
[INFO] 
[INFO] --- maven-jar-plugin:2.4:jar (default-jar) @ alluxio-examples ---
[INFO] Building jar: /opt/compile/guoyj/alluxio/examples/target/alluxio-examples-1.4.1-SNAPSHOT.jar
[INFO] 
[INFO] >>> maven-source-plugin:2.3:jar (attach-sources) > generate-sources @ alluxio-examples >>>
[INFO] 
[INFO] --- build-helper-maven-plugin:1.10:regex-property (parse-hadoop-major-version) @ alluxio-examples ---
[INFO] No match to regex '^1\..*$' found in '2.4.0'. The initial value '2.4.0' is left as-is...
[INFO] 
[INFO] --- maven-enforcer-plugin:1.4:enforce (enforce-maven) @ alluxio-examples ---
[INFO] 
[INFO] --- maven-enforcer-plugin:1.4:enforce (enforce-versions) @ alluxio-examples ---
[INFO] 
[INFO] --- maven-checkstyle-plugin:2.17:check (checkstyle) @ alluxio-examples ---
[INFO] 
[INFO] --- license-maven-plugin:2.9:check (default) @ alluxio-examples ---
[INFO] Checking licenses...
[INFO] 
[INFO] <<< maven-source-plugin:2.3:jar (attach-sources) < generate-sources @ alluxio-examples <<<
[INFO] 
[INFO] --- maven-source-plugin:2.3:jar (attach-sources) @ alluxio-examples ---
[INFO] Building jar: /opt/compile/guoyj/alluxio/examples/target/alluxio-examples-1.4.1-SNAPSHOT-sources.jar
[INFO] 
[INFO] --- maven-javadoc-plugin:2.9:jar (attach-javadoc) @ alluxio-examples ---
[INFO] 
Loading source files for package alluxio.examples...
Loading source files for package alluxio.examples.keyvalue...
Loading source files for package alluxio.examples.keyvalue.hadoop...
Loading source files for package alluxio.cli...
Constructing Javadoc information...
Standard Doclet version 1.7.0_60-ea
Building tree for all the packages and classes...
Generating /opt/compile/guoyj/alluxio/examples/target/apidocs/alluxio/examples/BasicCheckpoint.html...
Generating /opt/compile/guoyj/alluxio/examples/target/apidocs/alluxio/examples/BasicNonByteBufferOperations.html...
Generating /opt/compile/guoyj/alluxio/examples/target/apidocs/alluxio/examples/BasicOperations.html...
Generating /opt/compile/guoyj/alluxio/examples/target/apidocs/alluxio/examples/MultiMount.html...
Generating /opt/compile/guoyj/alluxio/examples/target/apidocs/alluxio/examples/Performance.html...
Generating /opt/compile/guoyj/alluxio/examples/target/apidocs/alluxio/examples/Performance.AlluxioReadWorker.html...
Generating /opt/compile/guoyj/alluxio/examples/target/apidocs/alluxio/examples/Performance.AlluxioWriterWorker.html...
Generating /opt/compile/guoyj/alluxio/examples/target/apidocs/alluxio/examples/Performance.GeneralWorker.html...
Generating /opt/compile/guoyj/alluxio/examples/target/apidocs/alluxio/examples/Performance.HdfsWorker.html...
Generating /opt/compile/guoyj/alluxio/examples/target/apidocs/alluxio/examples/Performance.Worker.html...
Generating /opt/compile/guoyj/alluxio/examples/target/apidocs/alluxio/examples/keyvalue/KeyValueStoreOperations.html...
Generating /opt/compile/guoyj/alluxio/examples/target/apidocs/alluxio/examples/keyvalue/KeyValueStoreQuickStart.html...
Generating /opt/compile/guoyj/alluxio/examples/target/apidocs/alluxio/examples/keyvalue/SameKeyValueStoresTest.html...
Generating /opt/compile/guoyj/alluxio/examples/target/apidocs/alluxio/examples/keyvalue/ShowKeyValueStore.html...
Generating /opt/compile/guoyj/alluxio/examples/target/apidocs/alluxio/examples/keyvalue/hadoop/CloneStoreMapReduce.html...
Generating /opt/compile/guoyj/alluxio/examples/target/apidocs/alluxio/examples/keyvalue/hadoop/CloneStoreMapReduce.CloneStoreMapper.html...
Generating /opt/compile/guoyj/alluxio/examples/target/apidocs/alluxio/examples/keyvalue/hadoop/CloneStoreMapReduce.CloneStoreReducer.html...
Generating /opt/compile/guoyj/alluxio/examples/target/apidocs/alluxio/cli/AlluxioFrameworkIntegrationTest.html...
Generating /opt/compile/guoyj/alluxio/examples/target/apidocs/alluxio/cli/CliUtils.html...
Generating /opt/compile/guoyj/alluxio/examples/target/apidocs/alluxio/cli/JournalCrashTest.html...
Generating /opt/compile/guoyj/alluxio/examples/target/apidocs/alluxio/cli/MiniBenchmark.html...
Generating /opt/compile/guoyj/alluxio/examples/target/apidocs/alluxio/cli/TestRunner.html...
Generating /opt/compile/guoyj/alluxio/examples/target/apidocs/overview-frame.html...
Generating /opt/compile/guoyj/alluxio/examples/target/apidocs/alluxio/cli/package-frame.html...
Generating /opt/compile/guoyj/alluxio/examples/target/apidocs/alluxio/cli/package-summary.html...
Generating /opt/compile/guoyj/alluxio/examples/target/apidocs/alluxio/cli/package-tree.html...
Generating /opt/compile/guoyj/alluxio/examples/target/apidocs/alluxio/examples/package-frame.html...
Generating /opt/compile/guoyj/alluxio/examples/target/apidocs/alluxio/examples/package-summary.html...
Generating /opt/compile/guoyj/alluxio/examples/target/apidocs/alluxio/examples/package-tree.html...
Generating /opt/compile/guoyj/alluxio/examples/target/apidocs/alluxio/examples/keyvalue/package-frame.html...
Generating /opt/compile/guoyj/alluxio/examples/target/apidocs/alluxio/examples/keyvalue/package-summary.html...
Generating /opt/compile/guoyj/alluxio/examples/target/apidocs/alluxio/examples/keyvalue/package-tree.html...
Generating /opt/compile/guoyj/alluxio/examples/target/apidocs/alluxio/examples/keyvalue/hadoop/package-frame.html...
Generating /opt/compile/guoyj/alluxio/examples/target/apidocs/alluxio/examples/keyvalue/hadoop/package-summary.html...
Generating /opt/compile/guoyj/alluxio/examples/target/apidocs/alluxio/examples/keyvalue/hadoop/package-tree.html...
Generating /opt/compile/guoyj/alluxio/examples/target/apidocs/constant-values.html...
Generating /opt/compile/guoyj/alluxio/examples/target/apidocs/alluxio/examples/class-use/BasicOperations.html...
Generating /opt/compile/guoyj/alluxio/examples/target/apidocs/alluxio/examples/class-use/BasicCheckpoint.html...
Generating /opt/compile/guoyj/alluxio/examples/target/apidocs/alluxio/examples/class-use/Performance.html...
Generating /opt/compile/guoyj/alluxio/examples/target/apidocs/alluxio/examples/class-use/Performance.Worker.html...
Generating /opt/compile/guoyj/alluxio/examples/target/apidocs/alluxio/examples/class-use/Performance.GeneralWorker.html...
Generating /opt/compile/guoyj/alluxio/examples/target/apidocs/alluxio/examples/class-use/Performance.AlluxioWriterWorker.html...
Generating /opt/compile/guoyj/alluxio/examples/target/apidocs/alluxio/examples/class-use/Performance.AlluxioReadWorker.html...
Generating /opt/compile/guoyj/alluxio/examples/target/apidocs/alluxio/examples/class-use/Performance.HdfsWorker.html...
Generating /opt/compile/guoyj/alluxio/examples/target/apidocs/alluxio/examples/class-use/MultiMount.html...
Generating /opt/compile/guoyj/alluxio/examples/target/apidocs/alluxio/examples/class-use/BasicNonByteBufferOperations.html...
Generating /opt/compile/guoyj/alluxio/examples/target/apidocs/alluxio/examples/keyvalue/class-use/SameKeyValueStoresTest.html...
Generating /opt/compile/guoyj/alluxio/examples/target/apidocs/alluxio/examples/keyvalue/class-use/KeyValueStoreQuickStart.html...
Generating /opt/compile/guoyj/alluxio/examples/target/apidocs/alluxio/examples/keyvalue/class-use/KeyValueStoreOperations.html...
Generating /opt/compile/guoyj/alluxio/examples/target/apidocs/alluxio/examples/keyvalue/class-use/ShowKeyValueStore.html...
Generating /opt/compile/guoyj/alluxio/examples/target/apidocs/alluxio/examples/keyvalue/hadoop/class-use/CloneStoreMapReduce.html...
Generating /opt/compile/guoyj/alluxio/examples/target/apidocs/alluxio/examples/keyvalue/hadoop/class-use/CloneStoreMapReduce.CloneStoreMapper.html...
Generating /opt/compile/guoyj/alluxio/examples/target/apidocs/alluxio/examples/keyvalue/hadoop/class-use/CloneStoreMapReduce.CloneStoreReducer.html...
Generating /opt/compile/guoyj/alluxio/examples/target/apidocs/alluxio/cli/class-use/JournalCrashTest.html...
Generating /opt/compile/guoyj/alluxio/examples/target/apidocs/alluxio/cli/class-use/MiniBenchmark.html...
Generating /opt/compile/guoyj/alluxio/examples/target/apidocs/alluxio/cli/class-use/TestRunner.html...
Generating /opt/compile/guoyj/alluxio/examples/target/apidocs/alluxio/cli/class-use/AlluxioFrameworkIntegrationTest.html...
Generating /opt/compile/guoyj/alluxio/examples/target/apidocs/alluxio/cli/class-use/CliUtils.html...
Generating /opt/compile/guoyj/alluxio/examples/target/apidocs/alluxio/cli/package-use.html...
Generating /opt/compile/guoyj/alluxio/examples/target/apidocs/alluxio/examples/package-use.html...
Generating /opt/compile/guoyj/alluxio/examples/target/apidocs/alluxio/examples/keyvalue/package-use.html...
Generating /opt/compile/guoyj/alluxio/examples/target/apidocs/alluxio/examples/keyvalue/hadoop/package-use.html...
Building index for all the packages and classes...
Generating /opt/compile/guoyj/alluxio/examples/target/apidocs/overview-tree.html...
Generating /opt/compile/guoyj/alluxio/examples/target/apidocs/index-all.html...
Generating /opt/compile/guoyj/alluxio/examples/target/apidocs/deprecated-list.html...
Building index for all classes...
Generating /opt/compile/guoyj/alluxio/examples/target/apidocs/allclasses-frame.html...
Generating /opt/compile/guoyj/alluxio/examples/target/apidocs/allclasses-noframe.html...
Generating /opt/compile/guoyj/alluxio/examples/target/apidocs/index.html...
Generating /opt/compile/guoyj/alluxio/examples/target/apidocs/overview-summary.html...
Generating /opt/compile/guoyj/alluxio/examples/target/apidocs/help-doc.html...
[INFO] Building jar: /opt/compile/guoyj/alluxio/examples/target/alluxio-examples-1.4.1-SNAPSHOT-javadoc.jar
[INFO]                                                                         
[INFO] ------------------------------------------------------------------------
[INFO] Building Alluxio MiniCluster 1.4.1-SNAPSHOT
[INFO] ------------------------------------------------------------------------
[INFO] 
[INFO] --- maven-clean-plugin:2.5:clean (default-clean) @ alluxio-minicluster ---
[INFO] Deleting /opt/compile/guoyj/alluxio/minicluster/target
[INFO] 
[INFO] --- build-helper-maven-plugin:1.10:regex-property (parse-hadoop-major-version) @ alluxio-minicluster ---
[INFO] No match to regex '^1\..*$' found in '2.4.0'. The initial value '2.4.0' is left as-is...
[INFO] 
[INFO] --- maven-enforcer-plugin:1.4:enforce (enforce-maven) @ alluxio-minicluster ---
[INFO] 
[INFO] --- maven-enforcer-plugin:1.4:enforce (enforce-versions) @ alluxio-minicluster ---
[INFO] 
[INFO] --- maven-checkstyle-plugin:2.17:check (checkstyle) @ alluxio-minicluster ---
[INFO] 
[INFO] --- license-maven-plugin:2.9:check (default) @ alluxio-minicluster ---
[INFO] Checking licenses...
[INFO] 
[INFO] --- maven-resources-plugin:2.6:resources (default-resources) @ alluxio-minicluster ---
[INFO] Using 'UTF-8' encoding to copy filtered resources.
[INFO] skip non existing resourceDirectory /opt/compile/guoyj/alluxio/minicluster/src/main/resources
[INFO] 
[INFO] --- maven-compiler-plugin:3.2:compile (default-compile) @ alluxio-minicluster ---
[INFO] Changes detected - recompiling the module!
[INFO] Compiling 7 source files to /opt/compile/guoyj/alluxio/minicluster/target/classes
[INFO] 
[INFO] >>> findbugs-maven-plugin:3.0.2:check (default) > :findbugs @ alluxio-minicluster >>>
[INFO] 
[INFO] --- findbugs-maven-plugin:3.0.2:findbugs (findbugs) @ alluxio-minicluster ---
[INFO] Fork Value is true
[INFO] Done FindBugs Analysis....
[INFO] 
[INFO] <<< findbugs-maven-plugin:3.0.2:check (default) < :findbugs @ alluxio-minicluster <<<
[INFO] 
[INFO] --- findbugs-maven-plugin:3.0.2:check (default) @ alluxio-minicluster ---
[INFO] BugInstance size is 0
[INFO] Error size is 0
[INFO] No errors/warnings found
[INFO] 
[INFO] --- maven-resources-plugin:2.6:testResources (default-testResources) @ alluxio-minicluster ---
[INFO] Using 'UTF-8' encoding to copy filtered resources.
[INFO] skip non existing resourceDirectory /opt/compile/guoyj/alluxio/minicluster/src/test/resources
[INFO] 
[INFO] --- maven-compiler-plugin:3.2:testCompile (default-testCompile) @ alluxio-minicluster ---
[INFO] No sources to compile
[INFO] 
[INFO] --- maven-surefire-plugin:2.19.1:test (default-test) @ alluxio-minicluster ---
[INFO] Tests are skipped.
[INFO] 
[INFO] --- maven-jar-plugin:2.4:jar (default-jar) @ alluxio-minicluster ---
[INFO] Building jar: /opt/compile/guoyj/alluxio/minicluster/target/alluxio-minicluster-1.4.1-SNAPSHOT.jar
[INFO] 
[INFO] >>> maven-source-plugin:2.3:jar (attach-sources) > generate-sources @ alluxio-minicluster >>>
[INFO] 
[INFO] --- build-helper-maven-plugin:1.10:regex-property (parse-hadoop-major-version) @ alluxio-minicluster ---
[INFO] No match to regex '^1\..*$' found in '2.4.0'. The initial value '2.4.0' is left as-is...
[INFO] 
[INFO] --- maven-enforcer-plugin:1.4:enforce (enforce-maven) @ alluxio-minicluster ---
[INFO] 
[INFO] --- maven-enforcer-plugin:1.4:enforce (enforce-versions) @ alluxio-minicluster ---
[INFO] 
[INFO] --- maven-checkstyle-plugin:2.17:check (checkstyle) @ alluxio-minicluster ---
[INFO] 
[INFO] --- license-maven-plugin:2.9:check (default) @ alluxio-minicluster ---
[INFO] Checking licenses...
[INFO] 
[INFO] <<< maven-source-plugin:2.3:jar (attach-sources) < generate-sources @ alluxio-minicluster <<<
[INFO] 
[INFO] --- maven-source-plugin:2.3:jar (attach-sources) @ alluxio-minicluster ---
[INFO] Building jar: /opt/compile/guoyj/alluxio/minicluster/target/alluxio-minicluster-1.4.1-SNAPSHOT-sources.jar
[INFO] 
[INFO] --- maven-javadoc-plugin:2.9:jar (attach-javadoc) @ alluxio-minicluster ---
[INFO] 
Loading source files for package alluxio.master...
Loading source files for package alluxio.underfs...
Constructing Javadoc information...
Standard Doclet version 1.7.0_60-ea
Building tree for all the packages and classes...
Generating /opt/compile/guoyj/alluxio/minicluster/target/apidocs/alluxio/master/AbstractLocalAlluxioCluster.html...
Generating /opt/compile/guoyj/alluxio/minicluster/target/apidocs/alluxio/master/ClientPool.html...
Generating /opt/compile/guoyj/alluxio/minicluster/target/apidocs/alluxio/master/LocalAlluxioCluster.html...
Generating /opt/compile/guoyj/alluxio/minicluster/target/apidocs/alluxio/master/LocalAlluxioMaster.html...
Generating /opt/compile/guoyj/alluxio/minicluster/target/apidocs/alluxio/master/MultiMasterLocalAlluxioCluster.html...
Generating /opt/compile/guoyj/alluxio/minicluster/target/apidocs/alluxio/underfs/LocalFileSystemCluster.html...
Generating /opt/compile/guoyj/alluxio/minicluster/target/apidocs/alluxio/underfs/UnderFileSystemCluster.html...
Generating /opt/compile/guoyj/alluxio/minicluster/target/apidocs/overview-frame.html...
Generating /opt/compile/guoyj/alluxio/minicluster/target/apidocs/alluxio/master/package-frame.html...
Generating /opt/compile/guoyj/alluxio/minicluster/target/apidocs/alluxio/master/package-summary.html...
Generating /opt/compile/guoyj/alluxio/minicluster/target/apidocs/alluxio/master/package-tree.html...
Generating /opt/compile/guoyj/alluxio/minicluster/target/apidocs/alluxio/underfs/package-frame.html...
Generating /opt/compile/guoyj/alluxio/minicluster/target/apidocs/alluxio/underfs/package-summary.html...
Generating /opt/compile/guoyj/alluxio/minicluster/target/apidocs/alluxio/underfs/package-tree.html...
Generating /opt/compile/guoyj/alluxio/minicluster/target/apidocs/constant-values.html...
Generating /opt/compile/guoyj/alluxio/minicluster/target/apidocs/alluxio/master/class-use/LocalAlluxioMaster.html...
Generating /opt/compile/guoyj/alluxio/minicluster/target/apidocs/alluxio/master/class-use/AbstractLocalAlluxioCluster.html...
Generating /opt/compile/guoyj/alluxio/minicluster/target/apidocs/alluxio/master/class-use/LocalAlluxioCluster.html...
Generating /opt/compile/guoyj/alluxio/minicluster/target/apidocs/alluxio/master/class-use/MultiMasterLocalAlluxioCluster.html...
Generating /opt/compile/guoyj/alluxio/minicluster/target/apidocs/alluxio/master/class-use/ClientPool.html...
Generating /opt/compile/guoyj/alluxio/minicluster/target/apidocs/alluxio/underfs/class-use/UnderFileSystemCluster.html...
Generating /opt/compile/guoyj/alluxio/minicluster/target/apidocs/alluxio/underfs/class-use/LocalFileSystemCluster.html...
Generating /opt/compile/guoyj/alluxio/minicluster/target/apidocs/alluxio/master/package-use.html...
Generating /opt/compile/guoyj/alluxio/minicluster/target/apidocs/alluxio/underfs/package-use.html...
Building index for all the packages and classes...
Generating /opt/compile/guoyj/alluxio/minicluster/target/apidocs/overview-tree.html...
Generating /opt/compile/guoyj/alluxio/minicluster/target/apidocs/index-all.html...
Generating /opt/compile/guoyj/alluxio/minicluster/target/apidocs/deprecated-list.html...
Building index for all classes...
Generating /opt/compile/guoyj/alluxio/minicluster/target/apidocs/allclasses-frame.html...
Generating /opt/compile/guoyj/alluxio/minicluster/target/apidocs/allclasses-noframe.html...
Generating /opt/compile/guoyj/alluxio/minicluster/target/apidocs/index.html...
Generating /opt/compile/guoyj/alluxio/minicluster/target/apidocs/overview-summary.html...
Generating /opt/compile/guoyj/alluxio/minicluster/target/apidocs/help-doc.html...
1 warning
[WARNING] Javadoc Warnings
[WARNING] /opt/compile/guoyj/alluxio/core/common/target/alluxio-core-common-1.4.1-SNAPSHOT-tests.jar(alluxio/security/GroupMappingServiceTestUtils.class): warning: Cannot find annotation method 'value()' in type 'PrepareForTest': class file for org.powermock.core.classloader.annotations.PrepareForTest not found
[INFO] Building jar: /opt/compile/guoyj/alluxio/minicluster/target/alluxio-minicluster-1.4.1-SNAPSHOT-javadoc.jar
[INFO]                                                                         
[INFO] ------------------------------------------------------------------------
[INFO] Building Alluxio Tests 1.4.1-SNAPSHOT
[INFO] ------------------------------------------------------------------------
[INFO] 
[INFO] --- maven-clean-plugin:2.5:clean (default-clean) @ alluxio-tests ---
[INFO] Deleting /opt/compile/guoyj/alluxio/tests/target
[INFO] 
[INFO] --- build-helper-maven-plugin:1.10:regex-property (parse-hadoop-major-version) @ alluxio-tests ---
[INFO] No match to regex '^1\..*$' found in '2.4.0'. The initial value '2.4.0' is left as-is...
[INFO] 
[INFO] --- maven-enforcer-plugin:1.4:enforce (enforce-maven) @ alluxio-tests ---
[INFO] 
[INFO] --- maven-enforcer-plugin:1.4:enforce (enforce-versions) @ alluxio-tests ---
[INFO] 
[INFO] --- maven-checkstyle-plugin:2.17:check (checkstyle) @ alluxio-tests ---
[INFO] 
[INFO] --- license-maven-plugin:2.9:check (default) @ alluxio-tests ---
[INFO] Checking licenses...
[INFO] 
[INFO] --- maven-resources-plugin:2.6:resources (default-resources) @ alluxio-tests ---
[INFO] Using 'UTF-8' encoding to copy filtered resources.
[INFO] skip non existing resourceDirectory /opt/compile/guoyj/alluxio/tests/src/main/resources
[INFO] 
[INFO] --- maven-compiler-plugin:3.2:compile (default-compile) @ alluxio-tests ---
[INFO] No sources to compile
[INFO] 
[INFO] >>> findbugs-maven-plugin:3.0.2:check (default) > :findbugs @ alluxio-tests >>>
[INFO] 
[INFO] --- findbugs-maven-plugin:3.0.2:findbugs (findbugs) @ alluxio-tests ---
[INFO] 
[INFO] <<< findbugs-maven-plugin:3.0.2:check (default) < :findbugs @ alluxio-tests <<<
[INFO] 
[INFO] --- findbugs-maven-plugin:3.0.2:check (default) @ alluxio-tests ---
[INFO] 
[INFO] --- maven-resources-plugin:2.6:testResources (default-testResources) @ alluxio-tests ---
[INFO] Using 'UTF-8' encoding to copy filtered resources.
[INFO] Copying 2 resources
[INFO] 
[INFO] --- maven-compiler-plugin:3.2:testCompile (default-testCompile) @ alluxio-tests ---
[INFO] Changes detected - recompiling the module!
[INFO] Compiling 101 source files to /opt/compile/guoyj/alluxio/tests/target/test-classes
[INFO] /opt/compile/guoyj/alluxio/tests/src/test/java/alluxio/client/ReadOnlyMountIntegrationTest.java: Some input files use or override a deprecated API.
[INFO] /opt/compile/guoyj/alluxio/tests/src/test/java/alluxio/client/ReadOnlyMountIntegrationTest.java: Recompile with -Xlint:deprecation for details.
[INFO] /opt/compile/guoyj/alluxio/tests/src/test/java/alluxio/master/MasterFaultToleranceIntegrationTest.java: Some input files use unchecked or unsafe operations.
[INFO] /opt/compile/guoyj/alluxio/tests/src/test/java/alluxio/master/MasterFaultToleranceIntegrationTest.java: Recompile with -Xlint:unchecked for details.
[INFO] 
[INFO] --- maven-surefire-plugin:2.19.1:test (default-test) @ alluxio-tests ---
[INFO] Tests are skipped.
[INFO] 
[INFO] --- maven-jar-plugin:2.4:jar (default-jar) @ alluxio-tests ---
[WARNING] JAR will be empty - no content was marked for inclusion!
[INFO] Building jar: /opt/compile/guoyj/alluxio/tests/target/alluxio-tests-1.4.1-SNAPSHOT.jar
[INFO] 
[INFO] >>> maven-source-plugin:2.3:jar (attach-sources) > generate-sources @ alluxio-tests >>>
[INFO] 
[INFO] --- build-helper-maven-plugin:1.10:regex-property (parse-hadoop-major-version) @ alluxio-tests ---
[INFO] No match to regex '^1\..*$' found in '2.4.0'. The initial value '2.4.0' is left as-is...
[INFO] 
[INFO] --- maven-enforcer-plugin:1.4:enforce (enforce-maven) @ alluxio-tests ---
[INFO] 
[INFO] --- maven-enforcer-plugin:1.4:enforce (enforce-versions) @ alluxio-tests ---
[INFO] 
[INFO] --- maven-checkstyle-plugin:2.17:check (checkstyle) @ alluxio-tests ---
[INFO] 
[INFO] --- license-maven-plugin:2.9:check (default) @ alluxio-tests ---
[INFO] Checking licenses...
[INFO] 
[INFO] <<< maven-source-plugin:2.3:jar (attach-sources) < generate-sources @ alluxio-tests <<<
[INFO] 
[INFO] --- maven-source-plugin:2.3:jar (attach-sources) @ alluxio-tests ---
[INFO] No sources in project. Archive not created.
[INFO] 
[INFO] --- maven-javadoc-plugin:2.9:jar (attach-javadoc) @ alluxio-tests ---
[INFO]                                                                         
[INFO] ------------------------------------------------------------------------
[INFO] Building Alluxio Integration 1.4.1-SNAPSHOT
[INFO] ------------------------------------------------------------------------
[INFO] 
[INFO] --- maven-clean-plugin:2.5:clean (default-clean) @ alluxio-integration ---
[INFO] Deleting /opt/compile/guoyj/alluxio/integration/target
[INFO] 
[INFO] --- build-helper-maven-plugin:1.10:regex-property (parse-hadoop-major-version) @ alluxio-integration ---
[INFO] No match to regex '^1\..*$' found in '2.4.0'. The initial value '2.4.0' is left as-is...
[INFO] 
[INFO] --- maven-enforcer-plugin:1.4:enforce (enforce-maven) @ alluxio-integration ---
[INFO] 
[INFO] --- maven-enforcer-plugin:1.4:enforce (enforce-versions) @ alluxio-integration ---
[INFO] 
[INFO] --- maven-checkstyle-plugin:2.17:check (checkstyle) @ alluxio-integration ---
[INFO] 
[INFO] --- license-maven-plugin:2.9:check (default) @ alluxio-integration ---
[INFO] Checking licenses...
[INFO] 
[INFO] >>> findbugs-maven-plugin:3.0.2:check (default) > :findbugs @ alluxio-integration >>>
[INFO] 
[INFO] --- findbugs-maven-plugin:3.0.2:findbugs (findbugs) @ alluxio-integration ---
[INFO] 
[INFO] <<< findbugs-maven-plugin:3.0.2:check (default) < :findbugs @ alluxio-integration <<<
[INFO] 
[INFO] --- findbugs-maven-plugin:3.0.2:check (default) @ alluxio-integration ---
[INFO] 
[INFO] >>> maven-source-plugin:2.3:jar (attach-sources) > generate-sources @ alluxio-integration >>>
[INFO] 
[INFO] --- build-helper-maven-plugin:1.10:regex-property (parse-hadoop-major-version) @ alluxio-integration ---
[INFO] No match to regex '^1\..*$' found in '2.4.0'. The initial value '2.4.0' is left as-is...
[INFO] 
[INFO] --- maven-enforcer-plugin:1.4:enforce (enforce-maven) @ alluxio-integration ---
[INFO] 
[INFO] --- maven-enforcer-plugin:1.4:enforce (enforce-versions) @ alluxio-integration ---
[INFO] 
[INFO] --- maven-checkstyle-plugin:2.17:check (checkstyle) @ alluxio-integration ---
[INFO] 
[INFO] --- license-maven-plugin:2.9:check (default) @ alluxio-integration ---
[INFO] Checking licenses...
[INFO] 
[INFO] <<< maven-source-plugin:2.3:jar (attach-sources) < generate-sources @ alluxio-integration <<<
[INFO] 
[INFO] --- maven-source-plugin:2.3:jar (attach-sources) @ alluxio-integration ---
[INFO] 
[INFO] --- maven-javadoc-plugin:2.9:jar (attach-javadoc) @ alluxio-integration ---
[INFO] Not executing Javadoc as the project is not a Java classpath-capable package
[INFO]                                                                         
[INFO] ------------------------------------------------------------------------
[INFO] Building Alluxio Assemblies 1.4.1-SNAPSHOT
[INFO] ------------------------------------------------------------------------
[INFO] 
[INFO] --- maven-clean-plugin:2.5:clean (default-clean) @ alluxio-assemblies ---
[INFO] Deleting /opt/compile/guoyj/alluxio/assembly/target
[INFO] 
[INFO] --- build-helper-maven-plugin:1.10:regex-property (parse-hadoop-major-version) @ alluxio-assemblies ---
[INFO] No match to regex '^1\..*$' found in '2.4.0'. The initial value '2.4.0' is left as-is...
[INFO] 
[INFO] --- maven-enforcer-plugin:1.4:enforce (enforce-maven) @ alluxio-assemblies ---
[INFO] 
[INFO] --- maven-enforcer-plugin:1.4:enforce (enforce-versions) @ alluxio-assemblies ---
[INFO] 
[INFO] --- maven-checkstyle-plugin:2.17:check (checkstyle) @ alluxio-assemblies ---
[INFO] 
[INFO] --- license-maven-plugin:2.9:check (default) @ alluxio-assemblies ---
[INFO] Checking licenses...
[INFO] 
[INFO] --- maven-resources-plugin:2.6:resources (default-resources) @ alluxio-assemblies ---
[INFO] Using 'UTF-8' encoding to copy filtered resources.
[INFO] skip non existing resourceDirectory /opt/compile/guoyj/alluxio/assembly/src/main/resources
[INFO] 
[INFO] --- maven-compiler-plugin:3.2:compile (default-compile) @ alluxio-assemblies ---
[INFO] No sources to compile
[INFO] 
[INFO] >>> findbugs-maven-plugin:3.0.2:check (default) > :findbugs @ alluxio-assemblies >>>
[INFO] 
[INFO] --- findbugs-maven-plugin:3.0.2:findbugs (findbugs) @ alluxio-assemblies ---
[INFO] 
[INFO] <<< findbugs-maven-plugin:3.0.2:check (default) < :findbugs @ alluxio-assemblies <<<
[INFO] 
[INFO] --- findbugs-maven-plugin:3.0.2:check (default) @ alluxio-assemblies ---
[INFO] 
[INFO] --- maven-resources-plugin:2.6:testResources (default-testResources) @ alluxio-assemblies ---
[INFO] Using 'UTF-8' encoding to copy filtered resources.
[INFO] skip non existing resourceDirectory /opt/compile/guoyj/alluxio/assembly/src/test/resources
[INFO] 
[INFO] --- maven-compiler-plugin:3.2:testCompile (default-testCompile) @ alluxio-assemblies ---
[INFO] No sources to compile
[INFO] 
[INFO] --- maven-surefire-plugin:2.19.1:test (default-test) @ alluxio-assemblies ---
[INFO] Tests are skipped.
[INFO] 
[INFO] --- maven-jar-plugin:2.4:jar (default-jar) @ alluxio-assemblies ---
[WARNING] JAR will be empty - no content was marked for inclusion!
[INFO] Building jar: /opt/compile/guoyj/alluxio/assembly/target/alluxio-assemblies-1.4.1-SNAPSHOT.jar
[INFO] 
[INFO] --- maven-shade-plugin:2.2:shade (uber-jar) @ alluxio-assemblies ---
[INFO] Including org.alluxio:alluxio-core-server:jar:1.4.1-SNAPSHOT in the shaded jar.
[INFO] Including com.google.protobuf:protobuf-java:jar:2.5.0 in the shaded jar.
[INFO] Including org.alluxio:alluxio-core-client:jar:1.4.1-SNAPSHOT in the shaded jar.
[INFO] Including org.alluxio:alluxio-underfs-s3a:jar:1.4.1-SNAPSHOT in the shaded jar.
[INFO] Including com.amazonaws:aws-java-sdk-s3:jar:1.11.7 in the shaded jar.
[INFO] Including com.amazonaws:aws-java-sdk-kms:jar:1.11.7 in the shaded jar.
[INFO] Including com.amazonaws:aws-java-sdk-core:jar:1.11.7 in the shaded jar.
[INFO] Including com.fasterxml.jackson.dataformat:jackson-dataformat-cbor:jar:2.6.6 in the shaded jar.
[INFO] Including joda-time:joda-time:jar:2.8.1 in the shaded jar.
[INFO] Including org.alluxio:alluxio-core-common:jar:1.4.1-SNAPSHOT in the shaded jar.
[INFO] Including commons-lang:commons-lang:jar:2.6 in the shaded jar.
[INFO] Including commons-io:commons-io:jar:2.4 in the shaded jar.
[INFO] Including org.apache.curator:curator-framework:jar:2.1.0-incubating in the shaded jar.
[INFO] Including org.apache.zookeeper:zookeeper:jar:3.4.5 in the shaded jar.
[INFO] Including jline:jline:jar:0.9.94 in the shaded jar.
[INFO] Including org.jboss.netty:netty:jar:3.2.2.Final in the shaded jar.
[INFO] Including org.apache.curator:curator-client:jar:2.1.0-incubating in the shaded jar.
[INFO] Including org.apache.curator:curator-recipes:jar:2.1.0-incubating in the shaded jar.
[INFO] Including org.apache.thrift:libthrift:jar:0.9.3 in the shaded jar.
[INFO] Including io.dropwizard.metrics:metrics-core:jar:3.1.2 in the shaded jar.
[INFO] Including io.dropwizard.metrics:metrics-json:jar:3.1.2 in the shaded jar.
[INFO] Including com.fasterxml.jackson.core:jackson-databind:jar:2.4.2 in the shaded jar.
[INFO] Including io.dropwizard.metrics:metrics-jvm:jar:3.1.2 in the shaded jar.
[INFO] Including io.dropwizard.metrics:metrics-graphite:jar:3.1.2 in the shaded jar.
[INFO] Including com.google.code.findbugs:jsr305:jar:3.0.0 in the shaded jar.
[INFO] Including io.netty:netty-all:jar:4.0.29.Final in the shaded jar.
[INFO] Including org.glassfish.jersey.containers:jersey-container-servlet-core:jar:2.22 in the shaded jar.
[INFO] Including org.glassfish.hk2.external:javax.inject:jar:2.4.0-b31 in the shaded jar.
[INFO] Including org.glassfish.jersey.core:jersey-common:jar:2.22 in the shaded jar.
[INFO] Including org.glassfish.jersey.bundles.repackaged:jersey-guava:jar:2.22 in the shaded jar.
[INFO] Including org.glassfish.hk2:hk2-api:jar:2.4.0-b31 in the shaded jar.
[INFO] Including org.glassfish.hk2:hk2-utils:jar:2.4.0-b31 in the shaded jar.
[INFO] Including org.glassfish.hk2.external:aopalliance-repackaged:jar:2.4.0-b31 in the shaded jar.
[INFO] Including org.glassfish.hk2:hk2-locator:jar:2.4.0-b31 in the shaded jar.
[INFO] Including org.glassfish.hk2:osgi-resource-locator:jar:1.0.1 in the shaded jar.
[INFO] Including org.glassfish.jersey.core:jersey-server:jar:2.22 in the shaded jar.
[INFO] Including org.glassfish.jersey.core:jersey-client:jar:2.22 in the shaded jar.
[INFO] Including org.glassfish.jersey.media:jersey-media-jaxb:jar:2.22 in the shaded jar.
[INFO] Including javax.validation:validation-api:jar:1.1.0.Final in the shaded jar.
[INFO] Including javax.ws.rs:javax.ws.rs-api:jar:2.0.1 in the shaded jar.
[INFO] Including org.glassfish.jersey.media:jersey-media-json-jackson:jar:2.22 in the shaded jar.
[INFO] Including org.glassfish.jersey.ext:jersey-entity-filtering:jar:2.22 in the shaded jar.
[INFO] Including com.fasterxml.jackson.jaxrs:jackson-jaxrs-base:jar:2.5.4 in the shaded jar.
[INFO] Including com.fasterxml.jackson.core:jackson-core:jar:2.5.4 in the shaded jar.
[INFO] Including com.fasterxml.jackson.jaxrs:jackson-jaxrs-json-provider:jar:2.5.4 in the shaded jar.
[INFO] Including com.fasterxml.jackson.module:jackson-module-jaxb-annotations:jar:2.5.4 in the shaded jar.
[INFO] Including com.fasterxml.jackson.core:jackson-annotations:jar:2.5.4 in the shaded jar.
[INFO] Including commons-cli:commons-cli:jar:1.3.1 in the shaded jar.
[INFO] Including commons-codec:commons-codec:jar:1.10 in the shaded jar.
[INFO] Including org.apache.commons:commons-lang3:jar:3.4 in the shaded jar.
[INFO] Including org.apache.hadoop:hadoop-client:jar:2.4.0 in the shaded jar.
[INFO] Including org.apache.hadoop:hadoop-common:jar:2.4.0 in the shaded jar.
[INFO] Including org.apache.commons:commons-math3:jar:3.1.1 in the shaded jar.
[INFO] Including xmlenc:xmlenc:jar:0.52 in the shaded jar.
[INFO] Including commons-net:commons-net:jar:3.1 in the shaded jar.
[INFO] Including commons-collections:commons-collections:jar:3.2.1 in the shaded jar.
[INFO] Including log4j:log4j:jar:1.2.17 in the shaded jar.
[INFO] Including commons-configuration:commons-configuration:jar:1.6 in the shaded jar.
[INFO] Including commons-digester:commons-digester:jar:1.8 in the shaded jar.
[INFO] Including commons-beanutils:commons-beanutils-core:jar:1.8.0 in the shaded jar.
[INFO] Including org.apache.avro:avro:jar:1.7.4 in the shaded jar.
[INFO] Including com.thoughtworks.paranamer:paranamer:jar:2.3 in the shaded jar.
[INFO] Including org.xerial.snappy:snappy-java:jar:1.0.4.1 in the shaded jar.
[INFO] Including org.apache.hadoop:hadoop-auth:jar:2.4.0 in the shaded jar.
[INFO] Including org.apache.commons:commons-compress:jar:1.4.1 in the shaded jar.
[INFO] Including org.tukaani:xz:jar:1.0 in the shaded jar.
[INFO] Including org.apache.hadoop:hadoop-hdfs:jar:2.4.0 in the shaded jar.
[INFO] Including org.mortbay.jetty:jetty-util:jar:6.1.26 in the shaded jar.
[INFO] Including org.apache.hadoop:hadoop-mapreduce-client-app:jar:2.4.0 in the shaded jar.
[INFO] Including org.apache.hadoop:hadoop-mapreduce-client-common:jar:2.4.0 in the shaded jar.
[INFO] Including org.apache.hadoop:hadoop-yarn-client:jar:2.4.0 in the shaded jar.
[INFO] Including org.apache.hadoop:hadoop-mapreduce-client-shuffle:jar:2.4.0 in the shaded jar.
[INFO] Including org.apache.hadoop:hadoop-yarn-api:jar:2.4.0 in the shaded jar.
[INFO] Including org.apache.hadoop:hadoop-mapreduce-client-core:jar:2.4.0 in the shaded jar.
[INFO] Including org.apache.hadoop:hadoop-yarn-common:jar:2.4.0 in the shaded jar.
[INFO] Including org.apache.hadoop:hadoop-mapreduce-client-jobclient:jar:2.4.0 in the shaded jar.
[INFO] Including org.apache.hadoop:hadoop-annotations:jar:2.4.0 in the shaded jar.
[INFO] Including org.eclipse.jetty:jetty-jsp:jar:9.2.16.v20160414 in the shaded jar.
[INFO] Including org.eclipse.jetty.toolchain:jetty-schemas:jar:3.1.M0 in the shaded jar.
[INFO] Including javax.servlet:javax.servlet-api:jar:3.1.0 in the shaded jar.
[INFO] Including javax.servlet.jsp:javax.servlet.jsp-api:jar:2.3.1 in the shaded jar.
[INFO] Including org.glassfish.web:javax.servlet.jsp:jar:2.3.2 in the shaded jar.
[INFO] Including org.eclipse.jetty.orbit:javax.servlet.jsp.jstl:jar:1.2.0.v201105211821 in the shaded jar.
[INFO] Including org.glassfish.web:javax.servlet.jsp.jstl:jar:1.2.2 in the shaded jar.
[INFO] Including org.glassfish:javax.el:jar:3.0.0 in the shaded jar.
[INFO] Including org.eclipse.jetty.orbit:org.eclipse.jdt.core:jar:3.8.2.v20130121 in the shaded jar.
[INFO] Including org.eclipse.jetty:jetty-webapp:jar:9.2.16.v20160414 in the shaded jar.
[INFO] Including org.eclipse.jetty:jetty-xml:jar:9.2.16.v20160414 in the shaded jar.
[INFO] Including org.eclipse.jetty:jetty-server:jar:9.2.16.v20160414 in the shaded jar.
[INFO] Including org.eclipse.jetty:jetty-http:jar:9.2.16.v20160414 in the shaded jar.
[INFO] Including org.eclipse.jetty:jetty-io:jar:9.2.16.v20160414 in the shaded jar.
[INFO] Including org.eclipse.jetty:jetty-servlet:jar:9.2.16.v20160414 in the shaded jar.
[INFO] Including org.eclipse.jetty:jetty-security:jar:9.2.16.v20160414 in the shaded jar.
[INFO] Including org.eclipse.jetty:apache-jsp:jar:9.2.16.v20160414 in the shaded jar.
[INFO] Including org.eclipse.jetty:jetty-util:jar:9.2.16.v20160414 in the shaded jar.
[INFO] Including org.mortbay.jasper:apache-jsp:jar:8.0.33 in the shaded jar.
[INFO] Including org.mortbay.jasper:apache-el:jar:8.0.33 in the shaded jar.
[INFO] Including org.eclipse.jetty:apache-jstl:jar:9.2.16.v20160414 in the shaded jar.
[INFO] Including org.apache.taglibs:taglibs-standard-spec:jar:1.2.1 in the shaded jar.
[INFO] Including org.apache.taglibs:taglibs-standard-impl:jar:1.2.1 in the shaded jar.
[INFO] Including org.eclipse.jetty:jetty-annotations:jar:9.2.16.v20160414 in the shaded jar.
[INFO] Including org.eclipse.jetty:jetty-plus:jar:9.2.16.v20160414 in the shaded jar.
[INFO] Including org.eclipse.jetty:jetty-jndi:jar:9.2.16.v20160414 in the shaded jar.
[INFO] Including javax.annotation:javax.annotation-api:jar:1.2 in the shaded jar.
[INFO] Including org.ow2.asm:asm:jar:5.0.1 in the shaded jar.
[INFO] Including org.ow2.asm:asm-commons:jar:5.0.1 in the shaded jar.
[INFO] Including org.ow2.asm:asm-tree:jar:5.0.1 in the shaded jar.
[INFO] Including com.qmino:miredot-annotations:jar:1.4.0 in the shaded jar.
[INFO] Including org.alluxio:alluxio-keyvalue-server:jar:1.4.1-SNAPSHOT in the shaded jar.
[INFO] Including org.alluxio:alluxio-keyvalue-common:jar:1.4.1-SNAPSHOT in the shaded jar.
[INFO] Including org.alluxio:alluxio-keyvalue-client:jar:1.4.1-SNAPSHOT in the shaded jar.
[INFO] Including org.alluxio:alluxio-underfs-hdfs:jar:1.4.1-SNAPSHOT in the shaded jar.
[INFO] Including com.google.guava:guava:jar:14.0.1 in the shaded jar.
[INFO] Including org.slf4j:slf4j-api:jar:1.7.2 in the shaded jar.
[INFO] Including org.alluxio:alluxio-underfs-glusterfs:jar:1.4.1-SNAPSHOT in the shaded jar.
[INFO] Including org.gluster:glusterfs-hadoop:jar:2.3.13 in the shaded jar.
[INFO] Including org.apache.hadoop:hadoop-yarn-server-nodemanager:jar:2.3.0 in the shaded jar.
[INFO] Including javax.xml.bind:jaxb-api:jar:2.2.2 in the shaded jar.
[INFO] Including javax.xml.stream:stax-api:jar:1.0-2 in the shaded jar.
[INFO] Including javax.activation:activation:jar:1.1 in the shaded jar.
[INFO] Including org.codehaus.jettison:jettison:jar:1.1 in the shaded jar.
[INFO] Including com.sun.jersey:jersey-core:jar:1.9 in the shaded jar.
[INFO] Including com.sun.jersey:jersey-client:jar:1.9 in the shaded jar.
[INFO] Including com.google.inject.extensions:guice-servlet:jar:3.0 in the shaded jar.
[INFO] Including com.google.inject:guice:jar:3.0 in the shaded jar.
[INFO] Including javax.inject:javax.inject:jar:1 in the shaded jar.
[INFO] Including aopalliance:aopalliance:jar:1.0 in the shaded jar.
[INFO] Including com.sun.jersey:jersey-json:jar:1.9 in the shaded jar.
[INFO] Including com.sun.xml.bind:jaxb-impl:jar:2.2.3-1 in the shaded jar.
[INFO] Including org.codehaus.jackson:jackson-jaxrs:jar:1.8.3 in the shaded jar.
[INFO] Including org.codehaus.jackson:jackson-xc:jar:1.8.3 in the shaded jar.
[INFO] Including com.sun.jersey.contribs:jersey-guice:jar:1.9 in the shaded jar.
[INFO] Including com.sun.jersey:jersey-server:jar:1.9 in the shaded jar.
[INFO] Including asm:asm:jar:3.1 in the shaded jar.
[INFO] Including org.apache.hadoop:hadoop-yarn-server-common:jar:2.3.0 in the shaded jar.
[INFO] Including org.slf4j:slf4j-log4j12:jar:1.7.2 in the shaded jar.
[INFO] Including org.alluxio:alluxio-underfs-oss:jar:1.4.1-SNAPSHOT in the shaded jar.
[INFO] Including com.aliyun.oss:aliyun-sdk-oss:jar:2.0.7 in the shaded jar.
[INFO] Including org.apache.httpcomponents:httpclient:jar:4.4 in the shaded jar.
[INFO] Including org.jdom:jdom:jar:1.1 in the shaded jar.
[INFO] Including net.sf.json-lib:json-lib:jar:jdk15:2.4 in the shaded jar.
[INFO] Including commons-beanutils:commons-beanutils:jar:1.8.0 in the shaded jar.
[INFO] Including net.sf.ezmorph:ezmorph:jar:1.0.6 in the shaded jar.
[INFO] Including org.apache.httpcomponents:httpcore:jar:4.4 in the shaded jar.
[INFO] Including org.alluxio:alluxio-underfs-s3:jar:1.4.1-SNAPSHOT in the shaded jar.
[INFO] Including net.java.dev.jets3t:jets3t:jar:0.8.1 in the shaded jar.
[INFO] Including com.jamesmurty.utils:java-xmlbuilder:jar:0.4 in the shaded jar.
[INFO] Including commons-httpclient:commons-httpclient:jar:3.1 in the shaded jar.
[INFO] Including commons-logging:commons-logging:jar:1.1.1 in the shaded jar.
[INFO] Including org.alluxio:alluxio-underfs-gcs:jar:1.4.1-SNAPSHOT in the shaded jar.
[INFO] Including org.alluxio:alluxio-underfs-swift:jar:1.4.1-SNAPSHOT in the shaded jar.
[INFO] Including org.javaswift:joss:jar:0.9.10 in the shaded jar.
[INFO] Including org.slf4j:jcl-over-slf4j:jar:1.7.2 in the shaded jar.
[INFO] Including org.codehaus.jackson:jackson-mapper-asl:jar:1.9.7 in the shaded jar.
[INFO] Including org.codehaus.jackson:jackson-core-asl:jar:1.9.7 in the shaded jar.
[INFO] Including org.alluxio:alluxio-underfs-local:jar:1.4.1-SNAPSHOT in the shaded jar.
[INFO] Including org.alluxio:alluxio-examples:jar:1.4.1-SNAPSHOT in the shaded jar.
[INFO] Including com.beust:jcommander:jar:1.48 in the shaded jar.
[INFO] Including org.alluxio:alluxio-shell:jar:1.4.1-SNAPSHOT in the shaded jar.
[INFO] Including org.reflections:reflections:jar:0.9.10 in the shaded jar.
[INFO] Including org.javassist:javassist:jar:3.18.2-GA in the shaded jar.
[WARNING] javax.inject-2.4.0-b31.jar, javax.inject-1.jar define 6 overlappping classes: 
[WARNING]   - javax.inject.Named
[WARNING]   - javax.inject.Provider
[WARNING]   - javax.inject.Scope
[WARNING]   - javax.inject.Qualifier
[WARNING]   - javax.inject.Singleton
[WARNING]   - javax.inject.Inject
[WARNING] taglibs-standard-spec-1.2.1.jar, javax.servlet.jsp.jstl-1.2.0.v201105211821.jar define 22 overlappping classes: 
[WARNING]   - javax.servlet.jsp.jstl.tlv.PermittedTaglibsTLV
[WARNING]   - javax.servlet.jsp.jstl.core.IteratedValueExpression
[WARNING]   - javax.servlet.jsp.jstl.sql.ResultImpl
[WARNING]   - javax.servlet.jsp.jstl.tlv.ScriptFreeTLV
[WARNING]   - javax.servlet.jsp.jstl.core.LoopTagSupport
[WARNING]   - javax.servlet.jsp.jstl.fmt.LocalizationContext
[WARNING]   - javax.servlet.jsp.jstl.tlv.ScriptFreeTLV$1
[WARNING]   - javax.servlet.jsp.jstl.core.ConditionalTagSupport
[WARNING]   - javax.servlet.jsp.jstl.core.IndexedValueExpression
[WARNING]   - javax.servlet.jsp.jstl.tlv.PermittedTaglibsTLV$1
[WARNING]   - 12 more...
[WARNING] jersey-server-1.9.jar, jersey-server-2.22.jar define 18 overlappping classes: 
[WARNING]   - com.sun.research.ws.wadl.Method
[WARNING]   - com.sun.research.ws.wadl.ObjectFactory
[WARNING]   - com.sun.research.ws.wadl.Resource
[WARNING]   - com.sun.research.ws.wadl.Include
[WARNING]   - com.sun.research.ws.wadl.Link
[WARNING]   - com.sun.research.ws.wadl.Param
[WARNING]   - com.sun.research.ws.wadl.ParamStyle
[WARNING]   - com.sun.research.ws.wadl.package-info
[WARNING]   - com.sun.research.ws.wadl.HTTPMethods
[WARNING]   - com.sun.research.ws.wadl.Grammars
[WARNING]   - 8 more...
[WARNING] commons-beanutils-1.8.0.jar, commons-beanutils-core-1.8.0.jar define 108 overlappping classes: 
[WARNING]   - org.apache.commons.beanutils.locale.LocaleBeanUtilsBean
[WARNING]   - org.apache.commons.beanutils.LazyDynaList
[WARNING]   - org.apache.commons.beanutils.locale.converters.DoubleLocaleConverter
[WARNING]   - org.apache.commons.beanutils.locale.converters.DecimalLocaleConverter
[WARNING]   - org.apache.commons.beanutils.converters.ShortConverter
[WARNING]   - org.apache.commons.beanutils.locale.LocaleConvertUtilsBean
[WARNING]   - org.apache.commons.beanutils.LazyDynaClass
[WARNING]   - org.apache.commons.beanutils.BeanUtilsBean2
[WARNING]   - org.apache.commons.beanutils.locale.converters.DateLocaleConverter
[WARNING]   - org.apache.commons.beanutils.DynaProperty
[WARNING]   - 98 more...
[WARNING] javax.el-3.0.0.jar, apache-el-8.0.33.jar define 37 overlappping classes: 
[WARNING]   - javax.el.ELContextListener
[WARNING]   - javax.el.Expression
[WARNING]   - javax.el.BeanELResolver$1
[WARNING]   - javax.el.MapELResolver
[WARNING]   - javax.el.VariableMapper
[WARNING]   - javax.el.ELException
[WARNING]   - javax.el.MethodNotFoundException
[WARNING]   - javax.el.ELManager
[WARNING]   - javax.el.TypeConverter
[WARNING]   - javax.el.ArrayELResolver
[WARNING]   - 27 more...
[WARNING] alluxio-underfs-gcs-1.4.1-SNAPSHOT.jar, alluxio-underfs-s3-1.4.1-SNAPSHOT.jar define 270 overlappping classes: 
[WARNING]   - alluxio.org.jets3t.service.utils.RestUtils$1
[WARNING]   - alluxio.org.jets3t.service.multithread.DeleteObjectsEvent
[WARNING]   - alluxio.org.jets3t.service.multi.ThreadedStorageService$ThreadGroupManager$1
[WARNING]   - alluxio.org.jets3t.service.multithread.S3ServiceSimpleMulti$3
[WARNING]   - alluxio.org.jets3t.service.multithread.S3ServiceMulti$8
[WARNING]   - alluxio.org.jets3t.service.impl.rest.CloudFrontXmlResponsesSaxParser$OriginAccessIdentityConfigHandler
[WARNING]   - alluxio.org.jets3t.service.acl.GroupGrantee
[WARNING]   - alluxio.org.jets3t.service.security.AWSDevPayCredentials
[WARNING]   - alluxio.org.jets3t.service.model.BaseVersionOrDeleteMarker
[WARNING]   - alluxio.org.jets3t.service.multi.ThreadedStorageService
[WARNING]   - 260 more...
[WARNING] jcl-over-slf4j-1.7.2.jar, commons-logging-1.1.1.jar define 6 overlappping classes: 
[WARNING]   - org.apache.commons.logging.impl.NoOpLog
[WARNING]   - org.apache.commons.logging.impl.SimpleLog
[WARNING]   - org.apache.commons.logging.LogFactory
[WARNING]   - org.apache.commons.logging.LogConfigurationException
[WARNING]   - org.apache.commons.logging.impl.SimpleLog$1
[WARNING]   - org.apache.commons.logging.Log
[WARNING] asm-5.0.1.jar, asm-3.1.jar define 21 overlappping classes: 
[WARNING]   - org.objectweb.asm.Item
[WARNING]   - org.objectweb.asm.signature.SignatureWriter
[WARNING]   - org.objectweb.asm.MethodWriter
[WARNING]   - org.objectweb.asm.Type
[WARNING]   - org.objectweb.asm.Opcodes
[WARNING]   - org.objectweb.asm.Handler
[WARNING]   - org.objectweb.asm.MethodVisitor
[WARNING]   - org.objectweb.asm.Label
[WARNING]   - org.objectweb.asm.FieldWriter
[WARNING]   - org.objectweb.asm.signature.SignatureVisitor
[WARNING]   - 11 more...
[WARNING] javax.servlet.jsp-api-2.3.1.jar, apache-jsp-8.0.33.jar define 47 overlappping classes: 
[WARNING]   - javax.servlet.jsp.tagext.SimpleTagSupport
[WARNING]   - javax.servlet.jsp.tagext.SimpleTag
[WARNING]   - javax.servlet.jsp.tagext.TagExtraInfo
[WARNING]   - javax.servlet.jsp.el.ExpressionEvaluator
[WARNING]   - javax.servlet.jsp.tagext.TagLibraryInfo
[WARNING]   - javax.servlet.jsp.JspFactory
[WARNING]   - javax.servlet.jsp.JspPage
[WARNING]   - javax.servlet.jsp.el.VariableResolver
[WARNING]   - javax.servlet.jsp.el.Expression
[WARNING]   - javax.servlet.jsp.tagext.TagData
[WARNING]   - 37 more...
[WARNING] apache-jsp-9.2.16.v20160414.jar, jetty-jsp-9.2.16.v20160414.jar define 1 overlappping classes: 
[WARNING]   - org.eclipse.jetty.jsp.JettyJspServlet
[WARNING] aopalliance-1.0.jar, aopalliance-repackaged-2.4.0-b31.jar define 9 overlappping classes: 
[WARNING]   - org.aopalliance.intercept.ConstructorInterceptor
[WARNING]   - org.aopalliance.intercept.MethodInvocation
[WARNING]   - org.aopalliance.intercept.ConstructorInvocation
[WARNING]   - org.aopalliance.aop.Advice
[WARNING]   - org.aopalliance.intercept.Interceptor
[WARNING]   - org.aopalliance.aop.AspectException
[WARNING]   - org.aopalliance.intercept.Invocation
[WARNING]   - org.aopalliance.intercept.MethodInterceptor
[WARNING]   - org.aopalliance.intercept.Joinpoint
[WARNING] commons-beanutils-1.8.0.jar, commons-beanutils-core-1.8.0.jar, commons-collections-3.2.1.jar define 10 overlappping classes: 
[WARNING]   - org.apache.commons.collections.FastHashMap$EntrySet
[WARNING]   - org.apache.commons.collections.ArrayStack
[WARNING]   - org.apache.commons.collections.FastHashMap$1
[WARNING]   - org.apache.commons.collections.FastHashMap$KeySet
[WARNING]   - org.apache.commons.collections.FastHashMap$CollectionView
[WARNING]   - org.apache.commons.collections.BufferUnderflowException
[WARNING]   - org.apache.commons.collections.Buffer
[WARNING]   - org.apache.commons.collections.FastHashMap$CollectionView$CollectionViewIterator
[WARNING]   - org.apache.commons.collections.FastHashMap$Values
[WARNING]   - org.apache.commons.collections.FastHashMap
[WARNING] taglibs-standard-impl-1.2.1.jar, javax.servlet.jsp.jstl-1.2.2.jar define 106 overlappping classes: 
[WARNING]   - org.apache.taglibs.standard.resources.Resources
[WARNING]   - org.apache.taglibs.standard.tlv.JstlBaseTLV
[WARNING]   - org.apache.taglibs.standard.tag.common.core.OutSupport
[WARNING]   - org.apache.taglibs.standard.tag.common.fmt.ParamSupport
[WARNING]   - org.apache.taglibs.standard.tag.rt.core.ImportTag
[WARNING]   - org.apache.taglibs.standard.tag.common.core.ImportSupport
[WARNING]   - org.apache.taglibs.standard.tag.common.sql.ResultImpl
[WARNING]   - org.apache.taglibs.standard.tag.common.fmt.RequestEncodingSupport
[WARNING]   - org.apache.taglibs.standard.tag.common.core.ParamSupport
[WARNING]   - org.apache.taglibs.standard.tag.rt.fmt.TimeZoneTag
[WARNING]   - 96 more...
[WARNING] hadoop-yarn-api-2.4.0.jar, hadoop-yarn-common-2.4.0.jar define 3 overlappping classes: 
[WARNING]   - org.apache.hadoop.yarn.factories.package-info
[WARNING]   - org.apache.hadoop.yarn.util.package-info
[WARNING]   - org.apache.hadoop.yarn.factory.providers.package-info
[WARNING] javax.servlet.jsp-2.3.2.jar, apache-jsp-8.0.33.jar define 176 overlappping classes: 
[WARNING]   - org.apache.jasper.compiler.TagLibraryInfoImpl
[WARNING]   - org.apache.jasper.xmlparser.SymbolTable
[WARNING]   - org.apache.jasper.compiler.Generator$FragmentHelperClass$Fragment
[WARNING]   - org.apache.jasper.compiler.Generator$1TagHandlerPoolVisitor
[WARNING]   - org.apache.jasper.runtime.PageContextImpl$4
[WARNING]   - org.apache.jasper.runtime.JspFactoryImpl
[WARNING]   - org.apache.jasper.compiler.ScriptingVariabler
[WARNING]   - org.apache.jasper.compiler.SmapStratum$LineInfo
[WARNING]   - org.apache.jasper.compiler.Node$AttributeGenerator
[WARNING]   - org.apache.jasper.compiler.Node
[WARNING]   - 166 more...
[WARNING] javax.ws.rs-api-2.0.1.jar, jersey-core-1.9.jar define 55 overlappping classes: 
[WARNING]   - javax.ws.rs.ext.Providers
[WARNING]   - javax.ws.rs.Consumes
[WARNING]   - javax.ws.rs.ext.Provider
[WARNING]   - javax.ws.rs.core.Context
[WARNING]   - javax.ws.rs.core.Response$Status$Family
[WARNING]   - javax.ws.rs.Produces
[WARNING]   - javax.ws.rs.core.Response
[WARNING]   - javax.ws.rs.core.PathSegment
[WARNING]   - javax.ws.rs.core.GenericEntity
[WARNING]   - javax.ws.rs.OPTIONS
[WARNING]   - 45 more...
[WARNING] maven-shade-plugin has detected that some .class files
[WARNING] are present in two or more JARs. When this happens, only
[WARNING] one single version of the class is copied in the uberjar.
[WARNING] Usually this is not harmful and you can skeep these
[WARNING] warnings, otherwise try to manually exclude artifacts
[WARNING] based on mvn dependency:tree -Ddetail=true and the above
[WARNING] output
[WARNING] See http://docs.codehaus.org/display/MAVENUSER/Shade+Plugin
[INFO] Replacing /opt/compile/guoyj/alluxio/assembly/target/alluxio-assemblies-1.4.1-SNAPSHOT-jar-with-dependencies.jar with /opt/compile/guoyj/alluxio/assembly/target/alluxio-assemblies-1.4.1-SNAPSHOT-shaded.jar
[INFO] 
[INFO] >>> maven-source-plugin:2.3:jar (attach-sources) > generate-sources @ alluxio-assemblies >>>
[INFO] 
[INFO] --- build-helper-maven-plugin:1.10:regex-property (parse-hadoop-major-version) @ alluxio-assemblies ---
[INFO] No match to regex '^1\..*$' found in '2.4.0'. The initial value '2.4.0' is left as-is...
[INFO] 
[INFO] --- maven-enforcer-plugin:1.4:enforce (enforce-maven) @ alluxio-assemblies ---
[INFO] 
[INFO] --- maven-enforcer-plugin:1.4:enforce (enforce-versions) @ alluxio-assemblies ---
[INFO] 
[INFO] --- maven-checkstyle-plugin:2.17:check (checkstyle) @ alluxio-assemblies ---
[INFO] 
[INFO] --- license-maven-plugin:2.9:check (default) @ alluxio-assemblies ---
[INFO] Checking licenses...
[INFO] 
[INFO] <<< maven-source-plugin:2.3:jar (attach-sources) < generate-sources @ alluxio-assemblies <<<
[INFO] 
[INFO] --- maven-source-plugin:2.3:jar (attach-sources) @ alluxio-assemblies ---
[INFO] No sources in project. Archive not created.
[INFO] 
[INFO] --- maven-javadoc-plugin:2.9:jar (attach-javadoc) @ alluxio-assemblies ---
[INFO] ------------------------------------------------------------------------
[INFO] Reactor Summary:
[INFO] 
[INFO] Alluxio Parent ..................................... SUCCESS [  5.353 s]
[INFO] Alluxio Core ....................................... SUCCESS [  0.076 s]
[INFO] Alluxio Core - Common Utilities .................... SUCCESS [02:04 min]
[INFO] Alluxio Under File System .......................... SUCCESS [  0.074 s]
[INFO] Alluxio Under File System - Local FS ............... SUCCESS [ 13.354 s]
[INFO] Alluxio Under File System - HDFS ................... SUCCESS [ 17.791 s]
[INFO] Alluxio Under File System - Gluster FS ............. SUCCESS [ 13.670 s]
[INFO] Alluxio Under File System - Aliyun OSS ............. SUCCESS [ 13.820 s]
[INFO] Alluxio Under File System - Swift .................. SUCCESS [ 14.687 s]
[INFO] Alluxio Under File System - S3 ..................... SUCCESS [ 14.930 s]
[INFO] Alluxio Under File System - S3A .................... SUCCESS [ 15.132 s]
[INFO] Alluxio Under File System - GCS .................... SUCCESS [ 13.849 s]
[INFO] Alluxio Core - Client .............................. SUCCESS [ 53.859 s]
[INFO] Alluxio Core - Server .............................. SUCCESS [01:20 min]
[INFO] Alluxio Key Value .................................. SUCCESS [  0.055 s]
[INFO] Alluxio Key Value - Common Utilities ............... SUCCESS [ 33.558 s]
[INFO] Alluxio Key Value - Client ......................... SUCCESS [ 19.662 s]
[INFO] Alluxio Key Value - Server ......................... SUCCESS [ 18.470 s]
[INFO] Alluxio Shell ...................................... SUCCESS [ 21.455 s]
[INFO] Alluxio Examples ................................... SUCCESS [ 21.532 s]
[INFO] Alluxio MiniCluster ................................ SUCCESS [ 16.711 s]
[INFO] Alluxio Tests ...................................... SUCCESS [  1.440 s]
[INFO] Alluxio Integration ................................ SUCCESS [  0.048 s]
[INFO] Alluxio Assemblies ................................. SUCCESS [ 11.925 s]
[INFO] ------------------------------------------------------------------------
[INFO] BUILD SUCCESS
[INFO] ------------------------------------------------------------------------
[INFO] Total time: 08:47 min
[INFO] Finished at: 2017-05-24T18:16:17+08:00
[INFO] Final Memory: 120M/619M
[INFO] ------------------------------------------------------------------------
